[2022-10-07T11:30:35.897+0200][gc,init] CardTable entry size: 512
[2022-10-07T11:30:35.897+0200][gc     ] Using G1
[2022-10-07T11:30:35.902+0200][gc,init] Version: 18.0.1.1+2-6 (release)
[2022-10-07T11:30:35.902+0200][gc,init] CPUs: 20 total, 20 available
[2022-10-07T11:30:35.902+0200][gc,init] Memory: 32768M
[2022-10-07T11:30:35.902+0200][gc,init] Large Page Support: Disabled
[2022-10-07T11:30:35.902+0200][gc,init] NUMA Support: Disabled
[2022-10-07T11:30:35.902+0200][gc,init] Compressed Oops: Enabled (Zero based)
[2022-10-07T11:30:35.902+0200][gc,init] Heap Region Size: 1M
[2022-10-07T11:30:35.902+0200][gc,init] Heap Min Capacity: 1G
[2022-10-07T11:30:35.902+0200][gc,init] Heap Initial Capacity: 1G
[2022-10-07T11:30:35.902+0200][gc,init] Heap Max Capacity: 1G
[2022-10-07T11:30:35.902+0200][gc,init] Pre-touch: Disabled
[2022-10-07T11:30:35.902+0200][gc,init] Parallel Workers: 15
[2022-10-07T11:30:35.902+0200][gc,init] Concurrent Workers: 4
[2022-10-07T11:30:35.902+0200][gc,init] Concurrent Refinement Workers: 15
[2022-10-07T11:30:35.902+0200][gc,init] Periodic GC: Disabled
[2022-10-07T11:30:35.902+0200][gc,metaspace] CDS archive(s) mapped at: [0x0000000800000000-0x0000000800ba8000-0x0000000800ba8000), size 12222464, SharedBaseAddress: 0x0000000800000000, ArchiveRelocationMode: 0.
[2022-10-07T11:30:35.902+0200][gc,metaspace] Compressed class space mapped at: 0x0000000800c00000-0x0000000840c00000, reserved size: 1073741824
[2022-10-07T11:30:35.902+0200][gc,metaspace] Narrow klass base: 0x0000000800000000, Narrow klass shift: 0, Narrow klass range: 0x100000000
[2022-10-07T11:30:37.356+0200][gc,start    ] GC(0) Pause Young (Normal) (G1 Evacuation Pause)
[2022-10-07T11:30:37.356+0200][gc,task     ] GC(0) Using 15 workers of 15 for evacuation
[2022-10-07T11:30:37.360+0200][gc,phases   ] GC(0)   Pre Evacuate Collection Set: 0,1ms
[2022-10-07T11:30:37.360+0200][gc,phases   ] GC(0)   Merge Heap Roots: 0,1ms
[2022-10-07T11:30:37.360+0200][gc,phases   ] GC(0)   Evacuate Collection Set: 3,0ms
[2022-10-07T11:30:37.360+0200][gc,phases   ] GC(0)   Post Evacuate Collection Set: 0,8ms
[2022-10-07T11:30:37.360+0200][gc,phases   ] GC(0)   Other: 0,4ms
[2022-10-07T11:30:37.360+0200][gc,heap     ] GC(0) Eden regions: 51->0(44)
[2022-10-07T11:30:37.360+0200][gc,heap     ] GC(0) Survivor regions: 0->7(7)
[2022-10-07T11:30:37.360+0200][gc,heap     ] GC(0) Old regions: 0->1
[2022-10-07T11:30:37.360+0200][gc,heap     ] GC(0) Archive regions: 2->2
[2022-10-07T11:30:37.360+0200][gc,heap     ] GC(0) Humongous regions: 0->0
[2022-10-07T11:30:37.360+0200][gc,metaspace] GC(0) Metaspace: 18774K(19008K)->18774K(19008K) NonClass: 16568K(16704K)->16568K(16704K) Class: 2206K(2304K)->2206K(2304K)
[2022-10-07T11:30:37.360+0200][gc          ] GC(0) Pause Young (Normal) (G1 Evacuation Pause) 51M->8M(1024M) 4,707ms
[2022-10-07T11:30:37.360+0200][gc,cpu      ] GC(0) User=0,02s Sys=0,01s Real=0,01s
[2022-10-07T11:30:37.568+0200][gc,start    ] GC(1) Pause Young (Concurrent Start) (Metadata GC Threshold)
[2022-10-07T11:30:37.568+0200][gc,task     ] GC(1) Using 15 workers of 15 for evacuation
[2022-10-07T11:30:37.572+0200][gc,phases   ] GC(1)   Pre Evacuate Collection Set: 0,3ms
[2022-10-07T11:30:37.572+0200][gc,phases   ] GC(1)   Merge Heap Roots: 0,1ms
[2022-10-07T11:30:37.572+0200][gc,phases   ] GC(1)   Evacuate Collection Set: 3,5ms
[2022-10-07T11:30:37.572+0200][gc,phases   ] GC(1)   Post Evacuate Collection Set: 0,3ms
[2022-10-07T11:30:37.572+0200][gc,phases   ] GC(1)   Other: 0,0ms
[2022-10-07T11:30:37.572+0200][gc,heap     ] GC(1) Eden regions: 11->0(49)
[2022-10-07T11:30:37.572+0200][gc,heap     ] GC(1) Survivor regions: 7->2(7)
[2022-10-07T11:30:37.572+0200][gc,heap     ] GC(1) Old regions: 1->7
[2022-10-07T11:30:37.572+0200][gc,heap     ] GC(1) Archive regions: 2->2
[2022-10-07T11:30:37.572+0200][gc,heap     ] GC(1) Humongous regions: 129->129
[2022-10-07T11:30:37.572+0200][gc,metaspace] GC(1) Metaspace: 21215K(21504K)->21215K(21504K) NonClass: 18713K(18880K)->18713K(18880K) Class: 2502K(2624K)->2502K(2624K)
[2022-10-07T11:30:37.572+0200][gc          ] GC(1) Pause Young (Concurrent Start) (Metadata GC Threshold) 147M->138M(1024M) 4,353ms
[2022-10-07T11:30:37.572+0200][gc          ] GC(2) Concurrent Mark Cycle
[2022-10-07T11:30:37.572+0200][gc,cpu      ] GC(1) User=0,02s Sys=0,02s Real=0,01s
[2022-10-07T11:30:37.572+0200][gc,marking  ] GC(2) Concurrent Clear Claimed Marks
[2022-10-07T11:30:37.572+0200][gc,marking  ] GC(2) Concurrent Clear Claimed Marks 0,030ms
[2022-10-07T11:30:37.572+0200][gc,marking  ] GC(2) Concurrent Scan Root Regions
[2022-10-07T11:30:37.574+0200][gc,marking  ] GC(2) Concurrent Scan Root Regions 1,199ms
[2022-10-07T11:30:37.574+0200][gc,marking  ] GC(2) Concurrent Mark
[2022-10-07T11:30:37.574+0200][gc,marking  ] GC(2) Concurrent Mark From Roots
[2022-10-07T11:30:37.574+0200][gc,task     ] GC(2) Using 4 workers of 4 for marking
[2022-10-07T11:30:37.576+0200][gc,marking  ] GC(2) Concurrent Mark From Roots 2,239ms
[2022-10-07T11:30:37.576+0200][gc,marking  ] GC(2) Concurrent Preclean
[2022-10-07T11:30:37.576+0200][gc,marking  ] GC(2) Concurrent Preclean 0,022ms
[2022-10-07T11:30:37.576+0200][gc,start    ] GC(2) Pause Remark
[2022-10-07T11:30:37.577+0200][gc          ] GC(2) Pause Remark 138M->138M(1024M) 0,836ms
[2022-10-07T11:30:37.577+0200][gc,cpu      ] GC(2) User=0,00s Sys=0,00s Real=0,00s
[2022-10-07T11:30:37.577+0200][gc,marking  ] GC(2) Concurrent Mark 3,232ms
[2022-10-07T11:30:37.577+0200][gc,marking  ] GC(2) Concurrent Rebuild Remembered Sets
[2022-10-07T11:30:37.577+0200][gc,marking  ] GC(2) Concurrent Rebuild Remembered Sets 0,007ms
[2022-10-07T11:30:37.577+0200][gc,start    ] GC(2) Pause Cleanup
[2022-10-07T11:30:37.577+0200][gc          ] GC(2) Pause Cleanup 138M->138M(1024M) 0,011ms
[2022-10-07T11:30:37.577+0200][gc,cpu      ] GC(2) User=0,00s Sys=0,00s Real=0,00s
[2022-10-07T11:30:37.577+0200][gc,marking  ] GC(2) Concurrent Cleanup for Next Mark
[2022-10-07T11:30:37.608+0200][gc,marking  ] GC(2) Concurrent Cleanup for Next Mark 30,898ms
[2022-10-07T11:30:37.608+0200][gc          ] GC(2) Concurrent Mark Cycle 35,604ms
[2022-10-07T11:30:38.140+0200][gc,start    ] GC(3) Pause Young (Normal) (G1 Evacuation Pause)
[2022-10-07T11:30:38.141+0200][gc,task     ] GC(3) Using 15 workers of 15 for evacuation
[2022-10-07T11:30:38.143+0200][gc,phases   ] GC(3)   Pre Evacuate Collection Set: 0,1ms
[2022-10-07T11:30:38.143+0200][gc,phases   ] GC(3)   Merge Heap Roots: 0,0ms
[2022-10-07T11:30:38.143+0200][gc,phases   ] GC(3)   Evacuate Collection Set: 1,8ms
[2022-10-07T11:30:38.143+0200][gc,phases   ] GC(3)   Post Evacuate Collection Set: 0,4ms
[2022-10-07T11:30:38.143+0200][gc,phases   ] GC(3)   Other: 0,1ms
[2022-10-07T11:30:38.143+0200][gc,heap     ] GC(3) Eden regions: 49->0(45)
[2022-10-07T11:30:38.143+0200][gc,heap     ] GC(3) Survivor regions: 2->6(7)
[2022-10-07T11:30:38.143+0200][gc,heap     ] GC(3) Old regions: 7->7
[2022-10-07T11:30:38.143+0200][gc,heap     ] GC(3) Archive regions: 2->2
[2022-10-07T11:30:38.143+0200][gc,heap     ] GC(3) Humongous regions: 129->129
[2022-10-07T11:30:38.143+0200][gc,metaspace] GC(3) Metaspace: 32551K(32896K)->32551K(32896K) NonClass: 28920K(29120K)->28920K(29120K) Class: 3630K(3776K)->3630K(3776K)
[2022-10-07T11:30:38.143+0200][gc          ] GC(3) Pause Young (Normal) (G1 Evacuation Pause) 187M->142M(1024M) 2,617ms
[2022-10-07T11:30:38.143+0200][gc,cpu      ] GC(3) User=0,01s Sys=0,00s Real=0,00s
[2022-10-07T11:33:19.324+0200][gc,start    ] GC(4) Pause Young (Concurrent Start) (Metadata GC Threshold)
[2022-10-07T11:33:19.343+0200][gc,task     ] GC(4) Using 15 workers of 15 for evacuation
[2022-10-07T11:33:19.412+0200][gc,mmu      ] GC(4) MMU target violated: 21,0ms (20,0ms/21,0ms)
[2022-10-07T11:33:19.412+0200][gc,phases   ] GC(4)   Pre Evacuate Collection Set: 10,6ms
[2022-10-07T11:33:19.412+0200][gc,phases   ] GC(4)   Merge Heap Roots: 0,6ms
[2022-10-07T11:33:19.412+0200][gc,phases   ] GC(4)   Evacuate Collection Set: 57,4ms
[2022-10-07T11:33:19.412+0200][gc,phases   ] GC(4)   Post Evacuate Collection Set: 0,6ms
[2022-10-07T11:33:19.412+0200][gc,phases   ] GC(4)   Other: 0,0ms
[2022-10-07T11:33:19.412+0200][gc,heap     ] GC(4) Eden regions: 17->0(49)
[2022-10-07T11:33:19.412+0200][gc,heap     ] GC(4) Survivor regions: 6->2(7)
[2022-10-07T11:33:19.412+0200][gc,heap     ] GC(4) Old regions: 7->13
[2022-10-07T11:33:19.412+0200][gc,heap     ] GC(4) Archive regions: 2->2
[2022-10-07T11:33:19.412+0200][gc,heap     ] GC(4) Humongous regions: 129->129
[2022-10-07T11:33:19.412+0200][gc,metaspace] GC(4) Metaspace: 35708K(36096K)->35708K(36096K) NonClass: 31595K(31808K)->31595K(31808K) Class: 4113K(4288K)->4113K(4288K)
[2022-10-07T11:33:19.412+0200][gc          ] GC(4) Pause Young (Concurrent Start) (Metadata GC Threshold) 159M->143M(1024M) 88,169ms
[2022-10-07T11:33:19.413+0200][gc,cpu      ] GC(4) User=0,02s Sys=0,15s Real=0,09s
[2022-10-07T11:33:19.413+0200][gc          ] GC(5) Concurrent Mark Cycle
[2022-10-07T11:33:19.413+0200][gc,marking  ] GC(5) Concurrent Clear Claimed Marks
[2022-10-07T11:33:19.413+0200][gc,marking  ] GC(5) Concurrent Clear Claimed Marks 0,067ms
[2022-10-07T11:33:19.413+0200][gc,marking  ] GC(5) Concurrent Scan Root Regions
[2022-10-07T11:33:19.415+0200][gc,marking  ] GC(5) Concurrent Scan Root Regions 2,417ms
[2022-10-07T11:33:19.432+0200][gc,marking  ] GC(5) Concurrent Mark
[2022-10-07T11:33:19.432+0200][gc,marking  ] GC(5) Concurrent Mark From Roots
[2022-10-07T11:33:19.432+0200][gc,task     ] GC(5) Using 4 workers of 4 for marking
[2022-10-07T11:33:19.455+0200][gc,marking  ] GC(5) Concurrent Mark From Roots 23,092ms
[2022-10-07T11:33:19.455+0200][gc,marking  ] GC(5) Concurrent Preclean
[2022-10-07T11:33:19.455+0200][gc,marking  ] GC(5) Concurrent Preclean 0,047ms
[2022-10-07T11:33:19.455+0200][gc,start    ] GC(5) Pause Remark
[2022-10-07T11:33:19.457+0200][gc          ] GC(5) Pause Remark 145M->145M(1024M) 1,658ms
[2022-10-07T11:33:19.457+0200][gc,cpu      ] GC(5) User=0,00s Sys=0,01s Real=0,00s
[2022-10-07T11:33:19.457+0200][gc,marking  ] GC(5) Concurrent Mark 24,980ms
[2022-10-07T11:33:19.457+0200][gc,marking  ] GC(5) Concurrent Rebuild Remembered Sets
[2022-10-07T11:33:19.459+0200][gc,marking  ] GC(5) Concurrent Rebuild Remembered Sets 1,872ms
[2022-10-07T11:33:19.459+0200][gc,start    ] GC(5) Pause Cleanup
[2022-10-07T11:33:19.459+0200][gc          ] GC(5) Pause Cleanup 145M->145M(1024M) 0,135ms
[2022-10-07T11:33:19.459+0200][gc,cpu      ] GC(5) User=0,00s Sys=0,00s Real=0,00s
[2022-10-07T11:33:19.459+0200][gc,marking  ] GC(5) Concurrent Cleanup for Next Mark
[2022-10-07T11:33:19.465+0200][gc,marking  ] GC(5) Concurrent Cleanup for Next Mark 5,686ms
[2022-10-07T11:33:19.481+0200][gc          ] GC(5) Concurrent Mark Cycle 68,369ms
[2022-10-07T11:35:47.806+0200][gc,start    ] GC(6) Pause Young (Normal) (G1 Evacuation Pause)
[2022-10-07T11:35:47.808+0200][gc,task     ] GC(6) Using 15 workers of 15 for evacuation
[2022-10-07T11:35:47.942+0200][gc,mmu      ] GC(6) MMU target violated: 21,0ms (20,0ms/21,0ms)
[2022-10-07T11:35:47.942+0200][gc,phases   ] GC(6)   Pre Evacuate Collection Set: 7,8ms
[2022-10-07T11:35:47.942+0200][gc,phases   ] GC(6)   Merge Heap Roots: 1,0ms
[2022-10-07T11:35:47.942+0200][gc,phases   ] GC(6)   Evacuate Collection Set: 125,2ms
[2022-10-07T11:35:47.942+0200][gc,phases   ] GC(6)   Post Evacuate Collection Set: 0,6ms
[2022-10-07T11:35:47.942+0200][gc,phases   ] GC(6)   Other: 0,4ms
[2022-10-07T11:35:47.942+0200][gc,heap     ] GC(6) Eden regions: 49->0(46)
[2022-10-07T11:35:47.942+0200][gc,heap     ] GC(6) Survivor regions: 2->5(7)
[2022-10-07T11:35:47.942+0200][gc,heap     ] GC(6) Old regions: 13->13
[2022-10-07T11:35:47.942+0200][gc,heap     ] GC(6) Archive regions: 2->2
[2022-10-07T11:35:47.942+0200][gc,heap     ] GC(6) Humongous regions: 129->129
[2022-10-07T11:35:47.942+0200][gc,metaspace] GC(6) Metaspace: 40004K(40640K)->40004K(40640K) NonClass: 35328K(35648K)->35328K(35648K) Class: 4676K(4992K)->4676K(4992K)
[2022-10-07T11:35:47.942+0200][gc          ] GC(6) Pause Young (Normal) (G1 Evacuation Pause) 192M->147M(1024M) 135,933ms
[2022-10-07T11:35:47.942+0200][gc,cpu      ] GC(6) User=0,04s Sys=0,33s Real=0,14s
[2022-10-07T11:36:55.271+0200][gc,start    ] GC(7) Pause Young (Normal) (G1 Evacuation Pause)
[2022-10-07T11:36:55.272+0200][gc,task     ] GC(7) Using 15 workers of 15 for evacuation
[2022-10-07T11:36:55.276+0200][gc,phases   ] GC(7)   Pre Evacuate Collection Set: 0,3ms
[2022-10-07T11:36:55.276+0200][gc,phases   ] GC(7)   Merge Heap Roots: 0,1ms
[2022-10-07T11:36:55.276+0200][gc,phases   ] GC(7)   Evacuate Collection Set: 2,6ms
[2022-10-07T11:36:55.276+0200][gc,phases   ] GC(7)   Post Evacuate Collection Set: 0,4ms
[2022-10-07T11:36:55.276+0200][gc,phases   ] GC(7)   Other: 0,1ms
[2022-10-07T11:36:55.276+0200][gc,heap     ] GC(7) Eden regions: 46->0(48)
[2022-10-07T11:36:55.276+0200][gc,heap     ] GC(7) Survivor regions: 5->3(7)
[2022-10-07T11:36:55.276+0200][gc,heap     ] GC(7) Old regions: 13->16
[2022-10-07T11:36:55.276+0200][gc,heap     ] GC(7) Archive regions: 2->2
[2022-10-07T11:36:55.276+0200][gc,heap     ] GC(7) Humongous regions: 129->129
[2022-10-07T11:36:55.276+0200][gc,metaspace] GC(7) Metaspace: 40709K(41280K)->40709K(41280K) NonClass: 35987K(36288K)->35987K(36288K) Class: 4721K(4992K)->4721K(4992K)
[2022-10-07T11:36:55.276+0200][gc          ] GC(7) Pause Young (Normal) (G1 Evacuation Pause) 193M->148M(1024M) 4,477ms
[2022-10-07T11:36:55.276+0200][gc,cpu      ] GC(7) User=0,02s Sys=0,01s Real=0,00s
[2022-10-07T11:41:00.117+0200][gc,start    ] GC(8) Pause Young (Normal) (G1 Evacuation Pause)
[2022-10-07T11:41:00.118+0200][gc,task     ] GC(8) Using 15 workers of 15 for evacuation
[2022-10-07T11:41:00.134+0200][gc,phases   ] GC(8)   Pre Evacuate Collection Set: 2,4ms
[2022-10-07T11:41:00.135+0200][gc,phases   ] GC(8)   Merge Heap Roots: 0,2ms
[2022-10-07T11:41:00.135+0200][gc,phases   ] GC(8)   Evacuate Collection Set: 13,5ms
[2022-10-07T11:41:00.135+0200][gc,phases   ] GC(8)   Post Evacuate Collection Set: 0,4ms
[2022-10-07T11:41:00.135+0200][gc,phases   ] GC(8)   Other: 0,2ms
[2022-10-07T11:41:00.135+0200][gc,heap     ] GC(8) Eden regions: 48->0(46)
[2022-10-07T11:41:00.135+0200][gc,heap     ] GC(8) Survivor regions: 3->5(7)
[2022-10-07T11:41:00.135+0200][gc,heap     ] GC(8) Old regions: 16->16
[2022-10-07T11:41:00.135+0200][gc,heap     ] GC(8) Archive regions: 2->2
[2022-10-07T11:41:00.135+0200][gc,heap     ] GC(8) Humongous regions: 129->129
[2022-10-07T11:41:00.135+0200][gc,metaspace] GC(8) Metaspace: 40870K(41536K)->40870K(41536K) NonClass: 36133K(36480K)->36133K(36480K) Class: 4736K(5056K)->4736K(5056K)
[2022-10-07T11:41:00.135+0200][gc          ] GC(8) Pause Young (Normal) (G1 Evacuation Pause) 196M->150M(1024M) 18,068ms
[2022-10-07T11:41:00.135+0200][gc,cpu      ] GC(8) User=0,02s Sys=0,09s Real=0,02s
[2022-10-07T11:48:49.485+0200][gc,start    ] GC(9) Pause Young (Normal) (G1 Evacuation Pause)
[2022-10-07T11:48:49.490+0200][gc,task     ] GC(9) Using 15 workers of 15 for evacuation
[2022-10-07T11:48:49.557+0200][gc,mmu      ] GC(9) MMU target violated: 21,0ms (20,0ms/21,0ms)
[2022-10-07T11:48:49.557+0200][gc,phases   ] GC(9)   Pre Evacuate Collection Set: 2,3ms
[2022-10-07T11:48:49.557+0200][gc,phases   ] GC(9)   Merge Heap Roots: 0,3ms
[2022-10-07T11:48:49.557+0200][gc,phases   ] GC(9)   Evacuate Collection Set: 63,5ms
[2022-10-07T11:48:49.557+0200][gc,phases   ] GC(9)   Post Evacuate Collection Set: 0,5ms
[2022-10-07T11:48:49.557+0200][gc,phases   ] GC(9)   Other: 0,4ms
[2022-10-07T11:48:49.557+0200][gc,heap     ] GC(9) Eden regions: 46->0(44)
[2022-10-07T11:48:49.557+0200][gc,heap     ] GC(9) Survivor regions: 5->7(7)
[2022-10-07T11:48:49.557+0200][gc,heap     ] GC(9) Old regions: 16->18
[2022-10-07T11:48:49.557+0200][gc,heap     ] GC(9) Archive regions: 2->2
[2022-10-07T11:48:49.557+0200][gc,heap     ] GC(9) Humongous regions: 129->129
[2022-10-07T11:48:49.557+0200][gc,metaspace] GC(9) Metaspace: 41127K(41728K)->41127K(41728K) NonClass: 36380K(36672K)->36380K(36672K) Class: 4746K(5056K)->4746K(5056K)
[2022-10-07T11:48:49.557+0200][gc          ] GC(9) Pause Young (Normal) (G1 Evacuation Pause) 196M->154M(1024M) 72,071ms
[2022-10-07T11:48:49.557+0200][gc,cpu      ] GC(9) User=0,03s Sys=0,21s Real=0,07s
[2022-10-07T11:56:27.528+0200][gc,start    ] GC(10) Pause Young (Normal) (G1 Evacuation Pause)
[2022-10-07T11:56:27.529+0200][gc,task     ] GC(10) Using 15 workers of 15 for evacuation
[2022-10-07T11:56:27.551+0200][gc,mmu      ] GC(10) MMU target violated: 21,0ms (20,0ms/21,0ms)
[2022-10-07T11:56:27.551+0200][gc,phases   ] GC(10)   Pre Evacuate Collection Set: 1,6ms
[2022-10-07T11:56:27.551+0200][gc,phases   ] GC(10)   Merge Heap Roots: 0,2ms
[2022-10-07T11:56:27.551+0200][gc,phases   ] GC(10)   Evacuate Collection Set: 18,9ms
[2022-10-07T11:56:27.551+0200][gc,phases   ] GC(10)   Post Evacuate Collection Set: 0,5ms
[2022-10-07T11:56:27.551+0200][gc,phases   ] GC(10)   Other: 0,3ms
[2022-10-07T11:56:27.551+0200][gc,heap     ] GC(10) Eden regions: 44->0(47)
[2022-10-07T11:56:27.551+0200][gc,heap     ] GC(10) Survivor regions: 7->4(7)
[2022-10-07T11:56:27.551+0200][gc,heap     ] GC(10) Old regions: 18->24
[2022-10-07T11:56:27.551+0200][gc,heap     ] GC(10) Archive regions: 2->2
[2022-10-07T11:56:27.551+0200][gc,heap     ] GC(10) Humongous regions: 129->129
[2022-10-07T11:56:27.551+0200][gc,metaspace] GC(10) Metaspace: 41170K(41856K)->41170K(41856K) NonClass: 36419K(36800K)->36419K(36800K) Class: 4751K(5056K)->4751K(5056K)
[2022-10-07T11:56:27.551+0200][gc          ] GC(10) Pause Young (Normal) (G1 Evacuation Pause) 198M->156M(1024M) 22,630ms
[2022-10-07T11:56:27.551+0200][gc,cpu      ] GC(10) User=0,03s Sys=0,12s Real=0,03s
[2022-10-07T12:04:47.853+0200][gc,start    ] GC(11) Pause Young (Normal) (G1 Evacuation Pause)
[2022-10-07T12:04:47.854+0200][gc,task     ] GC(11) Using 15 workers of 15 for evacuation
[2022-10-07T12:04:47.876+0200][gc,mmu      ] GC(11) MMU target violated: 21,0ms (20,0ms/21,0ms)
[2022-10-07T12:04:47.876+0200][gc,phases   ] GC(11)   Pre Evacuate Collection Set: 1,6ms
[2022-10-07T12:04:47.876+0200][gc,phases   ] GC(11)   Merge Heap Roots: 0,4ms
[2022-10-07T12:04:47.876+0200][gc,phases   ] GC(11)   Evacuate Collection Set: 19,1ms
[2022-10-07T12:04:47.876+0200][gc,phases   ] GC(11)   Post Evacuate Collection Set: 0,5ms
[2022-10-07T12:04:47.876+0200][gc,phases   ] GC(11)   Other: 0,3ms
[2022-10-07T12:04:47.876+0200][gc,heap     ] GC(11) Eden regions: 47->0(44)
[2022-10-07T12:04:47.876+0200][gc,heap     ] GC(11) Survivor regions: 4->7(7)
[2022-10-07T12:04:47.876+0200][gc,heap     ] GC(11) Old regions: 24->24
[2022-10-07T12:04:47.876+0200][gc,heap     ] GC(11) Archive regions: 2->2
[2022-10-07T12:04:47.876+0200][gc,heap     ] GC(11) Humongous regions: 129->129
[2022-10-07T12:04:47.876+0200][gc,metaspace] GC(11) Metaspace: 41183K(41856K)->41183K(41856K) NonClass: 36432K(36800K)->36432K(36800K) Class: 4751K(5056K)->4751K(5056K)
[2022-10-07T12:04:47.876+0200][gc          ] GC(11) Pause Young (Normal) (G1 Evacuation Pause) 203M->160M(1024M) 23,319ms
[2022-10-07T12:04:47.876+0200][gc,cpu      ] GC(11) User=0,03s Sys=0,12s Real=0,02s
[2022-10-07T12:12:32.789+0200][gc,start    ] GC(12) Pause Young (Normal) (G1 Evacuation Pause)
[2022-10-07T12:12:32.790+0200][gc,task     ] GC(12) Using 15 workers of 15 for evacuation
[2022-10-07T12:12:32.846+0200][gc,mmu      ] GC(12) MMU target violated: 21,0ms (20,0ms/21,0ms)
[2022-10-07T12:12:32.846+0200][gc,phases   ] GC(12)   Pre Evacuate Collection Set: 2,2ms
[2022-10-07T12:12:32.846+0200][gc,phases   ] GC(12)   Merge Heap Roots: 0,4ms
[2022-10-07T12:12:32.846+0200][gc,phases   ] GC(12)   Evacuate Collection Set: 52,5ms
[2022-10-07T12:12:32.846+0200][gc,phases   ] GC(12)   Post Evacuate Collection Set: 1,0ms
[2022-10-07T12:12:32.846+0200][gc,phases   ] GC(12)   Other: 0,4ms
[2022-10-07T12:12:32.846+0200][gc,heap     ] GC(12) Eden regions: 44->0(47)
[2022-10-07T12:12:32.846+0200][gc,heap     ] GC(12) Survivor regions: 7->4(7)
[2022-10-07T12:12:32.846+0200][gc,heap     ] GC(12) Old regions: 24->30
[2022-10-07T12:12:32.846+0200][gc,heap     ] GC(12) Archive regions: 2->2
[2022-10-07T12:12:32.846+0200][gc,heap     ] GC(12) Humongous regions: 129->129
[2022-10-07T12:12:32.846+0200][gc,metaspace] GC(12) Metaspace: 41210K(41856K)->41210K(41856K) NonClass: 36459K(36800K)->36459K(36800K) Class: 4751K(5056K)->4751K(5056K)
[2022-10-07T12:12:32.846+0200][gc          ] GC(12) Pause Young (Normal) (G1 Evacuation Pause) 204M->162M(1024M) 57,656ms
[2022-10-07T12:12:32.846+0200][gc,cpu      ] GC(12) User=0,03s Sys=0,15s Real=0,06s
[2022-10-07T12:20:49.514+0200][gc,start    ] GC(13) Pause Young (Normal) (G1 Evacuation Pause)
[2022-10-07T12:20:49.515+0200][gc,task     ] GC(13) Using 15 workers of 15 for evacuation
[2022-10-07T12:20:49.530+0200][gc,phases   ] GC(13)   Pre Evacuate Collection Set: 1,6ms
[2022-10-07T12:20:49.530+0200][gc,phases   ] GC(13)   Merge Heap Roots: 0,3ms
[2022-10-07T12:20:49.530+0200][gc,phases   ] GC(13)   Evacuate Collection Set: 12,5ms
[2022-10-07T12:20:49.530+0200][gc,phases   ] GC(13)   Post Evacuate Collection Set: 0,5ms
[2022-10-07T12:20:49.530+0200][gc,phases   ] GC(13)   Other: 0,3ms
[2022-10-07T12:20:49.530+0200][gc,heap     ] GC(13) Eden regions: 47->0(44)
[2022-10-07T12:20:49.530+0200][gc,heap     ] GC(13) Survivor regions: 4->7(7)
[2022-10-07T12:20:49.530+0200][gc,heap     ] GC(13) Old regions: 30->30
[2022-10-07T12:20:49.530+0200][gc,heap     ] GC(13) Archive regions: 2->2
[2022-10-07T12:20:49.530+0200][gc,heap     ] GC(13) Humongous regions: 129->129
[2022-10-07T12:20:49.530+0200][gc,metaspace] GC(13) Metaspace: 41261K(41920K)->41261K(41920K) NonClass: 36509K(36864K)->36509K(36864K) Class: 4751K(5056K)->4751K(5056K)
[2022-10-07T12:20:49.530+0200][gc          ] GC(13) Pause Young (Normal) (G1 Evacuation Pause) 209M->166M(1024M) 16,289ms
[2022-10-07T12:20:49.530+0200][gc,cpu      ] GC(13) User=0,03s Sys=0,09s Real=0,02s
[2022-10-07T12:28:37.868+0200][gc,start    ] GC(14) Pause Young (Normal) (G1 Evacuation Pause)
[2022-10-07T12:28:37.870+0200][gc,task     ] GC(14) Using 15 workers of 15 for evacuation
[2022-10-07T12:28:37.888+0200][gc,phases   ] GC(14)   Pre Evacuate Collection Set: 2,0ms
[2022-10-07T12:28:37.888+0200][gc,phases   ] GC(14)   Merge Heap Roots: 0,4ms
[2022-10-07T12:28:37.888+0200][gc,phases   ] GC(14)   Evacuate Collection Set: 14,9ms
[2022-10-07T12:28:37.888+0200][gc,phases   ] GC(14)   Post Evacuate Collection Set: 0,6ms
[2022-10-07T12:28:37.888+0200][gc,phases   ] GC(14)   Other: 0,5ms
[2022-10-07T12:28:37.888+0200][gc,heap     ] GC(14) Eden regions: 44->0(47)
[2022-10-07T12:28:37.888+0200][gc,heap     ] GC(14) Survivor regions: 7->4(7)
[2022-10-07T12:28:37.888+0200][gc,heap     ] GC(14) Old regions: 30->36
[2022-10-07T12:28:37.888+0200][gc,heap     ] GC(14) Archive regions: 2->2
[2022-10-07T12:28:37.888+0200][gc,heap     ] GC(14) Humongous regions: 129->129
[2022-10-07T12:28:37.888+0200][gc,metaspace] GC(14) Metaspace: 41285K(41920K)->41285K(41920K) NonClass: 36534K(36864K)->36534K(36864K) Class: 4751K(5056K)->4751K(5056K)
[2022-10-07T12:28:37.888+0200][gc          ] GC(14) Pause Young (Normal) (G1 Evacuation Pause) 210M->169M(1024M) 19,794ms
[2022-10-07T12:28:37.888+0200][gc,cpu      ] GC(14) User=0,03s Sys=0,11s Real=0,02s
[2022-10-07T12:36:08.388+0200][gc,start    ] GC(15) Pause Young (Normal) (G1 Evacuation Pause)
[2022-10-07T12:36:08.389+0200][gc,task     ] GC(15) Using 15 workers of 15 for evacuation
[2022-10-07T12:36:08.394+0200][gc,phases   ] GC(15)   Pre Evacuate Collection Set: 0,2ms
[2022-10-07T12:36:08.394+0200][gc,phases   ] GC(15)   Merge Heap Roots: 0,1ms
[2022-10-07T12:36:08.394+0200][gc,phases   ] GC(15)   Evacuate Collection Set: 3,5ms
[2022-10-07T12:36:08.394+0200][gc,phases   ] GC(15)   Post Evacuate Collection Set: 0,3ms
[2022-10-07T12:36:08.394+0200][gc,phases   ] GC(15)   Other: 1,2ms
[2022-10-07T12:36:08.394+0200][gc,heap     ] GC(15) Eden regions: 47->0(44)
[2022-10-07T12:36:08.394+0200][gc,heap     ] GC(15) Survivor regions: 4->7(7)
[2022-10-07T12:36:08.394+0200][gc,heap     ] GC(15) Old regions: 36->38
[2022-10-07T12:36:08.394+0200][gc,heap     ] GC(15) Archive regions: 2->2
[2022-10-07T12:36:08.394+0200][gc,heap     ] GC(15) Humongous regions: 129->129
[2022-10-07T12:36:08.394+0200][gc,metaspace] GC(15) Metaspace: 41335K(41984K)->41335K(41984K) NonClass: 36580K(36928K)->36580K(36928K) Class: 4755K(5056K)->4755K(5056K)
[2022-10-07T12:36:08.394+0200][gc          ] GC(15) Pause Young (Normal) (G1 Evacuation Pause) 216M->174M(1024M) 5,517ms
[2022-10-07T12:36:08.394+0200][gc,cpu      ] GC(15) User=0,03s Sys=0,01s Real=0,01s
[2022-10-07T12:43:55.591+0200][gc,start    ] GC(16) Pause Young (Normal) (G1 Evacuation Pause)
[2022-10-07T12:43:55.592+0200][gc,task     ] GC(16) Using 15 workers of 15 for evacuation
[2022-10-07T12:43:55.596+0200][gc,phases   ] GC(16)   Pre Evacuate Collection Set: 0,3ms
[2022-10-07T12:43:55.596+0200][gc,phases   ] GC(16)   Merge Heap Roots: 0,1ms
[2022-10-07T12:43:55.596+0200][gc,phases   ] GC(16)   Evacuate Collection Set: 3,3ms
[2022-10-07T12:43:55.596+0200][gc,phases   ] GC(16)   Post Evacuate Collection Set: 0,3ms
[2022-10-07T12:43:55.596+0200][gc,phases   ] GC(16)   Other: 0,1ms
[2022-10-07T12:43:55.596+0200][gc,heap     ] GC(16) Eden regions: 44->0(47)
[2022-10-07T12:43:55.596+0200][gc,heap     ] GC(16) Survivor regions: 7->4(7)
[2022-10-07T12:43:55.596+0200][gc,heap     ] GC(16) Old regions: 38->44
[2022-10-07T12:43:55.596+0200][gc,heap     ] GC(16) Archive regions: 2->2
[2022-10-07T12:43:55.596+0200][gc,heap     ] GC(16) Humongous regions: 129->129
[2022-10-07T12:43:55.596+0200][gc,metaspace] GC(16) Metaspace: 41341K(41984K)->41341K(41984K) NonClass: 36586K(36928K)->36586K(36928K) Class: 4755K(5056K)->4755K(5056K)
[2022-10-07T12:43:55.596+0200][gc          ] GC(16) Pause Young (Normal) (G1 Evacuation Pause) 218M->176M(1024M) 5,303ms
[2022-10-07T12:43:55.596+0200][gc,cpu      ] GC(16) User=0,03s Sys=0,01s Real=0,00s
[2022-10-07T12:52:12.527+0200][gc,start    ] GC(17) Pause Young (Normal) (G1 Evacuation Pause)
[2022-10-07T12:52:12.528+0200][gc,task     ] GC(17) Using 15 workers of 15 for evacuation
[2022-10-07T12:52:12.531+0200][gc,phases   ] GC(17)   Pre Evacuate Collection Set: 0,3ms
[2022-10-07T12:52:12.531+0200][gc,phases   ] GC(17)   Merge Heap Roots: 0,1ms
[2022-10-07T12:52:12.531+0200][gc,phases   ] GC(17)   Evacuate Collection Set: 2,4ms
[2022-10-07T12:52:12.531+0200][gc,phases   ] GC(17)   Post Evacuate Collection Set: 0,2ms
[2022-10-07T12:52:12.531+0200][gc,phases   ] GC(17)   Other: 0,1ms
[2022-10-07T12:52:12.531+0200][gc,heap     ] GC(17) Eden regions: 47->0(44)
[2022-10-07T12:52:12.531+0200][gc,heap     ] GC(17) Survivor regions: 4->7(7)
[2022-10-07T12:52:12.531+0200][gc,heap     ] GC(17) Old regions: 44->44
[2022-10-07T12:52:12.531+0200][gc,heap     ] GC(17) Archive regions: 2->2
[2022-10-07T12:52:12.531+0200][gc,heap     ] GC(17) Humongous regions: 129->129
[2022-10-07T12:52:12.531+0200][gc,metaspace] GC(17) Metaspace: 41347K(41984K)->41347K(41984K) NonClass: 36592K(36928K)->36592K(36928K) Class: 4755K(5056K)->4755K(5056K)
[2022-10-07T12:52:12.531+0200][gc          ] GC(17) Pause Young (Normal) (G1 Evacuation Pause) 223M->180M(1024M) 4,674ms
[2022-10-07T12:52:12.531+0200][gc,cpu      ] GC(17) User=0,03s Sys=0,00s Real=0,01s
[2022-10-07T12:59:56.481+0200][gc,start    ] GC(18) Pause Young (Normal) (G1 Evacuation Pause)
[2022-10-07T12:59:56.482+0200][gc,task     ] GC(18) Using 15 workers of 15 for evacuation
[2022-10-07T12:59:56.496+0200][gc,phases   ] GC(18)   Pre Evacuate Collection Set: 2,3ms
[2022-10-07T12:59:56.496+0200][gc,phases   ] GC(18)   Merge Heap Roots: 0,2ms
[2022-10-07T12:59:56.496+0200][gc,phases   ] GC(18)   Evacuate Collection Set: 10,2ms
[2022-10-07T12:59:56.496+0200][gc,phases   ] GC(18)   Post Evacuate Collection Set: 0,7ms
[2022-10-07T12:59:56.496+0200][gc,phases   ] GC(18)   Other: 0,3ms
[2022-10-07T12:59:56.496+0200][gc,heap     ] GC(18) Eden regions: 44->0(50)
[2022-10-07T12:59:56.496+0200][gc,heap     ] GC(18) Survivor regions: 7->4(7)
[2022-10-07T12:59:56.496+0200][gc,heap     ] GC(18) Old regions: 44->49
[2022-10-07T12:59:56.496+0200][gc,heap     ] GC(18) Archive regions: 2->2
[2022-10-07T12:59:56.496+0200][gc,heap     ] GC(18) Humongous regions: 129->129
[2022-10-07T12:59:56.496+0200][gc,metaspace] GC(18) Metaspace: 41366K(41984K)->41366K(41984K) NonClass: 36610K(36928K)->36610K(36928K) Class: 4755K(5056K)->4755K(5056K)
[2022-10-07T12:59:56.496+0200][gc          ] GC(18) Pause Young (Normal) (G1 Evacuation Pause) 224M->182M(1024M) 15,247ms
[2022-10-07T12:59:56.496+0200][gc,cpu      ] GC(18) User=0,03s Sys=0,07s Real=0,01s
[2022-10-07T13:08:50.967+0200][gc,start    ] GC(19) Pause Young (Normal) (G1 Evacuation Pause)
[2022-10-07T13:08:50.968+0200][gc,task     ] GC(19) Using 15 workers of 15 for evacuation
[2022-10-07T13:08:50.985+0200][gc,phases   ] GC(19)   Pre Evacuate Collection Set: 2,3ms
[2022-10-07T13:08:50.985+0200][gc,phases   ] GC(19)   Merge Heap Roots: 0,4ms
[2022-10-07T13:08:50.985+0200][gc,phases   ] GC(19)   Evacuate Collection Set: 13,8ms
[2022-10-07T13:08:50.985+0200][gc,phases   ] GC(19)   Post Evacuate Collection Set: 0,7ms
[2022-10-07T13:08:50.985+0200][gc,phases   ] GC(19)   Other: 0,3ms
[2022-10-07T13:08:50.985+0200][gc,heap     ] GC(19) Eden regions: 50->0(44)
[2022-10-07T13:08:50.985+0200][gc,heap     ] GC(19) Survivor regions: 4->7(7)
[2022-10-07T13:08:50.985+0200][gc,heap     ] GC(19) Old regions: 49->50
[2022-10-07T13:08:50.985+0200][gc,heap     ] GC(19) Archive regions: 2->2
[2022-10-07T13:08:50.985+0200][gc,heap     ] GC(19) Humongous regions: 129->129
[2022-10-07T13:08:50.985+0200][gc,metaspace] GC(19) Metaspace: 41374K(41984K)->41374K(41984K) NonClass: 36619K(36928K)->36619K(36928K) Class: 4755K(5056K)->4755K(5056K)
[2022-10-07T13:08:50.985+0200][gc          ] GC(19) Pause Young (Normal) (G1 Evacuation Pause) 232M->186M(1024M) 18,664ms
[2022-10-07T13:08:50.986+0200][gc,cpu      ] GC(19) User=0,03s Sys=0,10s Real=0,02s
[2022-10-07T13:16:38.882+0200][gc,start    ] GC(20) Pause Young (Normal) (G1 Evacuation Pause)
[2022-10-07T13:16:38.884+0200][gc,task     ] GC(20) Using 15 workers of 15 for evacuation
[2022-10-07T13:16:38.888+0200][gc,phases   ] GC(20)   Pre Evacuate Collection Set: 0,3ms
[2022-10-07T13:16:38.889+0200][gc,phases   ] GC(20)   Merge Heap Roots: 0,1ms
[2022-10-07T13:16:38.889+0200][gc,phases   ] GC(20)   Evacuate Collection Set: 4,1ms
[2022-10-07T13:16:38.889+0200][gc,phases   ] GC(20)   Post Evacuate Collection Set: 0,3ms
[2022-10-07T13:16:38.889+0200][gc,phases   ] GC(20)   Other: 0,1ms
[2022-10-07T13:16:38.889+0200][gc,heap     ] GC(20) Eden regions: 44->0(69)
[2022-10-07T13:16:38.889+0200][gc,heap     ] GC(20) Survivor regions: 7->5(7)
[2022-10-07T13:16:38.889+0200][gc,heap     ] GC(20) Old regions: 50->56
[2022-10-07T13:16:38.889+0200][gc,heap     ] GC(20) Archive regions: 2->2
[2022-10-07T13:16:38.889+0200][gc,heap     ] GC(20) Humongous regions: 129->129
[2022-10-07T13:16:38.889+0200][gc,metaspace] GC(20) Metaspace: 41382K(42048K)->41382K(42048K) NonClass: 36627K(36992K)->36627K(36992K) Class: 4755K(5056K)->4755K(5056K)
[2022-10-07T13:16:38.889+0200][gc          ] GC(20) Pause Young (Normal) (G1 Evacuation Pause) 230M->190M(1024M) 6,528ms
[2022-10-07T13:16:38.889+0200][gc,cpu      ] GC(20) User=0,03s Sys=0,01s Real=0,00s
[2022-10-07T13:28:56.232+0200][gc,start    ] GC(21) Pause Young (Normal) (G1 Evacuation Pause)
[2022-10-07T13:28:56.233+0200][gc,task     ] GC(21) Using 15 workers of 15 for evacuation
[2022-10-07T13:28:56.242+0200][gc,phases   ] GC(21)   Pre Evacuate Collection Set: 0,3ms
[2022-10-07T13:28:56.242+0200][gc,phases   ] GC(21)   Merge Heap Roots: 0,1ms
[2022-10-07T13:28:56.242+0200][gc,phases   ] GC(21)   Evacuate Collection Set: 7,9ms
[2022-10-07T13:28:56.242+0200][gc,phases   ] GC(21)   Post Evacuate Collection Set: 0,4ms
[2022-10-07T13:28:56.242+0200][gc,phases   ] GC(21)   Other: 0,2ms
[2022-10-07T13:28:56.242+0200][gc,heap     ] GC(21) Eden regions: 69->0(58)
[2022-10-07T13:28:56.242+0200][gc,heap     ] GC(21) Survivor regions: 5->9(10)
[2022-10-07T13:28:56.242+0200][gc,heap     ] GC(21) Old regions: 56->56
[2022-10-07T13:28:56.242+0200][gc,heap     ] GC(21) Archive regions: 2->2
[2022-10-07T13:28:56.242+0200][gc,heap     ] GC(21) Humongous regions: 129->129
[2022-10-07T13:28:56.242+0200][gc,metaspace] GC(21) Metaspace: 41396K(42048K)->41396K(42048K) NonClass: 36641K(36992K)->36641K(36992K) Class: 4755K(5056K)->4755K(5056K)
[2022-10-07T13:28:56.242+0200][gc          ] GC(21) Pause Young (Normal) (G1 Evacuation Pause) 259M->194M(1024M) 10,172ms
[2022-10-07T13:28:56.242+0200][gc,cpu      ] GC(21) User=0,03s Sys=0,02s Real=0,01s
[2022-10-07T13:38:29.721+0200][gc,start    ] GC(22) Pause Young (Normal) (G1 Evacuation Pause)
[2022-10-07T13:38:29.722+0200][gc,task     ] GC(22) Using 15 workers of 15 for evacuation
[2022-10-07T13:38:29.727+0200][gc,phases   ] GC(22)   Pre Evacuate Collection Set: 0,2ms
[2022-10-07T13:38:29.727+0200][gc,phases   ] GC(22)   Merge Heap Roots: 0,1ms
[2022-10-07T13:38:29.727+0200][gc,phases   ] GC(22)   Evacuate Collection Set: 3,7ms
[2022-10-07T13:38:29.727+0200][gc,phases   ] GC(22)   Post Evacuate Collection Set: 0,4ms
[2022-10-07T13:38:29.727+0200][gc,phases   ] GC(22)   Other: 0,1ms
[2022-10-07T13:38:29.727+0200][gc,heap     ] GC(22) Eden regions: 58->0(88)
[2022-10-07T13:38:29.727+0200][gc,heap     ] GC(22) Survivor regions: 9->6(9)
[2022-10-07T13:38:29.727+0200][gc,heap     ] GC(22) Old regions: 56->64
[2022-10-07T13:38:29.727+0200][gc,heap     ] GC(22) Archive regions: 2->2
[2022-10-07T13:38:29.727+0200][gc,heap     ] GC(22) Humongous regions: 129->129
[2022-10-07T13:38:29.727+0200][gc,metaspace] GC(22) Metaspace: 41433K(42112K)->41433K(42112K) NonClass: 36678K(37056K)->36678K(37056K) Class: 4755K(5056K)->4755K(5056K)
[2022-10-07T13:38:29.727+0200][gc          ] GC(22) Pause Young (Normal) (G1 Evacuation Pause) 252M->199M(1024M) 6,194ms
[2022-10-07T13:38:29.727+0200][gc,cpu      ] GC(22) User=0,03s Sys=0,01s Real=0,00s
[2022-10-07T13:54:21.191+0200][gc,start    ] GC(23) Pause Young (Normal) (G1 Evacuation Pause)
[2022-10-07T13:54:21.193+0200][gc,task     ] GC(23) Using 15 workers of 15 for evacuation
[2022-10-07T13:54:21.215+0200][gc,mmu      ] GC(23) MMU target violated: 21,0ms (20,0ms/21,0ms)
[2022-10-07T13:54:21.215+0200][gc,phases   ] GC(23)   Pre Evacuate Collection Set: 1,5ms
[2022-10-07T13:54:21.215+0200][gc,phases   ] GC(23)   Merge Heap Roots: 0,3ms
[2022-10-07T13:54:21.215+0200][gc,phases   ] GC(23)   Evacuate Collection Set: 19,3ms
[2022-10-07T13:54:21.215+0200][gc,phases   ] GC(23)   Post Evacuate Collection Set: 0,6ms
[2022-10-07T13:54:21.215+0200][gc,phases   ] GC(23)   Other: 0,3ms
[2022-10-07T13:54:21.215+0200][gc,heap     ] GC(23) Eden regions: 88->0(46)
[2022-10-07T13:54:21.215+0200][gc,heap     ] GC(23) Survivor regions: 6->6(12)
[2022-10-07T13:54:21.215+0200][gc,heap     ] GC(23) Old regions: 64->64
[2022-10-07T13:54:21.215+0200][gc,heap     ] GC(23) Archive regions: 2->2
[2022-10-07T13:54:21.215+0200][gc,heap     ] GC(23) Humongous regions: 129->129
[2022-10-07T13:54:21.215+0200][gc,metaspace] GC(23) Metaspace: 41460K(42112K)->41460K(42112K) NonClass: 36705K(37056K)->36705K(37056K) Class: 4755K(5056K)->4755K(5056K)
[2022-10-07T13:54:21.215+0200][gc          ] GC(23) Pause Young (Normal) (G1 Evacuation Pause) 287M->199M(1024M) 23,788ms
[2022-10-07T13:54:21.215+0200][gc,cpu      ] GC(23) User=0,03s Sys=0,14s Real=0,02s
[2022-10-07T14:02:31.785+0200][gc,start    ] GC(24) Pause Young (Normal) (G1 Evacuation Pause)
[2022-10-07T14:02:31.787+0200][gc,task     ] GC(24) Using 15 workers of 15 for evacuation
[2022-10-07T14:02:31.805+0200][gc,phases   ] GC(24)   Pre Evacuate Collection Set: 0,5ms
[2022-10-07T14:02:31.805+0200][gc,phases   ] GC(24)   Merge Heap Roots: 0,1ms
[2022-10-07T14:02:31.805+0200][gc,phases   ] GC(24)   Evacuate Collection Set: 16,9ms
[2022-10-07T14:02:31.805+0200][gc,phases   ] GC(24)   Post Evacuate Collection Set: 0,2ms
[2022-10-07T14:02:31.805+0200][gc,phases   ] GC(24)   Other: 0,2ms
[2022-10-07T14:02:31.805+0200][gc,heap     ] GC(24) Eden regions: 46->0(52)
[2022-10-07T14:02:31.805+0200][gc,heap     ] GC(24) Survivor regions: 6->4(7)
[2022-10-07T14:02:31.805+0200][gc,heap     ] GC(24) Old regions: 64->66
[2022-10-07T14:02:31.805+0200][gc,heap     ] GC(24) Archive regions: 2->2
[2022-10-07T14:02:31.805+0200][gc,heap     ] GC(24) Humongous regions: 129->129
[2022-10-07T14:02:31.805+0200][gc,metaspace] GC(24) Metaspace: 41464K(42112K)->41464K(42112K) NonClass: 36709K(37056K)->36709K(37056K) Class: 4755K(5056K)->4755K(5056K)
[2022-10-07T14:02:31.805+0200][gc          ] GC(24) Pause Young (Normal) (G1 Evacuation Pause) 245M->198M(1024M) 20,003ms
[2022-10-07T14:02:31.805+0200][gc,cpu      ] GC(24) User=0,02s Sys=0,05s Real=0,02s
[2022-10-07T14:11:52.979+0200][gc,start    ] GC(25) Pause Young (Normal) (G1 Evacuation Pause)
[2022-10-07T14:11:52.981+0200][gc,task     ] GC(25) Using 15 workers of 15 for evacuation
[2022-10-07T14:11:52.989+0200][gc,phases   ] GC(25)   Pre Evacuate Collection Set: 0,3ms
[2022-10-07T14:11:52.989+0200][gc,phases   ] GC(25)   Merge Heap Roots: 0,1ms
[2022-10-07T14:11:52.989+0200][gc,phases   ] GC(25)   Evacuate Collection Set: 7,6ms
[2022-10-07T14:11:52.989+0200][gc,phases   ] GC(25)   Post Evacuate Collection Set: 0,4ms
[2022-10-07T14:11:52.989+0200][gc,phases   ] GC(25)   Other: 0,1ms
[2022-10-07T14:11:52.990+0200][gc,heap     ] GC(25) Eden regions: 52->0(57)
[2022-10-07T14:11:52.990+0200][gc,heap     ] GC(25) Survivor regions: 4->5(7)
[2022-10-07T14:11:52.990+0200][gc,heap     ] GC(25) Old regions: 66->66
[2022-10-07T14:11:52.990+0200][gc,heap     ] GC(25) Archive regions: 2->2
[2022-10-07T14:11:52.990+0200][gc,heap     ] GC(25) Humongous regions: 129->129
[2022-10-07T14:11:52.990+0200][gc,metaspace] GC(25) Metaspace: 41475K(42112K)->41475K(42112K) NonClass: 36720K(37056K)->36720K(37056K) Class: 4755K(5056K)->4755K(5056K)
[2022-10-07T14:11:52.990+0200][gc          ] GC(25) Pause Young (Normal) (G1 Evacuation Pause) 250M->199M(1024M) 10,990ms
[2022-10-07T14:11:52.990+0200][gc,cpu      ] GC(25) User=0,01s Sys=0,05s Real=0,02s
[2022-10-07T14:22:08.153+0200][gc,start    ] GC(26) Pause Young (Normal) (G1 Evacuation Pause)
[2022-10-07T14:22:08.155+0200][gc,task     ] GC(26) Using 15 workers of 15 for evacuation
[2022-10-07T14:22:08.187+0200][gc,mmu      ] GC(26) MMU target violated: 21,0ms (20,0ms/21,0ms)
[2022-10-07T14:22:08.187+0200][gc,phases   ] GC(26)   Pre Evacuate Collection Set: 2,6ms
[2022-10-07T14:22:08.187+0200][gc,phases   ] GC(26)   Merge Heap Roots: 0,2ms
[2022-10-07T14:22:08.187+0200][gc,phases   ] GC(26)   Evacuate Collection Set: 27,5ms
[2022-10-07T14:22:08.187+0200][gc,phases   ] GC(26)   Post Evacuate Collection Set: 1,4ms
[2022-10-07T14:22:08.187+0200][gc,phases   ] GC(26)   Other: 0,6ms
[2022-10-07T14:22:08.187+0200][gc,heap     ] GC(26) Eden regions: 57->0(46)
[2022-10-07T14:22:08.187+0200][gc,heap     ] GC(26) Survivor regions: 5->5(8)
[2022-10-07T14:22:08.187+0200][gc,heap     ] GC(26) Old regions: 66->67
[2022-10-07T14:22:08.187+0200][gc,heap     ] GC(26) Archive regions: 2->2
[2022-10-07T14:22:08.187+0200][gc,heap     ] GC(26) Humongous regions: 129->129
[2022-10-07T14:22:08.187+0200][gc,metaspace] GC(26) Metaspace: 41487K(42112K)->41487K(42112K) NonClass: 36732K(37056K)->36732K(37056K) Class: 4755K(5056K)->4755K(5056K)
[2022-10-07T14:22:08.188+0200][gc          ] GC(26) Pause Young (Normal) (G1 Evacuation Pause) 256M->200M(1024M) 34,468ms
[2022-10-07T14:22:08.188+0200][gc,cpu      ] GC(26) User=0,03s Sys=0,14s Real=0,03s
[2022-10-07T14:30:22.263+0200][gc,start    ] GC(27) Pause Young (Normal) (G1 Evacuation Pause)
[2022-10-07T14:30:22.265+0200][gc,task     ] GC(27) Using 15 workers of 15 for evacuation
[2022-10-07T14:30:22.299+0200][gc,mmu      ] GC(27) MMU target violated: 21,0ms (20,0ms/21,0ms)
[2022-10-07T14:30:22.299+0200][gc,phases   ] GC(27)   Pre Evacuate Collection Set: 2,0ms
[2022-10-07T14:30:22.299+0200][gc,phases   ] GC(27)   Merge Heap Roots: 0,3ms
[2022-10-07T14:30:22.299+0200][gc,phases   ] GC(27)   Evacuate Collection Set: 30,2ms
[2022-10-07T14:30:22.299+0200][gc,phases   ] GC(27)   Post Evacuate Collection Set: 0,8ms
[2022-10-07T14:30:22.299+0200][gc,phases   ] GC(27)   Other: 0,5ms
[2022-10-07T14:30:22.299+0200][gc,heap     ] GC(27) Eden regions: 46->0(47)
[2022-10-07T14:30:22.299+0200][gc,heap     ] GC(27) Survivor regions: 5->4(7)
[2022-10-07T14:30:22.299+0200][gc,heap     ] GC(27) Old regions: 67->67
[2022-10-07T14:30:22.299+0200][gc,heap     ] GC(27) Archive regions: 2->2
[2022-10-07T14:30:22.299+0200][gc,heap     ] GC(27) Humongous regions: 129->129
[2022-10-07T14:30:22.299+0200][gc,metaspace] GC(27) Metaspace: 41493K(42112K)->41493K(42112K) NonClass: 36738K(37056K)->36738K(37056K) Class: 4755K(5056K)->4755K(5056K)
[2022-10-07T14:30:22.299+0200][gc          ] GC(27) Pause Young (Normal) (G1 Evacuation Pause) 246M->200M(1024M) 35,783ms
[2022-10-07T14:30:22.299+0200][gc,cpu      ] GC(27) User=0,01s Sys=0,09s Real=0,03s
[2022-10-07T14:37:55.535+0200][gc,start    ] GC(28) Pause Young (Normal) (G1 Evacuation Pause)
[2022-10-07T14:37:55.537+0200][gc,task     ] GC(28) Using 15 workers of 15 for evacuation
[2022-10-07T14:37:55.555+0200][gc,phases   ] GC(28)   Pre Evacuate Collection Set: 3,0ms
[2022-10-07T14:37:55.555+0200][gc,phases   ] GC(28)   Merge Heap Roots: 0,2ms
[2022-10-07T14:37:55.555+0200][gc,phases   ] GC(28)   Evacuate Collection Set: 14,3ms
[2022-10-07T14:37:55.555+0200][gc,phases   ] GC(28)   Post Evacuate Collection Set: 0,4ms
[2022-10-07T14:37:55.555+0200][gc,phases   ] GC(28)   Other: 0,3ms
[2022-10-07T14:37:55.555+0200][gc,heap     ] GC(28) Eden regions: 47->0(45)
[2022-10-07T14:37:55.555+0200][gc,heap     ] GC(28) Survivor regions: 4->6(7)
[2022-10-07T14:37:55.555+0200][gc,heap     ] GC(28) Old regions: 67->67
[2022-10-07T14:37:55.555+0200][gc,heap     ] GC(28) Archive regions: 2->2
[2022-10-07T14:37:55.555+0200][gc,heap     ] GC(28) Humongous regions: 129->129
[2022-10-07T14:37:55.555+0200][gc,metaspace] GC(28) Metaspace: 41537K(42176K)->41537K(42176K) NonClass: 36774K(37120K)->36774K(37120K) Class: 4762K(5056K)->4762K(5056K)
[2022-10-07T14:37:55.556+0200][gc          ] GC(28) Pause Young (Normal) (G1 Evacuation Pause) 247M->202M(1024M) 20,883ms
[2022-10-07T14:37:55.556+0200][gc,cpu      ] GC(28) User=0,02s Sys=0,09s Real=0,02s
[2022-10-07T14:45:09.219+0200][gc,start    ] GC(29) Pause Young (Normal) (G1 Evacuation Pause)
[2022-10-07T14:45:09.221+0200][gc,task     ] GC(29) Using 15 workers of 15 for evacuation
[2022-10-07T14:45:09.225+0200][gc,phases   ] GC(29)   Pre Evacuate Collection Set: 0,3ms
[2022-10-07T14:45:09.225+0200][gc,phases   ] GC(29)   Merge Heap Roots: 0,1ms
[2022-10-07T14:45:09.225+0200][gc,phases   ] GC(29)   Evacuate Collection Set: 2,9ms
[2022-10-07T14:45:09.225+0200][gc,phases   ] GC(29)   Post Evacuate Collection Set: 0,3ms
[2022-10-07T14:45:09.225+0200][gc,phases   ] GC(29)   Other: 0,1ms
[2022-10-07T14:45:09.225+0200][gc,heap     ] GC(29) Eden regions: 45->0(49)
[2022-10-07T14:45:09.225+0200][gc,heap     ] GC(29) Survivor regions: 6->3(7)
[2022-10-07T14:45:09.225+0200][gc,heap     ] GC(29) Old regions: 67->70
[2022-10-07T14:45:09.225+0200][gc,heap     ] GC(29) Archive regions: 2->2
[2022-10-07T14:45:09.225+0200][gc,heap     ] GC(29) Humongous regions: 129->129
[2022-10-07T14:45:09.225+0200][gc,metaspace] GC(29) Metaspace: 41593K(42176K)->41593K(42176K) NonClass: 36824K(37120K)->36824K(37120K) Class: 4768K(5056K)->4768K(5056K)
[2022-10-07T14:45:09.225+0200][gc          ] GC(29) Pause Young (Normal) (G1 Evacuation Pause) 247M->202M(1024M) 5,588ms
[2022-10-07T14:45:09.225+0200][gc,cpu      ] GC(29) User=0,02s Sys=0,01s Real=0,01s
[2022-10-07T14:53:14.856+0200][gc,start    ] GC(30) Pause Young (Normal) (G1 Evacuation Pause)
[2022-10-07T14:53:14.858+0200][gc,task     ] GC(30) Using 15 workers of 15 for evacuation
[2022-10-07T14:53:14.863+0200][gc,phases   ] GC(30)   Pre Evacuate Collection Set: 0,3ms
[2022-10-07T14:53:14.863+0200][gc,phases   ] GC(30)   Merge Heap Roots: 0,1ms
[2022-10-07T14:53:14.863+0200][gc,phases   ] GC(30)   Evacuate Collection Set: 4,4ms
[2022-10-07T14:53:14.863+0200][gc,phases   ] GC(30)   Post Evacuate Collection Set: 0,2ms
[2022-10-07T14:53:14.863+0200][gc,phases   ] GC(30)   Other: 0,1ms
[2022-10-07T14:53:14.863+0200][gc,heap     ] GC(30) Eden regions: 49->0(44)
[2022-10-07T14:53:14.863+0200][gc,heap     ] GC(30) Survivor regions: 3->7(7)
[2022-10-07T14:53:14.863+0200][gc,heap     ] GC(30) Old regions: 70->70
[2022-10-07T14:53:14.863+0200][gc,heap     ] GC(30) Archive regions: 2->2
[2022-10-07T14:53:14.863+0200][gc,heap     ] GC(30) Humongous regions: 129->129
[2022-10-07T14:53:14.863+0200][gc,metaspace] GC(30) Metaspace: 41600K(42176K)->41600K(42176K) NonClass: 36831K(37120K)->36831K(37120K) Class: 4768K(5056K)->4768K(5056K)
[2022-10-07T14:53:14.863+0200][gc          ] GC(30) Pause Young (Normal) (G1 Evacuation Pause) 251M->205M(1024M) 6,975ms
[2022-10-07T14:53:14.863+0200][gc,cpu      ] GC(30) User=0,03s Sys=0,02s Real=0,01s
[2022-10-07T15:00:33.370+0200][gc,start    ] GC(31) Pause Young (Normal) (G1 Evacuation Pause)
[2022-10-07T15:00:33.372+0200][gc,task     ] GC(31) Using 15 workers of 15 for evacuation
[2022-10-07T15:00:33.376+0200][gc,phases   ] GC(31)   Pre Evacuate Collection Set: 0,2ms
[2022-10-07T15:00:33.376+0200][gc,phases   ] GC(31)   Merge Heap Roots: 0,1ms
[2022-10-07T15:00:33.376+0200][gc,phases   ] GC(31)   Evacuate Collection Set: 3,1ms
[2022-10-07T15:00:33.376+0200][gc,phases   ] GC(31)   Post Evacuate Collection Set: 0,3ms
[2022-10-07T15:00:33.376+0200][gc,phases   ] GC(31)   Other: 0,6ms
[2022-10-07T15:00:33.376+0200][gc,heap     ] GC(31) Eden regions: 44->0(74)
[2022-10-07T15:00:33.376+0200][gc,heap     ] GC(31) Survivor regions: 7->4(7)
[2022-10-07T15:00:33.376+0200][gc,heap     ] GC(31) Old regions: 70->74
[2022-10-07T15:00:33.376+0200][gc,heap     ] GC(31) Archive regions: 2->2
[2022-10-07T15:00:33.376+0200][gc,heap     ] GC(31) Humongous regions: 129->129
[2022-10-07T15:00:33.376+0200][gc,metaspace] GC(31) Metaspace: 41600K(42176K)->41600K(42176K) NonClass: 36831K(37120K)->36831K(37120K) Class: 4768K(5056K)->4768K(5056K)
[2022-10-07T15:00:33.376+0200][gc          ] GC(31) Pause Young (Normal) (G1 Evacuation Pause) 249M->207M(1024M) 5,932ms
[2022-10-07T15:00:33.376+0200][gc,cpu      ] GC(31) User=0,02s Sys=0,01s Real=0,00s
[2022-10-07T15:12:56.836+0200][gc,start    ] GC(32) Pause Young (Normal) (G1 Evacuation Pause)
[2022-10-07T15:12:56.837+0200][gc,task     ] GC(32) Using 15 workers of 15 for evacuation
[2022-10-07T15:12:56.853+0200][gc,phases   ] GC(32)   Pre Evacuate Collection Set: 0,3ms
[2022-10-07T15:12:56.853+0200][gc,phases   ] GC(32)   Merge Heap Roots: 0,1ms
[2022-10-07T15:12:56.853+0200][gc,phases   ] GC(32)   Evacuate Collection Set: 15,0ms
[2022-10-07T15:12:56.853+0200][gc,phases   ] GC(32)   Post Evacuate Collection Set: 0,4ms
[2022-10-07T15:12:56.853+0200][gc,phases   ] GC(32)   Other: 0,1ms
[2022-10-07T15:12:56.853+0200][gc,heap     ] GC(32) Eden regions: 74->0(42)
[2022-10-07T15:12:56.853+0200][gc,heap     ] GC(32) Survivor regions: 4->9(10)
[2022-10-07T15:12:56.853+0200][gc,heap     ] GC(32) Old regions: 74->74
[2022-10-07T15:12:56.853+0200][gc,heap     ] GC(32) Archive regions: 2->2
[2022-10-07T15:12:56.853+0200][gc,heap     ] GC(32) Humongous regions: 129->129
[2022-10-07T15:12:56.853+0200][gc,metaspace] GC(32) Metaspace: 41601K(42176K)->41601K(42176K) NonClass: 36833K(37120K)->36833K(37120K) Class: 4768K(5056K)->4768K(5056K)
[2022-10-07T15:12:56.854+0200][gc          ] GC(32) Pause Young (Normal) (G1 Evacuation Pause) 281M->212M(1024M) 17,646ms
[2022-10-07T15:12:56.854+0200][gc,cpu      ] GC(32) User=0,03s Sys=0,09s Real=0,02s
[2022-10-07T15:19:46.088+0200][gc,start    ] GC(33) Pause Young (Normal) (G1 Evacuation Pause)
[2022-10-07T15:19:46.088+0200][gc,task     ] GC(33) Using 15 workers of 15 for evacuation
[2022-10-07T15:19:46.093+0200][gc,phases   ] GC(33)   Pre Evacuate Collection Set: 0,3ms
[2022-10-07T15:19:46.093+0200][gc,phases   ] GC(33)   Merge Heap Roots: 0,1ms
[2022-10-07T15:19:46.093+0200][gc,phases   ] GC(33)   Evacuate Collection Set: 4,2ms
[2022-10-07T15:19:46.093+0200][gc,phases   ] GC(33)   Post Evacuate Collection Set: 0,3ms
[2022-10-07T15:19:46.093+0200][gc,phases   ] GC(33)   Other: 0,1ms
[2022-10-07T15:19:46.093+0200][gc,heap     ] GC(33) Eden regions: 42->0(58)
[2022-10-07T15:19:46.093+0200][gc,heap     ] GC(33) Survivor regions: 9->6(7)
[2022-10-07T15:19:46.093+0200][gc,heap     ] GC(33) Old regions: 74->82
[2022-10-07T15:19:46.093+0200][gc,heap     ] GC(33) Archive regions: 2->2
[2022-10-07T15:19:46.093+0200][gc,heap     ] GC(33) Humongous regions: 129->129
[2022-10-07T15:19:46.093+0200][gc,metaspace] GC(33) Metaspace: 41601K(42176K)->41601K(42176K) NonClass: 36833K(37120K)->36833K(37120K) Class: 4768K(5056K)->4768K(5056K)
[2022-10-07T15:19:46.093+0200][gc          ] GC(33) Pause Young (Normal) (G1 Evacuation Pause) 254M->216M(1024M) 5,131ms
[2022-10-07T15:19:46.094+0200][gc,cpu      ] GC(33) User=0,04s Sys=0,01s Real=0,01s
[2022-10-07T15:28:07.305+0200][gc,start    ] GC(34) Pause Young (Normal) (G1 Evacuation Pause)
[2022-10-07T15:28:07.305+0200][gc,task     ] GC(34) Using 15 workers of 15 for evacuation
[2022-10-07T15:28:07.309+0200][gc,phases   ] GC(34)   Pre Evacuate Collection Set: 0,3ms
[2022-10-07T15:28:07.309+0200][gc,phases   ] GC(34)   Merge Heap Roots: 0,1ms
[2022-10-07T15:28:07.309+0200][gc,phases   ] GC(34)   Evacuate Collection Set: 3,4ms
[2022-10-07T15:28:07.310+0200][gc,phases   ] GC(34)   Post Evacuate Collection Set: 0,4ms
[2022-10-07T15:28:07.310+0200][gc,phases   ] GC(34)   Other: 0,1ms
[2022-10-07T15:28:07.310+0200][gc,heap     ] GC(34) Eden regions: 58->0(100)
[2022-10-07T15:28:07.310+0200][gc,heap     ] GC(34) Survivor regions: 6->6(8)
[2022-10-07T15:28:07.310+0200][gc,heap     ] GC(34) Old regions: 82->85
[2022-10-07T15:28:07.310+0200][gc,heap     ] GC(34) Archive regions: 2->2
[2022-10-07T15:28:07.310+0200][gc,heap     ] GC(34) Humongous regions: 129->129
[2022-10-07T15:28:07.310+0200][gc,metaspace] GC(34) Metaspace: 41622K(42240K)->41622K(42240K) NonClass: 36853K(37184K)->36853K(37184K) Class: 4768K(5056K)->4768K(5056K)
[2022-10-07T15:28:07.310+0200][gc          ] GC(34) Pause Young (Normal) (G1 Evacuation Pause) 274M->219M(1024M) 4,517ms
[2022-10-07T15:28:07.310+0200][gc,cpu      ] GC(34) User=0,03s Sys=0,00s Real=0,01s
[2022-10-07T15:37:23.770+0200][gc,start    ] GC(35) Pause Young (Normal) (G1 Evacuation Pause)
[2022-10-07T15:37:23.771+0200][gc,task     ] GC(35) Using 15 workers of 15 for evacuation
[2022-10-07T15:37:23.776+0200][gc,phases   ] GC(35)   Pre Evacuate Collection Set: 0,2ms
[2022-10-07T15:37:23.776+0200][gc,phases   ] GC(35)   Merge Heap Roots: 0,1ms
[2022-10-07T15:37:23.776+0200][gc,phases   ] GC(35)   Evacuate Collection Set: 4,0ms
[2022-10-07T15:37:23.776+0200][gc,phases   ] GC(35)   Post Evacuate Collection Set: 0,3ms
[2022-10-07T15:37:23.776+0200][gc,phases   ] GC(35)   Other: 0,2ms
[2022-10-07T15:37:23.776+0200][gc,heap     ] GC(35) Eden regions: 100->0(91)
[2022-10-07T15:37:23.776+0200][gc,heap     ] GC(35) Survivor regions: 6->10(14)
[2022-10-07T15:37:23.776+0200][gc,heap     ] GC(35) Old regions: 85->85
[2022-10-07T15:37:23.776+0200][gc,heap     ] GC(35) Archive regions: 2->2
[2022-10-07T15:37:23.776+0200][gc,heap     ] GC(35) Humongous regions: 129->129
[2022-10-07T15:37:23.776+0200][gc,metaspace] GC(35) Metaspace: 41628K(42240K)->41628K(42240K) NonClass: 36859K(37184K)->36859K(37184K) Class: 4768K(5056K)->4768K(5056K)
[2022-10-07T15:37:23.776+0200][gc          ] GC(35) Pause Young (Normal) (G1 Evacuation Pause) 319M->224M(1024M) 6,099ms
[2022-10-07T15:37:23.777+0200][gc,cpu      ] GC(35) User=0,03s Sys=0,01s Real=0,00s
[2022-10-07T15:44:06.778+0200][gc,start    ] GC(36) Pause Young (Normal) (G1 Evacuation Pause)
[2022-10-07T15:44:06.778+0200][gc,task     ] GC(36) Using 15 workers of 15 for evacuation
[2022-10-07T15:44:06.781+0200][gc,phases   ] GC(36)   Pre Evacuate Collection Set: 0,2ms
[2022-10-07T15:44:06.781+0200][gc,phases   ] GC(36)   Merge Heap Roots: 0,1ms
[2022-10-07T15:44:06.781+0200][gc,phases   ] GC(36)   Evacuate Collection Set: 2,8ms
[2022-10-07T15:44:06.781+0200][gc,phases   ] GC(36)   Post Evacuate Collection Set: 0,4ms
[2022-10-07T15:44:06.781+0200][gc,phases   ] GC(36)   Other: 0,1ms
[2022-10-07T15:44:06.781+0200][gc,heap     ] GC(36) Eden regions: 91->0(142)
[2022-10-07T15:44:06.781+0200][gc,heap     ] GC(36) Survivor regions: 10->8(13)
[2022-10-07T15:44:06.781+0200][gc,heap     ] GC(36) Old regions: 85->89
[2022-10-07T15:44:06.781+0200][gc,heap     ] GC(36) Archive regions: 2->2
[2022-10-07T15:44:06.781+0200][gc,heap     ] GC(36) Humongous regions: 129->129
[2022-10-07T15:44:06.781+0200][gc,metaspace] GC(36) Metaspace: 41629K(42240K)->41629K(42240K) NonClass: 36860K(37184K)->36860K(37184K) Class: 4768K(5056K)->4768K(5056K)
[2022-10-07T15:44:06.781+0200][gc          ] GC(36) Pause Young (Normal) (G1 Evacuation Pause) 315M->225M(1024M) 3,776ms
[2022-10-07T15:44:06.781+0200][gc,cpu      ] GC(36) User=0,03s Sys=0,00s Real=0,01s
[2022-10-07T15:48:28.595+0200][gc,start    ] GC(37) Pause Young (Normal) (G1 Evacuation Pause)
[2022-10-07T15:48:28.597+0200][gc,task     ] GC(37) Using 15 workers of 15 for evacuation
[2022-10-07T15:48:28.601+0200][gc,phases   ] GC(37)   Pre Evacuate Collection Set: 0,2ms
[2022-10-07T15:48:28.601+0200][gc,phases   ] GC(37)   Merge Heap Roots: 0,1ms
[2022-10-07T15:48:28.601+0200][gc,phases   ] GC(37)   Evacuate Collection Set: 3,9ms
[2022-10-07T15:48:28.601+0200][gc,phases   ] GC(37)   Post Evacuate Collection Set: 0,4ms
[2022-10-07T15:48:28.601+0200][gc,phases   ] GC(37)   Other: 0,1ms
[2022-10-07T15:48:28.601+0200][gc,heap     ] GC(37) Eden regions: 142->0(265)
[2022-10-07T15:48:28.601+0200][gc,heap     ] GC(37) Survivor regions: 8->10(19)
[2022-10-07T15:48:28.601+0200][gc,heap     ] GC(37) Old regions: 89->89
[2022-10-07T15:48:28.601+0200][gc,heap     ] GC(37) Archive regions: 2->2
[2022-10-07T15:48:28.601+0200][gc,heap     ] GC(37) Humongous regions: 129->129
[2022-10-07T15:48:28.601+0200][gc,metaspace] GC(37) Metaspace: 41658K(42304K)->41658K(42304K) NonClass: 36885K(37248K)->36885K(37248K) Class: 4772K(5056K)->4772K(5056K)
[2022-10-07T15:48:28.601+0200][gc          ] GC(37) Pause Young (Normal) (G1 Evacuation Pause) 367M->228M(1024M) 6,042ms
[2022-10-07T15:48:28.601+0200][gc,cpu      ] GC(37) User=0,03s Sys=0,00s Real=0,01s
[2022-10-07T16:12:47.685+0200][gc,start    ] GC(38) Pause Young (Normal) (G1 Evacuation Pause)
[2022-10-07T16:12:47.686+0200][gc,task     ] GC(38) Using 15 workers of 15 for evacuation
[2022-10-07T16:12:47.696+0200][gc,phases   ] GC(38)   Pre Evacuate Collection Set: 0,4ms
[2022-10-07T16:12:47.696+0200][gc,phases   ] GC(38)   Merge Heap Roots: 0,2ms
[2022-10-07T16:12:47.696+0200][gc,phases   ] GC(38)   Evacuate Collection Set: 8,8ms
[2022-10-07T16:12:47.696+0200][gc,phases   ] GC(38)   Post Evacuate Collection Set: 0,5ms
[2022-10-07T16:12:47.696+0200][gc,phases   ] GC(38)   Other: 0,2ms
[2022-10-07T16:12:47.696+0200][gc,heap     ] GC(38) Eden regions: 265->0(447)
[2022-10-07T16:12:47.696+0200][gc,heap     ] GC(38) Survivor regions: 10->12(35)
[2022-10-07T16:12:47.696+0200][gc,heap     ] GC(38) Old regions: 89->89
[2022-10-07T16:12:47.696+0200][gc,heap     ] GC(38) Archive regions: 2->2
[2022-10-07T16:12:47.696+0200][gc,heap     ] GC(38) Humongous regions: 129->129
[2022-10-07T16:12:47.696+0200][gc,metaspace] GC(38) Metaspace: 41714K(42304K)->41714K(42304K) NonClass: 36941K(37248K)->36941K(37248K) Class: 4772K(5056K)->4772K(5056K)
[2022-10-07T16:12:47.696+0200][gc          ] GC(38) Pause Young (Normal) (G1 Evacuation Pause) 493M->229M(1024M) 11,412ms
[2022-10-07T16:12:47.696+0200][gc,cpu      ] GC(38) User=0,04s Sys=0,05s Real=0,01s
[2022-10-07T16:44:02.725+0200][gc,start    ] GC(39) Pause Young (Normal) (G1 Evacuation Pause)
[2022-10-07T16:44:02.726+0200][gc,task     ] GC(39) Using 15 workers of 15 for evacuation
[2022-10-07T16:44:02.740+0200][gc,phases   ] GC(39)   Pre Evacuate Collection Set: 1,6ms
[2022-10-07T16:44:02.740+0200][gc,phases   ] GC(39)   Merge Heap Roots: 0,3ms
[2022-10-07T16:44:02.740+0200][gc,phases   ] GC(39)   Evacuate Collection Set: 11,1ms
[2022-10-07T16:44:02.740+0200][gc,phases   ] GC(39)   Post Evacuate Collection Set: 0,8ms
[2022-10-07T16:44:02.740+0200][gc,phases   ] GC(39)   Other: 0,3ms
[2022-10-07T16:44:02.740+0200][gc,heap     ] GC(39) Eden regions: 447->0(602)
[2022-10-07T16:44:02.740+0200][gc,heap     ] GC(39) Survivor regions: 12->12(58)
[2022-10-07T16:44:02.740+0200][gc,heap     ] GC(39) Old regions: 89->89
[2022-10-07T16:44:02.740+0200][gc,heap     ] GC(39) Archive regions: 2->2
[2022-10-07T16:44:02.740+0200][gc,heap     ] GC(39) Humongous regions: 129->129
[2022-10-07T16:44:02.740+0200][gc,metaspace] GC(39) Metaspace: 41734K(42368K)->41734K(42368K) NonClass: 36961K(37312K)->36961K(37312K) Class: 4772K(5056K)->4772K(5056K)
[2022-10-07T16:44:02.740+0200][gc          ] GC(39) Pause Young (Normal) (G1 Evacuation Pause) 676M->230M(1024M) 14,842ms
[2022-10-07T16:44:02.740+0200][gc,cpu      ] GC(39) User=0,03s Sys=0,07s Real=0,02s
