[2022-06-23T15:38:00.044+0200][gc,init] CardTable entry size: 512
[2022-06-23T15:38:00.044+0200][gc     ] Using G1
[2022-06-23T15:38:00.048+0200][gc,init] Version: 18.0.1.1+2-6 (release)
[2022-06-23T15:38:00.048+0200][gc,init] CPUs: 20 total, 20 available
[2022-06-23T15:38:00.048+0200][gc,init] Memory: 32768M
[2022-06-23T15:38:00.048+0200][gc,init] Large Page Support: Disabled
[2022-06-23T15:38:00.048+0200][gc,init] NUMA Support: Disabled
[2022-06-23T15:38:00.048+0200][gc,init] Compressed Oops: Enabled (Zero based)
[2022-06-23T15:38:00.048+0200][gc,init] Heap Region Size: 1M
[2022-06-23T15:38:00.048+0200][gc,init] Heap Min Capacity: 1G
[2022-06-23T15:38:00.048+0200][gc,init] Heap Initial Capacity: 1G
[2022-06-23T15:38:00.048+0200][gc,init] Heap Max Capacity: 1G
[2022-06-23T15:38:00.048+0200][gc,init] Pre-touch: Disabled
[2022-06-23T15:38:00.048+0200][gc,init] Parallel Workers: 15
[2022-06-23T15:38:00.048+0200][gc,init] Concurrent Workers: 4
[2022-06-23T15:38:00.048+0200][gc,init] Concurrent Refinement Workers: 15
[2022-06-23T15:38:00.048+0200][gc,init] Periodic GC: Disabled
[2022-06-23T15:38:00.048+0200][gc,metaspace] CDS archive(s) mapped at: [0x0000000800000000-0x0000000800ba8000-0x0000000800ba8000), size 12222464, SharedBaseAddress: 0x0000000800000000, ArchiveRelocationMode: 0.
[2022-06-23T15:38:00.048+0200][gc,metaspace] Compressed class space mapped at: 0x0000000800c00000-0x0000000840c00000, reserved size: 1073741824
[2022-06-23T15:38:00.048+0200][gc,metaspace] Narrow klass base: 0x0000000800000000, Narrow klass shift: 0, Narrow klass range: 0x100000000
[2022-06-23T15:38:00.965+0200][gc,start    ] GC(0) Pause Young (Normal) (G1 Evacuation Pause)
[2022-06-23T15:38:00.966+0200][gc,task     ] GC(0) Using 15 workers of 15 for evacuation
[2022-06-23T15:38:00.969+0200][gc,phases   ] GC(0)   Pre Evacuate Collection Set: 0,1ms
[2022-06-23T15:38:00.969+0200][gc,phases   ] GC(0)   Merge Heap Roots: 0,1ms
[2022-06-23T15:38:00.969+0200][gc,phases   ] GC(0)   Evacuate Collection Set: 2,6ms
[2022-06-23T15:38:00.969+0200][gc,phases   ] GC(0)   Post Evacuate Collection Set: 0,4ms
[2022-06-23T15:38:00.969+0200][gc,phases   ] GC(0)   Other: 0,4ms
[2022-06-23T15:38:00.969+0200][gc,heap     ] GC(0) Eden regions: 51->0(44)
[2022-06-23T15:38:00.969+0200][gc,heap     ] GC(0) Survivor regions: 0->7(7)
[2022-06-23T15:38:00.969+0200][gc,heap     ] GC(0) Old regions: 0->1
[2022-06-23T15:38:00.969+0200][gc,heap     ] GC(0) Archive regions: 2->2
[2022-06-23T15:38:00.969+0200][gc,heap     ] GC(0) Humongous regions: 0->0
[2022-06-23T15:38:00.969+0200][gc,metaspace] GC(0) Metaspace: 19119K(19392K)->19119K(19392K) NonClass: 16858K(17024K)->16858K(17024K) Class: 2260K(2368K)->2260K(2368K)
[2022-06-23T15:38:00.969+0200][gc          ] GC(0) Pause Young (Normal) (G1 Evacuation Pause) 51M->7M(1024M) 3,979ms
[2022-06-23T15:38:00.969+0200][gc,cpu      ] GC(0) User=0,03s Sys=0,02s Real=0,00s
[2022-06-23T15:38:01.078+0200][gc,start    ] GC(1) Pause Young (Concurrent Start) (Metadata GC Threshold)
[2022-06-23T15:38:01.078+0200][gc,task     ] GC(1) Using 15 workers of 15 for evacuation
[2022-06-23T15:38:01.084+0200][gc,phases   ] GC(1)   Pre Evacuate Collection Set: 0,3ms
[2022-06-23T15:38:01.084+0200][gc,phases   ] GC(1)   Merge Heap Roots: 0,1ms
[2022-06-23T15:38:01.084+0200][gc,phases   ] GC(1)   Evacuate Collection Set: 5,2ms
[2022-06-23T15:38:01.084+0200][gc,phases   ] GC(1)   Post Evacuate Collection Set: 0,4ms
[2022-06-23T15:38:01.084+0200][gc,phases   ] GC(1)   Other: 0,1ms
[2022-06-23T15:38:01.084+0200][gc,heap     ] GC(1) Eden regions: 9->0(49)
[2022-06-23T15:38:01.084+0200][gc,heap     ] GC(1) Survivor regions: 7->2(7)
[2022-06-23T15:38:01.084+0200][gc,heap     ] GC(1) Old regions: 1->7
[2022-06-23T15:38:01.084+0200][gc,heap     ] GC(1) Archive regions: 2->2
[2022-06-23T15:38:01.084+0200][gc,heap     ] GC(1) Humongous regions: 129->129
[2022-06-23T15:38:01.084+0200][gc,metaspace] GC(1) Metaspace: 21255K(21504K)->21255K(21504K) NonClass: 18754K(18880K)->18754K(18880K) Class: 2501K(2624K)->2501K(2624K)
[2022-06-23T15:38:01.084+0200][gc          ] GC(1) Pause Young (Concurrent Start) (Metadata GC Threshold) 145M->138M(1024M) 6,244ms
[2022-06-23T15:38:01.084+0200][gc,cpu      ] GC(1) User=0,03s Sys=0,04s Real=0,01s
[2022-06-23T15:38:01.084+0200][gc          ] GC(2) Concurrent Mark Cycle
[2022-06-23T15:38:01.084+0200][gc,marking  ] GC(2) Concurrent Clear Claimed Marks
[2022-06-23T15:38:01.084+0200][gc,marking  ] GC(2) Concurrent Clear Claimed Marks 0,010ms
[2022-06-23T15:38:01.084+0200][gc,marking  ] GC(2) Concurrent Scan Root Regions
[2022-06-23T15:38:01.085+0200][gc,marking  ] GC(2) Concurrent Scan Root Regions 0,999ms
[2022-06-23T15:38:01.085+0200][gc,marking  ] GC(2) Concurrent Mark
[2022-06-23T15:38:01.085+0200][gc,marking  ] GC(2) Concurrent Mark From Roots
[2022-06-23T15:38:01.085+0200][gc,task     ] GC(2) Using 4 workers of 4 for marking
[2022-06-23T15:38:01.086+0200][gc,marking  ] GC(2) Concurrent Mark From Roots 0,905ms
[2022-06-23T15:38:01.086+0200][gc,marking  ] GC(2) Concurrent Preclean
[2022-06-23T15:38:01.086+0200][gc,marking  ] GC(2) Concurrent Preclean 0,029ms
[2022-06-23T15:38:01.086+0200][gc,start    ] GC(2) Pause Remark
[2022-06-23T15:38:01.087+0200][gc          ] GC(2) Pause Remark 138M->138M(1024M) 1,095ms
[2022-06-23T15:38:01.087+0200][gc,cpu      ] GC(2) User=0,01s Sys=0,00s Real=0,00s
[2022-06-23T15:38:01.087+0200][gc,marking  ] GC(2) Concurrent Mark 2,200ms
[2022-06-23T15:38:01.087+0200][gc,marking  ] GC(2) Concurrent Rebuild Remembered Sets
[2022-06-23T15:38:01.087+0200][gc,marking  ] GC(2) Concurrent Rebuild Remembered Sets 0,007ms
[2022-06-23T15:38:01.087+0200][gc,start    ] GC(2) Pause Cleanup
[2022-06-23T15:38:01.087+0200][gc          ] GC(2) Pause Cleanup 138M->138M(1024M) 0,018ms
[2022-06-23T15:38:01.087+0200][gc,cpu      ] GC(2) User=0,00s Sys=0,00s Real=0,00s
[2022-06-23T15:38:01.087+0200][gc,marking  ] GC(2) Concurrent Cleanup for Next Mark
[2022-06-23T15:38:01.090+0200][gc,marking  ] GC(2) Concurrent Cleanup for Next Mark 2,472ms
[2022-06-23T15:38:01.090+0200][gc          ] GC(2) Concurrent Mark Cycle 5,884ms
[2022-06-23T15:38:01.465+0200][gc,start    ] GC(3) Pause Young (Normal) (G1 Evacuation Pause)
[2022-06-23T15:38:01.482+0200][gc,task     ] GC(3) Using 15 workers of 15 for evacuation
[2022-06-23T15:38:01.485+0200][gc,phases   ] GC(3)   Pre Evacuate Collection Set: 0,1ms
[2022-06-23T15:38:01.485+0200][gc,phases   ] GC(3)   Merge Heap Roots: 0,1ms
[2022-06-23T15:38:01.485+0200][gc,phases   ] GC(3)   Evacuate Collection Set: 1,7ms
[2022-06-23T15:38:01.485+0200][gc,phases   ] GC(3)   Post Evacuate Collection Set: 0,4ms
[2022-06-23T15:38:01.485+0200][gc,phases   ] GC(3)   Other: 0,1ms
[2022-06-23T15:38:01.485+0200][gc,heap     ] GC(3) Eden regions: 49->0(45)
[2022-06-23T15:38:01.485+0200][gc,heap     ] GC(3) Survivor regions: 2->6(7)
[2022-06-23T15:38:01.485+0200][gc,heap     ] GC(3) Old regions: 7->7
[2022-06-23T15:38:01.485+0200][gc,heap     ] GC(3) Archive regions: 2->2
[2022-06-23T15:38:01.485+0200][gc,heap     ] GC(3) Humongous regions: 129->129
[2022-06-23T15:38:01.485+0200][gc,metaspace] GC(3) Metaspace: 32616K(32960K)->32616K(32960K) NonClass: 28993K(29184K)->28993K(29184K) Class: 3623K(3776K)->3623K(3776K)
[2022-06-23T15:38:01.485+0200][gc          ] GC(3) Pause Young (Normal) (G1 Evacuation Pause) 187M->142M(1024M) 20,145ms
[2022-06-23T15:38:01.485+0200][gc,cpu      ] GC(3) User=0,03s Sys=0,00s Real=0,02s
[2022-06-23T15:38:19.814+0200][gc,start    ] GC(4) Pause Young (Concurrent Start) (Metadata GC Threshold)
[2022-06-23T15:38:19.825+0200][gc,task     ] GC(4) Using 15 workers of 15 for evacuation
[2022-06-23T15:38:19.827+0200][gc,phases   ] GC(4)   Pre Evacuate Collection Set: 0,2ms
[2022-06-23T15:38:19.843+0200][gc,phases   ] GC(4)   Merge Heap Roots: 0,1ms
[2022-06-23T15:38:19.843+0200][gc,phases   ] GC(4)   Evacuate Collection Set: 2,0ms
[2022-06-23T15:38:19.843+0200][gc,phases   ] GC(4)   Post Evacuate Collection Set: 0,4ms
[2022-06-23T15:38:19.844+0200][gc,phases   ] GC(4)   Other: 0,1ms
[2022-06-23T15:38:19.844+0200][gc,heap     ] GC(4) Eden regions: 15->0(49)
[2022-06-23T15:38:19.844+0200][gc,heap     ] GC(4) Survivor regions: 6->2(7)
[2022-06-23T15:38:19.844+0200][gc,heap     ] GC(4) Old regions: 7->13
[2022-06-23T15:38:19.844+0200][gc,heap     ] GC(4) Archive regions: 2->2
[2022-06-23T15:38:19.844+0200][gc,heap     ] GC(4) Humongous regions: 129->129
[2022-06-23T15:38:19.844+0200][gc,metaspace] GC(4) Metaspace: 35622K(35968K)->35622K(35968K) NonClass: 31508K(31680K)->31508K(31680K) Class: 4114K(4288K)->4114K(4288K)
[2022-06-23T15:38:19.844+0200][gc          ] GC(4) Pause Young (Concurrent Start) (Metadata GC Threshold) 157M->143M(1024M) 29,864ms
[2022-06-23T15:38:19.844+0200][gc,cpu      ] GC(4) User=0,03s Sys=0,01s Real=0,03s
[2022-06-23T15:38:19.844+0200][gc          ] GC(5) Concurrent Mark Cycle
[2022-06-23T15:38:19.844+0200][gc,marking  ] GC(5) Concurrent Clear Claimed Marks
[2022-06-23T15:38:19.844+0200][gc,marking  ] GC(5) Concurrent Clear Claimed Marks 0,038ms
[2022-06-23T15:38:19.844+0200][gc,marking  ] GC(5) Concurrent Scan Root Regions
[2022-06-23T15:38:19.846+0200][gc,marking  ] GC(5) Concurrent Scan Root Regions 2,201ms
[2022-06-23T15:38:19.863+0200][gc,marking  ] GC(5) Concurrent Mark
[2022-06-23T15:38:19.863+0200][gc,marking  ] GC(5) Concurrent Mark From Roots
[2022-06-23T15:38:19.863+0200][gc,task     ] GC(5) Using 4 workers of 4 for marking
[2022-06-23T15:38:19.867+0200][gc,marking  ] GC(5) Concurrent Mark From Roots 3,426ms
[2022-06-23T15:38:19.883+0200][gc,marking  ] GC(5) Concurrent Preclean
[2022-06-23T15:38:19.883+0200][gc,marking  ] GC(5) Concurrent Preclean 0,062ms
[2022-06-23T15:38:19.883+0200][gc,start    ] GC(5) Pause Remark
[2022-06-23T15:38:19.884+0200][gc          ] GC(5) Pause Remark 144M->144M(1024M) 1,016ms
[2022-06-23T15:38:19.902+0200][gc,cpu      ] GC(5) User=0,01s Sys=0,00s Real=0,02s
[2022-06-23T15:38:19.903+0200][gc,marking  ] GC(5) Concurrent Mark 39,240ms
[2022-06-23T15:38:19.903+0200][gc,marking  ] GC(5) Concurrent Rebuild Remembered Sets
[2022-06-23T15:38:19.906+0200][gc,marking  ] GC(5) Concurrent Rebuild Remembered Sets 3,354ms
[2022-06-23T15:38:19.906+0200][gc,start    ] GC(5) Pause Cleanup
[2022-06-23T15:38:19.906+0200][gc          ] GC(5) Pause Cleanup 145M->145M(1024M) 0,138ms
[2022-06-23T15:38:19.906+0200][gc,cpu      ] GC(5) User=0,01s Sys=0,00s Real=0,00s
[2022-06-23T15:38:19.906+0200][gc,marking  ] GC(5) Concurrent Cleanup for Next Mark
[2022-06-23T15:38:19.910+0200][gc,marking  ] GC(5) Concurrent Cleanup for Next Mark 3,238ms
[2022-06-23T15:38:19.928+0200][gc          ] GC(5) Concurrent Mark Cycle 83,972ms
[2022-06-23T15:39:19.744+0200][gc,start    ] GC(6) Pause Young (Normal) (G1 Evacuation Pause)
[2022-06-23T15:39:19.744+0200][gc,task     ] GC(6) Using 15 workers of 15 for evacuation
[2022-06-23T15:39:19.746+0200][gc,phases   ] GC(6)   Pre Evacuate Collection Set: 0,1ms
[2022-06-23T15:39:19.746+0200][gc,phases   ] GC(6)   Merge Heap Roots: 0,0ms
[2022-06-23T15:39:19.746+0200][gc,phases   ] GC(6)   Evacuate Collection Set: 1,4ms
[2022-06-23T15:39:19.746+0200][gc,phases   ] GC(6)   Post Evacuate Collection Set: 0,5ms
[2022-06-23T15:39:19.746+0200][gc,phases   ] GC(6)   Other: 0,1ms
[2022-06-23T15:39:19.747+0200][gc,heap     ] GC(6) Eden regions: 49->0(46)
[2022-06-23T15:39:19.747+0200][gc,heap     ] GC(6) Survivor regions: 2->5(7)
[2022-06-23T15:39:19.747+0200][gc,heap     ] GC(6) Old regions: 13->13
[2022-06-23T15:39:19.747+0200][gc,heap     ] GC(6) Archive regions: 2->2
[2022-06-23T15:39:19.747+0200][gc,heap     ] GC(6) Humongous regions: 129->129
[2022-06-23T15:39:19.747+0200][gc,metaspace] GC(6) Metaspace: 40058K(40704K)->40058K(40704K) NonClass: 35383K(35712K)->35383K(35712K) Class: 4674K(4992K)->4674K(4992K)
[2022-06-23T15:39:19.747+0200][gc          ] GC(6) Pause Young (Normal) (G1 Evacuation Pause) 192M->147M(1024M) 2,352ms
[2022-06-23T15:39:19.747+0200][gc,cpu      ] GC(6) User=0,01s Sys=0,00s Real=0,00s
[2022-06-23T15:40:35.760+0200][gc,start    ] GC(7) Pause Young (Normal) (G1 Evacuation Pause)
[2022-06-23T15:40:35.760+0200][gc,task     ] GC(7) Using 15 workers of 15 for evacuation
[2022-06-23T15:40:35.763+0200][gc,phases   ] GC(7)   Pre Evacuate Collection Set: 0,1ms
[2022-06-23T15:40:35.763+0200][gc,phases   ] GC(7)   Merge Heap Roots: 0,0ms
[2022-06-23T15:40:35.763+0200][gc,phases   ] GC(7)   Evacuate Collection Set: 2,0ms
[2022-06-23T15:40:35.763+0200][gc,phases   ] GC(7)   Post Evacuate Collection Set: 0,5ms
[2022-06-23T15:40:35.763+0200][gc,phases   ] GC(7)   Other: 0,1ms
[2022-06-23T15:40:35.763+0200][gc,heap     ] GC(7) Eden regions: 46->0(49)
[2022-06-23T15:40:35.763+0200][gc,heap     ] GC(7) Survivor regions: 5->2(7)
[2022-06-23T15:40:35.763+0200][gc,heap     ] GC(7) Old regions: 13->17
[2022-06-23T15:40:35.763+0200][gc,heap     ] GC(7) Archive regions: 2->2
[2022-06-23T15:40:35.763+0200][gc,heap     ] GC(7) Humongous regions: 129->129
[2022-06-23T15:40:35.763+0200][gc,metaspace] GC(7) Metaspace: 40843K(41408K)->40843K(41408K) NonClass: 36122K(36416K)->36122K(36416K) Class: 4721K(4992K)->4721K(4992K)
[2022-06-23T15:40:35.763+0200][gc          ] GC(7) Pause Young (Normal) (G1 Evacuation Pause) 193M->148M(1024M) 2,988ms
[2022-06-23T15:40:35.763+0200][gc,cpu      ] GC(7) User=0,02s Sys=0,01s Real=0,00s
[2022-06-23T15:43:20.593+0200][gc,start    ] GC(8) Pause Young (Normal) (G1 Evacuation Pause)
[2022-06-23T15:43:20.593+0200][gc,task     ] GC(8) Using 15 workers of 15 for evacuation
[2022-06-23T15:43:20.595+0200][gc,phases   ] GC(8)   Pre Evacuate Collection Set: 0,2ms
[2022-06-23T15:43:20.595+0200][gc,phases   ] GC(8)   Merge Heap Roots: 0,1ms
[2022-06-23T15:43:20.595+0200][gc,phases   ] GC(8)   Evacuate Collection Set: 1,7ms
[2022-06-23T15:43:20.595+0200][gc,phases   ] GC(8)   Post Evacuate Collection Set: 0,2ms
[2022-06-23T15:43:20.595+0200][gc,phases   ] GC(8)   Other: 0,1ms
[2022-06-23T15:43:20.595+0200][gc,heap     ] GC(8) Eden regions: 49->0(45)
[2022-06-23T15:43:20.595+0200][gc,heap     ] GC(8) Survivor regions: 2->6(7)
[2022-06-23T15:43:20.595+0200][gc,heap     ] GC(8) Old regions: 17->17
[2022-06-23T15:43:20.595+0200][gc,heap     ] GC(8) Archive regions: 2->2
[2022-06-23T15:43:20.595+0200][gc,heap     ] GC(8) Humongous regions: 129->129
[2022-06-23T15:43:20.595+0200][gc,metaspace] GC(8) Metaspace: 40988K(41664K)->40988K(41664K) NonClass: 36260K(36608K)->36260K(36608K) Class: 4727K(5056K)->4727K(5056K)
[2022-06-23T15:43:20.595+0200][gc          ] GC(8) Pause Young (Normal) (G1 Evacuation Pause) 197M->151M(1024M) 2,410ms
[2022-06-23T15:43:20.595+0200][gc,cpu      ] GC(8) User=0,03s Sys=0,00s Real=0,00s
[2022-06-23T15:46:46.149+0200][gc,start    ] GC(9) Pause Young (Normal) (G1 Evacuation Pause)
[2022-06-23T15:46:46.149+0200][gc,task     ] GC(9) Using 15 workers of 15 for evacuation
[2022-06-23T15:46:46.153+0200][gc,phases   ] GC(9)   Pre Evacuate Collection Set: 0,2ms
[2022-06-23T15:46:46.153+0200][gc,phases   ] GC(9)   Merge Heap Roots: 0,1ms
[2022-06-23T15:46:46.153+0200][gc,phases   ] GC(9)   Evacuate Collection Set: 3,1ms
[2022-06-23T15:46:46.153+0200][gc,phases   ] GC(9)   Post Evacuate Collection Set: 0,3ms
[2022-06-23T15:46:46.153+0200][gc,phases   ] GC(9)   Other: 0,1ms
[2022-06-23T15:46:46.153+0200][gc,heap     ] GC(9) Eden regions: 45->0(54)
[2022-06-23T15:46:46.153+0200][gc,heap     ] GC(9) Survivor regions: 6->5(7)
[2022-06-23T15:46:46.153+0200][gc,heap     ] GC(9) Old regions: 17->21
[2022-06-23T15:46:46.153+0200][gc,heap     ] GC(9) Archive regions: 2->2
[2022-06-23T15:46:46.153+0200][gc,heap     ] GC(9) Humongous regions: 129->129
[2022-06-23T15:46:46.153+0200][gc,metaspace] GC(9) Metaspace: 41070K(41728K)->41070K(41728K) NonClass: 36343K(36672K)->36343K(36672K) Class: 4727K(5056K)->4727K(5056K)
[2022-06-23T15:46:46.153+0200][gc          ] GC(9) Pause Young (Normal) (G1 Evacuation Pause) 196M->155M(1024M) 3,971ms
[2022-06-23T15:46:46.153+0200][gc,cpu      ] GC(9) User=0,04s Sys=0,01s Real=0,01s
[2022-06-23T15:49:41.272+0200][gc,start    ] GC(10) Pause Young (Normal) (G1 Evacuation Pause)
[2022-06-23T15:49:41.272+0200][gc,task     ] GC(10) Using 15 workers of 15 for evacuation
[2022-06-23T15:49:41.275+0200][gc,phases   ] GC(10)   Pre Evacuate Collection Set: 0,1ms
[2022-06-23T15:49:41.275+0200][gc,phases   ] GC(10)   Merge Heap Roots: 0,1ms
[2022-06-23T15:49:41.275+0200][gc,phases   ] GC(10)   Evacuate Collection Set: 2,6ms
[2022-06-23T15:49:41.276+0200][gc,phases   ] GC(10)   Post Evacuate Collection Set: 0,4ms
[2022-06-23T15:49:41.276+0200][gc,phases   ] GC(10)   Other: 0,1ms
[2022-06-23T15:49:41.276+0200][gc,heap     ] GC(10) Eden regions: 54->0(60)
[2022-06-23T15:49:41.276+0200][gc,heap     ] GC(10) Survivor regions: 5->8(8)
[2022-06-23T15:49:41.276+0200][gc,heap     ] GC(10) Old regions: 21->21
[2022-06-23T15:49:41.276+0200][gc,heap     ] GC(10) Archive regions: 2->2
[2022-06-23T15:49:41.276+0200][gc,heap     ] GC(10) Humongous regions: 129->129
[2022-06-23T15:49:41.276+0200][gc,metaspace] GC(10) Metaspace: 41205K(41856K)->41205K(41856K) NonClass: 36462K(36800K)->36462K(36800K) Class: 4743K(5056K)->4743K(5056K)
[2022-06-23T15:49:41.276+0200][gc          ] GC(10) Pause Young (Normal) (G1 Evacuation Pause) 209M->157M(1024M) 3,457ms
[2022-06-23T15:49:41.276+0200][gc,cpu      ] GC(10) User=0,03s Sys=0,01s Real=0,00s
[2022-06-23T15:49:55.314+0200][gc,start    ] GC(11) Pause Young (Normal) (G1 Evacuation Pause)
[2022-06-23T15:49:55.314+0200][gc,task     ] GC(11) Using 15 workers of 15 for evacuation
[2022-06-23T15:49:55.317+0200][gc,phases   ] GC(11)   Pre Evacuate Collection Set: 0,1ms
[2022-06-23T15:49:55.317+0200][gc,phases   ] GC(11)   Merge Heap Roots: 0,0ms
[2022-06-23T15:49:55.317+0200][gc,phases   ] GC(11)   Evacuate Collection Set: 2,8ms
[2022-06-23T15:49:55.317+0200][gc,phases   ] GC(11)   Post Evacuate Collection Set: 0,2ms
[2022-06-23T15:49:55.317+0200][gc,phases   ] GC(11)   Other: 0,1ms
[2022-06-23T15:49:55.317+0200][gc,heap     ] GC(11) Eden regions: 60->0(77)
[2022-06-23T15:49:55.317+0200][gc,heap     ] GC(11) Survivor regions: 8->8(9)
[2022-06-23T15:49:55.317+0200][gc,heap     ] GC(11) Old regions: 21->24
[2022-06-23T15:49:55.317+0200][gc,heap     ] GC(11) Archive regions: 2->2
[2022-06-23T15:49:55.317+0200][gc,heap     ] GC(11) Humongous regions: 129->129
[2022-06-23T15:49:55.317+0200][gc,metaspace] GC(11) Metaspace: 41252K(41920K)->41252K(41920K) NonClass: 36509K(36864K)->36509K(36864K) Class: 4743K(5056K)->4743K(5056K)
[2022-06-23T15:49:55.317+0200][gc          ] GC(11) Pause Young (Normal) (G1 Evacuation Pause) 217M->160M(1024M) 3,403ms
[2022-06-23T15:49:55.317+0200][gc,cpu      ] GC(11) User=0,03s Sys=0,01s Real=0,00s
[2022-06-23T15:50:12.311+0200][gc,start    ] GC(12) Pause Young (Normal) (G1 Evacuation Pause)
[2022-06-23T15:50:12.311+0200][gc,task     ] GC(12) Using 15 workers of 15 for evacuation
[2022-06-23T15:50:12.314+0200][gc,phases   ] GC(12)   Pre Evacuate Collection Set: 0,1ms
[2022-06-23T15:50:12.314+0200][gc,phases   ] GC(12)   Merge Heap Roots: 0,1ms
[2022-06-23T15:50:12.314+0200][gc,phases   ] GC(12)   Evacuate Collection Set: 2,2ms
[2022-06-23T15:50:12.314+0200][gc,phases   ] GC(12)   Post Evacuate Collection Set: 0,3ms
[2022-06-23T15:50:12.314+0200][gc,phases   ] GC(12)   Other: 0,1ms
[2022-06-23T15:50:12.314+0200][gc,heap     ] GC(12) Eden regions: 76->0(156)
[2022-06-23T15:50:12.314+0200][gc,heap     ] GC(12) Survivor regions: 8->6(11)
[2022-06-23T15:50:12.314+0200][gc,heap     ] GC(12) Old regions: 24->28
[2022-06-23T15:50:12.314+0200][gc,heap     ] GC(12) Archive regions: 2->2
[2022-06-23T15:50:12.314+0200][gc,heap     ] GC(12) Humongous regions: 129->129
[2022-06-23T15:50:12.314+0200][gc,metaspace] GC(12) Metaspace: 41266K(41920K)->41266K(41920K) NonClass: 36522K(36864K)->36522K(36864K) Class: 4743K(5056K)->4743K(5056K)
[2022-06-23T15:50:12.314+0200][gc          ] GC(12) Pause Young (Normal) (G1 Evacuation Pause) 236M->162M(1024M) 3,003ms
[2022-06-23T15:50:12.314+0200][gc,cpu      ] GC(12) User=0,02s Sys=0,01s Real=0,00s
[2022-06-23T15:55:02.045+0200][gc,start    ] GC(13) Pause Young (Normal) (G1 Evacuation Pause)
[2022-06-23T15:55:02.045+0200][gc,task     ] GC(13) Using 15 workers of 15 for evacuation
[2022-06-23T15:55:02.049+0200][gc,phases   ] GC(13)   Pre Evacuate Collection Set: 0,1ms
[2022-06-23T15:55:02.050+0200][gc,phases   ] GC(13)   Merge Heap Roots: 0,1ms
[2022-06-23T15:55:02.050+0200][gc,phases   ] GC(13)   Evacuate Collection Set: 4,0ms
[2022-06-23T15:55:02.050+0200][gc,phases   ] GC(13)   Post Evacuate Collection Set: 0,3ms
[2022-06-23T15:55:02.050+0200][gc,phases   ] GC(13)   Other: 0,2ms
[2022-06-23T15:55:02.050+0200][gc,heap     ] GC(13) Eden regions: 155->0(184)
[2022-06-23T15:55:02.050+0200][gc,heap     ] GC(13) Survivor regions: 6->12(21)
[2022-06-23T15:55:02.050+0200][gc,heap     ] GC(13) Old regions: 28->28
[2022-06-23T15:55:02.050+0200][gc,heap     ] GC(13) Archive regions: 2->2
[2022-06-23T15:55:02.050+0200][gc,heap     ] GC(13) Humongous regions: 129->129
[2022-06-23T15:55:02.050+0200][gc,metaspace] GC(13) Metaspace: 41363K(42048K)->41363K(42048K) NonClass: 36608K(36992K)->36608K(36992K) Class: 4754K(5056K)->4754K(5056K)
[2022-06-23T15:55:02.050+0200][gc          ] GC(13) Pause Young (Normal) (G1 Evacuation Pause) 317M->169M(1024M) 4,968ms
[2022-06-23T15:55:02.050+0200][gc,cpu      ] GC(13) User=0,04s Sys=0,01s Real=0,01s
[2022-06-23T16:06:22.126+0200][gc,start    ] GC(14) Pause Young (Normal) (G1 Evacuation Pause)
[2022-06-23T16:06:22.126+0200][gc,task     ] GC(14) Using 15 workers of 15 for evacuation
[2022-06-23T16:06:22.134+0200][gc,phases   ] GC(14)   Pre Evacuate Collection Set: 0,1ms
[2022-06-23T16:06:22.134+0200][gc,phases   ] GC(14)   Merge Heap Roots: 0,1ms
[2022-06-23T16:06:22.134+0200][gc,phases   ] GC(14)   Evacuate Collection Set: 7,1ms
[2022-06-23T16:06:22.134+0200][gc,phases   ] GC(14)   Post Evacuate Collection Set: 0,4ms
[2022-06-23T16:06:22.134+0200][gc,phases   ] GC(14)   Other: 0,1ms
[2022-06-23T16:06:22.134+0200][gc,heap     ] GC(14) Eden regions: 184->0(155)
[2022-06-23T16:06:22.134+0200][gc,heap     ] GC(14) Survivor regions: 12->24(25)
[2022-06-23T16:06:22.134+0200][gc,heap     ] GC(14) Old regions: 28->28
[2022-06-23T16:06:22.134+0200][gc,heap     ] GC(14) Archive regions: 2->2
[2022-06-23T16:06:22.134+0200][gc,heap     ] GC(14) Humongous regions: 129->129
[2022-06-23T16:06:22.134+0200][gc,metaspace] GC(14) Metaspace: 41411K(42048K)->41411K(42048K) NonClass: 36656K(36992K)->36656K(36992K) Class: 4754K(5056K)->4754K(5056K)
[2022-06-23T16:06:22.134+0200][gc          ] GC(14) Pause Young (Normal) (G1 Evacuation Pause) 353M->180M(1024M) 8,231ms
[2022-06-23T16:06:22.134+0200][gc,cpu      ] GC(14) User=0,08s Sys=0,02s Real=0,01s
[2022-06-23T16:20:09.864+0200][gc,start    ] GC(15) Pause Young (Normal) (G1 Evacuation Pause)
[2022-06-23T16:20:09.864+0200][gc,task     ] GC(15) Using 15 workers of 15 for evacuation
[2022-06-23T16:20:09.873+0200][gc,phases   ] GC(15)   Pre Evacuate Collection Set: 0,1ms
[2022-06-23T16:20:09.873+0200][gc,phases   ] GC(15)   Merge Heap Roots: 0,1ms
[2022-06-23T16:20:09.873+0200][gc,phases   ] GC(15)   Evacuate Collection Set: 8,6ms
[2022-06-23T16:20:09.873+0200][gc,phases   ] GC(15)   Post Evacuate Collection Set: 0,5ms
[2022-06-23T16:20:09.873+0200][gc,phases   ] GC(15)   Other: 0,1ms
[2022-06-23T16:20:09.873+0200][gc,heap     ] GC(15) Eden regions: 155->0(50)
[2022-06-23T16:20:09.873+0200][gc,heap     ] GC(15) Survivor regions: 24->23(23)
[2022-06-23T16:20:09.873+0200][gc,heap     ] GC(15) Old regions: 28->40
[2022-06-23T16:20:09.873+0200][gc,heap     ] GC(15) Archive regions: 2->2
[2022-06-23T16:20:09.873+0200][gc,heap     ] GC(15) Humongous regions: 129->129
[2022-06-23T16:20:09.873+0200][gc,metaspace] GC(15) Metaspace: 41505K(42176K)->41505K(42176K) NonClass: 36747K(37120K)->36747K(37120K) Class: 4757K(5056K)->4757K(5056K)
[2022-06-23T16:20:09.873+0200][gc          ] GC(15) Pause Young (Normal) (G1 Evacuation Pause) 335M->192M(1024M) 9,586ms
[2022-06-23T16:20:09.873+0200][gc,cpu      ] GC(15) User=0,11s Sys=0,02s Real=0,01s
[2022-06-23T16:20:32.996+0200][gc,start    ] GC(16) Pause Young (Normal) (G1 Evacuation Pause)
[2022-06-23T16:20:32.996+0200][gc,task     ] GC(16) Using 15 workers of 15 for evacuation
[2022-06-23T16:20:33.004+0200][gc,phases   ] GC(16)   Pre Evacuate Collection Set: 0,1ms
[2022-06-23T16:20:33.004+0200][gc,phases   ] GC(16)   Merge Heap Roots: 0,1ms
[2022-06-23T16:20:33.004+0200][gc,phases   ] GC(16)   Evacuate Collection Set: 7,2ms
[2022-06-23T16:20:33.004+0200][gc,phases   ] GC(16)   Post Evacuate Collection Set: 0,3ms
[2022-06-23T16:20:33.004+0200][gc,phases   ] GC(16)   Other: 0,1ms
[2022-06-23T16:20:33.004+0200][gc,heap     ] GC(16) Eden regions: 48->0(228)
[2022-06-23T16:20:33.004+0200][gc,heap     ] GC(16) Survivor regions: 23->5(9)
[2022-06-23T16:20:33.004+0200][gc,heap     ] GC(16) Old regions: 40->62
[2022-06-23T16:20:33.004+0200][gc,heap     ] GC(16) Archive regions: 2->2
[2022-06-23T16:20:33.004+0200][gc,heap     ] GC(16) Humongous regions: 129->129
[2022-06-23T16:20:33.004+0200][gc,metaspace] GC(16) Metaspace: 41508K(42176K)->41508K(42176K) NonClass: 36750K(37120K)->36750K(37120K) Class: 4757K(5056K)->4757K(5056K)
[2022-06-23T16:20:33.004+0200][gc          ] GC(16) Pause Young (Normal) (G1 Evacuation Pause) 240M->196M(1024M) 8,077ms
[2022-06-23T16:20:33.004+0200][gc,cpu      ] GC(16) User=0,08s Sys=0,03s Real=0,01s
[2022-06-23T16:25:41.589+0200][gc,start    ] GC(17) Pause Young (Normal) (G1 Evacuation Pause)
[2022-06-23T16:25:41.589+0200][gc,task     ] GC(17) Using 15 workers of 15 for evacuation
[2022-06-23T16:25:41.594+0200][gc,phases   ] GC(17)   Pre Evacuate Collection Set: 0,1ms
[2022-06-23T16:25:41.594+0200][gc,phases   ] GC(17)   Merge Heap Roots: 0,1ms
[2022-06-23T16:25:41.594+0200][gc,phases   ] GC(17)   Evacuate Collection Set: 4,3ms
[2022-06-23T16:25:41.594+0200][gc,phases   ] GC(17)   Post Evacuate Collection Set: 0,4ms
[2022-06-23T16:25:41.594+0200][gc,phases   ] GC(17)   Other: 0,1ms
[2022-06-23T16:25:41.594+0200][gc,heap     ] GC(17) Eden regions: 228->0(235)
[2022-06-23T16:25:41.594+0200][gc,heap     ] GC(17) Survivor regions: 5->14(30)
[2022-06-23T16:25:41.594+0200][gc,heap     ] GC(17) Old regions: 62->62
[2022-06-23T16:25:41.594+0200][gc,heap     ] GC(17) Archive regions: 2->2
[2022-06-23T16:25:41.594+0200][gc,heap     ] GC(17) Humongous regions: 129->129
[2022-06-23T16:25:41.594+0200][gc,metaspace] GC(17) Metaspace: 41537K(42176K)->41537K(42176K) NonClass: 36779K(37120K)->36779K(37120K) Class: 4757K(5056K)->4757K(5056K)
[2022-06-23T16:25:41.594+0200][gc          ] GC(17) Pause Young (Normal) (G1 Evacuation Pause) 424M->204M(1024M) 5,287ms
[2022-06-23T16:25:41.594+0200][gc,cpu      ] GC(17) User=0,05s Sys=0,01s Real=0,01s
[2022-06-23T16:38:25.303+0200][gc,start    ] GC(18) Pause Young (Normal) (G1 Evacuation Pause)
[2022-06-23T16:38:25.303+0200][gc,task     ] GC(18) Using 15 workers of 15 for evacuation
[2022-06-23T16:38:25.313+0200][gc,phases   ] GC(18)   Pre Evacuate Collection Set: 0,2ms
[2022-06-23T16:38:25.313+0200][gc,phases   ] GC(18)   Merge Heap Roots: 0,1ms
[2022-06-23T16:38:25.313+0200][gc,phases   ] GC(18)   Evacuate Collection Set: 9,1ms
[2022-06-23T16:38:25.313+0200][gc,phases   ] GC(18)   Post Evacuate Collection Set: 0,5ms
[2022-06-23T16:38:25.313+0200][gc,phases   ] GC(18)   Other: 0,1ms
[2022-06-23T16:38:25.313+0200][gc,heap     ] GC(18) Eden regions: 235->0(133)
[2022-06-23T16:38:25.313+0200][gc,heap     ] GC(18) Survivor regions: 14->32(32)
[2022-06-23T16:38:25.313+0200][gc,heap     ] GC(18) Old regions: 62->62
[2022-06-23T16:38:25.313+0200][gc,heap     ] GC(18) Archive regions: 2->2
[2022-06-23T16:38:25.313+0200][gc,heap     ] GC(18) Humongous regions: 129->129
[2022-06-23T16:38:25.313+0200][gc,metaspace] GC(18) Metaspace: 41565K(42240K)->41565K(42240K) NonClass: 36804K(37184K)->36804K(37184K) Class: 4761K(5056K)->4761K(5056K)
[2022-06-23T16:38:25.313+0200][gc          ] GC(18) Pause Young (Normal) (G1 Evacuation Pause) 439M->223M(1024M) 10,249ms
[2022-06-23T16:38:25.313+0200][gc,cpu      ] GC(18) User=0,10s Sys=0,03s Real=0,01s
[2022-06-23T16:48:50.281+0200][gc,start    ] GC(19) Pause Young (Normal) (G1 Evacuation Pause)
[2022-06-23T16:48:50.281+0200][gc,task     ] GC(19) Using 15 workers of 15 for evacuation
[2022-06-23T16:48:50.289+0200][gc,phases   ] GC(19)   Pre Evacuate Collection Set: 0,1ms
[2022-06-23T16:48:50.289+0200][gc,phases   ] GC(19)   Merge Heap Roots: 0,1ms
[2022-06-23T16:48:50.289+0200][gc,phases   ] GC(19)   Evacuate Collection Set: 7,2ms
[2022-06-23T16:48:50.289+0200][gc,phases   ] GC(19)   Post Evacuate Collection Set: 0,4ms
[2022-06-23T16:48:50.289+0200][gc,phases   ] GC(19)   Other: 0,1ms
[2022-06-23T16:48:50.289+0200][gc,heap     ] GC(19) Eden regions: 133->0(607)
[2022-06-23T16:48:50.290+0200][gc,heap     ] GC(19) Survivor regions: 32->7(21)
[2022-06-23T16:48:50.290+0200][gc,heap     ] GC(19) Old regions: 62->90
[2022-06-23T16:48:50.290+0200][gc,heap     ] GC(19) Archive regions: 2->2
[2022-06-23T16:48:50.290+0200][gc,heap     ] GC(19) Humongous regions: 129->129
[2022-06-23T16:48:50.290+0200][gc,metaspace] GC(19) Metaspace: 41600K(42240K)->41600K(42240K) NonClass: 36839K(37184K)->36839K(37184K) Class: 4761K(5056K)->4761K(5056K)
[2022-06-23T16:48:50.290+0200][gc          ] GC(19) Pause Young (Normal) (G1 Evacuation Pause) 356M->225M(1024M) 8,169ms
[2022-06-23T16:48:50.290+0200][gc,cpu      ] GC(19) User=0,08s Sys=0,02s Real=0,01s
[2022-06-23T17:09:45.577+0200][gc,start    ] GC(20) Pause Young (Normal) (G1 Evacuation Pause)
[2022-06-23T17:09:45.577+0200][gc,task     ] GC(20) Using 15 workers of 15 for evacuation
[2022-06-23T17:09:45.583+0200][gc,phases   ] GC(20)   Pre Evacuate Collection Set: 0,1ms
[2022-06-23T17:09:45.583+0200][gc,phases   ] GC(20)   Merge Heap Roots: 0,1ms
[2022-06-23T17:09:45.583+0200][gc,phases   ] GC(20)   Evacuate Collection Set: 5,6ms
[2022-06-23T17:09:45.583+0200][gc,phases   ] GC(20)   Post Evacuate Collection Set: 0,3ms
[2022-06-23T17:09:45.583+0200][gc,phases   ] GC(20)   Other: 0,1ms
[2022-06-23T17:09:45.583+0200][gc,heap     ] GC(20) Eden regions: 607->0(604)
[2022-06-23T17:09:45.583+0200][gc,heap     ] GC(20) Survivor regions: 7->10(77)
[2022-06-23T17:09:45.583+0200][gc,heap     ] GC(20) Old regions: 90->90
[2022-06-23T17:09:45.583+0200][gc,heap     ] GC(20) Archive regions: 2->2
[2022-06-23T17:09:45.583+0200][gc,heap     ] GC(20) Humongous regions: 129->129
[2022-06-23T17:09:45.583+0200][gc,metaspace] GC(20) Metaspace: 41683K(42304K)->41683K(42304K) NonClass: 36922K(37248K)->36922K(37248K) Class: 4761K(5056K)->4761K(5056K)
[2022-06-23T17:09:45.583+0200][gc          ] GC(20) Pause Young (Normal) (G1 Evacuation Pause) 832M->228M(1024M) 6,425ms
[2022-06-23T17:09:45.583+0200][gc,cpu      ] GC(20) User=0,04s Sys=0,01s Real=0,01s
[2022-06-23T17:40:05.392+0200][gc,start    ] GC(21) Pause Young (Normal) (G1 Evacuation Pause)
[2022-06-23T17:40:05.392+0200][gc,task     ] GC(21) Using 15 workers of 15 for evacuation
[2022-06-23T17:40:05.403+0200][gc,phases   ] GC(21)   Pre Evacuate Collection Set: 0,1ms
[2022-06-23T17:40:05.403+0200][gc,phases   ] GC(21)   Merge Heap Roots: 0,1ms
[2022-06-23T17:40:05.403+0200][gc,phases   ] GC(21)   Evacuate Collection Set: 10,4ms
[2022-06-23T17:40:05.403+0200][gc,phases   ] GC(21)   Post Evacuate Collection Set: 0,4ms
[2022-06-23T17:40:05.403+0200][gc,phases   ] GC(21)   Other: 0,1ms
[2022-06-23T17:40:05.403+0200][gc,heap     ] GC(21) Eden regions: 604->0(593)
[2022-06-23T17:40:05.403+0200][gc,heap     ] GC(21) Survivor regions: 10->21(77)
[2022-06-23T17:40:05.403+0200][gc,heap     ] GC(21) Old regions: 90->90
[2022-06-23T17:40:05.403+0200][gc,heap     ] GC(21) Archive regions: 2->2
[2022-06-23T17:40:05.403+0200][gc,heap     ] GC(21) Humongous regions: 129->129
[2022-06-23T17:40:05.403+0200][gc,metaspace] GC(21) Metaspace: 41696K(42304K)->41696K(42304K) NonClass: 36934K(37248K)->36934K(37248K) Class: 4761K(5056K)->4761K(5056K)
[2022-06-23T17:40:05.403+0200][gc          ] GC(21) Pause Young (Normal) (G1 Evacuation Pause) 832M->239M(1024M) 11,422ms
[2022-06-23T17:40:05.403+0200][gc,cpu      ] GC(21) User=0,08s Sys=0,01s Real=0,01s
