[2022-10-17T11:00:51.700+0200][gc,init] CardTable entry size: 512
[2022-10-17T11:00:51.700+0200][gc     ] Using G1
[2022-10-17T11:00:51.704+0200][gc,init] Version: 18.0.1.1+2-6 (release)
[2022-10-17T11:00:51.704+0200][gc,init] CPUs: 20 total, 20 available
[2022-10-17T11:00:51.704+0200][gc,init] Memory: 32768M
[2022-10-17T11:00:51.704+0200][gc,init] Large Page Support: Disabled
[2022-10-17T11:00:51.705+0200][gc,init] NUMA Support: Disabled
[2022-10-17T11:00:51.705+0200][gc,init] Compressed Oops: Enabled (Zero based)
[2022-10-17T11:00:51.705+0200][gc,init] Heap Region Size: 1M
[2022-10-17T11:00:51.705+0200][gc,init] Heap Min Capacity: 1G
[2022-10-17T11:00:51.705+0200][gc,init] Heap Initial Capacity: 1G
[2022-10-17T11:00:51.705+0200][gc,init] Heap Max Capacity: 1G
[2022-10-17T11:00:51.705+0200][gc,init] Pre-touch: Disabled
[2022-10-17T11:00:51.705+0200][gc,init] Parallel Workers: 15
[2022-10-17T11:00:51.705+0200][gc,init] Concurrent Workers: 4
[2022-10-17T11:00:51.705+0200][gc,init] Concurrent Refinement Workers: 15
[2022-10-17T11:00:51.705+0200][gc,init] Periodic GC: Disabled
[2022-10-17T11:00:51.705+0200][gc,metaspace] CDS archive(s) mapped at: [0x0000000800000000-0x0000000800ba8000-0x0000000800ba8000), size 12222464, SharedBaseAddress: 0x0000000800000000, ArchiveRelocationMode: 0.
[2022-10-17T11:00:51.705+0200][gc,metaspace] Compressed class space mapped at: 0x0000000800c00000-0x0000000840c00000, reserved size: 1073741824
[2022-10-17T11:00:51.705+0200][gc,metaspace] Narrow klass base: 0x0000000800000000, Narrow klass shift: 0, Narrow klass range: 0x100000000
[2022-10-17T11:00:52.955+0200][gc,start    ] GC(0) Pause Young (Normal) (G1 Evacuation Pause)
[2022-10-17T11:00:52.956+0200][gc,task     ] GC(0) Using 15 workers of 15 for evacuation
[2022-10-17T11:00:52.959+0200][gc,phases   ] GC(0)   Pre Evacuate Collection Set: 0,1ms
[2022-10-17T11:00:52.959+0200][gc,phases   ] GC(0)   Merge Heap Roots: 0,1ms
[2022-10-17T11:00:52.959+0200][gc,phases   ] GC(0)   Evacuate Collection Set: 2,4ms
[2022-10-17T11:00:52.959+0200][gc,phases   ] GC(0)   Post Evacuate Collection Set: 0,8ms
[2022-10-17T11:00:52.960+0200][gc,phases   ] GC(0)   Other: 0,5ms
[2022-10-17T11:00:52.960+0200][gc,heap     ] GC(0) Eden regions: 51->0(44)
[2022-10-17T11:00:52.960+0200][gc,heap     ] GC(0) Survivor regions: 0->7(7)
[2022-10-17T11:00:52.960+0200][gc,heap     ] GC(0) Old regions: 0->1
[2022-10-17T11:00:52.960+0200][gc,heap     ] GC(0) Archive regions: 2->2
[2022-10-17T11:00:52.960+0200][gc,heap     ] GC(0) Humongous regions: 0->0
[2022-10-17T11:00:52.960+0200][gc,metaspace] GC(0) Metaspace: 18773K(19008K)->18773K(19008K) NonClass: 16567K(16704K)->16567K(16704K) Class: 2206K(2304K)->2206K(2304K)
[2022-10-17T11:00:52.960+0200][gc          ] GC(0) Pause Young (Normal) (G1 Evacuation Pause) 51M->7M(1024M) 4,190ms
[2022-10-17T11:00:52.960+0200][gc,cpu      ] GC(0) User=0,02s Sys=0,01s Real=0,01s
[2022-10-17T11:00:53.128+0200][gc,start    ] GC(1) Pause Young (Concurrent Start) (Metadata GC Threshold)
[2022-10-17T11:00:53.128+0200][gc,task     ] GC(1) Using 15 workers of 15 for evacuation
[2022-10-17T11:00:53.132+0200][gc,phases   ] GC(1)   Pre Evacuate Collection Set: 0,3ms
[2022-10-17T11:00:53.132+0200][gc,phases   ] GC(1)   Merge Heap Roots: 0,0ms
[2022-10-17T11:00:53.132+0200][gc,phases   ] GC(1)   Evacuate Collection Set: 3,4ms
[2022-10-17T11:00:53.132+0200][gc,phases   ] GC(1)   Post Evacuate Collection Set: 0,4ms
[2022-10-17T11:00:53.132+0200][gc,phases   ] GC(1)   Other: 0,0ms
[2022-10-17T11:00:53.132+0200][gc,heap     ] GC(1) Eden regions: 11->0(49)
[2022-10-17T11:00:53.132+0200][gc,heap     ] GC(1) Survivor regions: 7->2(7)
[2022-10-17T11:00:53.132+0200][gc,heap     ] GC(1) Old regions: 1->7
[2022-10-17T11:00:53.132+0200][gc,heap     ] GC(1) Archive regions: 2->2
[2022-10-17T11:00:53.132+0200][gc,heap     ] GC(1) Humongous regions: 129->129
[2022-10-17T11:00:53.132+0200][gc,metaspace] GC(1) Metaspace: 21251K(21504K)->21251K(21504K) NonClass: 18749K(18880K)->18749K(18880K) Class: 2502K(2624K)->2502K(2624K)
[2022-10-17T11:00:53.132+0200][gc          ] GC(1) Pause Young (Concurrent Start) (Metadata GC Threshold) 147M->138M(1024M) 4,415ms
[2022-10-17T11:00:53.132+0200][gc          ] GC(2) Concurrent Mark Cycle
[2022-10-17T11:00:53.132+0200][gc,cpu      ] GC(1) User=0,02s Sys=0,02s Real=0,01s
[2022-10-17T11:00:53.132+0200][gc,marking  ] GC(2) Concurrent Clear Claimed Marks
[2022-10-17T11:00:53.132+0200][gc,marking  ] GC(2) Concurrent Clear Claimed Marks 0,023ms
[2022-10-17T11:00:53.132+0200][gc,marking  ] GC(2) Concurrent Scan Root Regions
[2022-10-17T11:00:53.134+0200][gc,marking  ] GC(2) Concurrent Scan Root Regions 1,661ms
[2022-10-17T11:00:53.134+0200][gc,marking  ] GC(2) Concurrent Mark
[2022-10-17T11:00:53.134+0200][gc,marking  ] GC(2) Concurrent Mark From Roots
[2022-10-17T11:00:53.134+0200][gc,task     ] GC(2) Using 4 workers of 4 for marking
[2022-10-17T11:00:53.135+0200][gc,marking  ] GC(2) Concurrent Mark From Roots 1,348ms
[2022-10-17T11:00:53.135+0200][gc,marking  ] GC(2) Concurrent Preclean
[2022-10-17T11:00:53.135+0200][gc,marking  ] GC(2) Concurrent Preclean 0,025ms
[2022-10-17T11:00:53.135+0200][gc,start    ] GC(2) Pause Remark
[2022-10-17T11:00:53.136+0200][gc          ] GC(2) Pause Remark 138M->138M(1024M) 0,859ms
[2022-10-17T11:00:53.136+0200][gc,cpu      ] GC(2) User=0,00s Sys=0,00s Real=0,00s
[2022-10-17T11:00:53.136+0200][gc,marking  ] GC(2) Concurrent Mark 2,347ms
[2022-10-17T11:00:53.136+0200][gc,marking  ] GC(2) Concurrent Rebuild Remembered Sets
[2022-10-17T11:00:53.136+0200][gc,marking  ] GC(2) Concurrent Rebuild Remembered Sets 0,008ms
[2022-10-17T11:00:53.136+0200][gc,start    ] GC(2) Pause Cleanup
[2022-10-17T11:00:53.136+0200][gc          ] GC(2) Pause Cleanup 138M->138M(1024M) 0,017ms
[2022-10-17T11:00:53.136+0200][gc,cpu      ] GC(2) User=0,00s Sys=0,00s Real=0,00s
[2022-10-17T11:00:53.136+0200][gc,marking  ] GC(2) Concurrent Cleanup for Next Mark
[2022-10-17T11:00:53.139+0200][gc,marking  ] GC(2) Concurrent Cleanup for Next Mark 2,575ms
[2022-10-17T11:00:53.139+0200][gc          ] GC(2) Concurrent Mark Cycle 6,822ms
[2022-10-17T11:00:53.651+0200][gc,start    ] GC(3) Pause Young (Normal) (G1 Evacuation Pause)
[2022-10-17T11:00:53.651+0200][gc,task     ] GC(3) Using 15 workers of 15 for evacuation
[2022-10-17T11:00:53.655+0200][gc,phases   ] GC(3)   Pre Evacuate Collection Set: 0,4ms
[2022-10-17T11:00:53.655+0200][gc,phases   ] GC(3)   Merge Heap Roots: 0,8ms
[2022-10-17T11:00:53.655+0200][gc,phases   ] GC(3)   Evacuate Collection Set: 2,5ms
[2022-10-17T11:00:53.656+0200][gc,phases   ] GC(3)   Post Evacuate Collection Set: 0,9ms
[2022-10-17T11:00:53.656+0200][gc,phases   ] GC(3)   Other: 0,1ms
[2022-10-17T11:00:53.656+0200][gc,heap     ] GC(3) Eden regions: 49->0(45)
[2022-10-17T11:00:53.656+0200][gc,heap     ] GC(3) Survivor regions: 2->6(7)
[2022-10-17T11:00:53.656+0200][gc,heap     ] GC(3) Old regions: 7->7
[2022-10-17T11:00:53.656+0200][gc,heap     ] GC(3) Archive regions: 2->2
[2022-10-17T11:00:53.656+0200][gc,heap     ] GC(3) Humongous regions: 129->129
[2022-10-17T11:00:53.656+0200][gc,metaspace] GC(3) Metaspace: 32597K(32896K)->32597K(32896K) NonClass: 28967K(29120K)->28967K(29120K) Class: 3629K(3776K)->3629K(3776K)
[2022-10-17T11:00:53.656+0200][gc          ] GC(3) Pause Young (Normal) (G1 Evacuation Pause) 187M->142M(1024M) 4,829ms
[2022-10-17T11:00:53.656+0200][gc,cpu      ] GC(3) User=0,02s Sys=0,00s Real=0,00s
[2022-10-17T11:01:18.531+0200][gc,start    ] GC(4) Pause Young (Concurrent Start) (Metadata GC Threshold)
[2022-10-17T11:01:18.533+0200][gc,task     ] GC(4) Using 15 workers of 15 for evacuation
[2022-10-17T11:01:18.541+0200][gc,phases   ] GC(4)   Pre Evacuate Collection Set: 0,2ms
[2022-10-17T11:01:18.541+0200][gc,phases   ] GC(4)   Merge Heap Roots: 0,1ms
[2022-10-17T11:01:18.541+0200][gc,phases   ] GC(4)   Evacuate Collection Set: 7,5ms
[2022-10-17T11:01:18.541+0200][gc,phases   ] GC(4)   Post Evacuate Collection Set: 0,3ms
[2022-10-17T11:01:18.541+0200][gc,phases   ] GC(4)   Other: 0,1ms
[2022-10-17T11:01:18.541+0200][gc,heap     ] GC(4) Eden regions: 16->0(49)
[2022-10-17T11:01:18.541+0200][gc,heap     ] GC(4) Survivor regions: 6->2(7)
[2022-10-17T11:01:18.543+0200][gc,heap     ] GC(4) Old regions: 7->13
[2022-10-17T11:01:18.543+0200][gc,heap     ] GC(4) Archive regions: 2->2
[2022-10-17T11:01:18.543+0200][gc,heap     ] GC(4) Humongous regions: 129->129
[2022-10-17T11:01:18.543+0200][gc,metaspace] GC(4) Metaspace: 35710K(36096K)->35710K(36096K) NonClass: 31588K(31808K)->31588K(31808K) Class: 4121K(4288K)->4121K(4288K)
[2022-10-17T11:01:18.543+0200][gc          ] GC(4) Pause Young (Concurrent Start) (Metadata GC Threshold) 157M->143M(1024M) 12,663ms
[2022-10-17T11:01:18.543+0200][gc          ] GC(5) Concurrent Mark Cycle
[2022-10-17T11:01:18.543+0200][gc,cpu      ] GC(4) User=0,02s Sys=0,01s Real=0,01s
[2022-10-17T11:01:18.543+0200][gc,marking  ] GC(5) Concurrent Clear Claimed Marks
[2022-10-17T11:01:18.543+0200][gc,marking  ] GC(5) Concurrent Clear Claimed Marks 0,037ms
[2022-10-17T11:01:18.543+0200][gc,marking  ] GC(5) Concurrent Scan Root Regions
[2022-10-17T11:01:18.545+0200][gc,marking  ] GC(5) Concurrent Scan Root Regions 1,749ms
[2022-10-17T11:01:18.545+0200][gc,marking  ] GC(5) Concurrent Mark
[2022-10-17T11:01:18.545+0200][gc,marking  ] GC(5) Concurrent Mark From Roots
[2022-10-17T11:01:18.545+0200][gc,task     ] GC(5) Using 4 workers of 4 for marking
[2022-10-17T11:01:18.550+0200][gc,marking  ] GC(5) Concurrent Mark From Roots 4,633ms
[2022-10-17T11:01:18.566+0200][gc,marking  ] GC(5) Concurrent Preclean
[2022-10-17T11:01:18.566+0200][gc,marking  ] GC(5) Concurrent Preclean 0,112ms
[2022-10-17T11:01:18.566+0200][gc,start    ] GC(5) Pause Remark
[2022-10-17T11:01:18.567+0200][gc          ] GC(5) Pause Remark 144M->144M(1024M) 1,068ms
[2022-10-17T11:01:18.567+0200][gc,cpu      ] GC(5) User=0,00s Sys=0,00s Real=0,00s
[2022-10-17T11:01:18.567+0200][gc,marking  ] GC(5) Concurrent Mark 21,766ms
[2022-10-17T11:01:18.567+0200][gc,marking  ] GC(5) Concurrent Rebuild Remembered Sets
[2022-10-17T11:01:18.570+0200][gc,marking  ] GC(5) Concurrent Rebuild Remembered Sets 2,596ms
[2022-10-17T11:01:18.587+0200][gc,start    ] GC(5) Pause Cleanup
[2022-10-17T11:01:18.587+0200][gc          ] GC(5) Pause Cleanup 144M->144M(1024M) 0,163ms
[2022-10-17T11:01:18.587+0200][gc,cpu      ] GC(5) User=0,00s Sys=0,00s Real=0,00s
[2022-10-17T11:01:18.587+0200][gc,marking  ] GC(5) Concurrent Cleanup for Next Mark
[2022-10-17T11:01:18.603+0200][gc,marking  ] GC(5) Concurrent Cleanup for Next Mark 16,447ms
[2022-10-17T11:01:18.607+0200][gc          ] GC(5) Concurrent Mark Cycle 63,291ms
[2022-10-17T11:03:23.045+0200][gc,start    ] GC(6) Pause Young (Normal) (G1 Evacuation Pause)
[2022-10-17T11:03:23.047+0200][gc,task     ] GC(6) Using 15 workers of 15 for evacuation
[2022-10-17T11:03:23.176+0200][gc,mmu      ] GC(6) MMU target violated: 21,0ms (20,0ms/21,0ms)
[2022-10-17T11:03:23.176+0200][gc,phases   ] GC(6)   Pre Evacuate Collection Set: 2,4ms
[2022-10-17T11:03:23.176+0200][gc,phases   ] GC(6)   Merge Heap Roots: 0,2ms
[2022-10-17T11:03:23.176+0200][gc,phases   ] GC(6)   Evacuate Collection Set: 125,1ms
[2022-10-17T11:03:23.176+0200][gc,phases   ] GC(6)   Post Evacuate Collection Set: 1,2ms
[2022-10-17T11:03:23.176+0200][gc,phases   ] GC(6)   Other: 1,0ms
[2022-10-17T11:03:23.176+0200][gc,heap     ] GC(6) Eden regions: 49->0(46)
[2022-10-17T11:03:23.176+0200][gc,heap     ] GC(6) Survivor regions: 2->5(7)
[2022-10-17T11:03:23.176+0200][gc,heap     ] GC(6) Old regions: 13->13
[2022-10-17T11:03:23.176+0200][gc,heap     ] GC(6) Archive regions: 2->2
[2022-10-17T11:03:23.176+0200][gc,heap     ] GC(6) Humongous regions: 129->129
[2022-10-17T11:03:23.176+0200][gc,metaspace] GC(6) Metaspace: 40016K(40640K)->40016K(40640K) NonClass: 35339K(35648K)->35339K(35648K) Class: 4677K(4992K)->4677K(4992K)
[2022-10-17T11:03:23.176+0200][gc          ] GC(6) Pause Young (Normal) (G1 Evacuation Pause) 192M->147M(1024M) 131,319ms
[2022-10-17T11:03:23.177+0200][gc,cpu      ] GC(6) User=0,03s Sys=0,33s Real=0,13s
[2022-10-17T11:08:50.563+0200][gc,start    ] GC(7) Pause Young (Normal) (G1 Evacuation Pause)
[2022-10-17T11:08:50.565+0200][gc,task     ] GC(7) Using 15 workers of 15 for evacuation
[2022-10-17T11:08:50.583+0200][gc,phases   ] GC(7)   Pre Evacuate Collection Set: 3,1ms
[2022-10-17T11:08:50.583+0200][gc,phases   ] GC(7)   Merge Heap Roots: 0,2ms
[2022-10-17T11:08:50.583+0200][gc,phases   ] GC(7)   Evacuate Collection Set: 14,6ms
[2022-10-17T11:08:50.583+0200][gc,phases   ] GC(7)   Post Evacuate Collection Set: 0,5ms
[2022-10-17T11:08:50.583+0200][gc,phases   ] GC(7)   Other: 0,3ms
[2022-10-17T11:08:50.583+0200][gc,heap     ] GC(7) Eden regions: 46->0(48)
[2022-10-17T11:08:50.583+0200][gc,heap     ] GC(7) Survivor regions: 5->3(7)
[2022-10-17T11:08:50.583+0200][gc,heap     ] GC(7) Old regions: 13->17
[2022-10-17T11:08:50.583+0200][gc,heap     ] GC(7) Archive regions: 2->2
[2022-10-17T11:08:50.583+0200][gc,heap     ] GC(7) Humongous regions: 129->129
[2022-10-17T11:08:50.583+0200][gc,metaspace] GC(7) Metaspace: 40364K(40960K)->40364K(40960K) NonClass: 35678K(35968K)->35678K(35968K) Class: 4686K(4992K)->4686K(4992K)
[2022-10-17T11:08:50.583+0200][gc          ] GC(7) Pause Young (Normal) (G1 Evacuation Pause) 193M->148M(1024M) 19,999ms
[2022-10-17T11:08:50.583+0200][gc,cpu      ] GC(7) User=0,02s Sys=0,10s Real=0,02s
[2022-10-17T11:14:22.588+0200][gc,start    ] GC(8) Pause Young (Normal) (G1 Evacuation Pause)
[2022-10-17T11:14:22.589+0200][gc,task     ] GC(8) Using 15 workers of 15 for evacuation
[2022-10-17T11:14:22.592+0200][gc,phases   ] GC(8)   Pre Evacuate Collection Set: 0,2ms
[2022-10-17T11:14:22.592+0200][gc,phases   ] GC(8)   Merge Heap Roots: 0,1ms
[2022-10-17T11:14:22.592+0200][gc,phases   ] GC(8)   Evacuate Collection Set: 2,0ms
[2022-10-17T11:14:22.592+0200][gc,phases   ] GC(8)   Post Evacuate Collection Set: 0,3ms
[2022-10-17T11:14:22.592+0200][gc,phases   ] GC(8)   Other: 0,1ms
[2022-10-17T11:14:22.592+0200][gc,heap     ] GC(8) Eden regions: 48->0(46)
[2022-10-17T11:14:22.592+0200][gc,heap     ] GC(8) Survivor regions: 3->5(7)
[2022-10-17T11:14:22.592+0200][gc,heap     ] GC(8) Old regions: 17->17
[2022-10-17T11:14:22.592+0200][gc,heap     ] GC(8) Archive regions: 2->2
[2022-10-17T11:14:22.592+0200][gc,heap     ] GC(8) Humongous regions: 129->129
[2022-10-17T11:14:22.592+0200][gc,metaspace] GC(8) Metaspace: 40920K(41600K)->40920K(41600K) NonClass: 36178K(36544K)->36178K(36544K) Class: 4742K(5056K)->4742K(5056K)
[2022-10-17T11:14:22.592+0200][gc          ] GC(8) Pause Young (Normal) (G1 Evacuation Pause) 196M->150M(1024M) 3,842ms
[2022-10-17T11:14:22.592+0200][gc,cpu      ] GC(8) User=0,02s Sys=0,01s Real=0,01s
[2022-10-17T11:16:10.151+0200][gc,start    ] GC(9) Pause Young (Normal) (G1 Evacuation Pause)
[2022-10-17T11:16:10.151+0200][gc,task     ] GC(9) Using 15 workers of 15 for evacuation
[2022-10-17T11:16:10.154+0200][gc,phases   ] GC(9)   Pre Evacuate Collection Set: 0,2ms
[2022-10-17T11:16:10.154+0200][gc,phases   ] GC(9)   Merge Heap Roots: 0,1ms
[2022-10-17T11:16:10.154+0200][gc,phases   ] GC(9)   Evacuate Collection Set: 2,5ms
[2022-10-17T11:16:10.154+0200][gc,phases   ] GC(9)   Post Evacuate Collection Set: 0,3ms
[2022-10-17T11:16:10.154+0200][gc,phases   ] GC(9)   Other: 0,1ms
[2022-10-17T11:16:10.154+0200][gc,heap     ] GC(9) Eden regions: 46->0(45)
[2022-10-17T11:16:10.154+0200][gc,heap     ] GC(9) Survivor regions: 5->6(7)
[2022-10-17T11:16:10.154+0200][gc,heap     ] GC(9) Old regions: 17->18
[2022-10-17T11:16:10.154+0200][gc,heap     ] GC(9) Archive regions: 2->2
[2022-10-17T11:16:10.154+0200][gc,heap     ] GC(9) Humongous regions: 129->129
[2022-10-17T11:16:10.154+0200][gc,metaspace] GC(9) Metaspace: 41174K(41856K)->41174K(41856K) NonClass: 36428K(36800K)->36428K(36800K) Class: 4746K(5056K)->4746K(5056K)
[2022-10-17T11:16:10.154+0200][gc          ] GC(9) Pause Young (Normal) (G1 Evacuation Pause) 196M->152M(1024M) 3,358ms
[2022-10-17T11:16:10.154+0200][gc,cpu      ] GC(9) User=0,02s Sys=0,00s Real=0,00s
[2022-10-17T11:20:03.133+0200][gc,start    ] GC(10) Pause Young (Normal) (G1 Evacuation Pause)
[2022-10-17T11:20:03.134+0200][gc,task     ] GC(10) Using 15 workers of 15 for evacuation
[2022-10-17T11:20:03.137+0200][gc,phases   ] GC(10)   Pre Evacuate Collection Set: 0,3ms
[2022-10-17T11:20:03.137+0200][gc,phases   ] GC(10)   Merge Heap Roots: 0,1ms
[2022-10-17T11:20:03.137+0200][gc,phases   ] GC(10)   Evacuate Collection Set: 3,0ms
[2022-10-17T11:20:03.137+0200][gc,phases   ] GC(10)   Post Evacuate Collection Set: 0,3ms
[2022-10-17T11:20:03.137+0200][gc,phases   ] GC(10)   Other: 0,1ms
[2022-10-17T11:20:03.137+0200][gc,heap     ] GC(10) Eden regions: 45->0(45)
[2022-10-17T11:20:03.137+0200][gc,heap     ] GC(10) Survivor regions: 6->6(7)
[2022-10-17T11:20:03.137+0200][gc,heap     ] GC(10) Old regions: 18->20
[2022-10-17T11:20:03.137+0200][gc,heap     ] GC(10) Archive regions: 2->2
[2022-10-17T11:20:03.137+0200][gc,heap     ] GC(10) Humongous regions: 129->129
[2022-10-17T11:20:03.137+0200][gc,metaspace] GC(10) Metaspace: 41196K(41856K)->41196K(41856K) NonClass: 36450K(36800K)->36450K(36800K) Class: 4746K(5056K)->4746K(5056K)
[2022-10-17T11:20:03.137+0200][gc          ] GC(10) Pause Young (Normal) (G1 Evacuation Pause) 197M->155M(1024M) 4,751ms
[2022-10-17T11:20:03.137+0200][gc,cpu      ] GC(10) User=0,03s Sys=0,00s Real=0,00s
[2022-10-17T11:24:00.073+0200][gc,start    ] GC(11) Pause Young (Normal) (G1 Evacuation Pause)
[2022-10-17T11:24:00.073+0200][gc,task     ] GC(11) Using 15 workers of 15 for evacuation
[2022-10-17T11:24:00.079+0200][gc,phases   ] GC(11)   Pre Evacuate Collection Set: 0,2ms
[2022-10-17T11:24:00.079+0200][gc,phases   ] GC(11)   Merge Heap Roots: 0,1ms
[2022-10-17T11:24:00.079+0200][gc,phases   ] GC(11)   Evacuate Collection Set: 5,6ms
[2022-10-17T11:24:00.079+0200][gc,phases   ] GC(11)   Post Evacuate Collection Set: 0,4ms
[2022-10-17T11:24:00.079+0200][gc,phases   ] GC(11)   Other: 0,1ms
[2022-10-17T11:24:00.079+0200][gc,heap     ] GC(11) Eden regions: 45->0(44)
[2022-10-17T11:24:00.079+0200][gc,heap     ] GC(11) Survivor regions: 6->7(7)
[2022-10-17T11:24:00.079+0200][gc,heap     ] GC(11) Old regions: 20->23
[2022-10-17T11:24:00.079+0200][gc,heap     ] GC(11) Archive regions: 2->2
[2022-10-17T11:24:00.079+0200][gc,heap     ] GC(11) Humongous regions: 129->129
[2022-10-17T11:24:00.079+0200][gc,metaspace] GC(11) Metaspace: 41218K(41856K)->41218K(41856K) NonClass: 36472K(36800K)->36472K(36800K) Class: 4746K(5056K)->4746K(5056K)
[2022-10-17T11:24:00.079+0200][gc          ] GC(11) Pause Young (Normal) (G1 Evacuation Pause) 200M->159M(1024M) 6,655ms
[2022-10-17T11:24:00.079+0200][gc,cpu      ] GC(11) User=0,03s Sys=0,02s Real=0,00s
[2022-10-17T11:28:37.238+0200][gc,start    ] GC(12) Pause Young (Normal) (G1 Evacuation Pause)
[2022-10-17T11:28:37.238+0200][gc,task     ] GC(12) Using 15 workers of 15 for evacuation
[2022-10-17T11:28:37.242+0200][gc,phases   ] GC(12)   Pre Evacuate Collection Set: 0,3ms
[2022-10-17T11:28:37.242+0200][gc,phases   ] GC(12)   Merge Heap Roots: 0,1ms
[2022-10-17T11:28:37.242+0200][gc,phases   ] GC(12)   Evacuate Collection Set: 3,5ms
[2022-10-17T11:28:37.242+0200][gc,phases   ] GC(12)   Post Evacuate Collection Set: 0,2ms
[2022-10-17T11:28:37.242+0200][gc,phases   ] GC(12)   Other: 0,1ms
[2022-10-17T11:28:37.242+0200][gc,heap     ] GC(12) Eden regions: 44->0(47)
[2022-10-17T11:28:37.242+0200][gc,heap     ] GC(12) Survivor regions: 7->4(7)
[2022-10-17T11:28:37.242+0200][gc,heap     ] GC(12) Old regions: 23->29
[2022-10-17T11:28:37.242+0200][gc,heap     ] GC(12) Archive regions: 2->2
[2022-10-17T11:28:37.242+0200][gc,heap     ] GC(12) Humongous regions: 129->129
[2022-10-17T11:28:37.242+0200][gc,metaspace] GC(12) Metaspace: 41258K(41920K)->41258K(41920K) NonClass: 36503K(36864K)->36503K(36864K) Class: 4754K(5056K)->4754K(5056K)
[2022-10-17T11:28:37.242+0200][gc          ] GC(12) Pause Young (Normal) (G1 Evacuation Pause) 203M->162M(1024M) 4,478ms
[2022-10-17T11:28:37.242+0200][gc,cpu      ] GC(12) User=0,03s Sys=0,01s Real=0,01s
[2022-10-17T11:30:43.459+0200][gc,start    ] GC(13) Pause Young (Normal) (G1 Evacuation Pause)
[2022-10-17T11:30:43.460+0200][gc,task     ] GC(13) Using 15 workers of 15 for evacuation
[2022-10-17T11:30:43.463+0200][gc,phases   ] GC(13)   Pre Evacuate Collection Set: 0,1ms
[2022-10-17T11:30:43.463+0200][gc,phases   ] GC(13)   Merge Heap Roots: 0,1ms
[2022-10-17T11:30:43.463+0200][gc,phases   ] GC(13)   Evacuate Collection Set: 3,0ms
[2022-10-17T11:30:43.463+0200][gc,phases   ] GC(13)   Post Evacuate Collection Set: 0,4ms
[2022-10-17T11:30:43.463+0200][gc,phases   ] GC(13)   Other: 0,1ms
[2022-10-17T11:30:43.463+0200][gc,heap     ] GC(13) Eden regions: 47->0(47)
[2022-10-17T11:30:43.463+0200][gc,heap     ] GC(13) Survivor regions: 4->4(7)
[2022-10-17T11:30:43.463+0200][gc,heap     ] GC(13) Old regions: 29->32
[2022-10-17T11:30:43.463+0200][gc,heap     ] GC(13) Archive regions: 2->2
[2022-10-17T11:30:43.463+0200][gc,heap     ] GC(13) Humongous regions: 129->129
[2022-10-17T11:30:43.463+0200][gc,metaspace] GC(13) Metaspace: 41263K(41920K)->41263K(41920K) NonClass: 36509K(36864K)->36509K(36864K) Class: 4754K(5056K)->4754K(5056K)
[2022-10-17T11:30:43.463+0200][gc          ] GC(13) Pause Young (Normal) (G1 Evacuation Pause) 209M->164M(1024M) 4,000ms
[2022-10-17T11:30:43.464+0200][gc,cpu      ] GC(13) User=0,02s Sys=0,00s Real=0,01s
[2022-10-17T11:33:04.126+0200][gc,start    ] GC(14) Pause Young (Normal) (G1 Evacuation Pause)
[2022-10-17T11:33:04.126+0200][gc,task     ] GC(14) Using 15 workers of 15 for evacuation
[2022-10-17T11:33:04.129+0200][gc,phases   ] GC(14)   Pre Evacuate Collection Set: 0,3ms
[2022-10-17T11:33:04.129+0200][gc,phases   ] GC(14)   Merge Heap Roots: 0,1ms
[2022-10-17T11:33:04.129+0200][gc,phases   ] GC(14)   Evacuate Collection Set: 2,4ms
[2022-10-17T11:33:04.129+0200][gc,phases   ] GC(14)   Post Evacuate Collection Set: 0,3ms
[2022-10-17T11:33:04.129+0200][gc,phases   ] GC(14)   Other: 0,1ms
[2022-10-17T11:33:04.129+0200][gc,heap     ] GC(14) Eden regions: 47->0(44)
[2022-10-17T11:33:04.129+0200][gc,heap     ] GC(14) Survivor regions: 4->7(7)
[2022-10-17T11:33:04.129+0200][gc,heap     ] GC(14) Old regions: 32->32
[2022-10-17T11:33:04.129+0200][gc,heap     ] GC(14) Archive regions: 2->2
[2022-10-17T11:33:04.129+0200][gc,heap     ] GC(14) Humongous regions: 129->129
[2022-10-17T11:33:04.129+0200][gc,metaspace] GC(14) Metaspace: 41277K(41920K)->41277K(41920K) NonClass: 36523K(36864K)->36523K(36864K) Class: 4754K(5056K)->4754K(5056K)
[2022-10-17T11:33:04.129+0200][gc          ] GC(14) Pause Young (Normal) (G1 Evacuation Pause) 211M->167M(1024M) 3,437ms
[2022-10-17T11:33:04.129+0200][gc,cpu      ] GC(14) User=0,02s Sys=0,01s Real=0,00s
[2022-10-17T11:36:24.684+0200][gc,start    ] GC(15) Pause Young (Normal) (G1 Evacuation Pause)
[2022-10-17T11:36:24.684+0200][gc,task     ] GC(15) Using 15 workers of 15 for evacuation
[2022-10-17T11:36:24.688+0200][gc,phases   ] GC(15)   Pre Evacuate Collection Set: 0,2ms
[2022-10-17T11:36:24.688+0200][gc,phases   ] GC(15)   Merge Heap Roots: 0,1ms
[2022-10-17T11:36:24.688+0200][gc,phases   ] GC(15)   Evacuate Collection Set: 3,4ms
[2022-10-17T11:36:24.688+0200][gc,phases   ] GC(15)   Post Evacuate Collection Set: 0,3ms
[2022-10-17T11:36:24.688+0200][gc,phases   ] GC(15)   Other: 0,1ms
[2022-10-17T11:36:24.688+0200][gc,heap     ] GC(15) Eden regions: 44->0(44)
[2022-10-17T11:36:24.688+0200][gc,heap     ] GC(15) Survivor regions: 7->7(7)
[2022-10-17T11:36:24.688+0200][gc,heap     ] GC(15) Old regions: 32->35
[2022-10-17T11:36:24.688+0200][gc,heap     ] GC(15) Archive regions: 2->2
[2022-10-17T11:36:24.688+0200][gc,heap     ] GC(15) Humongous regions: 129->129
[2022-10-17T11:36:24.688+0200][gc,metaspace] GC(15) Metaspace: 41298K(41920K)->41298K(41920K) NonClass: 36543K(36864K)->36543K(36864K) Class: 4754K(5056K)->4754K(5056K)
[2022-10-17T11:36:24.688+0200][gc          ] GC(15) Pause Young (Normal) (G1 Evacuation Pause) 211M->171M(1024M) 4,400ms
[2022-10-17T11:36:24.688+0200][gc,cpu      ] GC(15) User=0,04s Sys=0,00s Real=0,00s
[2022-10-17T11:39:41.970+0200][gc,start    ] GC(16) Pause Young (Normal) (G1 Evacuation Pause)
[2022-10-17T11:39:41.970+0200][gc,task     ] GC(16) Using 15 workers of 15 for evacuation
[2022-10-17T11:39:41.975+0200][gc,phases   ] GC(16)   Pre Evacuate Collection Set: 0,1ms
[2022-10-17T11:39:41.975+0200][gc,phases   ] GC(16)   Merge Heap Roots: 0,1ms
[2022-10-17T11:39:41.975+0200][gc,phases   ] GC(16)   Evacuate Collection Set: 4,3ms
[2022-10-17T11:39:41.975+0200][gc,phases   ] GC(16)   Post Evacuate Collection Set: 0,3ms
[2022-10-17T11:39:41.975+0200][gc,phases   ] GC(16)   Other: 0,1ms
[2022-10-17T11:39:41.975+0200][gc,heap     ] GC(16) Eden regions: 44->0(84)
[2022-10-17T11:39:41.975+0200][gc,heap     ] GC(16) Survivor regions: 7->4(7)
[2022-10-17T11:39:41.975+0200][gc,heap     ] GC(16) Old regions: 35->40
[2022-10-17T11:39:41.975+0200][gc,heap     ] GC(16) Archive regions: 2->2
[2022-10-17T11:39:41.975+0200][gc,heap     ] GC(16) Humongous regions: 129->129
[2022-10-17T11:39:41.975+0200][gc,metaspace] GC(16) Metaspace: 41307K(41920K)->41307K(41920K) NonClass: 36552K(36864K)->36552K(36864K) Class: 4754K(5056K)->4754K(5056K)
[2022-10-17T11:39:41.975+0200][gc          ] GC(16) Pause Young (Normal) (G1 Evacuation Pause) 215M->173M(1024M) 5,063ms
[2022-10-17T11:39:41.975+0200][gc,cpu      ] GC(16) User=0,03s Sys=0,01s Real=0,00s
[2022-10-17T11:45:06.442+0200][gc,start    ] GC(17) Pause Young (Normal) (G1 Evacuation Pause)
[2022-10-17T11:45:06.442+0200][gc,task     ] GC(17) Using 15 workers of 15 for evacuation
[2022-10-17T11:45:06.446+0200][gc,phases   ] GC(17)   Pre Evacuate Collection Set: 0,2ms
[2022-10-17T11:45:06.446+0200][gc,phases   ] GC(17)   Merge Heap Roots: 0,1ms
[2022-10-17T11:45:06.446+0200][gc,phases   ] GC(17)   Evacuate Collection Set: 3,5ms
[2022-10-17T11:45:06.446+0200][gc,phases   ] GC(17)   Post Evacuate Collection Set: 0,3ms
[2022-10-17T11:45:06.446+0200][gc,phases   ] GC(17)   Other: 0,1ms
[2022-10-17T11:45:06.446+0200][gc,heap     ] GC(17) Eden regions: 84->0(68)
[2022-10-17T11:45:06.446+0200][gc,heap     ] GC(17) Survivor regions: 4->9(11)
[2022-10-17T11:45:06.446+0200][gc,heap     ] GC(17) Old regions: 40->40
[2022-10-17T11:45:06.446+0200][gc,heap     ] GC(17) Archive regions: 2->2
[2022-10-17T11:45:06.446+0200][gc,heap     ] GC(17) Humongous regions: 129->129
[2022-10-17T11:45:06.446+0200][gc,metaspace] GC(17) Metaspace: 41354K(41984K)->41354K(41984K) NonClass: 36600K(36928K)->36600K(36928K) Class: 4754K(5056K)->4754K(5056K)
[2022-10-17T11:45:06.446+0200][gc          ] GC(17) Pause Young (Normal) (G1 Evacuation Pause) 257M->178M(1024M) 4,394ms
[2022-10-17T11:45:06.446+0200][gc,cpu      ] GC(17) User=0,03s Sys=0,00s Real=0,00s
[2022-10-17T11:50:08.727+0200][gc,start    ] GC(18) Pause Young (Normal) (G1 Evacuation Pause)
[2022-10-17T11:50:08.727+0200][gc,task     ] GC(18) Using 15 workers of 15 for evacuation
[2022-10-17T11:50:08.733+0200][gc,phases   ] GC(18)   Pre Evacuate Collection Set: 0,3ms
[2022-10-17T11:50:08.733+0200][gc,phases   ] GC(18)   Merge Heap Roots: 0,1ms
[2022-10-17T11:50:08.733+0200][gc,phases   ] GC(18)   Evacuate Collection Set: 4,5ms
[2022-10-17T11:50:08.733+0200][gc,phases   ] GC(18)   Post Evacuate Collection Set: 0,3ms
[2022-10-17T11:50:08.733+0200][gc,phases   ] GC(18)   Other: 0,1ms
[2022-10-17T11:50:08.733+0200][gc,heap     ] GC(18) Eden regions: 68->0(97)
[2022-10-17T11:50:08.733+0200][gc,heap     ] GC(18) Survivor regions: 9->6(10)
[2022-10-17T11:50:08.733+0200][gc,heap     ] GC(18) Old regions: 40->49
[2022-10-17T11:50:08.733+0200][gc,heap     ] GC(18) Archive regions: 2->2
[2022-10-17T11:50:08.733+0200][gc,heap     ] GC(18) Humongous regions: 129->129
[2022-10-17T11:50:08.733+0200][gc,metaspace] GC(18) Metaspace: 41360K(42048K)->41360K(42048K) NonClass: 36605K(36992K)->36605K(36992K) Class: 4754K(5056K)->4754K(5056K)
[2022-10-17T11:50:08.733+0200][gc          ] GC(18) Pause Young (Normal) (G1 Evacuation Pause) 246M->183M(1024M) 5,423ms
[2022-10-17T11:50:08.733+0200][gc,cpu      ] GC(18) User=0,04s Sys=0,01s Real=0,01s
[2022-10-17T11:58:44.555+0200][gc,start    ] GC(19) Pause Young (Normal) (G1 Evacuation Pause)
[2022-10-17T11:58:44.556+0200][gc,task     ] GC(19) Using 15 workers of 15 for evacuation
[2022-10-17T11:58:44.561+0200][gc,phases   ] GC(19)   Pre Evacuate Collection Set: 0,2ms
[2022-10-17T11:58:44.561+0200][gc,phases   ] GC(19)   Merge Heap Roots: 0,1ms
[2022-10-17T11:58:44.561+0200][gc,phases   ] GC(19)   Evacuate Collection Set: 4,8ms
[2022-10-17T11:58:44.561+0200][gc,phases   ] GC(19)   Post Evacuate Collection Set: 0,3ms
[2022-10-17T11:58:44.561+0200][gc,phases   ] GC(19)   Other: 0,1ms
[2022-10-17T11:58:44.561+0200][gc,heap     ] GC(19) Eden regions: 97->0(94)
[2022-10-17T11:58:44.561+0200][gc,heap     ] GC(19) Survivor regions: 6->12(13)
[2022-10-17T11:58:44.561+0200][gc,heap     ] GC(19) Old regions: 49->49
[2022-10-17T11:58:44.561+0200][gc,heap     ] GC(19) Archive regions: 2->2
[2022-10-17T11:58:44.561+0200][gc,heap     ] GC(19) Humongous regions: 129->129
[2022-10-17T11:58:44.561+0200][gc,metaspace] GC(19) Metaspace: 41380K(42048K)->41380K(42048K) NonClass: 36625K(36992K)->36625K(36992K) Class: 4754K(5056K)->4754K(5056K)
[2022-10-17T11:58:44.561+0200][gc          ] GC(19) Pause Young (Normal) (G1 Evacuation Pause) 280M->189M(1024M) 5,727ms
[2022-10-17T11:58:44.561+0200][gc,cpu      ] GC(19) User=0,04s Sys=0,01s Real=0,01s
[2022-10-17T12:00:31.396+0200][gc,start    ] GC(20) Pause Young (Normal) (G1 Evacuation Pause)
[2022-10-17T12:00:31.396+0200][gc,task     ] GC(20) Using 15 workers of 15 for evacuation
[2022-10-17T12:00:31.401+0200][gc,phases   ] GC(20)   Pre Evacuate Collection Set: 0,2ms
[2022-10-17T12:00:31.401+0200][gc,phases   ] GC(20)   Merge Heap Roots: 0,1ms
[2022-10-17T12:00:31.401+0200][gc,phases   ] GC(20)   Evacuate Collection Set: 3,9ms
[2022-10-17T12:00:31.401+0200][gc,phases   ] GC(20)   Post Evacuate Collection Set: 0,5ms
[2022-10-17T12:00:31.401+0200][gc,phases   ] GC(20)   Other: 0,1ms
[2022-10-17T12:00:31.401+0200][gc,heap     ] GC(20) Eden regions: 94->0(101)
[2022-10-17T12:00:31.401+0200][gc,heap     ] GC(20) Survivor regions: 12->12(14)
[2022-10-17T12:00:31.401+0200][gc,heap     ] GC(20) Old regions: 49->53
[2022-10-17T12:00:31.401+0200][gc,heap     ] GC(20) Archive regions: 2->2
[2022-10-17T12:00:31.401+0200][gc,heap     ] GC(20) Humongous regions: 129->129
[2022-10-17T12:00:31.401+0200][gc,metaspace] GC(20) Metaspace: 41383K(42048K)->41383K(42048K) NonClass: 36628K(36992K)->36628K(36992K) Class: 4754K(5056K)->4754K(5056K)
[2022-10-17T12:00:31.401+0200][gc          ] GC(20) Pause Young (Normal) (G1 Evacuation Pause) 283M->194M(1024M) 5,168ms
[2022-10-17T12:00:31.401+0200][gc,cpu      ] GC(20) User=0,04s Sys=0,01s Real=0,01s
[2022-10-17T12:00:37.081+0200][gc,start    ] GC(21) Pause Young (Normal) (G1 Evacuation Pause)
[2022-10-17T12:00:37.081+0200][gc,task     ] GC(21) Using 15 workers of 15 for evacuation
[2022-10-17T12:00:37.087+0200][gc,phases   ] GC(21)   Pre Evacuate Collection Set: 0,4ms
[2022-10-17T12:00:37.087+0200][gc,phases   ] GC(21)   Merge Heap Roots: 0,1ms
[2022-10-17T12:00:37.087+0200][gc,phases   ] GC(21)   Evacuate Collection Set: 4,4ms
[2022-10-17T12:00:37.087+0200][gc,phases   ] GC(21)   Post Evacuate Collection Set: 1,0ms
[2022-10-17T12:00:37.087+0200][gc,phases   ] GC(21)   Other: 0,1ms
[2022-10-17T12:00:37.087+0200][gc,heap     ] GC(21) Eden regions: 101->0(188)
[2022-10-17T12:00:37.087+0200][gc,heap     ] GC(21) Survivor regions: 12->8(15)
[2022-10-17T12:00:37.087+0200][gc,heap     ] GC(21) Old regions: 53->60
[2022-10-17T12:00:37.087+0200][gc,heap     ] GC(21) Archive regions: 2->2
[2022-10-17T12:00:37.087+0200][gc,heap     ] GC(21) Humongous regions: 129->129
[2022-10-17T12:00:37.087+0200][gc,metaspace] GC(21) Metaspace: 41383K(42048K)->41383K(42048K) NonClass: 36628K(36992K)->36628K(36992K) Class: 4754K(5056K)->4754K(5056K)
[2022-10-17T12:00:37.087+0200][gc          ] GC(21) Pause Young (Normal) (G1 Evacuation Pause) 295M->197M(1024M) 6,157ms
[2022-10-17T12:00:37.087+0200][gc,cpu      ] GC(21) User=0,03s Sys=0,01s Real=0,00s
[2022-10-17T12:00:46.102+0200][gc,start    ] GC(22) Pause Young (Normal) (G1 Evacuation Pause)
[2022-10-17T12:00:46.102+0200][gc,task     ] GC(22) Using 15 workers of 15 for evacuation
[2022-10-17T12:00:46.106+0200][gc,phases   ] GC(22)   Pre Evacuate Collection Set: 0,3ms
[2022-10-17T12:00:46.106+0200][gc,phases   ] GC(22)   Merge Heap Roots: 0,1ms
[2022-10-17T12:00:46.106+0200][gc,phases   ] GC(22)   Evacuate Collection Set: 2,9ms
[2022-10-17T12:00:46.106+0200][gc,phases   ] GC(22)   Post Evacuate Collection Set: 0,6ms
[2022-10-17T12:00:46.106+0200][gc,phases   ] GC(22)   Other: 0,1ms
[2022-10-17T12:00:46.106+0200][gc,heap     ] GC(22) Eden regions: 188->0(534)
[2022-10-17T12:00:46.106+0200][gc,heap     ] GC(22) Survivor regions: 8->10(25)
[2022-10-17T12:00:46.106+0200][gc,heap     ] GC(22) Old regions: 60->60
[2022-10-17T12:00:46.106+0200][gc,heap     ] GC(22) Archive regions: 2->2
[2022-10-17T12:00:46.106+0200][gc,heap     ] GC(22) Humongous regions: 129->129
[2022-10-17T12:00:46.106+0200][gc,metaspace] GC(22) Metaspace: 41383K(42048K)->41383K(42048K) NonClass: 36628K(36992K)->36628K(36992K) Class: 4754K(5056K)->4754K(5056K)
[2022-10-17T12:00:46.106+0200][gc          ] GC(22) Pause Young (Normal) (G1 Evacuation Pause) 385M->198M(1024M) 4,404ms
[2022-10-17T12:00:46.106+0200][gc,cpu      ] GC(22) User=0,02s Sys=0,01s Real=0,00s
[2022-10-17T12:01:10.227+0200][gc,start    ] GC(23) Pause Young (Normal) (G1 Evacuation Pause)
[2022-10-17T12:01:10.227+0200][gc,task     ] GC(23) Using 15 workers of 15 for evacuation
[2022-10-17T12:01:10.234+0200][gc,phases   ] GC(23)   Pre Evacuate Collection Set: 0,2ms
[2022-10-17T12:01:10.234+0200][gc,phases   ] GC(23)   Merge Heap Roots: 0,1ms
[2022-10-17T12:01:10.234+0200][gc,phases   ] GC(23)   Evacuate Collection Set: 5,7ms
[2022-10-17T12:01:10.234+0200][gc,phases   ] GC(23)   Post Evacuate Collection Set: 0,9ms
[2022-10-17T12:01:10.234+0200][gc,phases   ] GC(23)   Other: 0,2ms
[2022-10-17T12:01:10.234+0200][gc,heap     ] GC(23) Eden regions: 534->0(599)
[2022-10-17T12:01:10.234+0200][gc,heap     ] GC(23) Survivor regions: 10->15(68)
[2022-10-17T12:01:10.234+0200][gc,heap     ] GC(23) Old regions: 60->60
[2022-10-17T12:01:10.234+0200][gc,heap     ] GC(23) Archive regions: 2->2
[2022-10-17T12:01:10.234+0200][gc,heap     ] GC(23) Humongous regions: 129->129
[2022-10-17T12:01:10.234+0200][gc,metaspace] GC(23) Metaspace: 41398K(42048K)->41398K(42048K) NonClass: 36639K(36992K)->36639K(36992K) Class: 4758K(5056K)->4758K(5056K)
[2022-10-17T12:01:10.234+0200][gc          ] GC(23) Pause Young (Normal) (G1 Evacuation Pause) 732M->203M(1024M) 7,347ms
[2022-10-17T12:01:10.234+0200][gc,cpu      ] GC(23) User=0,03s Sys=0,01s Real=0,01s
[2022-10-17T12:01:32.886+0200][gc,start    ] GC(24) Pause Young (Normal) (G1 Evacuation Pause)
[2022-10-17T12:01:32.886+0200][gc,task     ] GC(24) Using 15 workers of 15 for evacuation
[2022-10-17T12:01:32.894+0200][gc,phases   ] GC(24)   Pre Evacuate Collection Set: 0,2ms
[2022-10-17T12:01:32.894+0200][gc,phases   ] GC(24)   Merge Heap Roots: 0,1ms
[2022-10-17T12:01:32.894+0200][gc,phases   ] GC(24)   Evacuate Collection Set: 4,7ms
[2022-10-17T12:01:32.894+0200][gc,phases   ] GC(24)   Post Evacuate Collection Set: 2,1ms
[2022-10-17T12:01:32.894+0200][gc,phases   ] GC(24)   Other: 0,1ms
[2022-10-17T12:01:32.894+0200][gc,heap     ] GC(24) Eden regions: 599->0(598)
[2022-10-17T12:01:32.894+0200][gc,heap     ] GC(24) Survivor regions: 15->16(77)
[2022-10-17T12:01:32.894+0200][gc,heap     ] GC(24) Old regions: 60->60
[2022-10-17T12:01:32.894+0200][gc,heap     ] GC(24) Archive regions: 2->2
[2022-10-17T12:01:32.894+0200][gc,heap     ] GC(24) Humongous regions: 129->129
[2022-10-17T12:01:32.894+0200][gc,metaspace] GC(24) Metaspace: 41404K(42048K)->41404K(42048K) NonClass: 36646K(36992K)->36646K(36992K) Class: 4758K(5056K)->4758K(5056K)
[2022-10-17T12:01:32.894+0200][gc          ] GC(24) Pause Young (Normal) (G1 Evacuation Pause) 802M->204M(1024M) 7,470ms
[2022-10-17T12:01:32.894+0200][gc,cpu      ] GC(24) User=0,04s Sys=0,01s Real=0,01s
[2022-10-17T12:01:55.474+0200][gc,start    ] GC(25) Pause Young (Normal) (G1 Evacuation Pause)
[2022-10-17T12:01:55.475+0200][gc,task     ] GC(25) Using 15 workers of 15 for evacuation
[2022-10-17T12:01:55.480+0200][gc,phases   ] GC(25)   Pre Evacuate Collection Set: 0,3ms
[2022-10-17T12:01:55.480+0200][gc,phases   ] GC(25)   Merge Heap Roots: 0,1ms
[2022-10-17T12:01:55.480+0200][gc,phases   ] GC(25)   Evacuate Collection Set: 4,0ms
[2022-10-17T12:01:55.480+0200][gc,phases   ] GC(25)   Post Evacuate Collection Set: 0,6ms
[2022-10-17T12:01:55.480+0200][gc,phases   ] GC(25)   Other: 0,1ms
[2022-10-17T12:01:55.480+0200][gc,heap     ] GC(25) Eden regions: 598->0(599)
[2022-10-17T12:01:55.480+0200][gc,heap     ] GC(25) Survivor regions: 16->15(77)
[2022-10-17T12:01:55.480+0200][gc,heap     ] GC(25) Old regions: 60->60
[2022-10-17T12:01:55.480+0200][gc,heap     ] GC(25) Archive regions: 2->2
[2022-10-17T12:01:55.480+0200][gc,heap     ] GC(25) Humongous regions: 129->129
[2022-10-17T12:01:55.480+0200][gc,metaspace] GC(25) Metaspace: 41404K(42048K)->41404K(42048K) NonClass: 36646K(36992K)->36646K(36992K) Class: 4758K(5056K)->4758K(5056K)
[2022-10-17T12:01:55.480+0200][gc          ] GC(25) Pause Young (Normal) (G1 Evacuation Pause) 802M->203M(1024M) 6,112ms
[2022-10-17T12:01:55.480+0200][gc,cpu      ] GC(25) User=0,03s Sys=0,00s Real=0,01s
[2022-10-17T12:02:53.798+0200][gc,start    ] GC(26) Pause Young (Normal) (G1 Evacuation Pause)
[2022-10-17T12:02:53.799+0200][gc,task     ] GC(26) Using 15 workers of 15 for evacuation
[2022-10-17T12:02:53.803+0200][gc,phases   ] GC(26)   Pre Evacuate Collection Set: 0,1ms
[2022-10-17T12:02:53.803+0200][gc,phases   ] GC(26)   Merge Heap Roots: 0,1ms
[2022-10-17T12:02:53.803+0200][gc,phases   ] GC(26)   Evacuate Collection Set: 3,0ms
[2022-10-17T12:02:53.803+0200][gc,phases   ] GC(26)   Post Evacuate Collection Set: 0,4ms
[2022-10-17T12:02:53.803+0200][gc,phases   ] GC(26)   Other: 0,1ms
[2022-10-17T12:02:53.803+0200][gc,heap     ] GC(26) Eden regions: 599->0(599)
[2022-10-17T12:02:53.803+0200][gc,heap     ] GC(26) Survivor regions: 15->15(77)
[2022-10-17T12:02:53.803+0200][gc,heap     ] GC(26) Old regions: 60->60
[2022-10-17T12:02:53.803+0200][gc,heap     ] GC(26) Archive regions: 2->2
[2022-10-17T12:02:53.803+0200][gc,heap     ] GC(26) Humongous regions: 129->129
[2022-10-17T12:02:53.803+0200][gc,metaspace] GC(26) Metaspace: 41408K(42048K)->41408K(42048K) NonClass: 36650K(36992K)->36650K(36992K) Class: 4758K(5056K)->4758K(5056K)
[2022-10-17T12:02:53.803+0200][gc          ] GC(26) Pause Young (Normal) (G1 Evacuation Pause) 802M->204M(1024M) 4,764ms
[2022-10-17T12:02:53.803+0200][gc,cpu      ] GC(26) User=0,03s Sys=0,00s Real=0,01s
[2022-10-17T12:14:49.522+0200][gc,start    ] GC(27) Pause Young (Normal) (G1 Evacuation Pause)
[2022-10-17T12:14:49.522+0200][gc,task     ] GC(27) Using 15 workers of 15 for evacuation
[2022-10-17T12:14:49.528+0200][gc,phases   ] GC(27)   Pre Evacuate Collection Set: 0,2ms
[2022-10-17T12:14:49.528+0200][gc,phases   ] GC(27)   Merge Heap Roots: 0,1ms
[2022-10-17T12:14:49.528+0200][gc,phases   ] GC(27)   Evacuate Collection Set: 4,3ms
[2022-10-17T12:14:49.528+0200][gc,phases   ] GC(27)   Post Evacuate Collection Set: 0,7ms
[2022-10-17T12:14:49.528+0200][gc,phases   ] GC(27)   Other: 0,2ms
[2022-10-17T12:14:49.528+0200][gc,heap     ] GC(27) Eden regions: 599->0(599)
[2022-10-17T12:14:49.528+0200][gc,heap     ] GC(27) Survivor regions: 15->15(77)
[2022-10-17T12:14:49.528+0200][gc,heap     ] GC(27) Old regions: 60->60
[2022-10-17T12:14:49.528+0200][gc,heap     ] GC(27) Archive regions: 2->2
[2022-10-17T12:14:49.528+0200][gc,heap     ] GC(27) Humongous regions: 129->129
[2022-10-17T12:14:49.528+0200][gc,metaspace] GC(27) Metaspace: 41444K(42112K)->41444K(42112K) NonClass: 36685K(37056K)->36685K(37056K) Class: 4758K(5056K)->4758K(5056K)
[2022-10-17T12:14:49.528+0200][gc          ] GC(27) Pause Young (Normal) (G1 Evacuation Pause) 803M->204M(1024M) 5,872ms
[2022-10-17T12:14:49.528+0200][gc,cpu      ] GC(27) User=0,03s Sys=0,00s Real=0,00s
[2022-10-17T12:40:07.909+0200][gc,start    ] GC(28) Pause Young (Normal) (G1 Evacuation Pause)
[2022-10-17T12:40:07.909+0200][gc,task     ] GC(28) Using 15 workers of 15 for evacuation
[2022-10-17T12:40:07.915+0200][gc,phases   ] GC(28)   Pre Evacuate Collection Set: 0,3ms
[2022-10-17T12:40:07.915+0200][gc,phases   ] GC(28)   Merge Heap Roots: 0,2ms
[2022-10-17T12:40:07.915+0200][gc,phases   ] GC(28)   Evacuate Collection Set: 4,1ms
[2022-10-17T12:40:07.915+0200][gc,phases   ] GC(28)   Post Evacuate Collection Set: 0,5ms
[2022-10-17T12:40:07.915+0200][gc,phases   ] GC(28)   Other: 0,1ms
[2022-10-17T12:40:07.915+0200][gc,heap     ] GC(28) Eden regions: 599->0(599)
[2022-10-17T12:40:07.915+0200][gc,heap     ] GC(28) Survivor regions: 15->15(77)
[2022-10-17T12:40:07.915+0200][gc,heap     ] GC(28) Old regions: 60->60
[2022-10-17T12:40:07.915+0200][gc,heap     ] GC(28) Archive regions: 2->2
[2022-10-17T12:40:07.915+0200][gc,heap     ] GC(28) Humongous regions: 129->129
[2022-10-17T12:40:07.915+0200][gc,metaspace] GC(28) Metaspace: 41490K(42112K)->41490K(42112K) NonClass: 36731K(37056K)->36731K(37056K) Class: 4758K(5056K)->4758K(5056K)
[2022-10-17T12:40:07.915+0200][gc          ] GC(28) Pause Young (Normal) (G1 Evacuation Pause) 803M->204M(1024M) 5,510ms
[2022-10-17T12:40:07.915+0200][gc,cpu      ] GC(28) User=0,04s Sys=0,00s Real=0,01s
[2022-10-17T13:21:47.619+0200][gc,start    ] GC(29) Pause Young (Normal) (G1 Evacuation Pause)
[2022-10-17T13:21:47.620+0200][gc,task     ] GC(29) Using 15 workers of 15 for evacuation
[2022-10-17T13:21:47.625+0200][gc,phases   ] GC(29)   Pre Evacuate Collection Set: 0,3ms
[2022-10-17T13:21:47.625+0200][gc,phases   ] GC(29)   Merge Heap Roots: 0,2ms
[2022-10-17T13:21:47.625+0200][gc,phases   ] GC(29)   Evacuate Collection Set: 4,1ms
[2022-10-17T13:21:47.625+0200][gc,phases   ] GC(29)   Post Evacuate Collection Set: 0,5ms
[2022-10-17T13:21:47.625+0200][gc,phases   ] GC(29)   Other: 0,1ms
[2022-10-17T13:21:47.625+0200][gc,heap     ] GC(29) Eden regions: 599->0(598)
[2022-10-17T13:21:47.625+0200][gc,heap     ] GC(29) Survivor regions: 15->16(77)
[2022-10-17T13:21:47.625+0200][gc,heap     ] GC(29) Old regions: 60->60
[2022-10-17T13:21:47.625+0200][gc,heap     ] GC(29) Archive regions: 2->2
[2022-10-17T13:21:47.625+0200][gc,heap     ] GC(29) Humongous regions: 129->129
[2022-10-17T13:21:47.625+0200][gc,metaspace] GC(29) Metaspace: 41564K(42176K)->41564K(42176K) NonClass: 36805K(37120K)->36805K(37120K) Class: 4758K(5056K)->4758K(5056K)
[2022-10-17T13:21:47.625+0200][gc          ] GC(29) Pause Young (Normal) (G1 Evacuation Pause) 803M->204M(1024M) 6,254ms
[2022-10-17T13:21:47.625+0200][gc,cpu      ] GC(29) User=0,05s Sys=0,00s Real=0,01s
[2022-10-17T14:05:34.184+0200][gc,start    ] GC(30) Pause Young (Normal) (G1 Evacuation Pause)
[2022-10-17T14:05:34.184+0200][gc,task     ] GC(30) Using 15 workers of 15 for evacuation
[2022-10-17T14:05:34.188+0200][gc,phases   ] GC(30)   Pre Evacuate Collection Set: 0,2ms
[2022-10-17T14:05:34.188+0200][gc,phases   ] GC(30)   Merge Heap Roots: 0,1ms
[2022-10-17T14:05:34.188+0200][gc,phases   ] GC(30)   Evacuate Collection Set: 3,5ms
[2022-10-17T14:05:34.188+0200][gc,phases   ] GC(30)   Post Evacuate Collection Set: 0,7ms
[2022-10-17T14:05:34.188+0200][gc,phases   ] GC(30)   Other: 0,1ms
[2022-10-17T14:05:34.188+0200][gc,heap     ] GC(30) Eden regions: 598->0(598)
[2022-10-17T14:05:34.188+0200][gc,heap     ] GC(30) Survivor regions: 16->16(77)
[2022-10-17T14:05:34.188+0200][gc,heap     ] GC(30) Old regions: 60->60
[2022-10-17T14:05:34.188+0200][gc,heap     ] GC(30) Archive regions: 2->2
[2022-10-17T14:05:34.188+0200][gc,heap     ] GC(30) Humongous regions: 129->129
[2022-10-17T14:05:34.188+0200][gc,metaspace] GC(30) Metaspace: 41667K(42240K)->41667K(42240K) NonClass: 36891K(37184K)->36891K(37184K) Class: 4775K(5056K)->4775K(5056K)
[2022-10-17T14:05:34.188+0200][gc          ] GC(30) Pause Young (Normal) (G1 Evacuation Pause) 802M->204M(1024M) 4,916ms
[2022-10-17T14:05:34.188+0200][gc,cpu      ] GC(30) User=0,03s Sys=0,00s Real=0,00s
[2022-10-17T14:40:42.495+0200][gc,start    ] GC(31) Pause Young (Normal) (G1 Evacuation Pause)
[2022-10-17T14:40:42.495+0200][gc,task     ] GC(31) Using 15 workers of 15 for evacuation
[2022-10-17T14:40:42.535+0200][gc,mmu      ] GC(31) MMU target violated: 21,0ms (20,0ms/21,0ms)
[2022-10-17T14:40:42.535+0200][gc,phases   ] GC(31)   Pre Evacuate Collection Set: 1,7ms
[2022-10-17T14:40:42.535+0200][gc,phases   ] GC(31)   Merge Heap Roots: 0,4ms
[2022-10-17T14:40:42.535+0200][gc,phases   ] GC(31)   Evacuate Collection Set: 36,8ms
[2022-10-17T14:40:42.535+0200][gc,phases   ] GC(31)   Post Evacuate Collection Set: 0,8ms
[2022-10-17T14:40:42.535+0200][gc,phases   ] GC(31)   Other: 0,3ms
[2022-10-17T14:40:42.535+0200][gc,heap     ] GC(31) Eden regions: 598->0(34)
[2022-10-17T14:40:42.535+0200][gc,heap     ] GC(31) Survivor regions: 16->17(77)
[2022-10-17T14:40:42.535+0200][gc,heap     ] GC(31) Old regions: 60->60
[2022-10-17T14:40:42.535+0200][gc,heap     ] GC(31) Archive regions: 2->2
[2022-10-17T14:40:42.535+0200][gc,heap     ] GC(31) Humongous regions: 129->129
[2022-10-17T14:40:42.535+0200][gc,metaspace] GC(31) Metaspace: 41714K(42304K)->41714K(42304K) NonClass: 36931K(37248K)->36931K(37248K) Class: 4783K(5056K)->4783K(5056K)
[2022-10-17T14:40:42.535+0200][gc          ] GC(31) Pause Young (Normal) (G1 Evacuation Pause) 802M->206M(1024M) 40,216ms
[2022-10-17T14:40:42.535+0200][gc,cpu      ] GC(31) User=0,06s Sys=0,24s Real=0,04s
[2022-10-17T14:42:33.851+0200][gc,start    ] GC(32) Pause Young (Normal) (G1 Evacuation Pause)
[2022-10-17T14:42:33.851+0200][gc,task     ] GC(32) Using 15 workers of 15 for evacuation
[2022-10-17T14:42:33.861+0200][gc,phases   ] GC(32)   Pre Evacuate Collection Set: 1,3ms
[2022-10-17T14:42:33.861+0200][gc,phases   ] GC(32)   Merge Heap Roots: 0,1ms
[2022-10-17T14:42:33.861+0200][gc,phases   ] GC(32)   Evacuate Collection Set: 7,8ms
[2022-10-17T14:42:33.861+0200][gc,phases   ] GC(32)   Post Evacuate Collection Set: 0,4ms
[2022-10-17T14:42:33.861+0200][gc,phases   ] GC(32)   Other: 0,1ms
[2022-10-17T14:42:33.861+0200][gc,heap     ] GC(32) Eden regions: 34->0(607)
[2022-10-17T14:42:33.861+0200][gc,heap     ] GC(32) Survivor regions: 17->7(7)
[2022-10-17T14:42:33.861+0200][gc,heap     ] GC(32) Old regions: 60->72
[2022-10-17T14:42:33.861+0200][gc,heap     ] GC(32) Archive regions: 2->2
[2022-10-17T14:42:33.861+0200][gc,heap     ] GC(32) Humongous regions: 129->129
[2022-10-17T14:42:33.861+0200][gc,metaspace] GC(32) Metaspace: 41723K(42304K)->41723K(42304K) NonClass: 36940K(37248K)->36940K(37248K) Class: 4783K(5056K)->4783K(5056K)
[2022-10-17T14:42:33.861+0200][gc          ] GC(32) Pause Young (Normal) (G1 Evacuation Pause) 240M->207M(1024M) 10,045ms
[2022-10-17T14:42:33.861+0200][gc,cpu      ] GC(32) User=0,05s Sys=0,03s Real=0,01s
[2022-10-17T15:24:06.699+0200][gc,start    ] GC(33) Pause Young (Normal) (G1 Evacuation Pause)
[2022-10-17T15:24:06.699+0200][gc,task     ] GC(33) Using 15 workers of 15 for evacuation
[2022-10-17T15:24:06.702+0200][gc,phases   ] GC(33)   Pre Evacuate Collection Set: 0,3ms
[2022-10-17T15:24:06.702+0200][gc,phases   ] GC(33)   Merge Heap Roots: 0,2ms
[2022-10-17T15:24:06.703+0200][gc,phases   ] GC(33)   Evacuate Collection Set: 2,2ms
[2022-10-17T15:24:06.703+0200][gc,phases   ] GC(33)   Post Evacuate Collection Set: 0,5ms
[2022-10-17T15:24:06.703+0200][gc,phases   ] GC(33)   Other: 0,1ms
[2022-10-17T15:24:06.703+0200][gc,heap     ] GC(33) Eden regions: 607->0(608)
[2022-10-17T15:24:06.703+0200][gc,heap     ] GC(33) Survivor regions: 7->6(77)
[2022-10-17T15:24:06.703+0200][gc,heap     ] GC(33) Old regions: 72->72
[2022-10-17T15:24:06.703+0200][gc,heap     ] GC(33) Archive regions: 2->2
[2022-10-17T15:24:06.703+0200][gc,heap     ] GC(33) Humongous regions: 129->129
[2022-10-17T15:24:06.703+0200][gc,metaspace] GC(33) Metaspace: 41791K(42368K)->41791K(42368K) NonClass: 37008K(37312K)->37008K(37312K) Class: 4783K(5056K)->4783K(5056K)
[2022-10-17T15:24:06.703+0200][gc          ] GC(33) Pause Young (Normal) (G1 Evacuation Pause) 814M->206M(1024M) 3,593ms
[2022-10-17T15:24:06.703+0200][gc,cpu      ] GC(33) User=0,03s Sys=0,01s Real=0,01s
