[2022-10-24T11:11:54.719+0200][gc,init] CardTable entry size: 512
[2022-10-24T11:11:54.719+0200][gc     ] Using G1
[2022-10-24T11:11:54.723+0200][gc,init] Version: 18.0.1.1+2-6 (release)
[2022-10-24T11:11:54.723+0200][gc,init] CPUs: 20 total, 20 available
[2022-10-24T11:11:54.723+0200][gc,init] Memory: 32768M
[2022-10-24T11:11:54.723+0200][gc,init] Large Page Support: Disabled
[2022-10-24T11:11:54.723+0200][gc,init] NUMA Support: Disabled
[2022-10-24T11:11:54.723+0200][gc,init] Compressed Oops: Enabled (Zero based)
[2022-10-24T11:11:54.723+0200][gc,init] Heap Region Size: 1M
[2022-10-24T11:11:54.723+0200][gc,init] Heap Min Capacity: 1G
[2022-10-24T11:11:54.723+0200][gc,init] Heap Initial Capacity: 1G
[2022-10-24T11:11:54.723+0200][gc,init] Heap Max Capacity: 1G
[2022-10-24T11:11:54.723+0200][gc,init] Pre-touch: Disabled
[2022-10-24T11:11:54.723+0200][gc,init] Parallel Workers: 15
[2022-10-24T11:11:54.723+0200][gc,init] Concurrent Workers: 4
[2022-10-24T11:11:54.723+0200][gc,init] Concurrent Refinement Workers: 15
[2022-10-24T11:11:54.723+0200][gc,init] Periodic GC: Disabled
[2022-10-24T11:11:54.723+0200][gc,metaspace] CDS archive(s) mapped at: [0x0000000800000000-0x0000000800ba8000-0x0000000800ba8000), size 12222464, SharedBaseAddress: 0x0000000800000000, ArchiveRelocationMode: 0.
[2022-10-24T11:11:54.723+0200][gc,metaspace] Compressed class space mapped at: 0x0000000800c00000-0x0000000840c00000, reserved size: 1073741824
[2022-10-24T11:11:54.723+0200][gc,metaspace] Narrow klass base: 0x0000000800000000, Narrow klass shift: 0, Narrow klass range: 0x100000000
[2022-10-24T11:11:55.969+0200][gc,start    ] GC(0) Pause Young (Normal) (G1 Evacuation Pause)
[2022-10-24T11:11:55.970+0200][gc,task     ] GC(0) Using 15 workers of 15 for evacuation
[2022-10-24T11:11:55.973+0200][gc,phases   ] GC(0)   Pre Evacuate Collection Set: 0,1ms
[2022-10-24T11:11:55.973+0200][gc,phases   ] GC(0)   Merge Heap Roots: 0,1ms
[2022-10-24T11:11:55.973+0200][gc,phases   ] GC(0)   Evacuate Collection Set: 2,1ms
[2022-10-24T11:11:55.973+0200][gc,phases   ] GC(0)   Post Evacuate Collection Set: 0,7ms
[2022-10-24T11:11:55.973+0200][gc,phases   ] GC(0)   Other: 0,4ms
[2022-10-24T11:11:55.973+0200][gc,heap     ] GC(0) Eden regions: 51->0(44)
[2022-10-24T11:11:55.973+0200][gc,heap     ] GC(0) Survivor regions: 0->7(7)
[2022-10-24T11:11:55.973+0200][gc,heap     ] GC(0) Old regions: 0->1
[2022-10-24T11:11:55.973+0200][gc,heap     ] GC(0) Archive regions: 2->2
[2022-10-24T11:11:55.973+0200][gc,heap     ] GC(0) Humongous regions: 0->0
[2022-10-24T11:11:55.973+0200][gc,metaspace] GC(0) Metaspace: 18597K(18816K)->18597K(18816K) NonClass: 16409K(16512K)->16409K(16512K) Class: 2188K(2304K)->2188K(2304K)
[2022-10-24T11:11:55.973+0200][gc          ] GC(0) Pause Young (Normal) (G1 Evacuation Pause) 51M->8M(1024M) 3,755ms
[2022-10-24T11:11:55.973+0200][gc,cpu      ] GC(0) User=0,01s Sys=0,01s Real=0,01s
[2022-10-24T11:11:56.146+0200][gc,start    ] GC(1) Pause Young (Concurrent Start) (Metadata GC Threshold)
[2022-10-24T11:11:56.146+0200][gc,task     ] GC(1) Using 15 workers of 15 for evacuation
[2022-10-24T11:11:56.150+0200][gc,phases   ] GC(1)   Pre Evacuate Collection Set: 0,3ms
[2022-10-24T11:11:56.150+0200][gc,phases   ] GC(1)   Merge Heap Roots: 0,1ms
[2022-10-24T11:11:56.150+0200][gc,phases   ] GC(1)   Evacuate Collection Set: 3,3ms
[2022-10-24T11:11:56.150+0200][gc,phases   ] GC(1)   Post Evacuate Collection Set: 0,4ms
[2022-10-24T11:11:56.150+0200][gc,phases   ] GC(1)   Other: 0,0ms
[2022-10-24T11:11:56.150+0200][gc,heap     ] GC(1) Eden regions: 12->0(49)
[2022-10-24T11:11:56.150+0200][gc,heap     ] GC(1) Survivor regions: 7->2(7)
[2022-10-24T11:11:56.150+0200][gc,heap     ] GC(1) Old regions: 1->7
[2022-10-24T11:11:56.150+0200][gc,heap     ] GC(1) Archive regions: 2->2
[2022-10-24T11:11:56.150+0200][gc,heap     ] GC(1) Humongous regions: 129->129
[2022-10-24T11:11:56.150+0200][gc,metaspace] GC(1) Metaspace: 21265K(21504K)->21265K(21504K) NonClass: 18763K(18880K)->18763K(18880K) Class: 2502K(2624K)->2502K(2624K)
[2022-10-24T11:11:56.150+0200][gc          ] GC(1) Pause Young (Concurrent Start) (Metadata GC Threshold) 148M->138M(1024M) 4,324ms
[2022-10-24T11:11:56.150+0200][gc          ] GC(2) Concurrent Mark Cycle
[2022-10-24T11:11:56.150+0200][gc,cpu      ] GC(1) User=0,02s Sys=0,01s Real=0,01s
[2022-10-24T11:11:56.150+0200][gc,marking  ] GC(2) Concurrent Clear Claimed Marks
[2022-10-24T11:11:56.150+0200][gc,marking  ] GC(2) Concurrent Clear Claimed Marks 0,025ms
[2022-10-24T11:11:56.150+0200][gc,marking  ] GC(2) Concurrent Scan Root Regions
[2022-10-24T11:11:56.151+0200][gc,marking  ] GC(2) Concurrent Scan Root Regions 0,990ms
[2022-10-24T11:11:56.151+0200][gc,marking  ] GC(2) Concurrent Mark
[2022-10-24T11:11:56.151+0200][gc,marking  ] GC(2) Concurrent Mark From Roots
[2022-10-24T11:11:56.151+0200][gc,task     ] GC(2) Using 4 workers of 4 for marking
[2022-10-24T11:11:56.153+0200][gc,marking  ] GC(2) Concurrent Mark From Roots 1,566ms
[2022-10-24T11:11:56.153+0200][gc,marking  ] GC(2) Concurrent Preclean
[2022-10-24T11:11:56.153+0200][gc,marking  ] GC(2) Concurrent Preclean 0,021ms
[2022-10-24T11:11:56.153+0200][gc,start    ] GC(2) Pause Remark
[2022-10-24T11:11:56.154+0200][gc          ] GC(2) Pause Remark 139M->139M(1024M) 0,983ms
[2022-10-24T11:11:56.154+0200][gc,cpu      ] GC(2) User=0,00s Sys=0,00s Real=0,00s
[2022-10-24T11:11:56.154+0200][gc,marking  ] GC(2) Concurrent Mark 2,799ms
[2022-10-24T11:11:56.154+0200][gc,marking  ] GC(2) Concurrent Rebuild Remembered Sets
[2022-10-24T11:11:56.154+0200][gc,marking  ] GC(2) Concurrent Rebuild Remembered Sets 0,007ms
[2022-10-24T11:11:56.154+0200][gc,start    ] GC(2) Pause Cleanup
[2022-10-24T11:11:56.154+0200][gc          ] GC(2) Pause Cleanup 139M->139M(1024M) 0,012ms
[2022-10-24T11:11:56.154+0200][gc,cpu      ] GC(2) User=0,00s Sys=0,00s Real=0,00s
[2022-10-24T11:11:56.154+0200][gc,marking  ] GC(2) Concurrent Cleanup for Next Mark
[2022-10-24T11:11:56.157+0200][gc,marking  ] GC(2) Concurrent Cleanup for Next Mark 2,471ms
[2022-10-24T11:11:56.157+0200][gc          ] GC(2) Concurrent Mark Cycle 6,533ms
[2022-10-24T11:11:56.650+0200][gc,start    ] GC(3) Pause Young (Normal) (G1 Evacuation Pause)
[2022-10-24T11:11:56.650+0200][gc,task     ] GC(3) Using 15 workers of 15 for evacuation
[2022-10-24T11:11:56.652+0200][gc,phases   ] GC(3)   Pre Evacuate Collection Set: 0,1ms
[2022-10-24T11:11:56.652+0200][gc,phases   ] GC(3)   Merge Heap Roots: 0,0ms
[2022-10-24T11:11:56.652+0200][gc,phases   ] GC(3)   Evacuate Collection Set: 1,3ms
[2022-10-24T11:11:56.652+0200][gc,phases   ] GC(3)   Post Evacuate Collection Set: 0,4ms
[2022-10-24T11:11:56.652+0200][gc,phases   ] GC(3)   Other: 0,1ms
[2022-10-24T11:11:56.652+0200][gc,heap     ] GC(3) Eden regions: 49->0(45)
[2022-10-24T11:11:56.652+0200][gc,heap     ] GC(3) Survivor regions: 2->6(7)
[2022-10-24T11:11:56.652+0200][gc,heap     ] GC(3) Old regions: 7->7
[2022-10-24T11:11:56.652+0200][gc,heap     ] GC(3) Archive regions: 2->2
[2022-10-24T11:11:56.652+0200][gc,heap     ] GC(3) Humongous regions: 129->129
[2022-10-24T11:11:56.652+0200][gc,metaspace] GC(3) Metaspace: 32673K(32960K)->32673K(32960K) NonClass: 29029K(29184K)->29029K(29184K) Class: 3644K(3776K)->3644K(3776K)
[2022-10-24T11:11:56.652+0200][gc          ] GC(3) Pause Young (Normal) (G1 Evacuation Pause) 187M->142M(1024M) 2,054ms
[2022-10-24T11:11:56.652+0200][gc,cpu      ] GC(3) User=0,02s Sys=0,00s Real=0,00s
[2022-10-24T11:13:48.672+0200][gc,start    ] GC(4) Pause Young (Concurrent Start) (Metadata GC Threshold)
[2022-10-24T11:13:48.678+0200][gc,task     ] GC(4) Using 15 workers of 15 for evacuation
[2022-10-24T11:13:48.741+0200][gc,mmu      ] GC(4) MMU target violated: 21,0ms (20,0ms/21,0ms)
[2022-10-24T11:13:48.741+0200][gc,phases   ] GC(4)   Pre Evacuate Collection Set: 1,6ms
[2022-10-24T11:13:48.741+0200][gc,phases   ] GC(4)   Merge Heap Roots: 0,1ms
[2022-10-24T11:13:48.741+0200][gc,phases   ] GC(4)   Evacuate Collection Set: 60,6ms
[2022-10-24T11:13:48.741+0200][gc,phases   ] GC(4)   Post Evacuate Collection Set: 0,8ms
[2022-10-24T11:13:48.741+0200][gc,phases   ] GC(4)   Other: 0,1ms
[2022-10-24T11:13:48.741+0200][gc,heap     ] GC(4) Eden regions: 17->0(49)
[2022-10-24T11:13:48.741+0200][gc,heap     ] GC(4) Survivor regions: 6->2(7)
[2022-10-24T11:13:48.741+0200][gc,heap     ] GC(4) Old regions: 7->13
[2022-10-24T11:13:48.741+0200][gc,heap     ] GC(4) Archive regions: 2->2
[2022-10-24T11:13:48.741+0200][gc,heap     ] GC(4) Humongous regions: 129->129
[2022-10-24T11:13:48.741+0200][gc,metaspace] GC(4) Metaspace: 35703K(36096K)->35703K(36096K) NonClass: 31548K(31744K)->31548K(31744K) Class: 4155K(4352K)->4155K(4352K)
[2022-10-24T11:13:48.741+0200][gc          ] GC(4) Pause Young (Concurrent Start) (Metadata GC Threshold) 159M->143M(1024M) 68,864ms
[2022-10-24T11:13:48.741+0200][gc,cpu      ] GC(4) User=0,03s Sys=0,12s Real=0,07s
[2022-10-24T11:13:48.741+0200][gc          ] GC(5) Concurrent Mark Cycle
[2022-10-24T11:13:48.741+0200][gc,marking  ] GC(5) Concurrent Clear Claimed Marks
[2022-10-24T11:13:48.741+0200][gc,marking  ] GC(5) Concurrent Clear Claimed Marks 0,042ms
[2022-10-24T11:13:48.741+0200][gc,marking  ] GC(5) Concurrent Scan Root Regions
[2022-10-24T11:13:48.744+0200][gc,marking  ] GC(5) Concurrent Scan Root Regions 3,226ms
[2022-10-24T11:13:48.760+0200][gc,marking  ] GC(5) Concurrent Mark
[2022-10-24T11:13:48.760+0200][gc,marking  ] GC(5) Concurrent Mark From Roots
[2022-10-24T11:13:48.760+0200][gc,task     ] GC(5) Using 4 workers of 4 for marking
[2022-10-24T11:13:48.772+0200][gc,marking  ] GC(5) Concurrent Mark From Roots 11,410ms
[2022-10-24T11:13:48.780+0200][gc,marking  ] GC(5) Concurrent Preclean
[2022-10-24T11:13:48.780+0200][gc,marking  ] GC(5) Concurrent Preclean 0,085ms
[2022-10-24T11:13:48.781+0200][gc,start    ] GC(5) Pause Remark
[2022-10-24T11:13:48.797+0200][gc          ] GC(5) Pause Remark 145M->145M(1024M) 16,815ms
[2022-10-24T11:13:48.811+0200][gc,cpu      ] GC(5) User=0,01s Sys=0,00s Real=0,03s
[2022-10-24T11:13:48.811+0200][gc,marking  ] GC(5) Concurrent Mark 50,465ms
[2022-10-24T11:13:48.811+0200][gc,marking  ] GC(5) Concurrent Rebuild Remembered Sets
[2022-10-24T11:13:48.814+0200][gc,marking  ] GC(5) Concurrent Rebuild Remembered Sets 3,461ms
[2022-10-24T11:13:48.814+0200][gc,start    ] GC(5) Pause Cleanup
[2022-10-24T11:13:48.815+0200][gc          ] GC(5) Pause Cleanup 145M->145M(1024M) 0,166ms
[2022-10-24T11:13:48.815+0200][gc,cpu      ] GC(5) User=0,00s Sys=0,00s Real=0,00s
[2022-10-24T11:13:48.815+0200][gc,marking  ] GC(5) Concurrent Cleanup for Next Mark
[2022-10-24T11:13:48.837+0200][gc,marking  ] GC(5) Concurrent Cleanup for Next Mark 22,672ms
[2022-10-24T11:13:48.838+0200][gc          ] GC(5) Concurrent Mark Cycle 96,605ms
[2022-10-24T11:17:59.150+0200][gc,start    ] GC(6) Pause Young (Normal) (G1 Evacuation Pause)
[2022-10-24T11:17:59.151+0200][gc,task     ] GC(6) Using 15 workers of 15 for evacuation
[2022-10-24T11:17:59.278+0200][gc,mmu      ] GC(6) MMU target violated: 21,0ms (20,0ms/21,0ms)
[2022-10-24T11:17:59.278+0200][gc,phases   ] GC(6)   Pre Evacuate Collection Set: 6,2ms
[2022-10-24T11:17:59.278+0200][gc,phases   ] GC(6)   Merge Heap Roots: 1,0ms
[2022-10-24T11:17:59.278+0200][gc,phases   ] GC(6)   Evacuate Collection Set: 119,7ms
[2022-10-24T11:17:59.278+0200][gc,phases   ] GC(6)   Post Evacuate Collection Set: 0,6ms
[2022-10-24T11:17:59.278+0200][gc,phases   ] GC(6)   Other: 0,2ms
[2022-10-24T11:17:59.278+0200][gc,heap     ] GC(6) Eden regions: 49->0(46)
[2022-10-24T11:17:59.278+0200][gc,heap     ] GC(6) Survivor regions: 2->5(7)
[2022-10-24T11:17:59.278+0200][gc,heap     ] GC(6) Old regions: 13->13
[2022-10-24T11:17:59.278+0200][gc,heap     ] GC(6) Archive regions: 2->2
[2022-10-24T11:17:59.278+0200][gc,heap     ] GC(6) Humongous regions: 129->129
[2022-10-24T11:17:59.278+0200][gc,metaspace] GC(6) Metaspace: 40249K(41024K)->40249K(41024K) NonClass: 35481K(35904K)->35481K(35904K) Class: 4768K(5120K)->4768K(5120K)
[2022-10-24T11:17:59.278+0200][gc          ] GC(6) Pause Young (Normal) (G1 Evacuation Pause) 192M->146M(1024M) 128,743ms
[2022-10-24T11:17:59.278+0200][gc,cpu      ] GC(6) User=0,04s Sys=0,35s Real=0,13s
[2022-10-24T11:26:56.325+0200][gc,start    ] GC(7) Pause Young (Normal) (G1 Evacuation Pause)
[2022-10-24T11:26:56.326+0200][gc,task     ] GC(7) Using 15 workers of 15 for evacuation
[2022-10-24T11:26:56.358+0200][gc,mmu      ] GC(7) MMU target violated: 21,0ms (20,0ms/21,0ms)
[2022-10-24T11:26:56.358+0200][gc,phases   ] GC(7)   Pre Evacuate Collection Set: 1,8ms
[2022-10-24T11:26:56.358+0200][gc,phases   ] GC(7)   Merge Heap Roots: 0,2ms
[2022-10-24T11:26:56.358+0200][gc,phases   ] GC(7)   Evacuate Collection Set: 29,4ms
[2022-10-24T11:26:56.358+0200][gc,phases   ] GC(7)   Post Evacuate Collection Set: 0,6ms
[2022-10-24T11:26:56.358+0200][gc,phases   ] GC(7)   Other: 0,2ms
[2022-10-24T11:26:56.358+0200][gc,heap     ] GC(7) Eden regions: 46->0(45)
[2022-10-24T11:26:56.358+0200][gc,heap     ] GC(7) Survivor regions: 5->6(7)
[2022-10-24T11:26:56.358+0200][gc,heap     ] GC(7) Old regions: 13->14
[2022-10-24T11:26:56.358+0200][gc,heap     ] GC(7) Archive regions: 2->2
[2022-10-24T11:26:56.358+0200][gc,heap     ] GC(7) Humongous regions: 129->129
[2022-10-24T11:26:56.358+0200][gc,metaspace] GC(7) Metaspace: 40986K(41728K)->40986K(41728K) NonClass: 36163K(36544K)->36163K(36544K) Class: 4822K(5184K)->4822K(5184K)
[2022-10-24T11:26:56.358+0200][gc          ] GC(7) Pause Young (Normal) (G1 Evacuation Pause) 192M->148M(1024M) 33,208ms
[2022-10-24T11:26:56.358+0200][gc,cpu      ] GC(7) User=0,03s Sys=0,19s Real=0,03s
[2022-10-24T11:31:19.416+0200][gc,start    ] GC(8) Pause Young (Normal) (G1 Evacuation Pause)
[2022-10-24T11:31:19.417+0200][gc,task     ] GC(8) Using 15 workers of 15 for evacuation
[2022-10-24T11:31:19.465+0200][gc,mmu      ] GC(8) MMU target violated: 21,0ms (20,0ms/21,0ms)
[2022-10-24T11:31:19.465+0200][gc,phases   ] GC(8)   Pre Evacuate Collection Set: 1,2ms
[2022-10-24T11:31:19.465+0200][gc,phases   ] GC(8)   Merge Heap Roots: 0,2ms
[2022-10-24T11:31:19.465+0200][gc,phases   ] GC(8)   Evacuate Collection Set: 45,8ms
[2022-10-24T11:31:19.465+0200][gc,phases   ] GC(8)   Post Evacuate Collection Set: 0,6ms
[2022-10-24T11:31:19.465+0200][gc,phases   ] GC(8)   Other: 0,2ms
[2022-10-24T11:31:19.465+0200][gc,heap     ] GC(8) Eden regions: 45->0(46)
[2022-10-24T11:31:19.465+0200][gc,heap     ] GC(8) Survivor regions: 6->5(7)
[2022-10-24T11:31:19.465+0200][gc,heap     ] GC(8) Old regions: 14->16
[2022-10-24T11:31:19.465+0200][gc,heap     ] GC(8) Archive regions: 2->2
[2022-10-24T11:31:19.465+0200][gc,heap     ] GC(8) Humongous regions: 129->129
[2022-10-24T11:31:19.465+0200][gc,metaspace] GC(8) Metaspace: 41607K(42368K)->41607K(42368K) NonClass: 36709K(37120K)->36709K(37120K) Class: 4897K(5248K)->4897K(5248K)
[2022-10-24T11:31:19.465+0200][gc          ] GC(8) Pause Young (Normal) (G1 Evacuation Pause) 193M->150M(1024M) 48,608ms
[2022-10-24T11:31:19.465+0200][gc,cpu      ] GC(8) User=0,03s Sys=0,15s Real=0,05s
[2022-10-24T11:34:48.296+0200][gc,start    ] GC(9) Pause Young (Normal) (G1 Evacuation Pause)
[2022-10-24T11:34:48.297+0200][gc,task     ] GC(9) Using 15 workers of 15 for evacuation
[2022-10-24T11:34:48.300+0200][gc,phases   ] GC(9)   Pre Evacuate Collection Set: 0,2ms
[2022-10-24T11:34:48.300+0200][gc,phases   ] GC(9)   Merge Heap Roots: 0,1ms
[2022-10-24T11:34:48.300+0200][gc,phases   ] GC(9)   Evacuate Collection Set: 2,8ms
[2022-10-24T11:34:48.300+0200][gc,phases   ] GC(9)   Post Evacuate Collection Set: 0,3ms
[2022-10-24T11:34:48.300+0200][gc,phases   ] GC(9)   Other: 0,1ms
[2022-10-24T11:34:48.300+0200][gc,heap     ] GC(9) Eden regions: 46->0(46)
[2022-10-24T11:34:48.300+0200][gc,heap     ] GC(9) Survivor regions: 5->5(7)
[2022-10-24T11:34:48.300+0200][gc,heap     ] GC(9) Old regions: 16->17
[2022-10-24T11:34:48.300+0200][gc,heap     ] GC(9) Archive regions: 2->2
[2022-10-24T11:34:48.300+0200][gc,heap     ] GC(9) Humongous regions: 129->129
[2022-10-24T11:34:48.300+0200][gc,metaspace] GC(9) Metaspace: 41654K(42368K)->41654K(42368K) NonClass: 36756K(37120K)->36756K(37120K) Class: 4897K(5248K)->4897K(5248K)
[2022-10-24T11:34:48.300+0200][gc          ] GC(9) Pause Young (Normal) (G1 Evacuation Pause) 196M->151M(1024M) 4,091ms
[2022-10-24T11:34:48.300+0200][gc,cpu      ] GC(9) User=0,02s Sys=0,00s Real=0,01s
[2022-10-24T11:38:29.188+0200][gc,start    ] GC(10) Pause Young (Normal) (G1 Evacuation Pause)
[2022-10-24T11:38:29.189+0200][gc,task     ] GC(10) Using 15 workers of 15 for evacuation
[2022-10-24T11:38:29.192+0200][gc,phases   ] GC(10)   Pre Evacuate Collection Set: 0,3ms
[2022-10-24T11:38:29.192+0200][gc,phases   ] GC(10)   Merge Heap Roots: 0,1ms
[2022-10-24T11:38:29.192+0200][gc,phases   ] GC(10)   Evacuate Collection Set: 2,3ms
[2022-10-24T11:38:29.192+0200][gc,phases   ] GC(10)   Post Evacuate Collection Set: 0,3ms
[2022-10-24T11:38:29.192+0200][gc,phases   ] GC(10)   Other: 0,1ms
[2022-10-24T11:38:29.192+0200][gc,heap     ] GC(10) Eden regions: 46->0(46)
[2022-10-24T11:38:29.192+0200][gc,heap     ] GC(10) Survivor regions: 5->5(7)
[2022-10-24T11:38:29.192+0200][gc,heap     ] GC(10) Old regions: 17->18
[2022-10-24T11:38:29.192+0200][gc,heap     ] GC(10) Archive regions: 2->2
[2022-10-24T11:38:29.192+0200][gc,heap     ] GC(10) Humongous regions: 129->129
[2022-10-24T11:38:29.192+0200][gc,metaspace] GC(10) Metaspace: 41679K(42432K)->41679K(42432K) NonClass: 36781K(37184K)->36781K(37184K) Class: 4897K(5248K)->4897K(5248K)
[2022-10-24T11:38:29.192+0200][gc          ] GC(10) Pause Young (Normal) (G1 Evacuation Pause) 197M->151M(1024M) 4,049ms
[2022-10-24T11:38:29.192+0200][gc,cpu      ] GC(10) User=0,02s Sys=0,00s Real=0,01s
[2022-10-24T11:42:13.692+0200][gc,start    ] GC(11) Pause Young (Normal) (G1 Evacuation Pause)
[2022-10-24T11:42:13.693+0200][gc,task     ] GC(11) Using 15 workers of 15 for evacuation
[2022-10-24T11:42:13.709+0200][gc,phases   ] GC(11)   Pre Evacuate Collection Set: 2,4ms
[2022-10-24T11:42:13.709+0200][gc,phases   ] GC(11)   Merge Heap Roots: 0,2ms
[2022-10-24T11:42:13.709+0200][gc,phases   ] GC(11)   Evacuate Collection Set: 12,6ms
[2022-10-24T11:42:13.709+0200][gc,phases   ] GC(11)   Post Evacuate Collection Set: 0,5ms
[2022-10-24T11:42:13.709+0200][gc,phases   ] GC(11)   Other: 0,2ms
[2022-10-24T11:42:13.709+0200][gc,heap     ] GC(11) Eden regions: 46->0(45)
[2022-10-24T11:42:13.709+0200][gc,heap     ] GC(11) Survivor regions: 5->6(7)
[2022-10-24T11:42:13.709+0200][gc,heap     ] GC(11) Old regions: 18->19
[2022-10-24T11:42:13.709+0200][gc,heap     ] GC(11) Archive regions: 2->2
[2022-10-24T11:42:13.709+0200][gc,heap     ] GC(11) Humongous regions: 129->129
[2022-10-24T11:42:13.709+0200][gc,metaspace] GC(11) Metaspace: 41692K(42432K)->41692K(42432K) NonClass: 36794K(37184K)->36794K(37184K) Class: 4897K(5248K)->4897K(5248K)
[2022-10-24T11:42:13.709+0200][gc          ] GC(11) Pause Young (Normal) (G1 Evacuation Pause) 197M->154M(1024M) 17,083ms
[2022-10-24T11:42:13.709+0200][gc,cpu      ] GC(11) User=0,02s Sys=0,08s Real=0,01s
[2022-10-24T11:45:54.422+0200][gc,start    ] GC(12) Pause Young (Normal) (G1 Evacuation Pause)
[2022-10-24T11:45:54.424+0200][gc,task     ] GC(12) Using 15 workers of 15 for evacuation
[2022-10-24T11:45:54.429+0200][gc,phases   ] GC(12)   Pre Evacuate Collection Set: 0,2ms
[2022-10-24T11:45:54.429+0200][gc,phases   ] GC(12)   Merge Heap Roots: 0,1ms
[2022-10-24T11:45:54.429+0200][gc,phases   ] GC(12)   Evacuate Collection Set: 4,3ms
[2022-10-24T11:45:54.429+0200][gc,phases   ] GC(12)   Post Evacuate Collection Set: 0,3ms
[2022-10-24T11:45:54.429+0200][gc,phases   ] GC(12)   Other: 0,1ms
[2022-10-24T11:45:54.429+0200][gc,heap     ] GC(12) Eden regions: 45->0(45)
[2022-10-24T11:45:54.429+0200][gc,heap     ] GC(12) Survivor regions: 6->6(7)
[2022-10-24T11:45:54.429+0200][gc,heap     ] GC(12) Old regions: 19->23
[2022-10-24T11:45:54.429+0200][gc,heap     ] GC(12) Archive regions: 2->2
[2022-10-24T11:45:54.429+0200][gc,heap     ] GC(12) Humongous regions: 129->129
[2022-10-24T11:45:54.429+0200][gc,metaspace] GC(12) Metaspace: 41704K(42432K)->41704K(42432K) NonClass: 36806K(37184K)->36806K(37184K) Class: 4897K(5248K)->4897K(5248K)
[2022-10-24T11:45:54.429+0200][gc          ] GC(12) Pause Young (Normal) (G1 Evacuation Pause) 199M->157M(1024M) 6,337ms
[2022-10-24T11:45:54.429+0200][gc,cpu      ] GC(12) User=0,03s Sys=0,02s Real=0,00s
[2022-10-24T11:49:34.825+0200][gc,start    ] GC(13) Pause Young (Normal) (G1 Evacuation Pause)
[2022-10-24T11:49:34.825+0200][gc,task     ] GC(13) Using 15 workers of 15 for evacuation
[2022-10-24T11:49:34.830+0200][gc,phases   ] GC(13)   Pre Evacuate Collection Set: 0,2ms
[2022-10-24T11:49:34.830+0200][gc,phases   ] GC(13)   Merge Heap Roots: 0,7ms
[2022-10-24T11:49:34.830+0200][gc,phases   ] GC(13)   Evacuate Collection Set: 3,1ms
[2022-10-24T11:49:34.830+0200][gc,phases   ] GC(13)   Post Evacuate Collection Set: 0,3ms
[2022-10-24T11:49:34.830+0200][gc,phases   ] GC(13)   Other: 0,1ms
[2022-10-24T11:49:34.830+0200][gc,heap     ] GC(13) Eden regions: 45->0(45)
[2022-10-24T11:49:34.830+0200][gc,heap     ] GC(13) Survivor regions: 6->6(7)
[2022-10-24T11:49:34.830+0200][gc,heap     ] GC(13) Old regions: 23->26
[2022-10-24T11:49:34.830+0200][gc,heap     ] GC(13) Archive regions: 2->2
[2022-10-24T11:49:34.830+0200][gc,heap     ] GC(13) Humongous regions: 129->129
[2022-10-24T11:49:34.830+0200][gc,metaspace] GC(13) Metaspace: 41723K(42496K)->41723K(42496K) NonClass: 36825K(37248K)->36825K(37248K) Class: 4897K(5248K)->4897K(5248K)
[2022-10-24T11:49:34.830+0200][gc          ] GC(13) Pause Young (Normal) (G1 Evacuation Pause) 202M->161M(1024M) 4,808ms
[2022-10-24T11:49:34.830+0200][gc,cpu      ] GC(13) User=0,03s Sys=0,00s Real=0,01s
[2022-10-24T11:52:32.598+0200][gc,start    ] GC(14) Pause Young (Normal) (G1 Evacuation Pause)
[2022-10-24T11:52:32.599+0200][gc,task     ] GC(14) Using 15 workers of 15 for evacuation
[2022-10-24T11:52:32.603+0200][gc,phases   ] GC(14)   Pre Evacuate Collection Set: 0,3ms
[2022-10-24T11:52:32.603+0200][gc,phases   ] GC(14)   Merge Heap Roots: 0,1ms
[2022-10-24T11:52:32.603+0200][gc,phases   ] GC(14)   Evacuate Collection Set: 3,1ms
[2022-10-24T11:52:32.603+0200][gc,phases   ] GC(14)   Post Evacuate Collection Set: 0,3ms
[2022-10-24T11:52:32.603+0200][gc,phases   ] GC(14)   Other: 0,1ms
[2022-10-24T11:52:32.603+0200][gc,heap     ] GC(14) Eden regions: 45->0(46)
[2022-10-24T11:52:32.603+0200][gc,heap     ] GC(14) Survivor regions: 6->5(7)
[2022-10-24T11:52:32.603+0200][gc,heap     ] GC(14) Old regions: 26->30
[2022-10-24T11:52:32.603+0200][gc,heap     ] GC(14) Archive regions: 2->2
[2022-10-24T11:52:32.603+0200][gc,heap     ] GC(14) Humongous regions: 129->129
[2022-10-24T11:52:32.603+0200][gc,metaspace] GC(14) Metaspace: 41830K(42560K)->41830K(42560K) NonClass: 36922K(37312K)->36922K(37312K) Class: 4908K(5248K)->4908K(5248K)
[2022-10-24T11:52:32.603+0200][gc          ] GC(14) Pause Young (Normal) (G1 Evacuation Pause) 206M->163M(1024M) 4,831ms
[2022-10-24T11:52:32.603+0200][gc,cpu      ] GC(14) User=0,03s Sys=0,00s Real=0,01s
[2022-10-24T11:56:11.734+0200][gc,start    ] GC(15) Pause Young (Normal) (G1 Evacuation Pause)
[2022-10-24T11:56:11.734+0200][gc,task     ] GC(15) Using 15 workers of 15 for evacuation
[2022-10-24T11:56:11.755+0200][gc,mmu      ] GC(15) MMU target violated: 20,7ms (20,0ms/21,0ms)
[2022-10-24T11:56:11.755+0200][gc,phases   ] GC(15)   Pre Evacuate Collection Set: 0,4ms
[2022-10-24T11:56:11.755+0200][gc,phases   ] GC(15)   Merge Heap Roots: 0,2ms
[2022-10-24T11:56:11.755+0200][gc,phases   ] GC(15)   Evacuate Collection Set: 19,8ms
[2022-10-24T11:56:11.755+0200][gc,phases   ] GC(15)   Post Evacuate Collection Set: 0,3ms
[2022-10-24T11:56:11.755+0200][gc,phases   ] GC(15)   Other: 0,3ms
[2022-10-24T11:56:11.755+0200][gc,heap     ] GC(15) Eden regions: 46->0(46)
[2022-10-24T11:56:11.755+0200][gc,heap     ] GC(15) Survivor regions: 5->5(7)
[2022-10-24T11:56:11.755+0200][gc,heap     ] GC(15) Old regions: 30->34
[2022-10-24T11:56:11.755+0200][gc,heap     ] GC(15) Archive regions: 2->2
[2022-10-24T11:56:11.755+0200][gc,heap     ] GC(15) Humongous regions: 129->129
[2022-10-24T11:56:11.755+0200][gc,metaspace] GC(15) Metaspace: 41858K(42560K)->41858K(42560K) NonClass: 36949K(37312K)->36949K(37312K) Class: 4908K(5248K)->4908K(5248K)
[2022-10-24T11:56:11.755+0200][gc          ] GC(15) Pause Young (Normal) (G1 Evacuation Pause) 209M->168M(1024M) 21,856ms
[2022-10-24T11:56:11.755+0200][gc,cpu      ] GC(15) User=0,04s Sys=0,09s Real=0,02s
[2022-10-24T11:59:56.764+0200][gc,start    ] GC(16) Pause Young (Normal) (G1 Evacuation Pause)
[2022-10-24T11:59:56.766+0200][gc,task     ] GC(16) Using 15 workers of 15 for evacuation
[2022-10-24T11:59:56.784+0200][gc,phases   ] GC(16)   Pre Evacuate Collection Set: 2,5ms
[2022-10-24T11:59:56.784+0200][gc,phases   ] GC(16)   Merge Heap Roots: 0,3ms
[2022-10-24T11:59:56.784+0200][gc,phases   ] GC(16)   Evacuate Collection Set: 14,6ms
[2022-10-24T11:59:56.784+0200][gc,phases   ] GC(16)   Post Evacuate Collection Set: 0,7ms
[2022-10-24T11:59:56.784+0200][gc,phases   ] GC(16)   Other: 0,3ms
[2022-10-24T11:59:56.784+0200][gc,heap     ] GC(16) Eden regions: 46->0(46)
[2022-10-24T11:59:56.784+0200][gc,heap     ] GC(16) Survivor regions: 5->5(7)
[2022-10-24T11:59:56.784+0200][gc,heap     ] GC(16) Old regions: 34->37
[2022-10-24T11:59:56.784+0200][gc,heap     ] GC(16) Archive regions: 2->2
[2022-10-24T11:59:56.784+0200][gc,heap     ] GC(16) Humongous regions: 129->129
[2022-10-24T11:59:56.784+0200][gc,metaspace] GC(16) Metaspace: 41883K(42624K)->41883K(42624K) NonClass: 36975K(37376K)->36975K(37376K) Class: 4908K(5248K)->4908K(5248K)
[2022-10-24T11:59:56.784+0200][gc          ] GC(16) Pause Young (Normal) (G1 Evacuation Pause) 214M->171M(1024M) 19,566ms
[2022-10-24T11:59:56.784+0200][gc,cpu      ] GC(16) User=0,03s Sys=0,10s Real=0,02s
[2022-10-24T12:02:52.452+0200][gc,start    ] GC(17) Pause Young (Normal) (G1 Evacuation Pause)
[2022-10-24T12:02:52.453+0200][gc,task     ] GC(17) Using 15 workers of 15 for evacuation
[2022-10-24T12:02:52.458+0200][gc,phases   ] GC(17)   Pre Evacuate Collection Set: 0,4ms
[2022-10-24T12:02:52.458+0200][gc,phases   ] GC(17)   Merge Heap Roots: 0,1ms
[2022-10-24T12:02:52.458+0200][gc,phases   ] GC(17)   Evacuate Collection Set: 4,6ms
[2022-10-24T12:02:52.458+0200][gc,phases   ] GC(17)   Post Evacuate Collection Set: 0,2ms
[2022-10-24T12:02:52.458+0200][gc,phases   ] GC(17)   Other: 0,1ms
[2022-10-24T12:02:52.458+0200][gc,heap     ] GC(17) Eden regions: 46->0(46)
[2022-10-24T12:02:52.458+0200][gc,heap     ] GC(17) Survivor regions: 5->5(7)
[2022-10-24T12:02:52.458+0200][gc,heap     ] GC(17) Old regions: 37->41
[2022-10-24T12:02:52.458+0200][gc,heap     ] GC(17) Archive regions: 2->2
[2022-10-24T12:02:52.458+0200][gc,heap     ] GC(17) Humongous regions: 129->129
[2022-10-24T12:02:52.458+0200][gc,metaspace] GC(17) Metaspace: 41899K(42624K)->41899K(42624K) NonClass: 36991K(37376K)->36991K(37376K) Class: 4908K(5248K)->4908K(5248K)
[2022-10-24T12:02:52.458+0200][gc          ] GC(17) Pause Young (Normal) (G1 Evacuation Pause) 217M->174M(1024M) 6,461ms
[2022-10-24T12:02:52.458+0200][gc,cpu      ] GC(17) User=0,03s Sys=0,02s Real=0,00s
[2022-10-24T12:05:37.974+0200][gc,start    ] GC(18) Pause Young (Normal) (G1 Evacuation Pause)
[2022-10-24T12:05:37.975+0200][gc,task     ] GC(18) Using 15 workers of 15 for evacuation
[2022-10-24T12:05:37.984+0200][gc,phases   ] GC(18)   Pre Evacuate Collection Set: 0,3ms
[2022-10-24T12:05:37.984+0200][gc,phases   ] GC(18)   Merge Heap Roots: 0,2ms
[2022-10-24T12:05:37.984+0200][gc,phases   ] GC(18)   Evacuate Collection Set: 8,0ms
[2022-10-24T12:05:37.984+0200][gc,phases   ] GC(18)   Post Evacuate Collection Set: 0,3ms
[2022-10-24T12:05:37.984+0200][gc,phases   ] GC(18)   Other: 0,1ms
[2022-10-24T12:05:37.984+0200][gc,heap     ] GC(18) Eden regions: 46->0(61)
[2022-10-24T12:05:37.984+0200][gc,heap     ] GC(18) Survivor regions: 5->4(7)
[2022-10-24T12:05:37.984+0200][gc,heap     ] GC(18) Old regions: 41->45
[2022-10-24T12:05:37.984+0200][gc,heap     ] GC(18) Archive regions: 2->2
[2022-10-24T12:05:37.984+0200][gc,heap     ] GC(18) Humongous regions: 129->129
[2022-10-24T12:05:37.984+0200][gc,metaspace] GC(18) Metaspace: 41922K(42624K)->41922K(42624K) NonClass: 37014K(37376K)->37014K(37376K) Class: 4908K(5248K)->4908K(5248K)
[2022-10-24T12:05:37.984+0200][gc          ] GC(18) Pause Young (Normal) (G1 Evacuation Pause) 220M->178M(1024M) 9,948ms
[2022-10-24T12:05:37.984+0200][gc,cpu      ] GC(18) User=0,03s Sys=0,02s Real=0,01s
[2022-10-24T12:10:31.997+0200][gc,start    ] GC(19) Pause Young (Normal) (G1 Evacuation Pause)
[2022-10-24T12:10:31.998+0200][gc,task     ] GC(19) Using 15 workers of 15 for evacuation
[2022-10-24T12:10:32.004+0200][gc,phases   ] GC(19)   Pre Evacuate Collection Set: 0,2ms
[2022-10-24T12:10:32.004+0200][gc,phases   ] GC(19)   Merge Heap Roots: 0,1ms
[2022-10-24T12:10:32.004+0200][gc,phases   ] GC(19)   Evacuate Collection Set: 4,4ms
[2022-10-24T12:10:32.004+0200][gc,phases   ] GC(19)   Post Evacuate Collection Set: 0,4ms
[2022-10-24T12:10:32.004+0200][gc,phases   ] GC(19)   Other: 0,6ms
[2022-10-24T12:10:32.004+0200][gc,heap     ] GC(19) Eden regions: 60->0(43)
[2022-10-24T12:10:32.004+0200][gc,heap     ] GC(19) Survivor regions: 4->8(8)
[2022-10-24T12:10:32.004+0200][gc,heap     ] GC(19) Old regions: 45->46
[2022-10-24T12:10:32.004+0200][gc,heap     ] GC(19) Archive regions: 2->2
[2022-10-24T12:10:32.004+0200][gc,heap     ] GC(19) Humongous regions: 129->129
[2022-10-24T12:10:32.004+0200][gc,metaspace] GC(19) Metaspace: 41926K(42624K)->41926K(42624K) NonClass: 37018K(37376K)->37018K(37376K) Class: 4908K(5248K)->4908K(5248K)
[2022-10-24T12:10:32.004+0200][gc          ] GC(19) Pause Young (Normal) (G1 Evacuation Pause) 238M->183M(1024M) 6,726ms
[2022-10-24T12:10:32.004+0200][gc,cpu      ] GC(19) User=0,03s Sys=0,01s Real=0,01s
[2022-10-24T12:13:40.860+0200][gc,start    ] GC(20) Pause Young (Normal) (G1 Evacuation Pause)
[2022-10-24T12:13:40.861+0200][gc,task     ] GC(20) Using 15 workers of 15 for evacuation
[2022-10-24T12:13:40.876+0200][gc,phases   ] GC(20)   Pre Evacuate Collection Set: 1,2ms
[2022-10-24T12:13:40.876+0200][gc,phases   ] GC(20)   Merge Heap Roots: 0,1ms
[2022-10-24T12:13:40.876+0200][gc,phases   ] GC(20)   Evacuate Collection Set: 12,7ms
[2022-10-24T12:13:40.876+0200][gc,phases   ] GC(20)   Post Evacuate Collection Set: 0,6ms
[2022-10-24T12:13:40.876+0200][gc,phases   ] GC(20)   Other: 0,2ms
[2022-10-24T12:13:40.876+0200][gc,heap     ] GC(20) Eden regions: 43->0(44)
[2022-10-24T12:13:40.876+0200][gc,heap     ] GC(20) Survivor regions: 8->7(7)
[2022-10-24T12:13:40.876+0200][gc,heap     ] GC(20) Old regions: 46->53
[2022-10-24T12:13:40.876+0200][gc,heap     ] GC(20) Archive regions: 2->2
[2022-10-24T12:13:40.876+0200][gc,heap     ] GC(20) Humongous regions: 129->129
[2022-10-24T12:13:40.876+0200][gc,metaspace] GC(20) Metaspace: 41944K(42624K)->41944K(42624K) NonClass: 37032K(37376K)->37032K(37376K) Class: 4911K(5248K)->4911K(5248K)
[2022-10-24T12:13:40.876+0200][gc          ] GC(20) Pause Young (Normal) (G1 Evacuation Pause) 226M->188M(1024M) 15,883ms
[2022-10-24T12:13:40.876+0200][gc,cpu      ] GC(20) User=0,04s Sys=0,04s Real=0,01s
[2022-10-24T12:17:22.967+0200][gc,start    ] GC(21) Pause Young (Normal) (G1 Evacuation Pause)
[2022-10-24T12:17:22.968+0200][gc,task     ] GC(21) Using 15 workers of 15 for evacuation
[2022-10-24T12:17:22.976+0200][gc,phases   ] GC(21)   Pre Evacuate Collection Set: 0,2ms
[2022-10-24T12:17:22.976+0200][gc,phases   ] GC(21)   Merge Heap Roots: 0,1ms
[2022-10-24T12:17:22.976+0200][gc,phases   ] GC(21)   Evacuate Collection Set: 7,4ms
[2022-10-24T12:17:22.976+0200][gc,phases   ] GC(21)   Post Evacuate Collection Set: 0,4ms
[2022-10-24T12:17:22.976+0200][gc,phases   ] GC(21)   Other: 0,1ms
[2022-10-24T12:17:22.976+0200][gc,heap     ] GC(21) Eden regions: 44->0(90)
[2022-10-24T12:17:22.976+0200][gc,heap     ] GC(21) Survivor regions: 7->4(7)
[2022-10-24T12:17:22.976+0200][gc,heap     ] GC(21) Old regions: 53->57
[2022-10-24T12:17:22.976+0200][gc,heap     ] GC(21) Archive regions: 2->2
[2022-10-24T12:17:22.976+0200][gc,heap     ] GC(21) Humongous regions: 129->129
[2022-10-24T12:17:22.977+0200][gc,metaspace] GC(21) Metaspace: 41977K(42752K)->41977K(42752K) NonClass: 37065K(37504K)->37065K(37504K) Class: 4911K(5248K)->4911K(5248K)
[2022-10-24T12:17:22.977+0200][gc          ] GC(21) Pause Young (Normal) (G1 Evacuation Pause) 232M->189M(1024M) 9,274ms
[2022-10-24T12:17:22.977+0200][gc,cpu      ] GC(21) User=0,02s Sys=0,04s Real=0,01s
[2022-10-24T12:22:51.741+0200][gc,start    ] GC(22) Pause Young (Normal) (G1 Evacuation Pause)
[2022-10-24T12:22:51.743+0200][gc,task     ] GC(22) Using 15 workers of 15 for evacuation
[2022-10-24T12:22:51.751+0200][gc,phases   ] GC(22)   Pre Evacuate Collection Set: 2,2ms
[2022-10-24T12:22:51.751+0200][gc,phases   ] GC(22)   Merge Heap Roots: 0,2ms
[2022-10-24T12:22:51.751+0200][gc,phases   ] GC(22)   Evacuate Collection Set: 4,4ms
[2022-10-24T12:22:51.751+0200][gc,phases   ] GC(22)   Post Evacuate Collection Set: 0,7ms
[2022-10-24T12:22:51.751+0200][gc,phases   ] GC(22)   Other: 1,0ms
[2022-10-24T12:22:51.751+0200][gc,heap     ] GC(22) Eden regions: 90->0(69)
[2022-10-24T12:22:51.751+0200][gc,heap     ] GC(22) Survivor regions: 4->9(12)
[2022-10-24T12:22:51.751+0200][gc,heap     ] GC(22) Old regions: 57->57
[2022-10-24T12:22:51.751+0200][gc,heap     ] GC(22) Archive regions: 2->2
[2022-10-24T12:22:51.751+0200][gc,heap     ] GC(22) Humongous regions: 129->129
[2022-10-24T12:22:51.751+0200][gc,metaspace] GC(22) Metaspace: 41988K(42752K)->41988K(42752K) NonClass: 37077K(37504K)->37077K(37504K) Class: 4911K(5248K)->4911K(5248K)
[2022-10-24T12:22:51.751+0200][gc          ] GC(22) Pause Young (Normal) (G1 Evacuation Pause) 279M->195M(1024M) 10,170ms
[2022-10-24T12:22:51.751+0200][gc,cpu      ] GC(22) User=0,03s Sys=0,03s Real=0,01s
[2022-10-24T12:28:02.463+0200][gc,start    ] GC(23) Pause Young (Normal) (G1 Evacuation Pause)
[2022-10-24T12:28:02.465+0200][gc,task     ] GC(23) Using 15 workers of 15 for evacuation
[2022-10-24T12:28:02.576+0200][gc,mmu      ] GC(23) MMU target violated: 21,0ms (20,0ms/21,0ms)
[2022-10-24T12:28:02.576+0200][gc,phases   ] GC(23)   Pre Evacuate Collection Set: 2,5ms
[2022-10-24T12:28:02.576+0200][gc,phases   ] GC(23)   Merge Heap Roots: 0,3ms
[2022-10-24T12:28:02.576+0200][gc,phases   ] GC(23)   Evacuate Collection Set: 106,6ms
[2022-10-24T12:28:02.576+0200][gc,phases   ] GC(23)   Post Evacuate Collection Set: 0,6ms
[2022-10-24T12:28:02.576+0200][gc,phases   ] GC(23)   Other: 1,0ms
[2022-10-24T12:28:02.576+0200][gc,heap     ] GC(23) Eden regions: 69->0(45)
[2022-10-24T12:28:02.576+0200][gc,heap     ] GC(23) Survivor regions: 9->6(10)
[2022-10-24T12:28:02.576+0200][gc,heap     ] GC(23) Old regions: 57->65
[2022-10-24T12:28:02.576+0200][gc,heap     ] GC(23) Archive regions: 2->2
[2022-10-24T12:28:02.576+0200][gc,heap     ] GC(23) Humongous regions: 129->129
[2022-10-24T12:28:02.576+0200][gc,metaspace] GC(23) Metaspace: 41991K(42752K)->41991K(42752K) NonClass: 37079K(37504K)->37079K(37504K) Class: 4911K(5248K)->4911K(5248K)
[2022-10-24T12:28:02.576+0200][gc          ] GC(23) Pause Young (Normal) (G1 Evacuation Pause) 264M->200M(1024M) 112,405ms
[2022-10-24T12:28:02.576+0200][gc,cpu      ] GC(23) User=0,05s Sys=0,24s Real=0,11s
[2022-10-24T12:30:41.463+0200][gc,start    ] GC(24) Pause Young (Normal) (G1 Evacuation Pause)
[2022-10-24T12:30:41.464+0200][gc,task     ] GC(24) Using 15 workers of 15 for evacuation
[2022-10-24T12:30:41.489+0200][gc,mmu      ] GC(24) MMU target violated: 21,0ms (20,0ms/21,0ms)
[2022-10-24T12:30:41.489+0200][gc,phases   ] GC(24)   Pre Evacuate Collection Set: 2,3ms
[2022-10-24T12:30:41.489+0200][gc,phases   ] GC(24)   Merge Heap Roots: 0,3ms
[2022-10-24T12:30:41.489+0200][gc,phases   ] GC(24)   Evacuate Collection Set: 21,4ms
[2022-10-24T12:30:41.489+0200][gc,phases   ] GC(24)   Post Evacuate Collection Set: 0,7ms
[2022-10-24T12:30:41.489+0200][gc,phases   ] GC(24)   Other: 0,3ms
[2022-10-24T12:30:41.489+0200][gc,heap     ] GC(24) Eden regions: 45->0(46)
[2022-10-24T12:30:41.489+0200][gc,heap     ] GC(24) Survivor regions: 6->5(7)
[2022-10-24T12:30:41.489+0200][gc,heap     ] GC(24) Old regions: 65->71
[2022-10-24T12:30:41.489+0200][gc,heap     ] GC(24) Archive regions: 2->2
[2022-10-24T12:30:41.489+0200][gc,heap     ] GC(24) Humongous regions: 129->129
[2022-10-24T12:30:41.489+0200][gc,metaspace] GC(24) Metaspace: 41994K(42752K)->41994K(42752K) NonClass: 37082K(37504K)->37082K(37504K) Class: 4911K(5248K)->4911K(5248K)
[2022-10-24T12:30:41.489+0200][gc          ] GC(24) Pause Young (Normal) (G1 Evacuation Pause) 245M->204M(1024M) 26,039ms
[2022-10-24T12:30:41.489+0200][gc,cpu      ] GC(24) User=0,03s Sys=0,10s Real=0,02s
[2022-10-24T12:34:00.443+0200][gc,start    ] GC(25) Pause Young (Normal) (G1 Evacuation Pause)
[2022-10-24T12:34:00.446+0200][gc,task     ] GC(25) Using 15 workers of 15 for evacuation
[2022-10-24T12:34:00.508+0200][gc,mmu      ] GC(25) MMU target violated: 21,0ms (20,0ms/21,0ms)
[2022-10-24T12:34:00.508+0200][gc,phases   ] GC(25)   Pre Evacuate Collection Set: 9,9ms
[2022-10-24T12:34:00.508+0200][gc,phases   ] GC(25)   Merge Heap Roots: 1,8ms
[2022-10-24T12:34:00.508+0200][gc,phases   ] GC(25)   Evacuate Collection Set: 49,1ms
[2022-10-24T12:34:00.508+0200][gc,phases   ] GC(25)   Post Evacuate Collection Set: 0,8ms
[2022-10-24T12:34:00.508+0200][gc,phases   ] GC(25)   Other: 1,5ms
[2022-10-24T12:34:00.508+0200][gc,heap     ] GC(25) Eden regions: 46->0(45)
[2022-10-24T12:34:00.508+0200][gc,heap     ] GC(25) Survivor regions: 5->6(7)
[2022-10-24T12:34:00.508+0200][gc,heap     ] GC(25) Old regions: 71->75
[2022-10-24T12:34:00.508+0200][gc,heap     ] GC(25) Archive regions: 2->2
[2022-10-24T12:34:00.508+0200][gc,heap     ] GC(25) Humongous regions: 129->129
[2022-10-24T12:34:00.508+0200][gc,metaspace] GC(25) Metaspace: 41996K(42752K)->41996K(42752K) NonClass: 37084K(37504K)->37084K(37504K) Class: 4911K(5248K)->4911K(5248K)
[2022-10-24T12:34:00.508+0200][gc          ] GC(25) Pause Young (Normal) (G1 Evacuation Pause) 250M->209M(1024M) 64,677ms
[2022-10-24T12:34:00.508+0200][gc,cpu      ] GC(25) User=0,04s Sys=0,16s Real=0,06s
[2022-10-24T12:37:41.524+0200][gc,start    ] GC(26) Pause Young (Normal) (G1 Evacuation Pause)
[2022-10-24T12:37:41.525+0200][gc,task     ] GC(26) Using 15 workers of 15 for evacuation
[2022-10-24T12:37:41.541+0200][gc,phases   ] GC(26)   Pre Evacuate Collection Set: 0,4ms
[2022-10-24T12:37:41.541+0200][gc,phases   ] GC(26)   Merge Heap Roots: 0,2ms
[2022-10-24T12:37:41.541+0200][gc,phases   ] GC(26)   Evacuate Collection Set: 14,7ms
[2022-10-24T12:37:41.541+0200][gc,phases   ] GC(26)   Post Evacuate Collection Set: 0,8ms
[2022-10-24T12:37:41.541+0200][gc,phases   ] GC(26)   Other: 0,2ms
[2022-10-24T12:37:41.541+0200][gc,heap     ] GC(26) Eden regions: 45->0(45)
[2022-10-24T12:37:41.541+0200][gc,heap     ] GC(26) Survivor regions: 6->6(7)
[2022-10-24T12:37:41.541+0200][gc,heap     ] GC(26) Old regions: 75->78
[2022-10-24T12:37:41.541+0200][gc,heap     ] GC(26) Archive regions: 2->2
[2022-10-24T12:37:41.541+0200][gc,heap     ] GC(26) Humongous regions: 129->129
[2022-10-24T12:37:41.541+0200][gc,metaspace] GC(26) Metaspace: 42015K(42752K)->42015K(42752K) NonClass: 37103K(37504K)->37103K(37504K) Class: 4911K(5248K)->4911K(5248K)
[2022-10-24T12:37:41.541+0200][gc          ] GC(26) Pause Young (Normal) (G1 Evacuation Pause) 254M->212M(1024M) 17,224ms
[2022-10-24T12:37:41.541+0200][gc,cpu      ] GC(26) User=0,04s Sys=0,05s Real=0,02s
[2022-10-24T12:41:22.143+0200][gc,start    ] GC(27) Pause Young (Normal) (G1 Evacuation Pause)
[2022-10-24T12:41:22.144+0200][gc,task     ] GC(27) Using 15 workers of 15 for evacuation
[2022-10-24T12:41:22.154+0200][gc,phases   ] GC(27)   Pre Evacuate Collection Set: 0,3ms
[2022-10-24T12:41:22.154+0200][gc,phases   ] GC(27)   Merge Heap Roots: 0,1ms
[2022-10-24T12:41:22.154+0200][gc,phases   ] GC(27)   Evacuate Collection Set: 9,4ms
[2022-10-24T12:41:22.154+0200][gc,phases   ] GC(27)   Post Evacuate Collection Set: 0,5ms
[2022-10-24T12:41:22.154+0200][gc,phases   ] GC(27)   Other: 0,2ms
[2022-10-24T12:41:22.154+0200][gc,heap     ] GC(27) Eden regions: 45->0(45)
[2022-10-24T12:41:22.154+0200][gc,heap     ] GC(27) Survivor regions: 6->6(7)
[2022-10-24T12:41:22.154+0200][gc,heap     ] GC(27) Old regions: 78->82
[2022-10-24T12:41:22.154+0200][gc,heap     ] GC(27) Archive regions: 2->2
[2022-10-24T12:41:22.154+0200][gc,heap     ] GC(27) Humongous regions: 129->129
[2022-10-24T12:41:22.154+0200][gc,metaspace] GC(27) Metaspace: 42017K(42752K)->42017K(42752K) NonClass: 37105K(37504K)->37105K(37504K) Class: 4911K(5248K)->4911K(5248K)
[2022-10-24T12:41:22.154+0200][gc          ] GC(27) Pause Young (Normal) (G1 Evacuation Pause) 257M->216M(1024M) 11,468ms
[2022-10-24T12:41:22.154+0200][gc,cpu      ] GC(27) User=0,03s Sys=0,02s Real=0,01s
[2022-10-24T12:45:01.095+0200][gc,start    ] GC(28) Pause Young (Normal) (G1 Evacuation Pause)
[2022-10-24T12:45:01.096+0200][gc,task     ] GC(28) Using 15 workers of 15 for evacuation
[2022-10-24T12:45:01.107+0200][gc,phases   ] GC(28)   Pre Evacuate Collection Set: 0,9ms
[2022-10-24T12:45:01.107+0200][gc,phases   ] GC(28)   Merge Heap Roots: 0,1ms
[2022-10-24T12:45:01.107+0200][gc,phases   ] GC(28)   Evacuate Collection Set: 9,2ms
[2022-10-24T12:45:01.107+0200][gc,phases   ] GC(28)   Post Evacuate Collection Set: 0,3ms
[2022-10-24T12:45:01.107+0200][gc,phases   ] GC(28)   Other: 0,2ms
[2022-10-24T12:45:01.107+0200][gc,heap     ] GC(28) Eden regions: 45->0(45)
[2022-10-24T12:45:01.107+0200][gc,heap     ] GC(28) Survivor regions: 6->6(7)
[2022-10-24T12:45:01.107+0200][gc,heap     ] GC(28) Old regions: 82->86
[2022-10-24T12:45:01.107+0200][gc,heap     ] GC(28) Archive regions: 2->2
[2022-10-24T12:45:01.107+0200][gc,heap     ] GC(28) Humongous regions: 129->129
[2022-10-24T12:45:01.107+0200][gc,metaspace] GC(28) Metaspace: 42018K(42752K)->42018K(42752K) NonClass: 37106K(37504K)->37106K(37504K) Class: 4911K(5248K)->4911K(5248K)
[2022-10-24T12:45:01.107+0200][gc          ] GC(28) Pause Young (Normal) (G1 Evacuation Pause) 261M->220M(1024M) 11,717ms
[2022-10-24T12:45:01.107+0200][gc,cpu      ] GC(28) User=0,03s Sys=0,03s Real=0,01s
[2022-10-24T12:48:42.904+0200][gc,start    ] GC(29) Pause Young (Normal) (G1 Evacuation Pause)
[2022-10-24T12:48:42.905+0200][gc,task     ] GC(29) Using 15 workers of 15 for evacuation
[2022-10-24T12:48:42.957+0200][gc,mmu      ] GC(29) MMU target violated: 21,0ms (20,0ms/21,0ms)
[2022-10-24T12:48:42.957+0200][gc,phases   ] GC(29)   Pre Evacuate Collection Set: 2,5ms
[2022-10-24T12:48:42.957+0200][gc,phases   ] GC(29)   Merge Heap Roots: 0,3ms
[2022-10-24T12:48:42.957+0200][gc,phases   ] GC(29)   Evacuate Collection Set: 46,9ms
[2022-10-24T12:48:42.957+0200][gc,phases   ] GC(29)   Post Evacuate Collection Set: 2,0ms
[2022-10-24T12:48:42.957+0200][gc,phases   ] GC(29)   Other: 0,4ms
[2022-10-24T12:48:42.957+0200][gc,heap     ] GC(29) Eden regions: 45->0(45)
[2022-10-24T12:48:42.957+0200][gc,heap     ] GC(29) Survivor regions: 6->6(7)
[2022-10-24T12:48:42.957+0200][gc,heap     ] GC(29) Old regions: 86->89
[2022-10-24T12:48:42.957+0200][gc,heap     ] GC(29) Archive regions: 2->2
[2022-10-24T12:48:42.957+0200][gc,heap     ] GC(29) Humongous regions: 129->129
[2022-10-24T12:48:42.957+0200][gc,metaspace] GC(29) Metaspace: 42026K(42752K)->42026K(42752K) NonClass: 37114K(37504K)->37114K(37504K) Class: 4911K(5248K)->4911K(5248K)
[2022-10-24T12:48:42.957+0200][gc          ] GC(29) Pause Young (Normal) (G1 Evacuation Pause) 265M->223M(1024M) 53,518ms
[2022-10-24T12:48:42.957+0200][gc,cpu      ] GC(29) User=0,03s Sys=0,13s Real=0,05s
[2022-10-24T12:52:24.326+0200][gc,start    ] GC(30) Pause Young (Normal) (G1 Evacuation Pause)
[2022-10-24T12:52:24.326+0200][gc,task     ] GC(30) Using 15 workers of 15 for evacuation
[2022-10-24T12:52:24.337+0200][gc,phases   ] GC(30)   Pre Evacuate Collection Set: 0,4ms
[2022-10-24T12:52:24.337+0200][gc,phases   ] GC(30)   Merge Heap Roots: 0,3ms
[2022-10-24T12:52:24.337+0200][gc,phases   ] GC(30)   Evacuate Collection Set: 8,8ms
[2022-10-24T12:52:24.337+0200][gc,phases   ] GC(30)   Post Evacuate Collection Set: 0,5ms
[2022-10-24T12:52:24.337+0200][gc,phases   ] GC(30)   Other: 0,1ms
[2022-10-24T12:52:24.337+0200][gc,heap     ] GC(30) Eden regions: 45->0(45)
[2022-10-24T12:52:24.337+0200][gc,heap     ] GC(30) Survivor regions: 6->6(7)
[2022-10-24T12:52:24.337+0200][gc,heap     ] GC(30) Old regions: 89->93
[2022-10-24T12:52:24.337+0200][gc,heap     ] GC(30) Archive regions: 2->2
[2022-10-24T12:52:24.337+0200][gc,heap     ] GC(30) Humongous regions: 129->129
[2022-10-24T12:52:24.337+0200][gc,metaspace] GC(30) Metaspace: 42027K(42752K)->42027K(42752K) NonClass: 37115K(37504K)->37115K(37504K) Class: 4911K(5248K)->4911K(5248K)
[2022-10-24T12:52:24.337+0200][gc          ] GC(30) Pause Young (Normal) (G1 Evacuation Pause) 268M->227M(1024M) 11,022ms
[2022-10-24T12:52:24.337+0200][gc,cpu      ] GC(30) User=0,03s Sys=0,02s Real=0,01s
[2022-10-24T12:56:04.491+0200][gc,start    ] GC(31) Pause Young (Normal) (G1 Evacuation Pause)
[2022-10-24T12:56:04.492+0200][gc,task     ] GC(31) Using 15 workers of 15 for evacuation
[2022-10-24T12:56:04.496+0200][gc,phases   ] GC(31)   Pre Evacuate Collection Set: 0,3ms
[2022-10-24T12:56:04.496+0200][gc,phases   ] GC(31)   Merge Heap Roots: 0,1ms
[2022-10-24T12:56:04.496+0200][gc,phases   ] GC(31)   Evacuate Collection Set: 3,4ms
[2022-10-24T12:56:04.496+0200][gc,phases   ] GC(31)   Post Evacuate Collection Set: 0,2ms
[2022-10-24T12:56:04.496+0200][gc,phases   ] GC(31)   Other: 0,1ms
[2022-10-24T12:56:04.496+0200][gc,heap     ] GC(31) Eden regions: 45->0(45)
[2022-10-24T12:56:04.496+0200][gc,heap     ] GC(31) Survivor regions: 6->6(7)
[2022-10-24T12:56:04.496+0200][gc,heap     ] GC(31) Old regions: 93->97
[2022-10-24T12:56:04.496+0200][gc,heap     ] GC(31) Archive regions: 2->2
[2022-10-24T12:56:04.496+0200][gc,heap     ] GC(31) Humongous regions: 129->129
[2022-10-24T12:56:04.496+0200][gc,metaspace] GC(31) Metaspace: 42027K(42752K)->42027K(42752K) NonClass: 37115K(37504K)->37115K(37504K) Class: 4911K(5248K)->4911K(5248K)
[2022-10-24T12:56:04.496+0200][gc          ] GC(31) Pause Young (Normal) (G1 Evacuation Pause) 272M->231M(1024M) 5,140ms
[2022-10-24T12:56:04.496+0200][gc,cpu      ] GC(31) User=0,03s Sys=0,01s Real=0,00s
[2022-10-24T12:59:45.774+0200][gc,start    ] GC(32) Pause Young (Normal) (G1 Evacuation Pause)
[2022-10-24T12:59:45.775+0200][gc,task     ] GC(32) Using 15 workers of 15 for evacuation
[2022-10-24T12:59:45.780+0200][gc,phases   ] GC(32)   Pre Evacuate Collection Set: 0,2ms
[2022-10-24T12:59:45.780+0200][gc,phases   ] GC(32)   Merge Heap Roots: 0,1ms
[2022-10-24T12:59:45.780+0200][gc,phases   ] GC(32)   Evacuate Collection Set: 4,7ms
[2022-10-24T12:59:45.780+0200][gc,phases   ] GC(32)   Post Evacuate Collection Set: 0,3ms
[2022-10-24T12:59:45.780+0200][gc,phases   ] GC(32)   Other: 0,1ms
[2022-10-24T12:59:45.780+0200][gc,heap     ] GC(32) Eden regions: 45->0(45)
[2022-10-24T12:59:45.780+0200][gc,heap     ] GC(32) Survivor regions: 6->6(7)
[2022-10-24T12:59:45.780+0200][gc,heap     ] GC(32) Old regions: 97->100
[2022-10-24T12:59:45.780+0200][gc,heap     ] GC(32) Archive regions: 2->2
[2022-10-24T12:59:45.780+0200][gc,heap     ] GC(32) Humongous regions: 129->129
[2022-10-24T12:59:45.780+0200][gc,metaspace] GC(32) Metaspace: 42029K(42752K)->42029K(42752K) NonClass: 37117K(37504K)->37117K(37504K) Class: 4911K(5248K)->4911K(5248K)
[2022-10-24T12:59:45.780+0200][gc          ] GC(32) Pause Young (Normal) (G1 Evacuation Pause) 276M->235M(1024M) 6,520ms
[2022-10-24T12:59:45.780+0200][gc,cpu      ] GC(32) User=0,03s Sys=0,01s Real=0,01s
[2022-10-24T13:02:29.953+0200][gc,start    ] GC(33) Pause Young (Normal) (G1 Evacuation Pause)
[2022-10-24T13:02:29.954+0200][gc,task     ] GC(33) Using 15 workers of 15 for evacuation
[2022-10-24T13:02:29.964+0200][gc,phases   ] GC(33)   Pre Evacuate Collection Set: 0,3ms
[2022-10-24T13:02:29.964+0200][gc,phases   ] GC(33)   Merge Heap Roots: 0,2ms
[2022-10-24T13:02:29.964+0200][gc,phases   ] GC(33)   Evacuate Collection Set: 8,9ms
[2022-10-24T13:02:29.964+0200][gc,phases   ] GC(33)   Post Evacuate Collection Set: 0,3ms
[2022-10-24T13:02:29.964+0200][gc,phases   ] GC(33)   Other: 0,2ms
[2022-10-24T13:02:29.964+0200][gc,heap     ] GC(33) Eden regions: 45->0(60)
[2022-10-24T13:02:29.964+0200][gc,heap     ] GC(33) Survivor regions: 6->5(7)
[2022-10-24T13:02:29.964+0200][gc,heap     ] GC(33) Old regions: 100->104
[2022-10-24T13:02:29.964+0200][gc,heap     ] GC(33) Archive regions: 2->2
[2022-10-24T13:02:29.964+0200][gc,heap     ] GC(33) Humongous regions: 129->129
[2022-10-24T13:02:29.964+0200][gc,metaspace] GC(33) Metaspace: 42041K(42752K)->42041K(42752K) NonClass: 37129K(37504K)->37129K(37504K) Class: 4911K(5248K)->4911K(5248K)
[2022-10-24T13:02:29.964+0200][gc          ] GC(33) Pause Young (Normal) (G1 Evacuation Pause) 280M->237M(1024M) 11,003ms
[2022-10-24T13:02:29.964+0200][gc,cpu      ] GC(33) User=0,03s Sys=0,03s Real=0,01s
[2022-10-24T13:05:30.321+0200][gc,start    ] GC(34) Pause Young (Normal) (G1 Evacuation Pause)
[2022-10-24T13:05:30.321+0200][gc,task     ] GC(34) Using 15 workers of 15 for evacuation
[2022-10-24T13:05:30.334+0200][gc,phases   ] GC(34)   Pre Evacuate Collection Set: 0,2ms
[2022-10-24T13:05:30.334+0200][gc,phases   ] GC(34)   Merge Heap Roots: 0,1ms
[2022-10-24T13:05:30.334+0200][gc,phases   ] GC(34)   Evacuate Collection Set: 12,2ms
[2022-10-24T13:05:30.334+0200][gc,phases   ] GC(34)   Post Evacuate Collection Set: 0,5ms
[2022-10-24T13:05:30.334+0200][gc,phases   ] GC(34)   Other: 0,1ms
[2022-10-24T13:05:30.335+0200][gc,heap     ] GC(34) Eden regions: 60->0(42)
[2022-10-24T13:05:30.335+0200][gc,heap     ] GC(34) Survivor regions: 5->9(9)
[2022-10-24T13:05:30.335+0200][gc,heap     ] GC(34) Old regions: 104->104
[2022-10-24T13:05:30.335+0200][gc,heap     ] GC(34) Archive regions: 2->2
[2022-10-24T13:05:30.335+0200][gc,heap     ] GC(34) Humongous regions: 129->129
[2022-10-24T13:05:30.335+0200][gc,metaspace] GC(34) Metaspace: 42059K(42816K)->42059K(42816K) NonClass: 37147K(37568K)->37147K(37568K) Class: 4911K(5248K)->4911K(5248K)
[2022-10-24T13:05:30.335+0200][gc          ] GC(34) Pause Young (Normal) (G1 Evacuation Pause) 297M->242M(1024M) 13,495ms
[2022-10-24T13:05:30.335+0200][gc,cpu      ] GC(34) User=0,03s Sys=0,08s Real=0,01s
[2022-10-24T13:07:58.324+0200][gc,start    ] GC(35) Pause Young (Normal) (G1 Evacuation Pause)
[2022-10-24T13:07:58.325+0200][gc,task     ] GC(35) Using 15 workers of 15 for evacuation
[2022-10-24T13:07:58.331+0200][gc,phases   ] GC(35)   Pre Evacuate Collection Set: 0,3ms
[2022-10-24T13:07:58.331+0200][gc,phases   ] GC(35)   Merge Heap Roots: 0,1ms
[2022-10-24T13:07:58.331+0200][gc,phases   ] GC(35)   Evacuate Collection Set: 4,8ms
[2022-10-24T13:07:58.331+0200][gc,phases   ] GC(35)   Post Evacuate Collection Set: 0,3ms
[2022-10-24T13:07:58.331+0200][gc,phases   ] GC(35)   Other: 0,1ms
[2022-10-24T13:07:58.331+0200][gc,heap     ] GC(35) Eden regions: 42->0(89)
[2022-10-24T13:07:58.331+0200][gc,heap     ] GC(35) Survivor regions: 9->5(7)
[2022-10-24T13:07:58.331+0200][gc,heap     ] GC(35) Old regions: 104->112
[2022-10-24T13:07:58.331+0200][gc,heap     ] GC(35) Archive regions: 2->2
[2022-10-24T13:07:58.331+0200][gc,heap     ] GC(35) Humongous regions: 129->129
[2022-10-24T13:07:58.331+0200][gc,metaspace] GC(35) Metaspace: 42060K(42816K)->42060K(42816K) NonClass: 37148K(37568K)->37148K(37568K) Class: 4911K(5248K)->4911K(5248K)
[2022-10-24T13:07:58.331+0200][gc          ] GC(35) Pause Young (Normal) (G1 Evacuation Pause) 284M->245M(1024M) 6,683ms
[2022-10-24T13:07:58.331+0200][gc,cpu      ] GC(35) User=0,04s Sys=0,00s Real=0,01s
[2022-10-24T13:12:00.617+0200][gc,start    ] GC(36) Pause Young (Normal) (G1 Evacuation Pause)
[2022-10-24T13:12:00.618+0200][gc,task     ] GC(36) Using 15 workers of 15 for evacuation
[2022-10-24T13:12:00.631+0200][gc,phases   ] GC(36)   Pre Evacuate Collection Set: 0,2ms
[2022-10-24T13:12:00.631+0200][gc,phases   ] GC(36)   Merge Heap Roots: 0,1ms
[2022-10-24T13:12:00.631+0200][gc,phases   ] GC(36)   Evacuate Collection Set: 12,0ms
[2022-10-24T13:12:00.631+0200][gc,phases   ] GC(36)   Post Evacuate Collection Set: 0,5ms
[2022-10-24T13:12:00.631+0200][gc,phases   ] GC(36)   Other: 0,1ms
[2022-10-24T13:12:00.631+0200][gc,heap     ] GC(36) Eden regions: 89->0(41)
[2022-10-24T13:12:00.631+0200][gc,heap     ] GC(36) Survivor regions: 5->12(12)
[2022-10-24T13:12:00.631+0200][gc,heap     ] GC(36) Old regions: 112->113
[2022-10-24T13:12:00.631+0200][gc,heap     ] GC(36) Archive regions: 2->2
[2022-10-24T13:12:00.631+0200][gc,heap     ] GC(36) Humongous regions: 129->129
[2022-10-24T13:12:00.631+0200][gc,metaspace] GC(36) Metaspace: 42064K(42816K)->42064K(42816K) NonClass: 37152K(37568K)->37152K(37568K) Class: 4911K(5248K)->4911K(5248K)
[2022-10-24T13:12:00.631+0200][gc          ] GC(36) Pause Young (Normal) (G1 Evacuation Pause) 334M->254M(1024M) 13,885ms
[2022-10-24T13:12:00.631+0200][gc,cpu      ] GC(36) User=0,04s Sys=0,07s Real=0,02s
[2022-10-24T13:14:54.360+0200][gc,start    ] GC(37) Pause Young (Normal) (G1 Evacuation Pause)
[2022-10-24T13:14:54.361+0200][gc,task     ] GC(37) Using 15 workers of 15 for evacuation
[2022-10-24T13:14:54.368+0200][gc,phases   ] GC(37)   Pre Evacuate Collection Set: 0,3ms
[2022-10-24T13:14:54.368+0200][gc,phases   ] GC(37)   Merge Heap Roots: 0,1ms
[2022-10-24T13:14:54.368+0200][gc,phases   ] GC(37)   Evacuate Collection Set: 5,3ms
[2022-10-24T13:14:54.368+0200][gc,phases   ] GC(37)   Post Evacuate Collection Set: 0,5ms
[2022-10-24T13:14:54.368+0200][gc,phases   ] GC(37)   Other: 0,1ms
[2022-10-24T13:14:54.368+0200][gc,heap     ] GC(37) Eden regions: 41->0(77)
[2022-10-24T13:14:54.368+0200][gc,heap     ] GC(37) Survivor regions: 12->4(7)
[2022-10-24T13:14:54.368+0200][gc,heap     ] GC(37) Old regions: 113->123
[2022-10-24T13:14:54.368+0200][gc,heap     ] GC(37) Archive regions: 2->2
[2022-10-24T13:14:54.368+0200][gc,heap     ] GC(37) Humongous regions: 129->129
[2022-10-24T13:14:54.368+0200][gc,metaspace] GC(37) Metaspace: 42072K(42816K)->42072K(42816K) NonClass: 37160K(37568K)->37160K(37568K) Class: 4911K(5248K)->4911K(5248K)
[2022-10-24T13:14:54.368+0200][gc          ] GC(37) Pause Young (Normal) (G1 Evacuation Pause) 295M->256M(1024M) 7,284ms
[2022-10-24T13:14:54.368+0200][gc,cpu      ] GC(37) User=0,04s Sys=0,01s Real=0,00s
[2022-10-24T13:19:55.319+0200][gc,start    ] GC(38) Pause Young (Normal) (G1 Evacuation Pause)
[2022-10-24T13:19:55.320+0200][gc,task     ] GC(38) Using 15 workers of 15 for evacuation
[2022-10-24T13:19:55.323+0200][gc,phases   ] GC(38)   Pre Evacuate Collection Set: 0,2ms
[2022-10-24T13:19:55.323+0200][gc,phases   ] GC(38)   Merge Heap Roots: 0,1ms
[2022-10-24T13:19:55.323+0200][gc,phases   ] GC(38)   Evacuate Collection Set: 2,2ms
[2022-10-24T13:19:55.323+0200][gc,phases   ] GC(38)   Post Evacuate Collection Set: 0,4ms
[2022-10-24T13:19:55.323+0200][gc,phases   ] GC(38)   Other: 0,1ms
[2022-10-24T13:19:55.323+0200][gc,heap     ] GC(38) Eden regions: 77->0(85)
[2022-10-24T13:19:55.323+0200][gc,heap     ] GC(38) Survivor regions: 4->8(11)
[2022-10-24T13:19:55.323+0200][gc,heap     ] GC(38) Old regions: 123->123
[2022-10-24T13:19:55.323+0200][gc,heap     ] GC(38) Archive regions: 2->2
[2022-10-24T13:19:55.323+0200][gc,heap     ] GC(38) Humongous regions: 129->129
[2022-10-24T13:19:55.323+0200][gc,metaspace] GC(38) Metaspace: 42094K(42816K)->42094K(42816K) NonClass: 37181K(37568K)->37181K(37568K) Class: 4913K(5248K)->4913K(5248K)
[2022-10-24T13:19:55.324+0200][gc          ] GC(38) Pause Young (Normal) (G1 Evacuation Pause) 333M->260M(1024M) 4,108ms
[2022-10-24T13:19:55.324+0200][gc,cpu      ] GC(38) User=0,02s Sys=0,00s Real=0,01s
[2022-10-24T13:28:35.202+0200][gc,start    ] GC(39) Pause Young (Normal) (G1 Evacuation Pause)
[2022-10-24T13:28:35.203+0200][gc,task     ] GC(39) Using 15 workers of 15 for evacuation
[2022-10-24T13:28:35.209+0200][gc,phases   ] GC(39)   Pre Evacuate Collection Set: 0,2ms
[2022-10-24T13:28:35.209+0200][gc,phases   ] GC(39)   Merge Heap Roots: 0,1ms
[2022-10-24T13:28:35.209+0200][gc,phases   ] GC(39)   Evacuate Collection Set: 4,6ms
[2022-10-24T13:28:35.209+0200][gc,phases   ] GC(39)   Post Evacuate Collection Set: 0,4ms
[2022-10-24T13:28:35.209+0200][gc,phases   ] GC(39)   Other: 0,2ms
[2022-10-24T13:28:35.209+0200][gc,heap     ] GC(39) Eden regions: 85->0(86)
[2022-10-24T13:28:35.209+0200][gc,heap     ] GC(39) Survivor regions: 8->12(12)
[2022-10-24T13:28:35.209+0200][gc,heap     ] GC(39) Old regions: 123->127
[2022-10-24T13:28:35.209+0200][gc,heap     ] GC(39) Archive regions: 2->2
[2022-10-24T13:28:35.209+0200][gc,heap     ] GC(39) Humongous regions: 129->129
[2022-10-24T13:28:35.209+0200][gc,metaspace] GC(39) Metaspace: 42116K(42816K)->42116K(42816K) NonClass: 37199K(37568K)->37199K(37568K) Class: 4916K(5248K)->4916K(5248K)
[2022-10-24T13:28:35.209+0200][gc          ] GC(39) Pause Young (Normal) (G1 Evacuation Pause) 345M->268M(1024M) 6,515ms
[2022-10-24T13:28:35.209+0200][gc,cpu      ] GC(39) User=0,04s Sys=0,01s Real=0,00s
[2022-10-24T13:34:32.069+0200][gc,start    ] GC(40) Pause Young (Normal) (G1 Evacuation Pause)
[2022-10-24T13:34:32.070+0200][gc,task     ] GC(40) Using 15 workers of 15 for evacuation
[2022-10-24T13:34:32.077+0200][gc,phases   ] GC(40)   Pre Evacuate Collection Set: 0,3ms
[2022-10-24T13:34:32.077+0200][gc,phases   ] GC(40)   Merge Heap Roots: 0,1ms
[2022-10-24T13:34:32.077+0200][gc,phases   ] GC(40)   Evacuate Collection Set: 6,1ms
[2022-10-24T13:34:32.077+0200][gc,phases   ] GC(40)   Post Evacuate Collection Set: 0,6ms
[2022-10-24T13:34:32.077+0200][gc,phases   ] GC(40)   Other: 0,2ms
[2022-10-24T13:34:32.077+0200][gc,heap     ] GC(40) Eden regions: 85->0(137)
[2022-10-24T13:34:32.077+0200][gc,heap     ] GC(40) Survivor regions: 12->8(13)
[2022-10-24T13:34:32.077+0200][gc,heap     ] GC(40) Old regions: 127->138
[2022-10-24T13:34:32.077+0200][gc,heap     ] GC(40) Archive regions: 2->2
[2022-10-24T13:34:32.077+0200][gc,heap     ] GC(40) Humongous regions: 129->129
[2022-10-24T13:34:32.077+0200][gc,metaspace] GC(40) Metaspace: 42121K(42816K)->42121K(42816K) NonClass: 37204K(37568K)->37204K(37568K) Class: 4916K(5248K)->4916K(5248K)
[2022-10-24T13:34:32.077+0200][gc          ] GC(40) Pause Young (Normal) (G1 Evacuation Pause) 353M->274M(1024M) 8,333ms
[2022-10-24T13:34:32.077+0200][gc,cpu      ] GC(40) User=0,06s Sys=0,01s Real=0,01s
[2022-10-24T13:41:49.420+0200][gc,start    ] GC(41) Pause Young (Normal) (G1 Evacuation Pause)
[2022-10-24T13:41:49.421+0200][gc,task     ] GC(41) Using 15 workers of 15 for evacuation
[2022-10-24T13:41:49.434+0200][gc,phases   ] GC(41)   Pre Evacuate Collection Set: 0,3ms
[2022-10-24T13:41:49.434+0200][gc,phases   ] GC(41)   Merge Heap Roots: 0,1ms
[2022-10-24T13:41:49.434+0200][gc,phases   ] GC(41)   Evacuate Collection Set: 11,9ms
[2022-10-24T13:41:49.434+0200][gc,phases   ] GC(41)   Post Evacuate Collection Set: 0,4ms
[2022-10-24T13:41:49.434+0200][gc,phases   ] GC(41)   Other: 0,2ms
[2022-10-24T13:41:49.434+0200][gc,heap     ] GC(41) Eden regions: 137->0(137)
[2022-10-24T13:41:49.434+0200][gc,heap     ] GC(41) Survivor regions: 8->16(19)
[2022-10-24T13:41:49.434+0200][gc,heap     ] GC(41) Old regions: 138->138
[2022-10-24T13:41:49.434+0200][gc,heap     ] GC(41) Archive regions: 2->2
[2022-10-24T13:41:49.434+0200][gc,heap     ] GC(41) Humongous regions: 129->129
[2022-10-24T13:41:49.434+0200][gc,metaspace] GC(41) Metaspace: 42123K(42816K)->42123K(42816K) NonClass: 37206K(37568K)->37206K(37568K) Class: 4916K(5248K)->4916K(5248K)
[2022-10-24T13:41:49.434+0200][gc          ] GC(41) Pause Young (Normal) (G1 Evacuation Pause) 411M->283M(1024M) 13,518ms
[2022-10-24T13:41:49.434+0200][gc,cpu      ] GC(41) User=0,06s Sys=0,02s Real=0,01s
[2022-10-24T13:52:11.031+0200][gc,start    ] GC(42) Pause Young (Normal) (G1 Evacuation Pause)
[2022-10-24T13:52:11.032+0200][gc,task     ] GC(42) Using 15 workers of 15 for evacuation
[2022-10-24T13:52:11.050+0200][gc,phases   ] GC(42)   Pre Evacuate Collection Set: 0,3ms
[2022-10-24T13:52:11.050+0200][gc,phases   ] GC(42)   Merge Heap Roots: 0,2ms
[2022-10-24T13:52:11.050+0200][gc,phases   ] GC(42)   Evacuate Collection Set: 16,7ms
[2022-10-24T13:52:11.050+0200][gc,phases   ] GC(42)   Post Evacuate Collection Set: 1,1ms
[2022-10-24T13:52:11.050+0200][gc,phases   ] GC(42)   Other: 0,1ms
[2022-10-24T13:52:11.050+0200][gc,heap     ] GC(42) Eden regions: 137->0(102)
[2022-10-24T13:52:11.050+0200][gc,heap     ] GC(42) Survivor regions: 16->20(20)
[2022-10-24T13:52:11.050+0200][gc,heap     ] GC(42) Old regions: 138->145
[2022-10-24T13:52:11.050+0200][gc,heap     ] GC(42) Archive regions: 2->2
[2022-10-24T13:52:11.050+0200][gc,heap     ] GC(42) Humongous regions: 129->129
[2022-10-24T13:52:11.050+0200][gc,metaspace] GC(42) Metaspace: 42127K(42816K)->42127K(42816K) NonClass: 37210K(37568K)->37210K(37568K) Class: 4916K(5248K)->4916K(5248K)
[2022-10-24T13:52:11.050+0200][gc          ] GC(42) Pause Young (Normal) (G1 Evacuation Pause) 420M->293M(1024M) 19,374ms
[2022-10-24T13:52:11.050+0200][gc,cpu      ] GC(42) User=0,08s Sys=0,01s Real=0,02s
