[2022-10-03T18:20:38.431+0200][gc,init] CardTable entry size: 512
[2022-10-03T18:20:38.431+0200][gc     ] Using G1
[2022-10-03T18:20:38.435+0200][gc,init] Version: 18.0.1.1+2-6 (release)
[2022-10-03T18:20:38.435+0200][gc,init] CPUs: 20 total, 20 available
[2022-10-03T18:20:38.436+0200][gc,init] Memory: 32768M
[2022-10-03T18:20:38.436+0200][gc,init] Large Page Support: Disabled
[2022-10-03T18:20:38.436+0200][gc,init] NUMA Support: Disabled
[2022-10-03T18:20:38.436+0200][gc,init] Compressed Oops: Enabled (Zero based)
[2022-10-03T18:20:38.436+0200][gc,init] Heap Region Size: 1M
[2022-10-03T18:20:38.436+0200][gc,init] Heap Min Capacity: 1G
[2022-10-03T18:20:38.436+0200][gc,init] Heap Initial Capacity: 1G
[2022-10-03T18:20:38.436+0200][gc,init] Heap Max Capacity: 1G
[2022-10-03T18:20:38.436+0200][gc,init] Pre-touch: Disabled
[2022-10-03T18:20:38.436+0200][gc,init] Parallel Workers: 15
[2022-10-03T18:20:38.436+0200][gc,init] Concurrent Workers: 4
[2022-10-03T18:20:38.436+0200][gc,init] Concurrent Refinement Workers: 15
[2022-10-03T18:20:38.436+0200][gc,init] Periodic GC: Disabled
[2022-10-03T18:20:38.436+0200][gc,metaspace] CDS archive(s) mapped at: [0x0000000800000000-0x0000000800ba8000-0x0000000800ba8000), size 12222464, SharedBaseAddress: 0x0000000800000000, ArchiveRelocationMode: 0.
[2022-10-03T18:20:38.436+0200][gc,metaspace] Compressed class space mapped at: 0x0000000800c00000-0x0000000840c00000, reserved size: 1073741824
[2022-10-03T18:20:38.436+0200][gc,metaspace] Narrow klass base: 0x0000000800000000, Narrow klass shift: 0, Narrow klass range: 0x100000000
[2022-10-03T18:20:39.833+0200][gc,start    ] GC(0) Pause Young (Normal) (G1 Evacuation Pause)
[2022-10-03T18:20:39.834+0200][gc,task     ] GC(0) Using 15 workers of 15 for evacuation
[2022-10-03T18:20:39.836+0200][gc,phases   ] GC(0)   Pre Evacuate Collection Set: 0,2ms
[2022-10-03T18:20:39.836+0200][gc,phases   ] GC(0)   Merge Heap Roots: 0,1ms
[2022-10-03T18:20:39.836+0200][gc,phases   ] GC(0)   Evacuate Collection Set: 2,1ms
[2022-10-03T18:20:39.836+0200][gc,phases   ] GC(0)   Post Evacuate Collection Set: 0,4ms
[2022-10-03T18:20:39.836+0200][gc,phases   ] GC(0)   Other: 0,5ms
[2022-10-03T18:20:39.836+0200][gc,heap     ] GC(0) Eden regions: 51->0(44)
[2022-10-03T18:20:39.836+0200][gc,heap     ] GC(0) Survivor regions: 0->7(7)
[2022-10-03T18:20:39.836+0200][gc,heap     ] GC(0) Old regions: 0->1
[2022-10-03T18:20:39.836+0200][gc,heap     ] GC(0) Archive regions: 2->2
[2022-10-03T18:20:39.836+0200][gc,heap     ] GC(0) Humongous regions: 0->0
[2022-10-03T18:20:39.837+0200][gc,metaspace] GC(0) Metaspace: 18771K(19008K)->18771K(19008K) NonClass: 16565K(16704K)->16565K(16704K) Class: 2206K(2304K)->2206K(2304K)
[2022-10-03T18:20:39.837+0200][gc          ] GC(0) Pause Young (Normal) (G1 Evacuation Pause) 51M->8M(1024M) 3,506ms
[2022-10-03T18:20:39.837+0200][gc,cpu      ] GC(0) User=0,01s Sys=0,01s Real=0,00s
[2022-10-03T18:20:40.052+0200][gc,start    ] GC(1) Pause Young (Concurrent Start) (Metadata GC Threshold)
[2022-10-03T18:20:40.052+0200][gc,task     ] GC(1) Using 15 workers of 15 for evacuation
[2022-10-03T18:20:40.057+0200][gc,phases   ] GC(1)   Pre Evacuate Collection Set: 0,3ms
[2022-10-03T18:20:40.057+0200][gc,phases   ] GC(1)   Merge Heap Roots: 0,1ms
[2022-10-03T18:20:40.057+0200][gc,phases   ] GC(1)   Evacuate Collection Set: 4,2ms
[2022-10-03T18:20:40.057+0200][gc,phases   ] GC(1)   Post Evacuate Collection Set: 0,5ms
[2022-10-03T18:20:40.057+0200][gc,phases   ] GC(1)   Other: 0,0ms
[2022-10-03T18:20:40.057+0200][gc,heap     ] GC(1) Eden regions: 11->0(49)
[2022-10-03T18:20:40.057+0200][gc,heap     ] GC(1) Survivor regions: 7->2(7)
[2022-10-03T18:20:40.057+0200][gc,heap     ] GC(1) Old regions: 1->8
[2022-10-03T18:20:40.057+0200][gc,heap     ] GC(1) Archive regions: 2->2
[2022-10-03T18:20:40.057+0200][gc,heap     ] GC(1) Humongous regions: 129->129
[2022-10-03T18:20:40.057+0200][gc,metaspace] GC(1) Metaspace: 21220K(21504K)->21220K(21504K) NonClass: 18717K(18880K)->18717K(18880K) Class: 2502K(2624K)->2502K(2624K)
[2022-10-03T18:20:40.057+0200][gc          ] GC(1) Pause Young (Concurrent Start) (Metadata GC Threshold) 148M->138M(1024M) 5,313ms
[2022-10-03T18:20:40.057+0200][gc,cpu      ] GC(1) User=0,02s Sys=0,02s Real=0,00s
[2022-10-03T18:20:40.057+0200][gc          ] GC(2) Concurrent Mark Cycle
[2022-10-03T18:20:40.057+0200][gc,marking  ] GC(2) Concurrent Clear Claimed Marks
[2022-10-03T18:20:40.057+0200][gc,marking  ] GC(2) Concurrent Clear Claimed Marks 0,015ms
[2022-10-03T18:20:40.057+0200][gc,marking  ] GC(2) Concurrent Scan Root Regions
[2022-10-03T18:20:40.058+0200][gc,marking  ] GC(2) Concurrent Scan Root Regions 1,122ms
[2022-10-03T18:20:40.058+0200][gc,marking  ] GC(2) Concurrent Mark
[2022-10-03T18:20:40.058+0200][gc,marking  ] GC(2) Concurrent Mark From Roots
[2022-10-03T18:20:40.058+0200][gc,task     ] GC(2) Using 4 workers of 4 for marking
[2022-10-03T18:20:40.060+0200][gc,marking  ] GC(2) Concurrent Mark From Roots 2,107ms
[2022-10-03T18:20:40.060+0200][gc,marking  ] GC(2) Concurrent Preclean
[2022-10-03T18:20:40.060+0200][gc,marking  ] GC(2) Concurrent Preclean 0,020ms
[2022-10-03T18:20:40.060+0200][gc,start    ] GC(2) Pause Remark
[2022-10-03T18:20:40.061+0200][gc          ] GC(2) Pause Remark 138M->138M(1024M) 1,024ms
[2022-10-03T18:20:40.061+0200][gc,cpu      ] GC(2) User=0,00s Sys=0,00s Real=0,00s
[2022-10-03T18:20:40.061+0200][gc,marking  ] GC(2) Concurrent Mark 3,329ms
[2022-10-03T18:20:40.061+0200][gc,marking  ] GC(2) Concurrent Rebuild Remembered Sets
[2022-10-03T18:20:40.063+0200][gc,marking  ] GC(2) Concurrent Rebuild Remembered Sets 1,090ms
[2022-10-03T18:20:40.063+0200][gc,start    ] GC(2) Pause Cleanup
[2022-10-03T18:20:40.063+0200][gc          ] GC(2) Pause Cleanup 138M->138M(1024M) 0,144ms
[2022-10-03T18:20:40.063+0200][gc,cpu      ] GC(2) User=0,00s Sys=0,00s Real=0,00s
[2022-10-03T18:20:40.063+0200][gc,marking  ] GC(2) Concurrent Cleanup for Next Mark
[2022-10-03T18:20:40.066+0200][gc,marking  ] GC(2) Concurrent Cleanup for Next Mark 3,114ms
[2022-10-03T18:20:40.066+0200][gc          ] GC(2) Concurrent Mark Cycle 9,203ms
[2022-10-03T18:20:40.572+0200][gc,start    ] GC(3) Pause Young (Normal) (GCLocker Initiated GC)
[2022-10-03T18:20:40.572+0200][gc,task     ] GC(3) Using 15 workers of 15 for evacuation
[2022-10-03T18:20:40.574+0200][gc,phases   ] GC(3)   Pre Evacuate Collection Set: 0,1ms
[2022-10-03T18:20:40.574+0200][gc,phases   ] GC(3)   Merge Heap Roots: 0,0ms
[2022-10-03T18:20:40.575+0200][gc,phases   ] GC(3)   Evacuate Collection Set: 1,7ms
[2022-10-03T18:20:40.575+0200][gc,phases   ] GC(3)   Post Evacuate Collection Set: 0,3ms
[2022-10-03T18:20:40.575+0200][gc,phases   ] GC(3)   Other: 0,1ms
[2022-10-03T18:20:40.575+0200][gc,heap     ] GC(3) Eden regions: 49->0(45)
[2022-10-03T18:20:40.575+0200][gc,heap     ] GC(3) Survivor regions: 2->6(7)
[2022-10-03T18:20:40.575+0200][gc,heap     ] GC(3) Old regions: 8->8
[2022-10-03T18:20:40.575+0200][gc,heap     ] GC(3) Archive regions: 2->2
[2022-10-03T18:20:40.575+0200][gc,heap     ] GC(3) Humongous regions: 129->129
[2022-10-03T18:20:40.575+0200][gc,metaspace] GC(3) Metaspace: 32561K(32896K)->32561K(32896K) NonClass: 28929K(29120K)->28929K(29120K) Class: 3631K(3776K)->3631K(3776K)
[2022-10-03T18:20:40.575+0200][gc          ] GC(3) Pause Young (Normal) (GCLocker Initiated GC) 187M->142M(1024M) 2,537ms
[2022-10-03T18:20:40.575+0200][gc,cpu      ] GC(3) User=0,01s Sys=0,00s Real=0,00s
[2022-10-03T18:20:44.197+0200][gc,start    ] GC(4) Pause Young (Concurrent Start) (Metadata GC Threshold)
[2022-10-03T18:20:44.197+0200][gc,task     ] GC(4) Using 15 workers of 15 for evacuation
[2022-10-03T18:20:44.200+0200][gc,phases   ] GC(4)   Pre Evacuate Collection Set: 0,3ms
[2022-10-03T18:20:44.200+0200][gc,phases   ] GC(4)   Merge Heap Roots: 0,0ms
[2022-10-03T18:20:44.200+0200][gc,phases   ] GC(4)   Evacuate Collection Set: 2,3ms
[2022-10-03T18:20:44.200+0200][gc,phases   ] GC(4)   Post Evacuate Collection Set: 0,5ms
[2022-10-03T18:20:44.200+0200][gc,phases   ] GC(4)   Other: 0,0ms
[2022-10-03T18:20:44.200+0200][gc,heap     ] GC(4) Eden regions: 20->0(49)
[2022-10-03T18:20:44.200+0200][gc,heap     ] GC(4) Survivor regions: 6->2(7)
[2022-10-03T18:20:44.200+0200][gc,heap     ] GC(4) Old regions: 8->13
[2022-10-03T18:20:44.200+0200][gc,heap     ] GC(4) Archive regions: 2->2
[2022-10-03T18:20:44.200+0200][gc,heap     ] GC(4) Humongous regions: 129->129
[2022-10-03T18:20:44.200+0200][gc,metaspace] GC(4) Metaspace: 35674K(36096K)->35674K(36096K) NonClass: 31569K(31808K)->31569K(31808K) Class: 4104K(4288K)->4104K(4288K)
[2022-10-03T18:20:44.200+0200][gc          ] GC(4) Pause Young (Concurrent Start) (Metadata GC Threshold) 161M->144M(1024M) 3,367ms
[2022-10-03T18:20:44.200+0200][gc          ] GC(5) Concurrent Mark Cycle
[2022-10-03T18:20:44.200+0200][gc,cpu      ] GC(4) User=0,02s Sys=0,01s Real=0,01s
[2022-10-03T18:20:44.200+0200][gc,marking  ] GC(5) Concurrent Clear Claimed Marks
[2022-10-03T18:20:44.200+0200][gc,marking  ] GC(5) Concurrent Clear Claimed Marks 0,079ms
[2022-10-03T18:20:44.200+0200][gc,marking  ] GC(5) Concurrent Scan Root Regions
[2022-10-03T18:20:44.202+0200][gc,marking  ] GC(5) Concurrent Scan Root Regions 1,559ms
[2022-10-03T18:20:44.202+0200][gc,marking  ] GC(5) Concurrent Mark
[2022-10-03T18:20:44.202+0200][gc,marking  ] GC(5) Concurrent Mark From Roots
[2022-10-03T18:20:44.202+0200][gc,task     ] GC(5) Using 4 workers of 4 for marking
[2022-10-03T18:20:44.204+0200][gc,marking  ] GC(5) Concurrent Mark From Roots 2,394ms
[2022-10-03T18:20:44.204+0200][gc,marking  ] GC(5) Concurrent Preclean
[2022-10-03T18:20:44.204+0200][gc,marking  ] GC(5) Concurrent Preclean 0,039ms
[2022-10-03T18:20:44.204+0200][gc,start    ] GC(5) Pause Remark
[2022-10-03T18:20:44.205+0200][gc          ] GC(5) Pause Remark 144M->144M(1024M) 0,776ms
[2022-10-03T18:20:44.205+0200][gc,cpu      ] GC(5) User=0,00s Sys=0,00s Real=0,00s
[2022-10-03T18:20:44.205+0200][gc,marking  ] GC(5) Concurrent Mark 3,347ms
[2022-10-03T18:20:44.205+0200][gc,marking  ] GC(5) Concurrent Rebuild Remembered Sets
[2022-10-03T18:20:44.207+0200][gc,marking  ] GC(5) Concurrent Rebuild Remembered Sets 1,953ms
[2022-10-03T18:20:44.207+0200][gc,start    ] GC(5) Pause Cleanup
[2022-10-03T18:20:44.207+0200][gc          ] GC(5) Pause Cleanup 144M->144M(1024M) 0,139ms
[2022-10-03T18:20:44.207+0200][gc,cpu      ] GC(5) User=0,00s Sys=0,00s Real=0,00s
[2022-10-03T18:20:44.208+0200][gc,marking  ] GC(5) Concurrent Cleanup for Next Mark
[2022-10-03T18:20:44.212+0200][gc,marking  ] GC(5) Concurrent Cleanup for Next Mark 4,299ms
[2022-10-03T18:20:44.212+0200][gc          ] GC(5) Concurrent Mark Cycle 11,623ms
[2022-10-03T18:25:43.545+0200][gc,start    ] GC(6) Pause Young (Normal) (G1 Evacuation Pause)
[2022-10-03T18:25:43.546+0200][gc,task     ] GC(6) Using 15 workers of 15 for evacuation
[2022-10-03T18:25:43.550+0200][gc,phases   ] GC(6)   Pre Evacuate Collection Set: 0,3ms
[2022-10-03T18:25:43.550+0200][gc,phases   ] GC(6)   Merge Heap Roots: 0,1ms
[2022-10-03T18:25:43.550+0200][gc,phases   ] GC(6)   Evacuate Collection Set: 2,7ms
[2022-10-03T18:25:43.550+0200][gc,phases   ] GC(6)   Post Evacuate Collection Set: 0,5ms
[2022-10-03T18:25:43.550+0200][gc,phases   ] GC(6)   Other: 0,1ms
[2022-10-03T18:25:43.550+0200][gc,heap     ] GC(6) Eden regions: 49->0(45)
[2022-10-03T18:25:43.550+0200][gc,heap     ] GC(6) Survivor regions: 2->6(7)
[2022-10-03T18:25:43.550+0200][gc,heap     ] GC(6) Old regions: 13->13
[2022-10-03T18:25:43.550+0200][gc,heap     ] GC(6) Archive regions: 2->2
[2022-10-03T18:25:43.550+0200][gc,heap     ] GC(6) Humongous regions: 129->129
[2022-10-03T18:25:43.550+0200][gc,metaspace] GC(6) Metaspace: 39754K(40384K)->39754K(40384K) NonClass: 35136K(35456K)->35136K(35456K) Class: 4617K(4928K)->4617K(4928K)
[2022-10-03T18:25:43.550+0200][gc          ] GC(6) Pause Young (Normal) (G1 Evacuation Pause) 193M->147M(1024M) 4,698ms
[2022-10-03T18:25:43.550+0200][gc,cpu      ] GC(6) User=0,02s Sys=0,00s Real=0,01s
[2022-10-03T18:31:06.950+0200][gc,start    ] GC(7) Pause Young (Normal) (G1 Evacuation Pause)
[2022-10-03T18:31:06.951+0200][gc,task     ] GC(7) Using 15 workers of 15 for evacuation
[2022-10-03T18:31:06.958+0200][gc,phases   ] GC(7)   Pre Evacuate Collection Set: 0,3ms
[2022-10-03T18:31:06.958+0200][gc,phases   ] GC(7)   Merge Heap Roots: 0,1ms
[2022-10-03T18:31:06.958+0200][gc,phases   ] GC(7)   Evacuate Collection Set: 6,2ms
[2022-10-03T18:31:06.958+0200][gc,phases   ] GC(7)   Post Evacuate Collection Set: 0,3ms
[2022-10-03T18:31:06.958+0200][gc,phases   ] GC(7)   Other: 0,1ms
[2022-10-03T18:31:06.958+0200][gc,heap     ] GC(7) Eden regions: 45->0(48)
[2022-10-03T18:31:06.958+0200][gc,heap     ] GC(7) Survivor regions: 6->3(7)
[2022-10-03T18:31:06.958+0200][gc,heap     ] GC(7) Old regions: 13->16
[2022-10-03T18:31:06.958+0200][gc,heap     ] GC(7) Archive regions: 2->2
[2022-10-03T18:31:06.958+0200][gc,heap     ] GC(7) Humongous regions: 129->129
[2022-10-03T18:31:06.958+0200][gc,metaspace] GC(7) Metaspace: 40045K(40640K)->40045K(40640K) NonClass: 35406K(35712K)->35406K(35712K) Class: 4639K(4928K)->4639K(4928K)
[2022-10-03T18:31:06.958+0200][gc          ] GC(7) Pause Young (Normal) (G1 Evacuation Pause) 192M->148M(1024M) 8,011ms
[2022-10-03T18:31:06.958+0200][gc,cpu      ] GC(7) User=0,02s Sys=0,03s Real=0,00s
[2022-10-03T18:39:29.434+0200][gc,start    ] GC(8) Pause Young (Normal) (G1 Evacuation Pause)
[2022-10-03T18:39:29.435+0200][gc,task     ] GC(8) Using 15 workers of 15 for evacuation
[2022-10-03T18:39:29.438+0200][gc,phases   ] GC(8)   Pre Evacuate Collection Set: 0,3ms
[2022-10-03T18:39:29.438+0200][gc,phases   ] GC(8)   Merge Heap Roots: 0,1ms
[2022-10-03T18:39:29.438+0200][gc,phases   ] GC(8)   Evacuate Collection Set: 2,9ms
[2022-10-03T18:39:29.438+0200][gc,phases   ] GC(8)   Post Evacuate Collection Set: 0,3ms
[2022-10-03T18:39:29.438+0200][gc,phases   ] GC(8)   Other: 0,1ms
[2022-10-03T18:39:29.439+0200][gc,heap     ] GC(8) Eden regions: 48->0(46)
[2022-10-03T18:39:29.439+0200][gc,heap     ] GC(8) Survivor regions: 3->5(7)
[2022-10-03T18:39:29.439+0200][gc,heap     ] GC(8) Old regions: 16->16
[2022-10-03T18:39:29.439+0200][gc,heap     ] GC(8) Archive regions: 2->2
[2022-10-03T18:39:29.439+0200][gc,heap     ] GC(8) Humongous regions: 129->129
[2022-10-03T18:39:29.439+0200][gc,metaspace] GC(8) Metaspace: 40376K(40960K)->40376K(40960K) NonClass: 35727K(36032K)->35727K(36032K) Class: 4648K(4928K)->4648K(4928K)
[2022-10-03T18:39:29.439+0200][gc          ] GC(8) Pause Young (Normal) (G1 Evacuation Pause) 196M->150M(1024M) 4,740ms
[2022-10-03T18:39:29.439+0200][gc,cpu      ] GC(8) User=0,02s Sys=0,01s Real=0,00s
[2022-10-03T18:45:37.091+0200][gc,start    ] GC(9) Pause Young (Normal) (G1 Evacuation Pause)
[2022-10-03T18:45:37.092+0200][gc,task     ] GC(9) Using 15 workers of 15 for evacuation
[2022-10-03T18:45:37.101+0200][gc,phases   ] GC(9)   Pre Evacuate Collection Set: 0,3ms
[2022-10-03T18:45:37.101+0200][gc,phases   ] GC(9)   Merge Heap Roots: 0,1ms
[2022-10-03T18:45:37.101+0200][gc,phases   ] GC(9)   Evacuate Collection Set: 8,0ms
[2022-10-03T18:45:37.101+0200][gc,phases   ] GC(9)   Post Evacuate Collection Set: 0,4ms
[2022-10-03T18:45:37.101+0200][gc,phases   ] GC(9)   Other: 0,2ms
[2022-10-03T18:45:37.101+0200][gc,heap     ] GC(9) Eden regions: 46->0(44)
[2022-10-03T18:45:37.101+0200][gc,heap     ] GC(9) Survivor regions: 5->7(7)
[2022-10-03T18:45:37.101+0200][gc,heap     ] GC(9) Old regions: 16->18
[2022-10-03T18:45:37.101+0200][gc,heap     ] GC(9) Archive regions: 2->2
[2022-10-03T18:45:37.101+0200][gc,heap     ] GC(9) Humongous regions: 129->129
[2022-10-03T18:45:37.101+0200][gc,metaspace] GC(9) Metaspace: 40839K(41472K)->40839K(41472K) NonClass: 36117K(36480K)->36117K(36480K) Class: 4721K(4992K)->4721K(4992K)
[2022-10-03T18:45:37.101+0200][gc          ] GC(9) Pause Young (Normal) (G1 Evacuation Pause) 196M->154M(1024M) 10,045ms
[2022-10-03T18:45:37.101+0200][gc,cpu      ] GC(9) User=0,03s Sys=0,03s Real=0,01s
[2022-10-03T18:48:45.309+0200][gc,start    ] GC(10) Pause Young (Normal) (G1 Evacuation Pause)
[2022-10-03T18:48:45.310+0200][gc,task     ] GC(10) Using 15 workers of 15 for evacuation
[2022-10-03T18:48:45.315+0200][gc,phases   ] GC(10)   Pre Evacuate Collection Set: 0,2ms
[2022-10-03T18:48:45.315+0200][gc,phases   ] GC(10)   Merge Heap Roots: 0,1ms
[2022-10-03T18:48:45.315+0200][gc,phases   ] GC(10)   Evacuate Collection Set: 4,4ms
[2022-10-03T18:48:45.315+0200][gc,phases   ] GC(10)   Post Evacuate Collection Set: 0,6ms
[2022-10-03T18:48:45.315+0200][gc,phases   ] GC(10)   Other: 0,1ms
[2022-10-03T18:48:45.315+0200][gc,heap     ] GC(10) Eden regions: 44->0(70)
[2022-10-03T18:48:45.315+0200][gc,heap     ] GC(10) Survivor regions: 7->4(7)
[2022-10-03T18:48:45.315+0200][gc,heap     ] GC(10) Old regions: 18->25
[2022-10-03T18:48:45.315+0200][gc,heap     ] GC(10) Archive regions: 2->2
[2022-10-03T18:48:45.315+0200][gc,heap     ] GC(10) Humongous regions: 129->129
[2022-10-03T18:48:45.315+0200][gc,metaspace] GC(10) Metaspace: 41152K(41728K)->41152K(41728K) NonClass: 36390K(36672K)->36390K(36672K) Class: 4762K(5056K)->4762K(5056K)
[2022-10-03T18:48:45.315+0200][gc          ] GC(10) Pause Young (Normal) (G1 Evacuation Pause) 198M->157M(1024M) 6,149ms
[2022-10-03T18:48:45.316+0200][gc,cpu      ] GC(10) User=0,02s Sys=0,01s Real=0,01s
[2022-10-03T18:48:52.151+0200][gc,start    ] GC(11) Pause Young (Normal) (G1 Evacuation Pause)
[2022-10-03T18:48:52.151+0200][gc,task     ] GC(11) Using 15 workers of 15 for evacuation
[2022-10-03T18:48:52.155+0200][gc,phases   ] GC(11)   Pre Evacuate Collection Set: 0,1ms
[2022-10-03T18:48:52.155+0200][gc,phases   ] GC(11)   Merge Heap Roots: 0,0ms
[2022-10-03T18:48:52.155+0200][gc,phases   ] GC(11)   Evacuate Collection Set: 2,4ms
[2022-10-03T18:48:52.155+0200][gc,phases   ] GC(11)   Post Evacuate Collection Set: 1,2ms
[2022-10-03T18:48:52.155+0200][gc,phases   ] GC(11)   Other: 0,1ms
[2022-10-03T18:48:52.155+0200][gc,heap     ] GC(11) Eden regions: 70->0(76)
[2022-10-03T18:48:52.155+0200][gc,heap     ] GC(11) Survivor regions: 4->6(10)
[2022-10-03T18:48:52.155+0200][gc,heap     ] GC(11) Old regions: 25->25
[2022-10-03T18:48:52.155+0200][gc,heap     ] GC(11) Archive regions: 2->2
[2022-10-03T18:48:52.156+0200][gc,heap     ] GC(11) Humongous regions: 129->129
[2022-10-03T18:48:52.156+0200][gc,metaspace] GC(11) Metaspace: 41236K(41920K)->41236K(41920K) NonClass: 36473K(36864K)->36473K(36864K) Class: 4762K(5056K)->4762K(5056K)
[2022-10-03T18:48:52.156+0200][gc          ] GC(11) Pause Young (Normal) (G1 Evacuation Pause) 227M->159M(1024M) 4,914ms
[2022-10-03T18:48:52.156+0200][gc,cpu      ] GC(11) User=0,02s Sys=0,01s Real=0,00s
[2022-10-03T18:49:00.616+0200][gc,start    ] GC(12) Pause Young (Normal) (G1 Evacuation Pause)
[2022-10-03T18:49:00.616+0200][gc,task     ] GC(12) Using 15 workers of 15 for evacuation
[2022-10-03T18:49:00.621+0200][gc,phases   ] GC(12)   Pre Evacuate Collection Set: 0,2ms
[2022-10-03T18:49:00.621+0200][gc,phases   ] GC(12)   Merge Heap Roots: 0,1ms
[2022-10-03T18:49:00.621+0200][gc,phases   ] GC(12)   Evacuate Collection Set: 3,4ms
[2022-10-03T18:49:00.621+0200][gc,phases   ] GC(12)   Post Evacuate Collection Set: 1,3ms
[2022-10-03T18:49:00.621+0200][gc,phases   ] GC(12)   Other: 0,1ms
[2022-10-03T18:49:00.621+0200][gc,heap     ] GC(12) Eden regions: 76->0(115)
[2022-10-03T18:49:00.621+0200][gc,heap     ] GC(12) Survivor regions: 6->7(11)
[2022-10-03T18:49:00.621+0200][gc,heap     ] GC(12) Old regions: 25->25
[2022-10-03T18:49:00.621+0200][gc,heap     ] GC(12) Archive regions: 2->2
[2022-10-03T18:49:00.621+0200][gc,heap     ] GC(12) Humongous regions: 129->129
[2022-10-03T18:49:00.621+0200][gc,metaspace] GC(12) Metaspace: 41238K(41920K)->41238K(41920K) NonClass: 36475K(36864K)->36475K(36864K) Class: 4762K(5056K)->4762K(5056K)
[2022-10-03T18:49:00.621+0200][gc          ] GC(12) Pause Young (Normal) (G1 Evacuation Pause) 235M->160M(1024M) 5,427ms
[2022-10-03T18:49:00.621+0200][gc,cpu      ] GC(12) User=0,02s Sys=0,00s Real=0,01s
[2022-10-03T18:49:13.866+0200][gc,start    ] GC(13) Pause Young (Normal) (G1 Evacuation Pause)
[2022-10-03T18:49:13.866+0200][gc,task     ] GC(13) Using 15 workers of 15 for evacuation
[2022-10-03T18:49:13.871+0200][gc,phases   ] GC(13)   Pre Evacuate Collection Set: 0,2ms
[2022-10-03T18:49:13.871+0200][gc,phases   ] GC(13)   Merge Heap Roots: 0,1ms
[2022-10-03T18:49:13.871+0200][gc,phases   ] GC(13)   Evacuate Collection Set: 3,6ms
[2022-10-03T18:49:13.871+0200][gc,phases   ] GC(13)   Post Evacuate Collection Set: 0,5ms
[2022-10-03T18:49:13.871+0200][gc,phases   ] GC(13)   Other: 0,1ms
[2022-10-03T18:49:13.871+0200][gc,heap     ] GC(13) Eden regions: 115->0(216)
[2022-10-03T18:49:13.871+0200][gc,heap     ] GC(13) Survivor regions: 7->8(16)
[2022-10-03T18:49:13.871+0200][gc,heap     ] GC(13) Old regions: 25->25
[2022-10-03T18:49:13.871+0200][gc,heap     ] GC(13) Archive regions: 2->2
[2022-10-03T18:49:13.871+0200][gc,heap     ] GC(13) Humongous regions: 129->129
[2022-10-03T18:49:13.871+0200][gc,metaspace] GC(13) Metaspace: 41244K(41920K)->41244K(41920K) NonClass: 36481K(36864K)->36481K(36864K) Class: 4762K(5056K)->4762K(5056K)
[2022-10-03T18:49:13.871+0200][gc          ] GC(13) Pause Young (Normal) (G1 Evacuation Pause) 275M->162M(1024M) 5,170ms
[2022-10-03T18:49:13.871+0200][gc,cpu      ] GC(13) User=0,02s Sys=0,01s Real=0,01s
[2022-10-03T18:52:09.924+0200][gc,start    ] GC(14) Pause Young (Normal) (G1 Evacuation Pause)
[2022-10-03T18:52:09.925+0200][gc,task     ] GC(14) Using 15 workers of 15 for evacuation
[2022-10-03T18:52:09.950+0200][gc,mmu      ] GC(14) MMU target violated: 21,0ms (20,0ms/21,0ms)
[2022-10-03T18:52:09.950+0200][gc,phases   ] GC(14)   Pre Evacuate Collection Set: 0,2ms
[2022-10-03T18:52:09.950+0200][gc,phases   ] GC(14)   Merge Heap Roots: 0,1ms
[2022-10-03T18:52:09.950+0200][gc,phases   ] GC(14)   Evacuate Collection Set: 24,3ms
[2022-10-03T18:52:09.950+0200][gc,phases   ] GC(14)   Post Evacuate Collection Set: 0,6ms
[2022-10-03T18:52:09.950+0200][gc,phases   ] GC(14)   Other: 0,2ms
[2022-10-03T18:52:09.950+0200][gc,heap     ] GC(14) Eden regions: 216->0(61)
[2022-10-03T18:52:09.950+0200][gc,heap     ] GC(14) Survivor regions: 8->10(28)
[2022-10-03T18:52:09.950+0200][gc,heap     ] GC(14) Old regions: 25->25
[2022-10-03T18:52:09.950+0200][gc,heap     ] GC(14) Archive regions: 2->2
[2022-10-03T18:52:09.950+0200][gc,heap     ] GC(14) Humongous regions: 129->129
[2022-10-03T18:52:09.950+0200][gc,metaspace] GC(14) Metaspace: 41266K(41920K)->41266K(41920K) NonClass: 36503K(36864K)->36503K(36864K) Class: 4762K(5056K)->4762K(5056K)
[2022-10-03T18:52:09.950+0200][gc          ] GC(14) Pause Young (Normal) (G1 Evacuation Pause) 378M->164M(1024M) 26,318ms
[2022-10-03T18:52:09.950+0200][gc,cpu      ] GC(14) User=0,03s Sys=0,09s Real=0,03s
[2022-10-03T18:59:17.855+0200][gc,start    ] GC(15) Pause Young (Normal) (G1 Evacuation Pause)
[2022-10-03T18:59:17.856+0200][gc,task     ] GC(15) Using 15 workers of 15 for evacuation
[2022-10-03T18:59:18.121+0200][gc,mmu      ] GC(15) MMU target violated: 21,0ms (20,0ms/21,0ms)
[2022-10-03T18:59:18.121+0200][gc,phases   ] GC(15)   Pre Evacuate Collection Set: 8,9ms
[2022-10-03T18:59:18.121+0200][gc,phases   ] GC(15)   Merge Heap Roots: 1,4ms
[2022-10-03T18:59:18.121+0200][gc,phases   ] GC(15)   Evacuate Collection Set: 242,4ms
[2022-10-03T18:59:18.121+0200][gc,phases   ] GC(15)   Post Evacuate Collection Set: 10,9ms
[2022-10-03T18:59:18.121+0200][gc,phases   ] GC(15)   Other: 0,9ms
[2022-10-03T18:59:18.121+0200][gc,heap     ] GC(15) Eden regions: 61->0(42)
[2022-10-03T18:59:18.121+0200][gc,heap     ] GC(15) Survivor regions: 10->9(9)
[2022-10-03T18:59:18.121+0200][gc,heap     ] GC(15) Old regions: 25->31
[2022-10-03T18:59:18.121+0200][gc,heap     ] GC(15) Archive regions: 2->2
[2022-10-03T18:59:18.121+0200][gc,heap     ] GC(15) Humongous regions: 129->129
[2022-10-03T18:59:18.121+0200][gc,metaspace] GC(15) Metaspace: 41280K(41920K)->41280K(41920K) NonClass: 36517K(36864K)->36517K(36864K) Class: 4762K(5056K)->4762K(5056K)
[2022-10-03T18:59:18.121+0200][gc          ] GC(15) Pause Young (Normal) (G1 Evacuation Pause) 225M->169M(1024M) 265,618ms
[2022-10-03T18:59:18.121+0200][gc,cpu      ] GC(15) User=0,08s Sys=0,46s Real=0,27s
[2022-10-03T19:04:42.050+0200][gc,start    ] GC(16) Pause Young (Normal) (G1 Evacuation Pause)
[2022-10-03T19:04:42.051+0200][gc,task     ] GC(16) Using 15 workers of 15 for evacuation
[2022-10-03T19:04:42.074+0200][gc,mmu      ] GC(16) MMU target violated: 21,0ms (20,0ms/21,0ms)
[2022-10-03T19:04:42.074+0200][gc,phases   ] GC(16)   Pre Evacuate Collection Set: 2,5ms
[2022-10-03T19:04:42.074+0200][gc,phases   ] GC(16)   Merge Heap Roots: 0,3ms
[2022-10-03T19:04:42.074+0200][gc,phases   ] GC(16)   Evacuate Collection Set: 19,5ms
[2022-10-03T19:04:42.074+0200][gc,phases   ] GC(16)   Post Evacuate Collection Set: 0,6ms
[2022-10-03T19:04:42.074+0200][gc,phases   ] GC(16)   Other: 0,3ms
[2022-10-03T19:04:42.074+0200][gc,heap     ] GC(16) Eden regions: 42->0(46)
[2022-10-03T19:04:42.074+0200][gc,heap     ] GC(16) Survivor regions: 9->5(7)
[2022-10-03T19:04:42.074+0200][gc,heap     ] GC(16) Old regions: 31->39
[2022-10-03T19:04:42.074+0200][gc,heap     ] GC(16) Archive regions: 2->2
[2022-10-03T19:04:42.074+0200][gc,heap     ] GC(16) Humongous regions: 129->129
[2022-10-03T19:04:42.074+0200][gc,metaspace] GC(16) Metaspace: 41295K(41920K)->41295K(41920K) NonClass: 36531K(36864K)->36531K(36864K) Class: 4763K(5056K)->4763K(5056K)
[2022-10-03T19:04:42.074+0200][gc          ] GC(16) Pause Young (Normal) (G1 Evacuation Pause) 211M->172M(1024M) 24,137ms
[2022-10-03T19:04:42.074+0200][gc,cpu      ] GC(16) User=0,04s Sys=0,13s Real=0,02s
[2022-10-03T19:10:22.040+0200][gc,start    ] GC(17) Pause Young (Normal) (G1 Evacuation Pause)
[2022-10-03T19:10:22.041+0200][gc,task     ] GC(17) Using 15 workers of 15 for evacuation
[2022-10-03T19:10:22.078+0200][gc,mmu      ] GC(17) MMU target violated: 21,0ms (20,0ms/21,0ms)
[2022-10-03T19:10:22.078+0200][gc,phases   ] GC(17)   Pre Evacuate Collection Set: 2,6ms
[2022-10-03T19:10:22.078+0200][gc,phases   ] GC(17)   Merge Heap Roots: 0,3ms
[2022-10-03T19:10:22.078+0200][gc,phases   ] GC(17)   Evacuate Collection Set: 32,7ms
[2022-10-03T19:10:22.078+0200][gc,phases   ] GC(17)   Post Evacuate Collection Set: 1,0ms
[2022-10-03T19:10:22.078+0200][gc,phases   ] GC(17)   Other: 0,3ms
[2022-10-03T19:10:22.078+0200][gc,heap     ] GC(17) Eden regions: 46->0(46)
[2022-10-03T19:10:22.078+0200][gc,heap     ] GC(17) Survivor regions: 5->5(7)
[2022-10-03T19:10:22.078+0200][gc,heap     ] GC(17) Old regions: 39->43
[2022-10-03T19:10:22.078+0200][gc,heap     ] GC(17) Archive regions: 2->2
[2022-10-03T19:10:22.078+0200][gc,heap     ] GC(17) Humongous regions: 129->129
[2022-10-03T19:10:22.078+0200][gc,metaspace] GC(17) Metaspace: 41348K(41984K)->41348K(41984K) NonClass: 36583K(36928K)->36583K(36928K) Class: 4765K(5056K)->4765K(5056K)
[2022-10-03T19:10:22.078+0200][gc          ] GC(17) Pause Young (Normal) (G1 Evacuation Pause) 218M->176M(1024M) 38,122ms
[2022-10-03T19:10:22.078+0200][gc,cpu      ] GC(17) User=0,03s Sys=0,11s Real=0,03s
[2022-10-03T19:12:06.438+0200][gc,start    ] GC(18) Pause Young (Normal) (G1 Evacuation Pause)
[2022-10-03T19:12:06.439+0200][gc,task     ] GC(18) Using 15 workers of 15 for evacuation
[2022-10-03T19:12:06.445+0200][gc,phases   ] GC(18)   Pre Evacuate Collection Set: 0,3ms
[2022-10-03T19:12:06.445+0200][gc,phases   ] GC(18)   Merge Heap Roots: 0,1ms
[2022-10-03T19:12:06.445+0200][gc,phases   ] GC(18)   Evacuate Collection Set: 5,2ms
[2022-10-03T19:12:06.445+0200][gc,phases   ] GC(18)   Post Evacuate Collection Set: 0,9ms
[2022-10-03T19:12:06.445+0200][gc,phases   ] GC(18)   Other: 0,1ms
[2022-10-03T19:12:06.445+0200][gc,heap     ] GC(18) Eden regions: 46->0(46)
[2022-10-03T19:12:06.445+0200][gc,heap     ] GC(18) Survivor regions: 5->5(7)
[2022-10-03T19:12:06.445+0200][gc,heap     ] GC(18) Old regions: 43->47
[2022-10-03T19:12:06.445+0200][gc,heap     ] GC(18) Archive regions: 2->2
[2022-10-03T19:12:06.445+0200][gc,heap     ] GC(18) Humongous regions: 129->129
[2022-10-03T19:12:06.445+0200][gc,metaspace] GC(18) Metaspace: 41355K(41984K)->41355K(41984K) NonClass: 36589K(36928K)->36589K(36928K) Class: 4765K(5056K)->4765K(5056K)
[2022-10-03T19:12:06.445+0200][gc          ] GC(18) Pause Young (Normal) (G1 Evacuation Pause) 222M->180M(1024M) 7,622ms
[2022-10-03T19:12:06.446+0200][gc,cpu      ] GC(18) User=0,03s Sys=0,01s Real=0,01s
[2022-10-03T19:13:41.708+0200][gc,start    ] GC(19) Pause Young (Normal) (G1 Evacuation Pause)
[2022-10-03T19:13:41.709+0200][gc,task     ] GC(19) Using 15 workers of 15 for evacuation
[2022-10-03T19:13:41.714+0200][gc,phases   ] GC(19)   Pre Evacuate Collection Set: 0,3ms
[2022-10-03T19:13:41.714+0200][gc,phases   ] GC(19)   Merge Heap Roots: 0,1ms
[2022-10-03T19:13:41.714+0200][gc,phases   ] GC(19)   Evacuate Collection Set: 3,7ms
[2022-10-03T19:13:41.714+0200][gc,phases   ] GC(19)   Post Evacuate Collection Set: 0,3ms
[2022-10-03T19:13:41.714+0200][gc,phases   ] GC(19)   Other: 0,2ms
[2022-10-03T19:13:41.714+0200][gc,heap     ] GC(19) Eden regions: 46->0(47)
[2022-10-03T19:13:41.714+0200][gc,heap     ] GC(19) Survivor regions: 5->4(7)
[2022-10-03T19:13:41.714+0200][gc,heap     ] GC(19) Old regions: 47->50
[2022-10-03T19:13:41.714+0200][gc,heap     ] GC(19) Archive regions: 2->2
[2022-10-03T19:13:41.714+0200][gc,heap     ] GC(19) Humongous regions: 129->129
[2022-10-03T19:13:41.714+0200][gc,metaspace] GC(19) Metaspace: 41362K(41984K)->41362K(41984K) NonClass: 36596K(36928K)->36596K(36928K) Class: 4765K(5056K)->4765K(5056K)
[2022-10-03T19:13:41.714+0200][gc          ] GC(19) Pause Young (Normal) (G1 Evacuation Pause) 226M->183M(1024M) 5,610ms
[2022-10-03T19:13:41.714+0200][gc,cpu      ] GC(19) User=0,03s Sys=0,01s Real=0,01s
[2022-10-03T19:15:37.979+0200][gc,start    ] GC(20) Pause Young (Normal) (G1 Evacuation Pause)
[2022-10-03T19:15:37.980+0200][gc,task     ] GC(20) Using 15 workers of 15 for evacuation
[2022-10-03T19:15:37.996+0200][gc,phases   ] GC(20)   Pre Evacuate Collection Set: 0,1ms
[2022-10-03T19:15:37.996+0200][gc,phases   ] GC(20)   Merge Heap Roots: 0,1ms
[2022-10-03T19:15:37.996+0200][gc,phases   ] GC(20)   Evacuate Collection Set: 15,4ms
[2022-10-03T19:15:37.996+0200][gc,phases   ] GC(20)   Post Evacuate Collection Set: 0,3ms
[2022-10-03T19:15:37.996+0200][gc,phases   ] GC(20)   Other: 0,1ms
[2022-10-03T19:15:37.996+0200][gc,heap     ] GC(20) Eden regions: 47->0(44)
[2022-10-03T19:15:37.996+0200][gc,heap     ] GC(20) Survivor regions: 4->7(7)
[2022-10-03T19:15:37.996+0200][gc,heap     ] GC(20) Old regions: 50->50
[2022-10-03T19:15:37.996+0200][gc,heap     ] GC(20) Archive regions: 2->2
[2022-10-03T19:15:37.996+0200][gc,heap     ] GC(20) Humongous regions: 129->129
[2022-10-03T19:15:37.996+0200][gc,metaspace] GC(20) Metaspace: 41382K(42048K)->41382K(42048K) NonClass: 36616K(36992K)->36616K(36992K) Class: 4765K(5056K)->4765K(5056K)
[2022-10-03T19:15:37.996+0200][gc          ] GC(20) Pause Young (Normal) (G1 Evacuation Pause) 230M->186M(1024M) 16,695ms
[2022-10-03T19:15:37.996+0200][gc,cpu      ] GC(20) User=0,02s Sys=0,04s Real=0,02s
[2022-10-03T19:17:58.075+0200][gc,start    ] GC(21) Pause Young (Normal) (G1 Evacuation Pause)
[2022-10-03T19:17:58.076+0200][gc,task     ] GC(21) Using 15 workers of 15 for evacuation
[2022-10-03T19:17:58.081+0200][gc,phases   ] GC(21)   Pre Evacuate Collection Set: 0,2ms
[2022-10-03T19:17:58.081+0200][gc,phases   ] GC(21)   Merge Heap Roots: 0,0ms
[2022-10-03T19:17:58.081+0200][gc,phases   ] GC(21)   Evacuate Collection Set: 4,6ms
[2022-10-03T19:17:58.081+0200][gc,phases   ] GC(21)   Post Evacuate Collection Set: 0,4ms
[2022-10-03T19:17:58.081+0200][gc,phases   ] GC(21)   Other: 0,1ms
[2022-10-03T19:17:58.081+0200][gc,heap     ] GC(21) Eden regions: 44->0(44)
[2022-10-03T19:17:58.081+0200][gc,heap     ] GC(21) Survivor regions: 7->7(7)
[2022-10-03T19:17:58.081+0200][gc,heap     ] GC(21) Old regions: 50->53
[2022-10-03T19:17:58.081+0200][gc,heap     ] GC(21) Archive regions: 2->2
[2022-10-03T19:17:58.081+0200][gc,heap     ] GC(21) Humongous regions: 129->129
[2022-10-03T19:17:58.081+0200][gc,metaspace] GC(21) Metaspace: 41383K(42048K)->41383K(42048K) NonClass: 36617K(36992K)->36617K(36992K) Class: 4765K(5056K)->4765K(5056K)
[2022-10-03T19:17:58.081+0200][gc          ] GC(21) Pause Young (Normal) (G1 Evacuation Pause) 230M->189M(1024M) 5,963ms
[2022-10-03T19:17:58.081+0200][gc,cpu      ] GC(21) User=0,03s Sys=0,01s Real=0,01s
[2022-10-03T19:18:22.473+0200][gc,start    ] GC(22) Pause Young (Normal) (G1 Evacuation Pause)
[2022-10-03T19:18:22.474+0200][gc,task     ] GC(22) Using 15 workers of 15 for evacuation
[2022-10-03T19:18:22.478+0200][gc,phases   ] GC(22)   Pre Evacuate Collection Set: 0,8ms
[2022-10-03T19:18:22.478+0200][gc,phases   ] GC(22)   Merge Heap Roots: 0,1ms
[2022-10-03T19:18:22.478+0200][gc,phases   ] GC(22)   Evacuate Collection Set: 2,9ms
[2022-10-03T19:18:22.478+0200][gc,phases   ] GC(22)   Post Evacuate Collection Set: 0,8ms
[2022-10-03T19:18:22.478+0200][gc,phases   ] GC(22)   Other: 0,1ms
[2022-10-03T19:18:22.478+0200][gc,heap     ] GC(22) Eden regions: 44->0(45)
[2022-10-03T19:18:22.478+0200][gc,heap     ] GC(22) Survivor regions: 7->6(7)
[2022-10-03T19:18:22.478+0200][gc,heap     ] GC(22) Old regions: 53->57
[2022-10-03T19:18:22.478+0200][gc,heap     ] GC(22) Archive regions: 2->2
[2022-10-03T19:18:22.478+0200][gc,heap     ] GC(22) Humongous regions: 129->129
[2022-10-03T19:18:22.478+0200][gc,metaspace] GC(22) Metaspace: 41383K(42048K)->41383K(42048K) NonClass: 36617K(36992K)->36617K(36992K) Class: 4765K(5056K)->4765K(5056K)
[2022-10-03T19:18:22.478+0200][gc          ] GC(22) Pause Young (Normal) (G1 Evacuation Pause) 233M->192M(1024M) 5,269ms
[2022-10-03T19:18:22.478+0200][gc,cpu      ] GC(22) User=0,02s Sys=0,00s Real=0,00s
[2022-10-03T19:18:27.708+0200][gc,start    ] GC(23) Pause Young (Normal) (G1 Evacuation Pause)
[2022-10-03T19:18:27.708+0200][gc,task     ] GC(23) Using 15 workers of 15 for evacuation
[2022-10-03T19:18:27.710+0200][gc,phases   ] GC(23)   Pre Evacuate Collection Set: 0,1ms
[2022-10-03T19:18:27.710+0200][gc,phases   ] GC(23)   Merge Heap Roots: 0,1ms
[2022-10-03T19:18:27.710+0200][gc,phases   ] GC(23)   Evacuate Collection Set: 2,3ms
[2022-10-03T19:18:27.710+0200][gc,phases   ] GC(23)   Post Evacuate Collection Set: 0,2ms
[2022-10-03T19:18:27.710+0200][gc,phases   ] GC(23)   Other: 0,1ms
[2022-10-03T19:18:27.710+0200][gc,heap     ] GC(23) Eden regions: 45->0(65)
[2022-10-03T19:18:27.710+0200][gc,heap     ] GC(23) Survivor regions: 6->5(7)
[2022-10-03T19:18:27.711+0200][gc,heap     ] GC(23) Old regions: 57->61
[2022-10-03T19:18:27.711+0200][gc,heap     ] GC(23) Archive regions: 2->2
[2022-10-03T19:18:27.711+0200][gc,heap     ] GC(23) Humongous regions: 129->129
[2022-10-03T19:18:27.711+0200][gc,metaspace] GC(23) Metaspace: 41384K(42048K)->41384K(42048K) NonClass: 36618K(36992K)->36618K(36992K) Class: 4765K(5056K)->4765K(5056K)
[2022-10-03T19:18:27.711+0200][gc          ] GC(23) Pause Young (Normal) (G1 Evacuation Pause) 237M->194M(1024M) 2,981ms
[2022-10-03T19:18:27.711+0200][gc,cpu      ] GC(23) User=0,01s Sys=0,00s Real=0,01s
[2022-10-03T19:18:35.428+0200][gc,start    ] GC(24) Pause Young (Normal) (G1 Evacuation Pause)
[2022-10-03T19:18:35.428+0200][gc,task     ] GC(24) Using 15 workers of 15 for evacuation
[2022-10-03T19:18:35.438+0200][gc,phases   ] GC(24)   Pre Evacuate Collection Set: 0,1ms
[2022-10-03T19:18:35.438+0200][gc,phases   ] GC(24)   Merge Heap Roots: 0,1ms
[2022-10-03T19:18:35.438+0200][gc,phases   ] GC(24)   Evacuate Collection Set: 9,0ms
[2022-10-03T19:18:35.438+0200][gc,phases   ] GC(24)   Post Evacuate Collection Set: 0,3ms
[2022-10-03T19:18:35.438+0200][gc,phases   ] GC(24)   Other: 0,1ms
[2022-10-03T19:18:35.438+0200][gc,heap     ] GC(24) Eden regions: 65->0(57)
[2022-10-03T19:18:35.438+0200][gc,heap     ] GC(24) Survivor regions: 5->6(9)
[2022-10-03T19:18:35.438+0200][gc,heap     ] GC(24) Old regions: 61->61
[2022-10-03T19:18:35.438+0200][gc,heap     ] GC(24) Archive regions: 2->2
[2022-10-03T19:18:35.438+0200][gc,heap     ] GC(24) Humongous regions: 129->129
[2022-10-03T19:18:35.438+0200][gc,metaspace] GC(24) Metaspace: 41387K(42048K)->41387K(42048K) NonClass: 36622K(36992K)->36622K(36992K) Class: 4765K(5056K)->4765K(5056K)
[2022-10-03T19:18:35.438+0200][gc          ] GC(24) Pause Young (Normal) (G1 Evacuation Pause) 259M->195M(1024M) 9,986ms
[2022-10-03T19:18:35.438+0200][gc,cpu      ] GC(24) User=0,02s Sys=0,05s Real=0,01s
[2022-10-03T19:18:42.248+0200][gc,start    ] GC(25) Pause Young (Normal) (G1 Evacuation Pause)
[2022-10-03T19:18:42.249+0200][gc,task     ] GC(25) Using 15 workers of 15 for evacuation
[2022-10-03T19:18:42.251+0200][gc,phases   ] GC(25)   Pre Evacuate Collection Set: 0,1ms
[2022-10-03T19:18:42.251+0200][gc,phases   ] GC(25)   Merge Heap Roots: 0,1ms
[2022-10-03T19:18:42.251+0200][gc,phases   ] GC(25)   Evacuate Collection Set: 1,9ms
[2022-10-03T19:18:42.251+0200][gc,phases   ] GC(25)   Post Evacuate Collection Set: 0,4ms
[2022-10-03T19:18:42.251+0200][gc,phases   ] GC(25)   Other: 0,1ms
[2022-10-03T19:18:42.251+0200][gc,heap     ] GC(25) Eden regions: 57->0(153)
[2022-10-03T19:18:42.251+0200][gc,heap     ] GC(25) Survivor regions: 6->4(8)
[2022-10-03T19:18:42.251+0200][gc,heap     ] GC(25) Old regions: 61->63
[2022-10-03T19:18:42.251+0200][gc,heap     ] GC(25) Archive regions: 2->2
[2022-10-03T19:18:42.251+0200][gc,heap     ] GC(25) Humongous regions: 129->129
[2022-10-03T19:18:42.251+0200][gc,metaspace] GC(25) Metaspace: 41388K(42048K)->41388K(42048K) NonClass: 36622K(36992K)->36622K(36992K) Class: 4765K(5056K)->4765K(5056K)
[2022-10-03T19:18:42.251+0200][gc          ] GC(25) Pause Young (Normal) (G1 Evacuation Pause) 252M->196M(1024M) 3,248ms
[2022-10-03T19:18:42.251+0200][gc,cpu      ] GC(25) User=0,02s Sys=0,00s Real=0,01s
[2022-10-03T19:19:10.393+0200][gc,start    ] GC(26) Pause Young (Normal) (G1 Evacuation Pause)
[2022-10-03T19:19:10.393+0200][gc,task     ] GC(26) Using 15 workers of 15 for evacuation
[2022-10-03T19:19:10.403+0200][gc,phases   ] GC(26)   Pre Evacuate Collection Set: 0,2ms
[2022-10-03T19:19:10.403+0200][gc,phases   ] GC(26)   Merge Heap Roots: 0,1ms
[2022-10-03T19:19:10.403+0200][gc,phases   ] GC(26)   Evacuate Collection Set: 8,8ms
[2022-10-03T19:19:10.403+0200][gc,phases   ] GC(26)   Post Evacuate Collection Set: 0,4ms
[2022-10-03T19:19:10.403+0200][gc,phases   ] GC(26)   Other: 0,2ms
[2022-10-03T19:19:10.403+0200][gc,heap     ] GC(26) Eden regions: 152->0(123)
[2022-10-03T19:19:10.403+0200][gc,heap     ] GC(26) Survivor regions: 4->6(20)
[2022-10-03T19:19:10.403+0200][gc,heap     ] GC(26) Old regions: 63->63
[2022-10-03T19:19:10.403+0200][gc,heap     ] GC(26) Archive regions: 2->2
[2022-10-03T19:19:10.403+0200][gc,heap     ] GC(26) Humongous regions: 129->129
[2022-10-03T19:19:10.403+0200][gc,metaspace] GC(26) Metaspace: 41388K(42048K)->41388K(42048K) NonClass: 36623K(36992K)->36623K(36992K) Class: 4765K(5056K)->4765K(5056K)
[2022-10-03T19:19:10.403+0200][gc          ] GC(26) Pause Young (Normal) (G1 Evacuation Pause) 348M->197M(1024M) 10,043ms
[2022-10-03T19:19:10.403+0200][gc,cpu      ] GC(26) User=0,02s Sys=0,06s Real=0,01s
[2022-10-03T19:21:02.003+0200][gc,start    ] GC(27) Pause Young (Normal) (G1 Evacuation Pause)
[2022-10-03T19:21:02.003+0200][gc,task     ] GC(27) Using 15 workers of 15 for evacuation
[2022-10-03T19:21:02.007+0200][gc,phases   ] GC(27)   Pre Evacuate Collection Set: 0,2ms
[2022-10-03T19:21:02.007+0200][gc,phases   ] GC(27)   Merge Heap Roots: 0,1ms
[2022-10-03T19:21:02.007+0200][gc,phases   ] GC(27)   Evacuate Collection Set: 2,6ms
[2022-10-03T19:21:02.007+0200][gc,phases   ] GC(27)   Post Evacuate Collection Set: 0,3ms
[2022-10-03T19:21:02.007+0200][gc,phases   ] GC(27)   Other: 0,1ms
[2022-10-03T19:21:02.007+0200][gc,heap     ] GC(27) Eden regions: 123->0(79)
[2022-10-03T19:21:02.007+0200][gc,heap     ] GC(27) Survivor regions: 6->11(17)
[2022-10-03T19:21:02.007+0200][gc,heap     ] GC(27) Old regions: 63->63
[2022-10-03T19:21:02.007+0200][gc,heap     ] GC(27) Archive regions: 2->2
[2022-10-03T19:21:02.007+0200][gc,heap     ] GC(27) Humongous regions: 129->129
[2022-10-03T19:21:02.007+0200][gc,metaspace] GC(27) Metaspace: 41404K(42048K)->41404K(42048K) NonClass: 36635K(36992K)->36635K(36992K) Class: 4769K(5056K)->4769K(5056K)
[2022-10-03T19:21:02.007+0200][gc          ] GC(27) Pause Young (Normal) (G1 Evacuation Pause) 320M->202M(1024M) 4,207ms
[2022-10-03T19:21:02.007+0200][gc,cpu      ] GC(27) User=0,02s Sys=0,00s Real=0,00s
[2022-10-03T19:21:11.211+0200][gc,start    ] GC(28) Pause Young (Normal) (G1 Evacuation Pause)
[2022-10-03T19:21:11.211+0200][gc,task     ] GC(28) Using 15 workers of 15 for evacuation
[2022-10-03T19:21:11.216+0200][gc,phases   ] GC(28)   Pre Evacuate Collection Set: 0,1ms
[2022-10-03T19:21:11.216+0200][gc,phases   ] GC(28)   Merge Heap Roots: 0,1ms
[2022-10-03T19:21:11.216+0200][gc,phases   ] GC(28)   Evacuate Collection Set: 3,7ms
[2022-10-03T19:21:11.216+0200][gc,phases   ] GC(28)   Post Evacuate Collection Set: 0,3ms
[2022-10-03T19:21:11.216+0200][gc,phases   ] GC(28)   Other: 0,1ms
[2022-10-03T19:21:11.216+0200][gc,heap     ] GC(28) Eden regions: 79->0(282)
[2022-10-03T19:21:11.216+0200][gc,heap     ] GC(28) Survivor regions: 11->6(12)
[2022-10-03T19:21:11.216+0200][gc,heap     ] GC(28) Old regions: 63->68
[2022-10-03T19:21:11.216+0200][gc,heap     ] GC(28) Archive regions: 2->2
[2022-10-03T19:21:11.216+0200][gc,heap     ] GC(28) Humongous regions: 129->129
[2022-10-03T19:21:11.216+0200][gc,metaspace] GC(28) Metaspace: 41404K(42048K)->41404K(42048K) NonClass: 36635K(36992K)->36635K(36992K) Class: 4769K(5056K)->4769K(5056K)
[2022-10-03T19:21:11.216+0200][gc          ] GC(28) Pause Young (Normal) (G1 Evacuation Pause) 281M->203M(1024M) 4,997ms
[2022-10-03T19:21:11.216+0200][gc,cpu      ] GC(28) User=0,03s Sys=0,01s Real=0,00s
[2022-10-03T19:25:32.416+0200][gc,start    ] GC(29) Pause Young (Normal) (G1 Evacuation Pause)
[2022-10-03T19:25:32.417+0200][gc,task     ] GC(29) Using 15 workers of 15 for evacuation
[2022-10-03T19:25:32.464+0200][gc,mmu      ] GC(29) MMU target violated: 21,0ms (20,0ms/21,0ms)
[2022-10-03T19:25:32.464+0200][gc,phases   ] GC(29)   Pre Evacuate Collection Set: 0,2ms
[2022-10-03T19:25:32.464+0200][gc,phases   ] GC(29)   Merge Heap Roots: 0,2ms
[2022-10-03T19:25:32.464+0200][gc,phases   ] GC(29)   Evacuate Collection Set: 45,8ms
[2022-10-03T19:25:32.464+0200][gc,phases   ] GC(29)   Post Evacuate Collection Set: 0,8ms
[2022-10-03T19:25:32.464+0200][gc,phases   ] GC(29)   Other: 0,2ms
[2022-10-03T19:25:32.464+0200][gc,heap     ] GC(29) Eden regions: 280->0(123)
[2022-10-03T19:25:32.464+0200][gc,heap     ] GC(29) Survivor regions: 6->6(36)
[2022-10-03T19:25:32.464+0200][gc,heap     ] GC(29) Old regions: 68->68
[2022-10-03T19:25:32.464+0200][gc,heap     ] GC(29) Archive regions: 2->2
[2022-10-03T19:25:32.464+0200][gc,heap     ] GC(29) Humongous regions: 129->129
[2022-10-03T19:25:32.464+0200][gc,metaspace] GC(29) Metaspace: 41444K(42112K)->41444K(42112K) NonClass: 36675K(37056K)->36675K(37056K) Class: 4769K(5056K)->4769K(5056K)
[2022-10-03T19:25:32.464+0200][gc          ] GC(29) Pause Young (Normal) (G1 Evacuation Pause) 483M->203M(1024M) 47,585ms
[2022-10-03T19:25:32.464+0200][gc,cpu      ] GC(29) User=0,02s Sys=0,14s Real=0,05s
