[2022-10-26T18:09:20.437+0200][gc,init] CardTable entry size: 512
[2022-10-26T18:09:20.437+0200][gc     ] Using G1
[2022-10-26T18:09:20.441+0200][gc,init] Version: 18.0.1.1+2-6 (release)
[2022-10-26T18:09:20.441+0200][gc,init] CPUs: 20 total, 20 available
[2022-10-26T18:09:20.441+0200][gc,init] Memory: 32768M
[2022-10-26T18:09:20.441+0200][gc,init] Large Page Support: Disabled
[2022-10-26T18:09:20.441+0200][gc,init] NUMA Support: Disabled
[2022-10-26T18:09:20.441+0200][gc,init] Compressed Oops: Enabled (Zero based)
[2022-10-26T18:09:20.441+0200][gc,init] Heap Region Size: 1M
[2022-10-26T18:09:20.441+0200][gc,init] Heap Min Capacity: 1G
[2022-10-26T18:09:20.441+0200][gc,init] Heap Initial Capacity: 1G
[2022-10-26T18:09:20.441+0200][gc,init] Heap Max Capacity: 1G
[2022-10-26T18:09:20.441+0200][gc,init] Pre-touch: Disabled
[2022-10-26T18:09:20.441+0200][gc,init] Parallel Workers: 15
[2022-10-26T18:09:20.441+0200][gc,init] Concurrent Workers: 4
[2022-10-26T18:09:20.441+0200][gc,init] Concurrent Refinement Workers: 15
[2022-10-26T18:09:20.441+0200][gc,init] Periodic GC: Disabled
[2022-10-26T18:09:20.441+0200][gc,metaspace] CDS archive(s) mapped at: [0x0000000800000000-0x0000000800ba8000-0x0000000800ba8000), size 12222464, SharedBaseAddress: 0x0000000800000000, ArchiveRelocationMode: 0.
[2022-10-26T18:09:20.441+0200][gc,metaspace] Compressed class space mapped at: 0x0000000800c00000-0x0000000840c00000, reserved size: 1073741824
[2022-10-26T18:09:20.441+0200][gc,metaspace] Narrow klass base: 0x0000000800000000, Narrow klass shift: 0, Narrow klass range: 0x100000000
[2022-10-26T18:09:21.675+0200][gc,start    ] GC(0) Pause Young (Normal) (G1 Evacuation Pause)
[2022-10-26T18:09:21.675+0200][gc,task     ] GC(0) Using 15 workers of 15 for evacuation
[2022-10-26T18:09:21.678+0200][gc,phases   ] GC(0)   Pre Evacuate Collection Set: 0,1ms
[2022-10-26T18:09:21.678+0200][gc,phases   ] GC(0)   Merge Heap Roots: 0,1ms
[2022-10-26T18:09:21.678+0200][gc,phases   ] GC(0)   Evacuate Collection Set: 2,3ms
[2022-10-26T18:09:21.678+0200][gc,phases   ] GC(0)   Post Evacuate Collection Set: 0,6ms
[2022-10-26T18:09:21.678+0200][gc,phases   ] GC(0)   Other: 0,4ms
[2022-10-26T18:09:21.678+0200][gc,heap     ] GC(0) Eden regions: 51->0(44)
[2022-10-26T18:09:21.678+0200][gc,heap     ] GC(0) Survivor regions: 0->7(7)
[2022-10-26T18:09:21.678+0200][gc,heap     ] GC(0) Old regions: 0->1
[2022-10-26T18:09:21.678+0200][gc,heap     ] GC(0) Archive regions: 2->2
[2022-10-26T18:09:21.678+0200][gc,heap     ] GC(0) Humongous regions: 0->0
[2022-10-26T18:09:21.678+0200][gc,metaspace] GC(0) Metaspace: 18749K(18944K)->18749K(18944K) NonClass: 16548K(16640K)->16548K(16640K) Class: 2200K(2304K)->2200K(2304K)
[2022-10-26T18:09:21.678+0200][gc          ] GC(0) Pause Young (Normal) (G1 Evacuation Pause) 51M->8M(1024M) 3,907ms
[2022-10-26T18:09:21.678+0200][gc,cpu      ] GC(0) User=0,02s Sys=0,01s Real=0,00s
[2022-10-26T18:09:21.838+0200][gc,start    ] GC(1) Pause Young (Concurrent Start) (Metadata GC Threshold)
[2022-10-26T18:09:21.838+0200][gc,task     ] GC(1) Using 15 workers of 15 for evacuation
[2022-10-26T18:09:21.842+0200][gc,phases   ] GC(1)   Pre Evacuate Collection Set: 0,3ms
[2022-10-26T18:09:21.842+0200][gc,phases   ] GC(1)   Merge Heap Roots: 0,0ms
[2022-10-26T18:09:21.842+0200][gc,phases   ] GC(1)   Evacuate Collection Set: 3,1ms
[2022-10-26T18:09:21.842+0200][gc,phases   ] GC(1)   Post Evacuate Collection Set: 0,4ms
[2022-10-26T18:09:21.842+0200][gc,phases   ] GC(1)   Other: 0,0ms
[2022-10-26T18:09:21.842+0200][gc,heap     ] GC(1) Eden regions: 11->0(49)
[2022-10-26T18:09:21.842+0200][gc,heap     ] GC(1) Survivor regions: 7->2(7)
[2022-10-26T18:09:21.842+0200][gc,heap     ] GC(1) Old regions: 1->7
[2022-10-26T18:09:21.842+0200][gc,heap     ] GC(1) Archive regions: 2->2
[2022-10-26T18:09:21.842+0200][gc,heap     ] GC(1) Humongous regions: 129->129
[2022-10-26T18:09:21.842+0200][gc,metaspace] GC(1) Metaspace: 21260K(21504K)->21260K(21504K) NonClass: 18757K(18880K)->18757K(18880K) Class: 2502K(2624K)->2502K(2624K)
[2022-10-26T18:09:21.842+0200][gc          ] GC(1) Pause Young (Concurrent Start) (Metadata GC Threshold) 147M->138M(1024M) 4,070ms
[2022-10-26T18:09:21.842+0200][gc          ] GC(2) Concurrent Mark Cycle
[2022-10-26T18:09:21.842+0200][gc,cpu      ] GC(1) User=0,01s Sys=0,02s Real=0,01s
[2022-10-26T18:09:21.842+0200][gc,marking  ] GC(2) Concurrent Clear Claimed Marks
[2022-10-26T18:09:21.842+0200][gc,marking  ] GC(2) Concurrent Clear Claimed Marks 0,024ms
[2022-10-26T18:09:21.842+0200][gc,marking  ] GC(2) Concurrent Scan Root Regions
[2022-10-26T18:09:21.843+0200][gc,marking  ] GC(2) Concurrent Scan Root Regions 1,031ms
[2022-10-26T18:09:21.843+0200][gc,marking  ] GC(2) Concurrent Mark
[2022-10-26T18:09:21.843+0200][gc,marking  ] GC(2) Concurrent Mark From Roots
[2022-10-26T18:09:21.843+0200][gc,task     ] GC(2) Using 4 workers of 4 for marking
[2022-10-26T18:09:21.845+0200][gc,marking  ] GC(2) Concurrent Mark From Roots 1,262ms
[2022-10-26T18:09:21.845+0200][gc,marking  ] GC(2) Concurrent Preclean
[2022-10-26T18:09:21.845+0200][gc,marking  ] GC(2) Concurrent Preclean 0,037ms
[2022-10-26T18:09:21.845+0200][gc,start    ] GC(2) Pause Remark
[2022-10-26T18:09:21.846+0200][gc          ] GC(2) Pause Remark 138M->138M(1024M) 1,183ms
[2022-10-26T18:09:21.846+0200][gc,cpu      ] GC(2) User=0,01s Sys=0,00s Real=0,00s
[2022-10-26T18:09:21.846+0200][gc,marking  ] GC(2) Concurrent Mark 2,728ms
[2022-10-26T18:09:21.846+0200][gc,marking  ] GC(2) Concurrent Rebuild Remembered Sets
[2022-10-26T18:09:21.846+0200][gc,marking  ] GC(2) Concurrent Rebuild Remembered Sets 0,008ms
[2022-10-26T18:09:21.846+0200][gc,start    ] GC(2) Pause Cleanup
[2022-10-26T18:09:21.846+0200][gc          ] GC(2) Pause Cleanup 138M->138M(1024M) 0,013ms
[2022-10-26T18:09:21.846+0200][gc,cpu      ] GC(2) User=0,00s Sys=0,00s Real=0,00s
[2022-10-26T18:09:21.846+0200][gc,marking  ] GC(2) Concurrent Cleanup for Next Mark
[2022-10-26T18:09:21.849+0200][gc,marking  ] GC(2) Concurrent Cleanup for Next Mark 2,398ms
[2022-10-26T18:09:21.849+0200][gc          ] GC(2) Concurrent Mark Cycle 6,459ms
[2022-10-26T18:09:22.340+0200][gc,start    ] GC(3) Pause Young (Normal) (G1 Evacuation Pause)
[2022-10-26T18:09:22.340+0200][gc,task     ] GC(3) Using 15 workers of 15 for evacuation
[2022-10-26T18:09:22.343+0200][gc,phases   ] GC(3)   Pre Evacuate Collection Set: 0,1ms
[2022-10-26T18:09:22.343+0200][gc,phases   ] GC(3)   Merge Heap Roots: 0,0ms
[2022-10-26T18:09:22.343+0200][gc,phases   ] GC(3)   Evacuate Collection Set: 1,6ms
[2022-10-26T18:09:22.343+0200][gc,phases   ] GC(3)   Post Evacuate Collection Set: 0,6ms
[2022-10-26T18:09:22.343+0200][gc,phases   ] GC(3)   Other: 0,1ms
[2022-10-26T18:09:22.343+0200][gc,heap     ] GC(3) Eden regions: 49->0(45)
[2022-10-26T18:09:22.343+0200][gc,heap     ] GC(3) Survivor regions: 2->6(7)
[2022-10-26T18:09:22.343+0200][gc,heap     ] GC(3) Old regions: 7->7
[2022-10-26T18:09:22.343+0200][gc,heap     ] GC(3) Archive regions: 2->2
[2022-10-26T18:09:22.343+0200][gc,heap     ] GC(3) Humongous regions: 129->129
[2022-10-26T18:09:22.343+0200][gc,metaspace] GC(3) Metaspace: 32452K(32704K)->32452K(32704K) NonClass: 28840K(28992K)->28840K(28992K) Class: 3611K(3712K)->3611K(3712K)
[2022-10-26T18:09:22.343+0200][gc          ] GC(3) Pause Young (Normal) (G1 Evacuation Pause) 187M->142M(1024M) 2,641ms
[2022-10-26T18:09:22.343+0200][gc,cpu      ] GC(3) User=0,02s Sys=0,01s Real=0,00s
[2022-10-26T18:13:59.441+0200][gc,start    ] GC(4) Pause Young (Concurrent Start) (Metadata GC Threshold)
[2022-10-26T18:13:59.441+0200][gc,task     ] GC(4) Using 15 workers of 15 for evacuation
[2022-10-26T18:13:59.444+0200][gc,phases   ] GC(4)   Pre Evacuate Collection Set: 0,2ms
[2022-10-26T18:13:59.444+0200][gc,phases   ] GC(4)   Merge Heap Roots: 0,1ms
[2022-10-26T18:13:59.444+0200][gc,phases   ] GC(4)   Evacuate Collection Set: 2,0ms
[2022-10-26T18:13:59.444+0200][gc,phases   ] GC(4)   Post Evacuate Collection Set: 0,4ms
[2022-10-26T18:13:59.444+0200][gc,phases   ] GC(4)   Other: 0,1ms
[2022-10-26T18:13:59.444+0200][gc,heap     ] GC(4) Eden regions: 21->0(49)
[2022-10-26T18:13:59.444+0200][gc,heap     ] GC(4) Survivor regions: 6->2(7)
[2022-10-26T18:13:59.444+0200][gc,heap     ] GC(4) Old regions: 7->13
[2022-10-26T18:13:59.444+0200][gc,heap     ] GC(4) Archive regions: 2->2
[2022-10-26T18:13:59.444+0200][gc,heap     ] GC(4) Humongous regions: 129->129
[2022-10-26T18:13:59.444+0200][gc,metaspace] GC(4) Metaspace: 35739K(36096K)->35739K(36096K) NonClass: 31645K(31872K)->31645K(31872K) Class: 4094K(4224K)->4094K(4224K)
[2022-10-26T18:13:59.444+0200][gc          ] GC(4) Pause Young (Concurrent Start) (Metadata GC Threshold) 163M->144M(1024M) 3,059ms
[2022-10-26T18:13:59.444+0200][gc          ] GC(5) Concurrent Mark Cycle
[2022-10-26T18:13:59.444+0200][gc,cpu      ] GC(4) User=0,02s Sys=0,00s Real=0,00s
[2022-10-26T18:13:59.444+0200][gc,marking  ] GC(5) Concurrent Clear Claimed Marks
[2022-10-26T18:13:59.444+0200][gc,marking  ] GC(5) Concurrent Clear Claimed Marks 0,045ms
[2022-10-26T18:13:59.444+0200][gc,marking  ] GC(5) Concurrent Scan Root Regions
[2022-10-26T18:13:59.445+0200][gc,marking  ] GC(5) Concurrent Scan Root Regions 1,277ms
[2022-10-26T18:13:59.445+0200][gc,marking  ] GC(5) Concurrent Mark
[2022-10-26T18:13:59.445+0200][gc,marking  ] GC(5) Concurrent Mark From Roots
[2022-10-26T18:13:59.445+0200][gc,task     ] GC(5) Using 4 workers of 4 for marking
[2022-10-26T18:13:59.448+0200][gc,marking  ] GC(5) Concurrent Mark From Roots 2,267ms
[2022-10-26T18:13:59.448+0200][gc,marking  ] GC(5) Concurrent Preclean
[2022-10-26T18:13:59.448+0200][gc,marking  ] GC(5) Concurrent Preclean 0,045ms
[2022-10-26T18:13:59.448+0200][gc,start    ] GC(5) Pause Remark
[2022-10-26T18:13:59.449+0200][gc          ] GC(5) Pause Remark 144M->144M(1024M) 1,131ms
[2022-10-26T18:13:59.449+0200][gc,cpu      ] GC(5) User=0,00s Sys=0,00s Real=0,00s
[2022-10-26T18:13:59.449+0200][gc,marking  ] GC(5) Concurrent Mark 3,619ms
[2022-10-26T18:13:59.449+0200][gc,marking  ] GC(5) Concurrent Rebuild Remembered Sets
[2022-10-26T18:13:59.451+0200][gc,marking  ] GC(5) Concurrent Rebuild Remembered Sets 1,995ms
[2022-10-26T18:13:59.451+0200][gc,start    ] GC(5) Pause Cleanup
[2022-10-26T18:13:59.451+0200][gc          ] GC(5) Pause Cleanup 144M->144M(1024M) 0,156ms
[2022-10-26T18:13:59.451+0200][gc,cpu      ] GC(5) User=0,00s Sys=0,00s Real=0,00s
[2022-10-26T18:13:59.451+0200][gc,marking  ] GC(5) Concurrent Cleanup for Next Mark
[2022-10-26T18:13:59.454+0200][gc,marking  ] GC(5) Concurrent Cleanup for Next Mark 2,366ms
[2022-10-26T18:13:59.454+0200][gc          ] GC(5) Concurrent Mark Cycle 9,837ms
[2022-10-26T18:19:07.709+0200][gc,start    ] GC(6) Pause Young (Normal) (G1 Evacuation Pause)
[2022-10-26T18:19:07.710+0200][gc,task     ] GC(6) Using 15 workers of 15 for evacuation
[2022-10-26T18:19:07.741+0200][gc,mmu      ] GC(6) MMU target violated: 21,0ms (20,0ms/21,0ms)
[2022-10-26T18:19:07.741+0200][gc,phases   ] GC(6)   Pre Evacuate Collection Set: 1,5ms
[2022-10-26T18:19:07.741+0200][gc,phases   ] GC(6)   Merge Heap Roots: 0,2ms
[2022-10-26T18:19:07.741+0200][gc,phases   ] GC(6)   Evacuate Collection Set: 28,2ms
[2022-10-26T18:19:07.741+0200][gc,phases   ] GC(6)   Post Evacuate Collection Set: 0,6ms
[2022-10-26T18:19:07.741+0200][gc,phases   ] GC(6)   Other: 0,2ms
[2022-10-26T18:19:07.741+0200][gc,heap     ] GC(6) Eden regions: 49->0(46)
[2022-10-26T18:19:07.741+0200][gc,heap     ] GC(6) Survivor regions: 2->5(7)
[2022-10-26T18:19:07.741+0200][gc,heap     ] GC(6) Old regions: 13->13
[2022-10-26T18:19:07.741+0200][gc,heap     ] GC(6) Archive regions: 2->2
[2022-10-26T18:19:07.741+0200][gc,heap     ] GC(6) Humongous regions: 129->129
[2022-10-26T18:19:07.741+0200][gc,metaspace] GC(6) Metaspace: 40398K(41088K)->40398K(41088K) NonClass: 35615K(35968K)->35615K(35968K) Class: 4782K(5120K)->4782K(5120K)
[2022-10-26T18:19:07.741+0200][gc          ] GC(6) Pause Young (Normal) (G1 Evacuation Pause) 193M->146M(1024M) 31,746ms
[2022-10-26T18:19:07.741+0200][gc,cpu      ] GC(6) User=0,02s Sys=0,19s Real=0,04s
[2022-10-26T18:23:34.641+0200][gc,start    ] GC(7) Pause Young (Normal) (G1 Evacuation Pause)
[2022-10-26T18:23:34.642+0200][gc,task     ] GC(7) Using 15 workers of 15 for evacuation
[2022-10-26T18:23:34.728+0200][gc,mmu      ] GC(7) MMU target violated: 21,0ms (20,0ms/21,0ms)
[2022-10-26T18:23:34.728+0200][gc,phases   ] GC(7)   Pre Evacuate Collection Set: 2,3ms
[2022-10-26T18:23:34.728+0200][gc,phases   ] GC(7)   Merge Heap Roots: 0,2ms
[2022-10-26T18:23:34.728+0200][gc,phases   ] GC(7)   Evacuate Collection Set: 83,5ms
[2022-10-26T18:23:34.728+0200][gc,phases   ] GC(7)   Post Evacuate Collection Set: 0,7ms
[2022-10-26T18:23:34.728+0200][gc,phases   ] GC(7)   Other: 0,3ms
[2022-10-26T18:23:34.728+0200][gc,heap     ] GC(7) Eden regions: 46->0(45)
[2022-10-26T18:23:34.728+0200][gc,heap     ] GC(7) Survivor regions: 5->6(7)
[2022-10-26T18:23:34.728+0200][gc,heap     ] GC(7) Old regions: 13->14
[2022-10-26T18:23:34.729+0200][gc,heap     ] GC(7) Archive regions: 2->2
[2022-10-26T18:23:34.729+0200][gc,heap     ] GC(7) Humongous regions: 129->129
[2022-10-26T18:23:34.729+0200][gc,metaspace] GC(7) Metaspace: 40989K(41728K)->40989K(41728K) NonClass: 36145K(36544K)->36145K(36544K) Class: 4843K(5184K)->4843K(5184K)
[2022-10-26T18:23:34.729+0200][gc          ] GC(7) Pause Young (Normal) (G1 Evacuation Pause) 192M->149M(1024M) 88,081ms
[2022-10-26T18:23:34.729+0200][gc,cpu      ] GC(7) User=0,03s Sys=0,15s Real=0,08s
[2022-10-26T18:27:17.603+0200][gc,start    ] GC(8) Pause Young (Normal) (G1 Evacuation Pause)
[2022-10-26T18:27:17.604+0200][gc,task     ] GC(8) Using 15 workers of 15 for evacuation
[2022-10-26T18:27:17.618+0200][gc,phases   ] GC(8)   Pre Evacuate Collection Set: 2,1ms
[2022-10-26T18:27:17.618+0200][gc,phases   ] GC(8)   Merge Heap Roots: 0,2ms
[2022-10-26T18:27:17.618+0200][gc,phases   ] GC(8)   Evacuate Collection Set: 10,8ms
[2022-10-26T18:27:17.618+0200][gc,phases   ] GC(8)   Post Evacuate Collection Set: 0,4ms
[2022-10-26T18:27:17.618+0200][gc,phases   ] GC(8)   Other: 0,2ms
[2022-10-26T18:27:17.618+0200][gc,heap     ] GC(8) Eden regions: 45->0(48)
[2022-10-26T18:27:17.618+0200][gc,heap     ] GC(8) Survivor regions: 6->3(7)
[2022-10-26T18:27:17.618+0200][gc,heap     ] GC(8) Old regions: 14->17
[2022-10-26T18:27:17.618+0200][gc,heap     ] GC(8) Archive regions: 2->2
[2022-10-26T18:27:17.618+0200][gc,heap     ] GC(8) Humongous regions: 129->129
[2022-10-26T18:27:17.618+0200][gc,metaspace] GC(8) Metaspace: 41253K(41984K)->41253K(41984K) NonClass: 36408K(36800K)->36408K(36800K) Class: 4844K(5184K)->4844K(5184K)
[2022-10-26T18:27:17.618+0200][gc          ] GC(8) Pause Young (Normal) (G1 Evacuation Pause) 194M->148M(1024M) 14,944ms
[2022-10-26T18:27:17.618+0200][gc,cpu      ] GC(8) User=0,02s Sys=0,07s Real=0,01s
[2022-10-26T18:31:36.527+0200][gc,start    ] GC(9) Pause Young (Normal) (G1 Evacuation Pause)
[2022-10-26T18:31:36.528+0200][gc,task     ] GC(9) Using 15 workers of 15 for evacuation
[2022-10-26T18:31:36.536+0200][gc,phases   ] GC(9)   Pre Evacuate Collection Set: 0,3ms
[2022-10-26T18:31:36.536+0200][gc,phases   ] GC(9)   Merge Heap Roots: 0,2ms
[2022-10-26T18:31:36.536+0200][gc,phases   ] GC(9)   Evacuate Collection Set: 7,2ms
[2022-10-26T18:31:36.536+0200][gc,phases   ] GC(9)   Post Evacuate Collection Set: 0,3ms
[2022-10-26T18:31:36.536+0200][gc,phases   ] GC(9)   Other: 0,1ms
[2022-10-26T18:31:36.536+0200][gc,heap     ] GC(9) Eden regions: 48->0(46)
[2022-10-26T18:31:36.536+0200][gc,heap     ] GC(9) Survivor regions: 3->5(7)
[2022-10-26T18:31:36.536+0200][gc,heap     ] GC(9) Old regions: 17->17
[2022-10-26T18:31:36.536+0200][gc,heap     ] GC(9) Archive regions: 2->2
[2022-10-26T18:31:36.536+0200][gc,heap     ] GC(9) Humongous regions: 129->129
[2022-10-26T18:31:36.536+0200][gc,metaspace] GC(9) Metaspace: 41422K(42176K)->41422K(42176K) NonClass: 36568K(36992K)->36568K(36992K) Class: 4854K(5184K)->4854K(5184K)
[2022-10-26T18:31:36.536+0200][gc          ] GC(9) Pause Young (Normal) (G1 Evacuation Pause) 196M->150M(1024M) 9,192ms
[2022-10-26T18:31:36.536+0200][gc,cpu      ] GC(9) User=0,02s Sys=0,04s Real=0,01s
[2022-10-26T18:36:06.445+0200][gc,start    ] GC(10) Pause Young (Normal) (G1 Evacuation Pause)
[2022-10-26T18:36:06.446+0200][gc,task     ] GC(10) Using 15 workers of 15 for evacuation
[2022-10-26T18:36:06.455+0200][gc,phases   ] GC(10)   Pre Evacuate Collection Set: 2,5ms
[2022-10-26T18:36:06.455+0200][gc,phases   ] GC(10)   Merge Heap Roots: 0,1ms
[2022-10-26T18:36:06.455+0200][gc,phases   ] GC(10)   Evacuate Collection Set: 5,2ms
[2022-10-26T18:36:06.455+0200][gc,phases   ] GC(10)   Post Evacuate Collection Set: 0,4ms
[2022-10-26T18:36:06.455+0200][gc,phases   ] GC(10)   Other: 1,0ms
[2022-10-26T18:36:06.455+0200][gc,heap     ] GC(10) Eden regions: 46->0(46)
[2022-10-26T18:36:06.455+0200][gc,heap     ] GC(10) Survivor regions: 5->5(7)
[2022-10-26T18:36:06.455+0200][gc,heap     ] GC(10) Old regions: 17->18
[2022-10-26T18:36:06.455+0200][gc,heap     ] GC(10) Archive regions: 2->2
[2022-10-26T18:36:06.455+0200][gc,heap     ] GC(10) Humongous regions: 129->129
[2022-10-26T18:36:06.455+0200][gc,metaspace] GC(10) Metaspace: 41460K(42176K)->41460K(42176K) NonClass: 36603K(36992K)->36603K(36992K) Class: 4856K(5184K)->4856K(5184K)
[2022-10-26T18:36:06.455+0200][gc          ] GC(10) Pause Young (Normal) (G1 Evacuation Pause) 196M->151M(1024M) 10,302ms
[2022-10-26T18:36:06.455+0200][gc,cpu      ] GC(10) User=0,02s Sys=0,05s Real=0,01s
[2022-10-26T18:40:15.612+0200][gc,start    ] GC(11) Pause Young (Normal) (G1 Evacuation Pause)
[2022-10-26T18:40:15.613+0200][gc,task     ] GC(11) Using 15 workers of 15 for evacuation
[2022-10-26T18:40:15.619+0200][gc,phases   ] GC(11)   Pre Evacuate Collection Set: 0,3ms
[2022-10-26T18:40:15.619+0200][gc,phases   ] GC(11)   Merge Heap Roots: 0,1ms
[2022-10-26T18:40:15.619+0200][gc,phases   ] GC(11)   Evacuate Collection Set: 5,4ms
[2022-10-26T18:40:15.619+0200][gc,phases   ] GC(11)   Post Evacuate Collection Set: 0,2ms
[2022-10-26T18:40:15.619+0200][gc,phases   ] GC(11)   Other: 0,1ms
[2022-10-26T18:40:15.619+0200][gc,heap     ] GC(11) Eden regions: 46->0(46)
[2022-10-26T18:40:15.619+0200][gc,heap     ] GC(11) Survivor regions: 5->5(7)
[2022-10-26T18:40:15.619+0200][gc,heap     ] GC(11) Old regions: 18->19
[2022-10-26T18:40:15.619+0200][gc,heap     ] GC(11) Archive regions: 2->2
[2022-10-26T18:40:15.619+0200][gc,heap     ] GC(11) Humongous regions: 129->129
[2022-10-26T18:40:15.619+0200][gc,metaspace] GC(11) Metaspace: 41479K(42176K)->41479K(42176K) NonClass: 36622K(36992K)->36622K(36992K) Class: 4856K(5184K)->4856K(5184K)
[2022-10-26T18:40:15.619+0200][gc          ] GC(11) Pause Young (Normal) (G1 Evacuation Pause) 197M->153M(1024M) 7,072ms
[2022-10-26T18:40:15.619+0200][gc,cpu      ] GC(11) User=0,02s Sys=0,03s Real=0,00s
[2022-10-26T18:45:05.713+0200][gc,start    ] GC(12) Pause Young (Normal) (G1 Evacuation Pause)
[2022-10-26T18:45:05.715+0200][gc,task     ] GC(12) Using 15 workers of 15 for evacuation
[2022-10-26T18:45:05.735+0200][gc,mmu      ] GC(12) MMU target violated: 20,8ms (20,0ms/21,0ms)
[2022-10-26T18:45:05.736+0200][gc,phases   ] GC(12)   Pre Evacuate Collection Set: 2,2ms
[2022-10-26T18:45:05.736+0200][gc,phases   ] GC(12)   Merge Heap Roots: 0,4ms
[2022-10-26T18:45:05.736+0200][gc,phases   ] GC(12)   Evacuate Collection Set: 17,5ms
[2022-10-26T18:45:05.736+0200][gc,phases   ] GC(12)   Post Evacuate Collection Set: 0,6ms
[2022-10-26T18:45:05.736+0200][gc,phases   ] GC(12)   Other: 0,4ms
[2022-10-26T18:45:05.736+0200][gc,heap     ] GC(12) Eden regions: 46->0(45)
[2022-10-26T18:45:05.736+0200][gc,heap     ] GC(12) Survivor regions: 5->6(7)
[2022-10-26T18:45:05.736+0200][gc,heap     ] GC(12) Old regions: 19->20
[2022-10-26T18:45:05.736+0200][gc,heap     ] GC(12) Archive regions: 2->2
[2022-10-26T18:45:05.736+0200][gc,heap     ] GC(12) Humongous regions: 129->129
[2022-10-26T18:45:05.736+0200][gc,metaspace] GC(12) Metaspace: 41502K(42176K)->41502K(42176K) NonClass: 36645K(36992K)->36645K(36992K) Class: 4856K(5184K)->4856K(5184K)
[2022-10-26T18:45:05.736+0200][gc          ] GC(12) Pause Young (Normal) (G1 Evacuation Pause) 199M->155M(1024M) 22,703ms
[2022-10-26T18:45:05.736+0200][gc,cpu      ] GC(12) User=0,03s Sys=0,12s Real=0,02s
[2022-10-26T18:50:16.316+0200][gc,start    ] GC(13) Pause Young (Normal) (G1 Evacuation Pause)
[2022-10-26T18:50:16.317+0200][gc,task     ] GC(13) Using 15 workers of 15 for evacuation
[2022-10-26T18:50:16.323+0200][gc,phases   ] GC(13)   Pre Evacuate Collection Set: 0,2ms
[2022-10-26T18:50:16.323+0200][gc,phases   ] GC(13)   Merge Heap Roots: 0,1ms
[2022-10-26T18:50:16.323+0200][gc,phases   ] GC(13)   Evacuate Collection Set: 4,7ms
[2022-10-26T18:50:16.323+0200][gc,phases   ] GC(13)   Post Evacuate Collection Set: 0,4ms
[2022-10-26T18:50:16.323+0200][gc,phases   ] GC(13)   Other: 0,1ms
[2022-10-26T18:50:16.323+0200][gc,heap     ] GC(13) Eden regions: 45->0(44)
[2022-10-26T18:50:16.323+0200][gc,heap     ] GC(13) Survivor regions: 6->7(7)
[2022-10-26T18:50:16.323+0200][gc,heap     ] GC(13) Old regions: 20->23
[2022-10-26T18:50:16.323+0200][gc,heap     ] GC(13) Archive regions: 2->2
[2022-10-26T18:50:16.323+0200][gc,heap     ] GC(13) Humongous regions: 129->129
[2022-10-26T18:50:16.323+0200][gc,metaspace] GC(13) Metaspace: 41531K(42240K)->41531K(42240K) NonClass: 36671K(37056K)->36671K(37056K) Class: 4860K(5184K)->4860K(5184K)
[2022-10-26T18:50:16.323+0200][gc          ] GC(13) Pause Young (Normal) (G1 Evacuation Pause) 200M->159M(1024M) 6,281ms
[2022-10-26T18:50:16.323+0200][gc,cpu      ] GC(13) User=0,02s Sys=0,01s Real=0,01s
[2022-10-26T18:55:18.400+0200][gc,start    ] GC(14) Pause Young (Normal) (G1 Evacuation Pause)
[2022-10-26T18:55:18.401+0200][gc,task     ] GC(14) Using 15 workers of 15 for evacuation
[2022-10-26T18:55:18.405+0200][gc,phases   ] GC(14)   Pre Evacuate Collection Set: 0,3ms
[2022-10-26T18:55:18.405+0200][gc,phases   ] GC(14)   Merge Heap Roots: 0,1ms
[2022-10-26T18:55:18.405+0200][gc,phases   ] GC(14)   Evacuate Collection Set: 3,5ms
[2022-10-26T18:55:18.405+0200][gc,phases   ] GC(14)   Post Evacuate Collection Set: 0,3ms
[2022-10-26T18:55:18.405+0200][gc,phases   ] GC(14)   Other: 0,1ms
[2022-10-26T18:55:18.405+0200][gc,heap     ] GC(14) Eden regions: 44->0(55)
[2022-10-26T18:55:18.405+0200][gc,heap     ] GC(14) Survivor regions: 7->4(7)
[2022-10-26T18:55:18.405+0200][gc,heap     ] GC(14) Old regions: 23->28
[2022-10-26T18:55:18.405+0200][gc,heap     ] GC(14) Archive regions: 2->2
[2022-10-26T18:55:18.405+0200][gc,heap     ] GC(14) Humongous regions: 129->129
[2022-10-26T18:55:18.405+0200][gc,metaspace] GC(14) Metaspace: 41582K(42304K)->41582K(42304K) NonClass: 36722K(37120K)->36722K(37120K) Class: 4860K(5184K)->4860K(5184K)
[2022-10-26T18:55:18.405+0200][gc          ] GC(14) Pause Young (Normal) (G1 Evacuation Pause) 203M->160M(1024M) 5,296ms
[2022-10-26T18:55:18.405+0200][gc,cpu      ] GC(14) User=0,03s Sys=0,00s Real=0,00s
[2022-10-26T19:01:21.831+0200][gc,start    ] GC(15) Pause Young (Normal) (G1 Evacuation Pause)
[2022-10-26T19:01:21.832+0200][gc,task     ] GC(15) Using 15 workers of 15 for evacuation
[2022-10-26T19:01:21.836+0200][gc,phases   ] GC(15)   Pre Evacuate Collection Set: 0,2ms
[2022-10-26T19:01:21.836+0200][gc,phases   ] GC(15)   Merge Heap Roots: 0,1ms
[2022-10-26T19:01:21.836+0200][gc,phases   ] GC(15)   Evacuate Collection Set: 3,4ms
[2022-10-26T19:01:21.836+0200][gc,phases   ] GC(15)   Post Evacuate Collection Set: 0,2ms
[2022-10-26T19:01:21.836+0200][gc,phases   ] GC(15)   Other: 0,2ms
[2022-10-26T19:01:21.836+0200][gc,heap     ] GC(15) Eden regions: 55->0(44)
[2022-10-26T19:01:21.836+0200][gc,heap     ] GC(15) Survivor regions: 4->7(8)
[2022-10-26T19:01:21.836+0200][gc,heap     ] GC(15) Old regions: 28->28
[2022-10-26T19:01:21.836+0200][gc,heap     ] GC(15) Archive regions: 2->2
[2022-10-26T19:01:21.836+0200][gc,heap     ] GC(15) Humongous regions: 129->129
[2022-10-26T19:01:21.836+0200][gc,metaspace] GC(15) Metaspace: 41614K(42304K)->41614K(42304K) NonClass: 36752K(37120K)->36752K(37120K) Class: 4861K(5184K)->4861K(5184K)
[2022-10-26T19:01:21.836+0200][gc          ] GC(15) Pause Young (Normal) (G1 Evacuation Pause) 215M->164M(1024M) 4,904ms
[2022-10-26T19:01:21.836+0200][gc,cpu      ] GC(15) User=0,03s Sys=0,01s Real=0,00s
[2022-10-26T19:06:20.537+0200][gc,start    ] GC(16) Pause Young (Normal) (G1 Evacuation Pause)
[2022-10-26T19:06:20.538+0200][gc,task     ] GC(16) Using 15 workers of 15 for evacuation
[2022-10-26T19:06:20.542+0200][gc,phases   ] GC(16)   Pre Evacuate Collection Set: 0,2ms
[2022-10-26T19:06:20.542+0200][gc,phases   ] GC(16)   Merge Heap Roots: 0,1ms
[2022-10-26T19:06:20.542+0200][gc,phases   ] GC(16)   Evacuate Collection Set: 3,4ms
[2022-10-26T19:06:20.542+0200][gc,phases   ] GC(16)   Post Evacuate Collection Set: 0,3ms
[2022-10-26T19:06:20.542+0200][gc,phases   ] GC(16)   Other: 0,3ms
[2022-10-26T19:06:20.542+0200][gc,heap     ] GC(16) Eden regions: 44->0(78)
[2022-10-26T19:06:20.542+0200][gc,heap     ] GC(16) Survivor regions: 7->5(7)
[2022-10-26T19:06:20.542+0200][gc,heap     ] GC(16) Old regions: 28->34
[2022-10-26T19:06:20.542+0200][gc,heap     ] GC(16) Archive regions: 2->2
[2022-10-26T19:06:20.542+0200][gc,heap     ] GC(16) Humongous regions: 129->129
[2022-10-26T19:06:20.542+0200][gc,metaspace] GC(16) Metaspace: 41640K(42368K)->41640K(42368K) NonClass: 36778K(37184K)->36778K(37184K) Class: 4861K(5184K)->4861K(5184K)
[2022-10-26T19:06:20.542+0200][gc          ] GC(16) Pause Young (Normal) (G1 Evacuation Pause) 208M->168M(1024M) 5,166ms
[2022-10-26T19:06:20.543+0200][gc,cpu      ] GC(16) User=0,03s Sys=0,01s Real=0,01s
[2022-10-26T19:14:50.907+0200][gc,start    ] GC(17) Pause Young (Normal) (G1 Evacuation Pause)
[2022-10-26T19:14:50.908+0200][gc,task     ] GC(17) Using 15 workers of 15 for evacuation
[2022-10-26T19:14:50.913+0200][gc,phases   ] GC(17)   Pre Evacuate Collection Set: 0,3ms
[2022-10-26T19:14:50.913+0200][gc,phases   ] GC(17)   Merge Heap Roots: 0,1ms
[2022-10-26T19:14:50.913+0200][gc,phases   ] GC(17)   Evacuate Collection Set: 4,3ms
[2022-10-26T19:14:50.913+0200][gc,phases   ] GC(17)   Post Evacuate Collection Set: 0,3ms
[2022-10-26T19:14:50.913+0200][gc,phases   ] GC(17)   Other: 0,1ms
[2022-10-26T19:14:50.913+0200][gc,heap     ] GC(17) Eden regions: 78->0(75)
[2022-10-26T19:14:50.913+0200][gc,heap     ] GC(17) Survivor regions: 5->10(11)
[2022-10-26T19:14:50.913+0200][gc,heap     ] GC(17) Old regions: 34->34
[2022-10-26T19:14:50.913+0200][gc,heap     ] GC(17) Archive regions: 2->2
[2022-10-26T19:14:50.913+0200][gc,heap     ] GC(17) Humongous regions: 129->129
[2022-10-26T19:14:50.913+0200][gc,metaspace] GC(17) Metaspace: 41697K(42368K)->41697K(42368K) NonClass: 36832K(37184K)->36832K(37184K) Class: 4864K(5184K)->4864K(5184K)
[2022-10-26T19:14:50.913+0200][gc          ] GC(17) Pause Young (Normal) (G1 Evacuation Pause) 246M->172M(1024M) 6,251ms
[2022-10-26T19:14:50.913+0200][gc,cpu      ] GC(17) User=0,03s Sys=0,01s Real=0,01s
[2022-10-26T19:23:38.139+0200][gc,start    ] GC(18) Pause Young (Normal) (G1 Evacuation Pause)
[2022-10-26T19:23:38.140+0200][gc,task     ] GC(18) Using 15 workers of 15 for evacuation
[2022-10-26T19:23:38.144+0200][gc,phases   ] GC(18)   Pre Evacuate Collection Set: 0,2ms
[2022-10-26T19:23:38.144+0200][gc,phases   ] GC(18)   Merge Heap Roots: 0,1ms
[2022-10-26T19:23:38.144+0200][gc,phases   ] GC(18)   Evacuate Collection Set: 2,8ms
[2022-10-26T19:23:38.144+0200][gc,phases   ] GC(18)   Post Evacuate Collection Set: 0,3ms
[2022-10-26T19:23:38.144+0200][gc,phases   ] GC(18)   Other: 0,1ms
[2022-10-26T19:23:38.144+0200][gc,heap     ] GC(18) Eden regions: 75->0(177)
[2022-10-26T19:23:38.144+0200][gc,heap     ] GC(18) Survivor regions: 10->3(11)
[2022-10-26T19:23:38.144+0200][gc,heap     ] GC(18) Old regions: 34->41
[2022-10-26T19:23:38.144+0200][gc,heap     ] GC(18) Archive regions: 2->2
[2022-10-26T19:23:38.144+0200][gc,heap     ] GC(18) Humongous regions: 129->129
[2022-10-26T19:23:38.144+0200][gc,metaspace] GC(18) Metaspace: 41701K(42368K)->41701K(42368K) NonClass: 36836K(37184K)->36836K(37184K) Class: 4864K(5184K)->4864K(5184K)
[2022-10-26T19:23:38.144+0200][gc          ] GC(18) Pause Young (Normal) (G1 Evacuation Pause) 247M->173M(1024M) 4,410ms
[2022-10-26T19:23:38.144+0200][gc,cpu      ] GC(18) User=0,02s Sys=0,01s Real=0,01s
[2022-10-26T19:45:51.889+0200][gc,start    ] GC(19) Pause Young (Normal) (G1 Evacuation Pause)
[2022-10-26T19:45:51.890+0200][gc,task     ] GC(19) Using 15 workers of 15 for evacuation
[2022-10-26T19:45:51.895+0200][gc,phases   ] GC(19)   Pre Evacuate Collection Set: 0,2ms
[2022-10-26T19:45:51.896+0200][gc,phases   ] GC(19)   Merge Heap Roots: 0,1ms
[2022-10-26T19:45:51.896+0200][gc,phases   ] GC(19)   Evacuate Collection Set: 5,0ms
[2022-10-26T19:45:51.896+0200][gc,phases   ] GC(19)   Post Evacuate Collection Set: 0,4ms
[2022-10-26T19:45:51.896+0200][gc,phases   ] GC(19)   Other: 0,2ms
[2022-10-26T19:45:51.896+0200][gc,heap     ] GC(19) Eden regions: 177->0(139)
[2022-10-26T19:45:51.896+0200][gc,heap     ] GC(19) Survivor regions: 3->12(23)
[2022-10-26T19:45:51.896+0200][gc,heap     ] GC(19) Old regions: 41->41
[2022-10-26T19:45:51.896+0200][gc,heap     ] GC(19) Archive regions: 2->2
[2022-10-26T19:45:51.896+0200][gc,heap     ] GC(19) Humongous regions: 129->129
[2022-10-26T19:45:51.896+0200][gc,metaspace] GC(19) Metaspace: 41933K(42688K)->41933K(42688K) NonClass: 37054K(37440K)->37054K(37440K) Class: 4878K(5248K)->4878K(5248K)
[2022-10-26T19:45:51.896+0200][gc          ] GC(19) Pause Young (Normal) (G1 Evacuation Pause) 350M->181M(1024M) 7,222ms
[2022-10-26T19:45:51.897+0200][gc,cpu      ] GC(19) User=0,03s Sys=0,01s Real=0,01s
