[2022-09-12T11:48:14.749+0200][gc,init] CardTable entry size: 512
[2022-09-12T11:48:14.750+0200][gc     ] Using G1
[2022-09-12T11:48:14.754+0200][gc,init] Version: 18.0.1.1+2-6 (release)
[2022-09-12T11:48:14.754+0200][gc,init] CPUs: 20 total, 20 available
[2022-09-12T11:48:14.754+0200][gc,init] Memory: 32768M
[2022-09-12T11:48:14.754+0200][gc,init] Large Page Support: Disabled
[2022-09-12T11:48:14.754+0200][gc,init] NUMA Support: Disabled
[2022-09-12T11:48:14.754+0200][gc,init] Compressed Oops: Enabled (Zero based)
[2022-09-12T11:48:14.754+0200][gc,init] Heap Region Size: 1M
[2022-09-12T11:48:14.754+0200][gc,init] Heap Min Capacity: 1G
[2022-09-12T11:48:14.754+0200][gc,init] Heap Initial Capacity: 1G
[2022-09-12T11:48:14.754+0200][gc,init] Heap Max Capacity: 1G
[2022-09-12T11:48:14.754+0200][gc,init] Pre-touch: Disabled
[2022-09-12T11:48:14.754+0200][gc,init] Parallel Workers: 15
[2022-09-12T11:48:14.754+0200][gc,init] Concurrent Workers: 4
[2022-09-12T11:48:14.754+0200][gc,init] Concurrent Refinement Workers: 15
[2022-09-12T11:48:14.754+0200][gc,init] Periodic GC: Disabled
[2022-09-12T11:48:14.754+0200][gc,metaspace] CDS archive(s) mapped at: [0x0000000800000000-0x0000000800ba8000-0x0000000800ba8000), size 12222464, SharedBaseAddress: 0x0000000800000000, ArchiveRelocationMode: 0.
[2022-09-12T11:48:14.754+0200][gc,metaspace] Compressed class space mapped at: 0x0000000800c00000-0x0000000840c00000, reserved size: 1073741824
[2022-09-12T11:48:14.754+0200][gc,metaspace] Narrow klass base: 0x0000000800000000, Narrow klass shift: 0, Narrow klass range: 0x100000000
[2022-09-12T11:48:16.252+0200][gc,start    ] GC(0) Pause Young (Normal) (G1 Evacuation Pause)
[2022-09-12T11:48:16.253+0200][gc,task     ] GC(0) Using 15 workers of 15 for evacuation
[2022-09-12T11:48:16.256+0200][gc,phases   ] GC(0)   Pre Evacuate Collection Set: 0,1ms
[2022-09-12T11:48:16.256+0200][gc,phases   ] GC(0)   Merge Heap Roots: 0,1ms
[2022-09-12T11:48:16.256+0200][gc,phases   ] GC(0)   Evacuate Collection Set: 3,0ms
[2022-09-12T11:48:16.256+0200][gc,phases   ] GC(0)   Post Evacuate Collection Set: 0,4ms
[2022-09-12T11:48:16.256+0200][gc,phases   ] GC(0)   Other: 0,4ms
[2022-09-12T11:48:16.256+0200][gc,heap     ] GC(0) Eden regions: 51->0(44)
[2022-09-12T11:48:16.256+0200][gc,heap     ] GC(0) Survivor regions: 0->7(7)
[2022-09-12T11:48:16.256+0200][gc,heap     ] GC(0) Old regions: 0->1
[2022-09-12T11:48:16.256+0200][gc,heap     ] GC(0) Archive regions: 2->2
[2022-09-12T11:48:16.257+0200][gc,heap     ] GC(0) Humongous regions: 0->0
[2022-09-12T11:48:16.257+0200][gc,metaspace] GC(0) Metaspace: 18771K(19008K)->18771K(19008K) NonClass: 16566K(16704K)->16566K(16704K) Class: 2205K(2304K)->2205K(2304K)
[2022-09-12T11:48:16.257+0200][gc          ] GC(0) Pause Young (Normal) (G1 Evacuation Pause) 51M->8M(1024M) 4,322ms
[2022-09-12T11:48:16.257+0200][gc,cpu      ] GC(0) User=0,03s Sys=0,01s Real=0,00s
[2022-09-12T11:48:16.625+0200][gc,start    ] GC(1) Pause Young (Concurrent Start) (Metadata GC Threshold)
[2022-09-12T11:48:16.625+0200][gc,task     ] GC(1) Using 15 workers of 15 for evacuation
[2022-09-12T11:48:16.630+0200][gc,phases   ] GC(1)   Pre Evacuate Collection Set: 0,2ms
[2022-09-12T11:48:16.630+0200][gc,phases   ] GC(1)   Merge Heap Roots: 0,0ms
[2022-09-12T11:48:16.630+0200][gc,phases   ] GC(1)   Evacuate Collection Set: 4,3ms
[2022-09-12T11:48:16.630+0200][gc,phases   ] GC(1)   Post Evacuate Collection Set: 0,3ms
[2022-09-12T11:48:16.630+0200][gc,phases   ] GC(1)   Other: 0,0ms
[2022-09-12T11:48:16.630+0200][gc,heap     ] GC(1) Eden regions: 11->0(49)
[2022-09-12T11:48:16.630+0200][gc,heap     ] GC(1) Survivor regions: 7->2(7)
[2022-09-12T11:48:16.630+0200][gc,heap     ] GC(1) Old regions: 1->8
[2022-09-12T11:48:16.630+0200][gc,heap     ] GC(1) Archive regions: 2->2
[2022-09-12T11:48:16.630+0200][gc,heap     ] GC(1) Humongous regions: 129->129
[2022-09-12T11:48:16.630+0200][gc,metaspace] GC(1) Metaspace: 21226K(21504K)->21226K(21504K) NonClass: 18723K(18880K)->18723K(18880K) Class: 2502K(2624K)->2502K(2624K)
[2022-09-12T11:48:16.630+0200][gc          ] GC(1) Pause Young (Concurrent Start) (Metadata GC Threshold) 148M->138M(1024M) 5,152ms
[2022-09-12T11:48:16.631+0200][gc,cpu      ] GC(1) User=0,02s Sys=0,04s Real=0,01s
[2022-09-12T11:48:16.631+0200][gc          ] GC(2) Concurrent Mark Cycle
[2022-09-12T11:48:16.631+0200][gc,marking  ] GC(2) Concurrent Clear Claimed Marks
[2022-09-12T11:48:16.631+0200][gc,marking  ] GC(2) Concurrent Clear Claimed Marks 0,012ms
[2022-09-12T11:48:16.631+0200][gc,marking  ] GC(2) Concurrent Scan Root Regions
[2022-09-12T11:48:16.632+0200][gc,marking  ] GC(2) Concurrent Scan Root Regions 1,156ms
[2022-09-12T11:48:16.632+0200][gc,marking  ] GC(2) Concurrent Mark
[2022-09-12T11:48:16.632+0200][gc,marking  ] GC(2) Concurrent Mark From Roots
[2022-09-12T11:48:16.632+0200][gc,task     ] GC(2) Using 4 workers of 4 for marking
[2022-09-12T11:48:16.638+0200][gc,marking  ] GC(2) Concurrent Mark From Roots 5,862ms
[2022-09-12T11:48:16.638+0200][gc,marking  ] GC(2) Concurrent Preclean
[2022-09-12T11:48:16.638+0200][gc,marking  ] GC(2) Concurrent Preclean 0,192ms
[2022-09-12T11:48:16.638+0200][gc,start    ] GC(2) Pause Remark
[2022-09-12T11:48:16.641+0200][gc          ] GC(2) Pause Remark 139M->139M(1024M) 2,786ms
[2022-09-12T11:48:16.641+0200][gc,cpu      ] GC(2) User=0,00s Sys=0,01s Real=0,01s
[2022-09-12T11:48:16.641+0200][gc,marking  ] GC(2) Concurrent Mark 8,978ms
[2022-09-12T11:48:16.641+0200][gc,marking  ] GC(2) Concurrent Rebuild Remembered Sets
[2022-09-12T11:48:16.642+0200][gc,marking  ] GC(2) Concurrent Rebuild Remembered Sets 1,384ms
[2022-09-12T11:48:16.642+0200][gc,start    ] GC(2) Pause Cleanup
[2022-09-12T11:48:16.642+0200][gc          ] GC(2) Pause Cleanup 139M->139M(1024M) 0,079ms
[2022-09-12T11:48:16.642+0200][gc,cpu      ] GC(2) User=0,00s Sys=0,00s Real=0,00s
[2022-09-12T11:48:16.642+0200][gc,marking  ] GC(2) Concurrent Cleanup for Next Mark
[2022-09-12T11:48:16.667+0200][gc,marking  ] GC(2) Concurrent Cleanup for Next Mark 24,881ms
[2022-09-12T11:48:16.667+0200][gc          ] GC(2) Concurrent Mark Cycle 36,727ms
[2022-09-12T11:48:17.216+0200][gc,start    ] GC(3) Pause Young (Normal) (G1 Evacuation Pause)
[2022-09-12T11:48:17.216+0200][gc,task     ] GC(3) Using 15 workers of 15 for evacuation
[2022-09-12T11:48:17.218+0200][gc,phases   ] GC(3)   Pre Evacuate Collection Set: 0,1ms
[2022-09-12T11:48:17.218+0200][gc,phases   ] GC(3)   Merge Heap Roots: 0,1ms
[2022-09-12T11:48:17.218+0200][gc,phases   ] GC(3)   Evacuate Collection Set: 1,6ms
[2022-09-12T11:48:17.218+0200][gc,phases   ] GC(3)   Post Evacuate Collection Set: 0,4ms
[2022-09-12T11:48:17.218+0200][gc,phases   ] GC(3)   Other: 0,1ms
[2022-09-12T11:48:17.218+0200][gc,heap     ] GC(3) Eden regions: 49->0(45)
[2022-09-12T11:48:17.218+0200][gc,heap     ] GC(3) Survivor regions: 2->6(7)
[2022-09-12T11:48:17.218+0200][gc,heap     ] GC(3) Old regions: 8->8
[2022-09-12T11:48:17.218+0200][gc,heap     ] GC(3) Archive regions: 2->2
[2022-09-12T11:48:17.218+0200][gc,heap     ] GC(3) Humongous regions: 129->129
[2022-09-12T11:48:17.218+0200][gc,metaspace] GC(3) Metaspace: 32640K(32960K)->32640K(32960K) NonClass: 28997K(29184K)->28997K(29184K) Class: 3642K(3776K)->3642K(3776K)
[2022-09-12T11:48:17.218+0200][gc          ] GC(3) Pause Young (Normal) (G1 Evacuation Pause) 187M->142M(1024M) 2,514ms
[2022-09-12T11:48:17.218+0200][gc,cpu      ] GC(3) User=0,02s Sys=0,00s Real=0,00s
[2022-09-12T11:54:52.554+0200][gc,start    ] GC(4) Pause Young (Concurrent Start) (Metadata GC Threshold)
[2022-09-12T11:54:52.574+0200][gc,task     ] GC(4) Using 15 workers of 15 for evacuation
[2022-09-12T11:54:52.590+0200][gc,phases   ] GC(4)   Pre Evacuate Collection Set: 1,7ms
[2022-09-12T11:54:52.594+0200][gc,phases   ] GC(4)   Merge Heap Roots: 0,2ms
[2022-09-12T11:54:52.594+0200][gc,phases   ] GC(4)   Evacuate Collection Set: 14,3ms
[2022-09-12T11:54:52.594+0200][gc,phases   ] GC(4)   Post Evacuate Collection Set: 0,3ms
[2022-09-12T11:54:52.594+0200][gc,phases   ] GC(4)   Other: 0,0ms
[2022-09-12T11:54:52.594+0200][gc,heap     ] GC(4) Eden regions: 20->0(49)
[2022-09-12T11:54:52.594+0200][gc,heap     ] GC(4) Survivor regions: 6->2(7)
[2022-09-12T11:54:52.594+0200][gc,heap     ] GC(4) Old regions: 8->13
[2022-09-12T11:54:52.594+0200][gc,heap     ] GC(4) Archive regions: 2->2
[2022-09-12T11:54:52.594+0200][gc,heap     ] GC(4) Humongous regions: 129->129
[2022-09-12T11:54:52.594+0200][gc,metaspace] GC(4) Metaspace: 35780K(36160K)->35780K(36160K) NonClass: 31630K(31872K)->31630K(31872K) Class: 4149K(4288K)->4149K(4288K)
[2022-09-12T11:54:52.594+0200][gc          ] GC(4) Pause Young (Concurrent Start) (Metadata GC Threshold) 162M->143M(1024M) 40,060ms
[2022-09-12T11:54:52.594+0200][gc,cpu      ] GC(4) User=0,03s Sys=0,09s Real=0,04s
[2022-09-12T11:54:52.594+0200][gc          ] GC(5) Concurrent Mark Cycle
[2022-09-12T11:54:52.594+0200][gc,marking  ] GC(5) Concurrent Clear Claimed Marks
[2022-09-12T11:54:52.594+0200][gc,marking  ] GC(5) Concurrent Clear Claimed Marks 0,029ms
[2022-09-12T11:54:52.594+0200][gc,marking  ] GC(5) Concurrent Scan Root Regions
[2022-09-12T11:54:52.596+0200][gc,marking  ] GC(5) Concurrent Scan Root Regions 1,903ms
[2022-09-12T11:54:52.613+0200][gc,marking  ] GC(5) Concurrent Mark
[2022-09-12T11:54:52.613+0200][gc,marking  ] GC(5) Concurrent Mark From Roots
[2022-09-12T11:54:52.613+0200][gc,task     ] GC(5) Using 4 workers of 4 for marking
[2022-09-12T11:54:52.618+0200][gc,marking  ] GC(5) Concurrent Mark From Roots 5,030ms
[2022-09-12T11:54:52.632+0200][gc,marking  ] GC(5) Concurrent Preclean
[2022-09-12T11:54:52.632+0200][gc,marking  ] GC(5) Concurrent Preclean 0,066ms
[2022-09-12T11:54:52.632+0200][gc,start    ] GC(5) Pause Remark
[2022-09-12T11:54:52.635+0200][gc          ] GC(5) Pause Remark 146M->146M(1024M) 2,868ms
[2022-09-12T11:54:52.652+0200][gc,cpu      ] GC(5) User=0,01s Sys=0,02s Real=0,02s
[2022-09-12T11:54:52.652+0200][gc,marking  ] GC(5) Concurrent Mark 38,378ms
[2022-09-12T11:54:52.652+0200][gc,marking  ] GC(5) Concurrent Rebuild Remembered Sets
[2022-09-12T11:54:52.655+0200][gc,marking  ] GC(5) Concurrent Rebuild Remembered Sets 3,252ms
[2022-09-12T11:54:52.672+0200][gc,start    ] GC(5) Pause Cleanup
[2022-09-12T11:54:52.672+0200][gc          ] GC(5) Pause Cleanup 146M->146M(1024M) 0,154ms
[2022-09-12T11:54:52.673+0200][gc,cpu      ] GC(5) User=0,00s Sys=0,01s Real=0,00s
[2022-09-12T11:54:52.673+0200][gc,marking  ] GC(5) Concurrent Cleanup for Next Mark
[2022-09-12T11:54:52.678+0200][gc,marking  ] GC(5) Concurrent Cleanup for Next Mark 5,408ms
[2022-09-12T11:54:52.681+0200][gc          ] GC(5) Concurrent Mark Cycle 87,120ms
[2022-09-12T11:59:12.019+0200][gc,start    ] GC(6) Pause Young (Prepare Mixed) (G1 Evacuation Pause)
[2022-09-12T11:59:12.020+0200][gc,task     ] GC(6) Using 15 workers of 15 for evacuation
[2022-09-12T11:59:12.067+0200][gc,mmu      ] GC(6) MMU target violated: 21,0ms (20,0ms/21,0ms)
[2022-09-12T11:59:12.067+0200][gc,phases   ] GC(6)   Pre Evacuate Collection Set: 1,3ms
[2022-09-12T11:59:12.067+0200][gc,phases   ] GC(6)   Merge Heap Roots: 0,2ms
[2022-09-12T11:59:12.067+0200][gc,phases   ] GC(6)   Evacuate Collection Set: 45,2ms
[2022-09-12T11:59:12.067+0200][gc,phases   ] GC(6)   Post Evacuate Collection Set: 0,5ms
[2022-09-12T11:59:12.067+0200][gc,phases   ] GC(6)   Other: 0,2ms
[2022-09-12T11:59:12.067+0200][gc,heap     ] GC(6) Eden regions: 49->0(46)
[2022-09-12T11:59:12.067+0200][gc,heap     ] GC(6) Survivor regions: 2->5(7)
[2022-09-12T11:59:12.067+0200][gc,heap     ] GC(6) Old regions: 13->13
[2022-09-12T11:59:12.067+0200][gc,heap     ] GC(6) Archive regions: 2->2
[2022-09-12T11:59:12.067+0200][gc,heap     ] GC(6) Humongous regions: 129->129
[2022-09-12T11:59:12.067+0200][gc,metaspace] GC(6) Metaspace: 40377K(41152K)->40377K(41152K) NonClass: 35565K(35968K)->35565K(35968K) Class: 4812K(5184K)->4812K(5184K)
[2022-09-12T11:59:12.067+0200][gc          ] GC(6) Pause Young (Prepare Mixed) (G1 Evacuation Pause) 192M->146M(1024M) 48,435ms
[2022-09-12T11:59:12.067+0200][gc,cpu      ] GC(6) User=0,03s Sys=0,32s Real=0,05s
[2022-09-12T12:06:17.105+0200][gc,start    ] GC(7) Pause Young (Mixed) (G1 Evacuation Pause)
[2022-09-12T12:06:17.106+0200][gc,task     ] GC(7) Using 15 workers of 15 for evacuation
[2022-09-12T12:06:17.120+0200][gc,phases   ] GC(7)   Pre Evacuate Collection Set: 1,3ms
[2022-09-12T12:06:17.120+0200][gc,phases   ] GC(7)   Merge Heap Roots: 0,3ms
[2022-09-12T12:06:17.120+0200][gc,phases   ] GC(7)   Evacuate Collection Set: 12,3ms
[2022-09-12T12:06:17.120+0200][gc,phases   ] GC(7)   Post Evacuate Collection Set: 0,4ms
[2022-09-12T12:06:17.120+0200][gc,phases   ] GC(7)   Other: 0,1ms
[2022-09-12T12:06:17.120+0200][gc,heap     ] GC(7) Eden regions: 46->0(45)
[2022-09-12T12:06:17.120+0200][gc,heap     ] GC(7) Survivor regions: 5->6(7)
[2022-09-12T12:06:17.120+0200][gc,heap     ] GC(7) Old regions: 13->14
[2022-09-12T12:06:17.120+0200][gc,heap     ] GC(7) Archive regions: 2->2
[2022-09-12T12:06:17.120+0200][gc,heap     ] GC(7) Humongous regions: 129->129
[2022-09-12T12:06:17.120+0200][gc,metaspace] GC(7) Metaspace: 41084K(41856K)->41084K(41856K) NonClass: 36203K(36608K)->36203K(36608K) Class: 4880K(5248K)->4880K(5248K)
[2022-09-12T12:06:17.121+0200][gc          ] GC(7) Pause Young (Mixed) (G1 Evacuation Pause) 192M->148M(1024M) 15,313ms
[2022-09-12T12:06:17.121+0200][gc,cpu      ] GC(7) User=0,03s Sys=0,09s Real=0,02s
[2022-09-12T12:11:01.531+0200][gc,start    ] GC(8) Pause Young (Normal) (G1 Evacuation Pause)
[2022-09-12T12:11:01.532+0200][gc,task     ] GC(8) Using 15 workers of 15 for evacuation
[2022-09-12T12:11:01.554+0200][gc,mmu      ] GC(8) MMU target violated: 21,0ms (20,0ms/21,0ms)
[2022-09-12T12:11:01.554+0200][gc,phases   ] GC(8)   Pre Evacuate Collection Set: 1,3ms
[2022-09-12T12:11:01.554+0200][gc,phases   ] GC(8)   Merge Heap Roots: 0,2ms
[2022-09-12T12:11:01.554+0200][gc,phases   ] GC(8)   Evacuate Collection Set: 18,8ms
[2022-09-12T12:11:01.554+0200][gc,phases   ] GC(8)   Post Evacuate Collection Set: 0,8ms
[2022-09-12T12:11:01.554+0200][gc,phases   ] GC(8)   Other: 0,5ms
[2022-09-12T12:11:01.554+0200][gc,heap     ] GC(8) Eden regions: 45->0(47)
[2022-09-12T12:11:01.554+0200][gc,heap     ] GC(8) Survivor regions: 6->4(7)
[2022-09-12T12:11:01.554+0200][gc,heap     ] GC(8) Old regions: 14->16
[2022-09-12T12:11:01.554+0200][gc,heap     ] GC(8) Archive regions: 2->2
[2022-09-12T12:11:01.554+0200][gc,heap     ] GC(8) Humongous regions: 129->129
[2022-09-12T12:11:01.554+0200][gc,metaspace] GC(8) Metaspace: 41585K(42304K)->41585K(42304K) NonClass: 36663K(37056K)->36663K(37056K) Class: 4921K(5248K)->4921K(5248K)
[2022-09-12T12:11:01.554+0200][gc          ] GC(8) Pause Young (Normal) (G1 Evacuation Pause) 193M->148M(1024M) 23,012ms
[2022-09-12T12:11:01.554+0200][gc,cpu      ] GC(8) User=0,04s Sys=0,09s Real=0,02s
[2022-09-12T12:11:09.385+0200][gc,start    ] GC(9) Pause Young (Normal) (G1 Evacuation Pause)
[2022-09-12T12:11:09.386+0200][gc,task     ] GC(9) Using 15 workers of 15 for evacuation
[2022-09-12T12:11:09.389+0200][gc,phases   ] GC(9)   Pre Evacuate Collection Set: 0,1ms
[2022-09-12T12:11:09.389+0200][gc,phases   ] GC(9)   Merge Heap Roots: 0,1ms
[2022-09-12T12:11:09.389+0200][gc,phases   ] GC(9)   Evacuate Collection Set: 2,6ms
[2022-09-12T12:11:09.389+0200][gc,phases   ] GC(9)   Post Evacuate Collection Set: 0,5ms
[2022-09-12T12:11:09.389+0200][gc,phases   ] GC(9)   Other: 0,2ms
[2022-09-12T12:11:09.389+0200][gc,heap     ] GC(9) Eden regions: 47->0(47)
[2022-09-12T12:11:09.389+0200][gc,heap     ] GC(9) Survivor regions: 4->4(7)
[2022-09-12T12:11:09.389+0200][gc,heap     ] GC(9) Old regions: 16->16
[2022-09-12T12:11:09.389+0200][gc,heap     ] GC(9) Archive regions: 2->2
[2022-09-12T12:11:09.389+0200][gc,heap     ] GC(9) Humongous regions: 129->129
[2022-09-12T12:11:09.389+0200][gc,metaspace] GC(9) Metaspace: 41687K(42432K)->41687K(42432K) NonClass: 36765K(37184K)->36765K(37184K) Class: 4921K(5248K)->4921K(5248K)
[2022-09-12T12:11:09.389+0200][gc          ] GC(9) Pause Young (Normal) (G1 Evacuation Pause) 195M->149M(1024M) 4,144ms
[2022-09-12T12:11:09.389+0200][gc,cpu      ] GC(9) User=0,01s Sys=0,01s Real=0,00s
[2022-09-12T12:11:13.788+0200][gc,start    ] GC(10) Pause Young (Normal) (G1 Evacuation Pause)
[2022-09-12T12:11:13.788+0200][gc,task     ] GC(10) Using 15 workers of 15 for evacuation
[2022-09-12T12:11:13.790+0200][gc,phases   ] GC(10)   Pre Evacuate Collection Set: 0,2ms
[2022-09-12T12:11:13.790+0200][gc,phases   ] GC(10)   Merge Heap Roots: 0,0ms
[2022-09-12T12:11:13.790+0200][gc,phases   ] GC(10)   Evacuate Collection Set: 1,6ms
[2022-09-12T12:11:13.790+0200][gc,phases   ] GC(10)   Post Evacuate Collection Set: 0,4ms
[2022-09-12T12:11:13.790+0200][gc,phases   ] GC(10)   Other: 0,2ms
[2022-09-12T12:11:13.790+0200][gc,heap     ] GC(10) Eden regions: 47->0(47)
[2022-09-12T12:11:13.790+0200][gc,heap     ] GC(10) Survivor regions: 4->4(7)
[2022-09-12T12:11:13.790+0200][gc,heap     ] GC(10) Old regions: 16->16
[2022-09-12T12:11:13.790+0200][gc,heap     ] GC(10) Archive regions: 2->2
[2022-09-12T12:11:13.790+0200][gc,heap     ] GC(10) Humongous regions: 129->129
[2022-09-12T12:11:13.791+0200][gc,metaspace] GC(10) Metaspace: 41707K(42432K)->41707K(42432K) NonClass: 36785K(37184K)->36785K(37184K) Class: 4921K(5248K)->4921K(5248K)
[2022-09-12T12:11:13.791+0200][gc          ] GC(10) Pause Young (Normal) (G1 Evacuation Pause) 196M->149M(1024M) 2,735ms
[2022-09-12T12:11:13.791+0200][gc,cpu      ] GC(10) User=0,02s Sys=0,01s Real=0,01s
[2022-09-12T12:11:18.744+0200][gc,start    ] GC(11) Pause Young (Normal) (G1 Evacuation Pause)
[2022-09-12T12:11:18.744+0200][gc,task     ] GC(11) Using 15 workers of 15 for evacuation
[2022-09-12T12:11:18.746+0200][gc,phases   ] GC(11)   Pre Evacuate Collection Set: 0,1ms
[2022-09-12T12:11:18.746+0200][gc,phases   ] GC(11)   Merge Heap Roots: 0,0ms
[2022-09-12T12:11:18.746+0200][gc,phases   ] GC(11)   Evacuate Collection Set: 1,3ms
[2022-09-12T12:11:18.746+0200][gc,phases   ] GC(11)   Post Evacuate Collection Set: 0,3ms
[2022-09-12T12:11:18.746+0200][gc,phases   ] GC(11)   Other: 0,1ms
[2022-09-12T12:11:18.746+0200][gc,heap     ] GC(11) Eden regions: 47->0(62)
[2022-09-12T12:11:18.746+0200][gc,heap     ] GC(11) Survivor regions: 4->4(7)
[2022-09-12T12:11:18.746+0200][gc,heap     ] GC(11) Old regions: 16->16
[2022-09-12T12:11:18.746+0200][gc,heap     ] GC(11) Archive regions: 2->2
[2022-09-12T12:11:18.746+0200][gc,heap     ] GC(11) Humongous regions: 129->129
[2022-09-12T12:11:18.746+0200][gc,metaspace] GC(11) Metaspace: 41717K(42432K)->41717K(42432K) NonClass: 36796K(37184K)->36796K(37184K) Class: 4921K(5248K)->4921K(5248K)
[2022-09-12T12:11:18.746+0200][gc          ] GC(11) Pause Young (Normal) (G1 Evacuation Pause) 196M->149M(1024M) 2,431ms
[2022-09-12T12:11:18.746+0200][gc,cpu      ] GC(11) User=0,01s Sys=0,00s Real=0,00s
[2022-09-12T12:11:26.197+0200][gc,start    ] GC(12) Pause Young (Normal) (G1 Evacuation Pause)
[2022-09-12T12:11:26.198+0200][gc,task     ] GC(12) Using 15 workers of 15 for evacuation
[2022-09-12T12:11:26.200+0200][gc,phases   ] GC(12)   Pre Evacuate Collection Set: 0,1ms
[2022-09-12T12:11:26.200+0200][gc,phases   ] GC(12)   Merge Heap Roots: 0,0ms
[2022-09-12T12:11:26.200+0200][gc,phases   ] GC(12)   Evacuate Collection Set: 1,7ms
[2022-09-12T12:11:26.200+0200][gc,phases   ] GC(12)   Post Evacuate Collection Set: 0,4ms
[2022-09-12T12:11:26.200+0200][gc,phases   ] GC(12)   Other: 0,2ms
[2022-09-12T12:11:26.200+0200][gc,heap     ] GC(12) Eden regions: 62->0(173)
[2022-09-12T12:11:26.200+0200][gc,heap     ] GC(12) Survivor regions: 4->4(9)
[2022-09-12T12:11:26.200+0200][gc,heap     ] GC(12) Old regions: 16->16
[2022-09-12T12:11:26.200+0200][gc,heap     ] GC(12) Archive regions: 2->2
[2022-09-12T12:11:26.200+0200][gc,heap     ] GC(12) Humongous regions: 129->129
[2022-09-12T12:11:26.200+0200][gc,metaspace] GC(12) Metaspace: 41721K(42432K)->41721K(42432K) NonClass: 36800K(37184K)->36800K(37184K) Class: 4921K(5248K)->4921K(5248K)
[2022-09-12T12:11:26.200+0200][gc          ] GC(12) Pause Young (Normal) (G1 Evacuation Pause) 211M->149M(1024M) 2,970ms
[2022-09-12T12:11:26.200+0200][gc,cpu      ] GC(12) User=0,02s Sys=0,01s Real=0,01s
[2022-09-12T12:15:44.029+0200][gc,start    ] GC(13) Pause Young (Normal) (G1 Evacuation Pause)
[2022-09-12T12:15:44.029+0200][gc,task     ] GC(13) Using 15 workers of 15 for evacuation
[2022-09-12T12:15:44.040+0200][gc,phases   ] GC(13)   Pre Evacuate Collection Set: 1,1ms
[2022-09-12T12:15:44.040+0200][gc,phases   ] GC(13)   Merge Heap Roots: 0,3ms
[2022-09-12T12:15:44.040+0200][gc,phases   ] GC(13)   Evacuate Collection Set: 8,8ms
[2022-09-12T12:15:44.040+0200][gc,phases   ] GC(13)   Post Evacuate Collection Set: 0,6ms
[2022-09-12T12:15:44.040+0200][gc,phases   ] GC(13)   Other: 0,3ms
[2022-09-12T12:15:44.040+0200][gc,heap     ] GC(13) Eden regions: 173->0(610)
[2022-09-12T12:15:44.040+0200][gc,heap     ] GC(13) Survivor regions: 4->4(23)
[2022-09-12T12:15:44.040+0200][gc,heap     ] GC(13) Old regions: 16->16
[2022-09-12T12:15:44.040+0200][gc,heap     ] GC(13) Archive regions: 2->2
[2022-09-12T12:15:44.040+0200][gc,heap     ] GC(13) Humongous regions: 129->129
[2022-09-12T12:15:44.040+0200][gc,metaspace] GC(13) Metaspace: 41778K(42496K)->41778K(42496K) NonClass: 36856K(37248K)->36856K(37248K) Class: 4921K(5248K)->4921K(5248K)
[2022-09-12T12:15:44.041+0200][gc          ] GC(13) Pause Young (Normal) (G1 Evacuation Pause) 322M->149M(1024M) 11,976ms
[2022-09-12T12:15:44.041+0200][gc,cpu      ] GC(13) User=0,02s Sys=0,04s Real=0,02s
[2022-09-12T12:28:48.617+0200][gc,start    ] GC(14) Pause Young (Normal) (G1 Evacuation Pause)
[2022-09-12T12:28:48.617+0200][gc,task     ] GC(14) Using 15 workers of 15 for evacuation
[2022-09-12T12:28:48.628+0200][gc,phases   ] GC(14)   Pre Evacuate Collection Set: 0,9ms
[2022-09-12T12:28:48.628+0200][gc,phases   ] GC(14)   Merge Heap Roots: 0,2ms
[2022-09-12T12:28:48.628+0200][gc,phases   ] GC(14)   Evacuate Collection Set: 8,7ms
[2022-09-12T12:28:48.628+0200][gc,phases   ] GC(14)   Post Evacuate Collection Set: 0,8ms
[2022-09-12T12:28:48.628+0200][gc,phases   ] GC(14)   Other: 0,3ms
[2022-09-12T12:28:48.628+0200][gc,heap     ] GC(14) Eden regions: 610->0(294)
[2022-09-12T12:28:48.628+0200][gc,heap     ] GC(14) Survivor regions: 4->5(77)
[2022-09-12T12:28:48.628+0200][gc,heap     ] GC(14) Old regions: 16->16
[2022-09-12T12:28:48.628+0200][gc,heap     ] GC(14) Archive regions: 2->2
[2022-09-12T12:28:48.628+0200][gc,heap     ] GC(14) Humongous regions: 129->129
[2022-09-12T12:28:48.628+0200][gc,metaspace] GC(14) Metaspace: 41820K(42560K)->41820K(42560K) NonClass: 36899K(37312K)->36899K(37312K) Class: 4921K(5248K)->4921K(5248K)
[2022-09-12T12:28:48.628+0200][gc          ] GC(14) Pause Young (Normal) (G1 Evacuation Pause) 759M->150M(1024M) 11,802ms
[2022-09-12T12:28:48.628+0200][gc,cpu      ] GC(14) User=0,03s Sys=0,06s Real=0,01s
[2022-09-12T12:41:32.501+0200][gc,start    ] GC(15) Pause Young (Normal) (G1 Evacuation Pause)
[2022-09-12T12:41:32.502+0200][gc,task     ] GC(15) Using 15 workers of 15 for evacuation
[2022-09-12T12:41:32.514+0200][gc,phases   ] GC(15)   Pre Evacuate Collection Set: 0,2ms
[2022-09-12T12:41:32.514+0200][gc,phases   ] GC(15)   Merge Heap Roots: 0,2ms
[2022-09-12T12:41:32.514+0200][gc,phases   ] GC(15)   Evacuate Collection Set: 11,0ms
[2022-09-12T12:41:32.514+0200][gc,phases   ] GC(15)   Post Evacuate Collection Set: 0,3ms
[2022-09-12T12:41:32.514+0200][gc,phases   ] GC(15)   Other: 0,1ms
[2022-09-12T12:41:32.514+0200][gc,heap     ] GC(15) Eden regions: 294->0(236)
[2022-09-12T12:41:32.514+0200][gc,heap     ] GC(15) Survivor regions: 5->8(38)
[2022-09-12T12:41:32.514+0200][gc,heap     ] GC(15) Old regions: 16->16
[2022-09-12T12:41:32.514+0200][gc,heap     ] GC(15) Archive regions: 2->2
[2022-09-12T12:41:32.514+0200][gc,heap     ] GC(15) Humongous regions: 129->129
[2022-09-12T12:41:32.514+0200][gc,metaspace] GC(15) Metaspace: 41886K(42624K)->41886K(42624K) NonClass: 36964K(37376K)->36964K(37376K) Class: 4921K(5248K)->4921K(5248K)
[2022-09-12T12:41:32.514+0200][gc          ] GC(15) Pause Young (Normal) (G1 Evacuation Pause) 444M->153M(1024M) 12,879ms
[2022-09-12T12:41:32.514+0200][gc,cpu      ] GC(15) User=0,03s Sys=0,08s Real=0,01s
[2022-09-12T12:56:55.655+0200][gc,start    ] GC(16) Pause Young (Normal) (G1 Evacuation Pause)
[2022-09-12T12:56:55.655+0200][gc,task     ] GC(16) Using 15 workers of 15 for evacuation
[2022-09-12T12:56:55.658+0200][gc,phases   ] GC(16)   Pre Evacuate Collection Set: 0,1ms
[2022-09-12T12:56:55.658+0200][gc,phases   ] GC(16)   Merge Heap Roots: 0,1ms
[2022-09-12T12:56:55.658+0200][gc,phases   ] GC(16)   Evacuate Collection Set: 2,1ms
[2022-09-12T12:56:55.658+0200][gc,phases   ] GC(16)   Post Evacuate Collection Set: 0,3ms
[2022-09-12T12:56:55.658+0200][gc,phases   ] GC(16)   Other: 0,1ms
[2022-09-12T12:56:55.658+0200][gc,heap     ] GC(16) Eden regions: 236->0(281)
[2022-09-12T12:56:55.658+0200][gc,heap     ] GC(16) Survivor regions: 8->10(31)
[2022-09-12T12:56:55.658+0200][gc,heap     ] GC(16) Old regions: 16->16
[2022-09-12T12:56:55.658+0200][gc,heap     ] GC(16) Archive regions: 2->2
[2022-09-12T12:56:55.658+0200][gc,heap     ] GC(16) Humongous regions: 129->129
[2022-09-12T12:56:55.658+0200][gc,metaspace] GC(16) Metaspace: 41965K(42688K)->41965K(42688K) NonClass: 37040K(37440K)->37040K(37440K) Class: 4924K(5248K)->4924K(5248K)
[2022-09-12T12:56:55.658+0200][gc          ] GC(16) Pause Young (Normal) (G1 Evacuation Pause) 389M->154M(1024M) 3,134ms
[2022-09-12T12:56:55.658+0200][gc,cpu      ] GC(16) User=0,03s Sys=0,00s Real=0,00s
[2022-09-12T12:58:25.511+0200][gc,start    ] GC(17) Pause Young (Normal) (G1 Evacuation Pause)
[2022-09-12T12:58:25.512+0200][gc,task     ] GC(17) Using 15 workers of 15 for evacuation
[2022-09-12T12:58:25.519+0200][gc,phases   ] GC(17)   Pre Evacuate Collection Set: 0,6ms
[2022-09-12T12:58:25.519+0200][gc,phases   ] GC(17)   Merge Heap Roots: 0,2ms
[2022-09-12T12:58:25.519+0200][gc,phases   ] GC(17)   Evacuate Collection Set: 5,1ms
[2022-09-12T12:58:25.519+0200][gc,phases   ] GC(17)   Post Evacuate Collection Set: 0,8ms
[2022-09-12T12:58:25.519+0200][gc,phases   ] GC(17)   Other: 0,1ms
[2022-09-12T12:58:25.519+0200][gc,heap     ] GC(17) Eden regions: 281->0(356)
[2022-09-12T12:58:25.519+0200][gc,heap     ] GC(17) Survivor regions: 10->10(37)
[2022-09-12T12:58:25.519+0200][gc,heap     ] GC(17) Old regions: 16->16
[2022-09-12T12:58:25.519+0200][gc,heap     ] GC(17) Archive regions: 2->2
[2022-09-12T12:58:25.519+0200][gc,heap     ] GC(17) Humongous regions: 129->129
[2022-09-12T12:58:25.519+0200][gc,metaspace] GC(17) Metaspace: 41965K(42688K)->41965K(42688K) NonClass: 37040K(37440K)->37040K(37440K) Class: 4924K(5248K)->4924K(5248K)
[2022-09-12T12:58:25.519+0200][gc          ] GC(17) Pause Young (Normal) (G1 Evacuation Pause) 435M->155M(1024M) 7,727ms
[2022-09-12T12:58:25.519+0200][gc,cpu      ] GC(17) User=0,04s Sys=0,02s Real=0,00s
[2022-09-12T13:22:19.898+0200][gc,start    ] GC(18) Pause Young (Normal) (G1 Evacuation Pause)
[2022-09-12T13:22:19.898+0200][gc,task     ] GC(18) Using 15 workers of 15 for evacuation
[2022-09-12T13:22:19.935+0200][gc,mmu      ] GC(18) MMU target violated: 21,0ms (20,0ms/21,0ms)
[2022-09-12T13:22:19.935+0200][gc,phases   ] GC(18)   Pre Evacuate Collection Set: 0,7ms
[2022-09-12T13:22:19.935+0200][gc,phases   ] GC(18)   Merge Heap Roots: 0,6ms
[2022-09-12T13:22:19.935+0200][gc,phases   ] GC(18)   Evacuate Collection Set: 34,1ms
[2022-09-12T13:22:19.935+0200][gc,phases   ] GC(18)   Post Evacuate Collection Set: 1,2ms
[2022-09-12T13:22:19.935+0200][gc,phases   ] GC(18)   Other: 0,3ms
[2022-09-12T13:22:19.935+0200][gc,heap     ] GC(18) Eden regions: 356->0(41)
[2022-09-12T13:22:19.935+0200][gc,heap     ] GC(18) Survivor regions: 10->10(46)
[2022-09-12T13:22:19.935+0200][gc,heap     ] GC(18) Old regions: 16->16
[2022-09-12T13:22:19.935+0200][gc,heap     ] GC(18) Archive regions: 2->2
[2022-09-12T13:22:19.935+0200][gc,heap     ] GC(18) Humongous regions: 129->129
[2022-09-12T13:22:19.935+0200][gc,metaspace] GC(18) Metaspace: 41992K(42688K)->41992K(42688K) NonClass: 37067K(37440K)->37067K(37440K) Class: 4924K(5248K)->4924K(5248K)
[2022-09-12T13:22:19.935+0200][gc          ] GC(18) Pause Young (Normal) (G1 Evacuation Pause) 511M->155M(1024M) 37,639ms
[2022-09-12T13:22:19.935+0200][gc,cpu      ] GC(18) User=0,04s Sys=0,20s Real=0,04s
[2022-09-12T13:22:24.222+0200][gc,start    ] GC(19) Pause Young (Normal) (G1 Evacuation Pause)
[2022-09-12T13:22:24.222+0200][gc,task     ] GC(19) Using 15 workers of 15 for evacuation
[2022-09-12T13:22:24.229+0200][gc,phases   ] GC(19)   Pre Evacuate Collection Set: 0,1ms
[2022-09-12T13:22:24.229+0200][gc,phases   ] GC(19)   Merge Heap Roots: 0,1ms
[2022-09-12T13:22:24.229+0200][gc,phases   ] GC(19)   Evacuate Collection Set: 6,0ms
[2022-09-12T13:22:24.229+0200][gc,phases   ] GC(19)   Post Evacuate Collection Set: 0,3ms
[2022-09-12T13:22:24.229+0200][gc,phases   ] GC(19)   Other: 0,1ms
[2022-09-12T13:22:24.229+0200][gc,heap     ] GC(19) Eden regions: 41->0(193)
[2022-09-12T13:22:24.229+0200][gc,heap     ] GC(19) Survivor regions: 10->4(7)
[2022-09-12T13:22:24.229+0200][gc,heap     ] GC(19) Old regions: 16->22
[2022-09-12T13:22:24.229+0200][gc,heap     ] GC(19) Archive regions: 2->2
[2022-09-12T13:22:24.229+0200][gc,heap     ] GC(19) Humongous regions: 129->129
[2022-09-12T13:22:24.229+0200][gc,metaspace] GC(19) Metaspace: 41992K(42688K)->41992K(42688K) NonClass: 37067K(37440K)->37067K(37440K) Class: 4924K(5248K)->4924K(5248K)
[2022-09-12T13:22:24.229+0200][gc          ] GC(19) Pause Young (Normal) (G1 Evacuation Pause) 196M->155M(1024M) 6,788ms
[2022-09-12T13:22:24.229+0200][gc,cpu      ] GC(19) User=0,03s Sys=0,03s Real=0,00s
[2022-09-12T13:23:06.163+0200][gc,start    ] GC(20) Pause Young (Normal) (G1 Evacuation Pause)
[2022-09-12T13:23:06.163+0200][gc,task     ] GC(20) Using 15 workers of 15 for evacuation
[2022-09-12T13:23:06.169+0200][gc,phases   ] GC(20)   Pre Evacuate Collection Set: 0,2ms
[2022-09-12T13:23:06.169+0200][gc,phases   ] GC(20)   Merge Heap Roots: 0,1ms
[2022-09-12T13:23:06.169+0200][gc,phases   ] GC(20)   Evacuate Collection Set: 4,5ms
[2022-09-12T13:23:06.169+0200][gc,phases   ] GC(20)   Post Evacuate Collection Set: 0,4ms
[2022-09-12T13:23:06.169+0200][gc,phases   ] GC(20)   Other: 0,1ms
[2022-09-12T13:23:06.169+0200][gc,heap     ] GC(20) Eden regions: 193->0(267)
[2022-09-12T13:23:06.169+0200][gc,heap     ] GC(20) Survivor regions: 4->4(25)
[2022-09-12T13:23:06.169+0200][gc,heap     ] GC(20) Old regions: 22->22
[2022-09-12T13:23:06.169+0200][gc,heap     ] GC(20) Archive regions: 2->2
[2022-09-12T13:23:06.169+0200][gc,heap     ] GC(20) Humongous regions: 129->129
[2022-09-12T13:23:06.169+0200][gc,metaspace] GC(20) Metaspace: 41992K(42688K)->41992K(42688K) NonClass: 37067K(37440K)->37067K(37440K) Class: 4924K(5248K)->4924K(5248K)
[2022-09-12T13:23:06.169+0200][gc          ] GC(20) Pause Young (Normal) (G1 Evacuation Pause) 348M->155M(1024M) 6,197ms
[2022-09-12T13:23:06.169+0200][gc,cpu      ] GC(20) User=0,02s Sys=0,03s Real=0,00s
[2022-09-12T13:25:44.864+0200][gc,start    ] GC(21) Pause Young (Normal) (G1 Evacuation Pause)
[2022-09-12T13:25:44.865+0200][gc,task     ] GC(21) Using 15 workers of 15 for evacuation
[2022-09-12T13:25:44.867+0200][gc,phases   ] GC(21)   Pre Evacuate Collection Set: 0,1ms
[2022-09-12T13:25:44.867+0200][gc,phases   ] GC(21)   Merge Heap Roots: 0,1ms
[2022-09-12T13:25:44.867+0200][gc,phases   ] GC(21)   Evacuate Collection Set: 1,0ms
[2022-09-12T13:25:44.867+0200][gc,phases   ] GC(21)   Post Evacuate Collection Set: 0,3ms
[2022-09-12T13:25:44.867+0200][gc,phases   ] GC(21)   Other: 0,1ms
[2022-09-12T13:25:44.867+0200][gc,heap     ] GC(21) Eden regions: 267->0(446)
[2022-09-12T13:25:44.867+0200][gc,heap     ] GC(21) Survivor regions: 4->4(34)
[2022-09-12T13:25:44.867+0200][gc,heap     ] GC(21) Old regions: 22->22
[2022-09-12T13:25:44.867+0200][gc,heap     ] GC(21) Archive regions: 2->2
[2022-09-12T13:25:44.867+0200][gc,heap     ] GC(21) Humongous regions: 129->129
[2022-09-12T13:25:44.867+0200][gc,metaspace] GC(21) Metaspace: 42015K(42752K)->42015K(42752K) NonClass: 37086K(37504K)->37086K(37504K) Class: 4929K(5248K)->4929K(5248K)
[2022-09-12T13:25:44.867+0200][gc          ] GC(21) Pause Young (Normal) (G1 Evacuation Pause) 422M->155M(1024M) 2,713ms
[2022-09-12T13:25:44.867+0200][gc,cpu      ] GC(21) User=0,01s Sys=0,00s Real=0,00s
[2022-09-12T13:36:46.224+0200][gc,start    ] GC(22) Pause Young (Normal) (G1 Evacuation Pause)
[2022-09-12T13:36:46.225+0200][gc,task     ] GC(22) Using 15 workers of 15 for evacuation
[2022-09-12T13:36:46.241+0200][gc,phases   ] GC(22)   Pre Evacuate Collection Set: 1,0ms
[2022-09-12T13:36:46.241+0200][gc,phases   ] GC(22)   Merge Heap Roots: 0,6ms
[2022-09-12T13:36:46.241+0200][gc,phases   ] GC(22)   Evacuate Collection Set: 13,3ms
[2022-09-12T13:36:46.241+0200][gc,phases   ] GC(22)   Post Evacuate Collection Set: 0,8ms
[2022-09-12T13:36:46.241+0200][gc,phases   ] GC(22)   Other: 0,3ms
[2022-09-12T13:36:46.241+0200][gc,heap     ] GC(22) Eden regions: 446->0(266)
[2022-09-12T13:36:46.241+0200][gc,heap     ] GC(22) Survivor regions: 4->5(57)
[2022-09-12T13:36:46.241+0200][gc,heap     ] GC(22) Old regions: 22->22
[2022-09-12T13:36:46.241+0200][gc,heap     ] GC(22) Archive regions: 2->2
[2022-09-12T13:36:46.241+0200][gc,heap     ] GC(22) Humongous regions: 129->129
[2022-09-12T13:36:46.241+0200][gc,metaspace] GC(22) Metaspace: 42058K(42816K)->42058K(42816K) NonClass: 37120K(37504K)->37120K(37504K) Class: 4937K(5312K)->4937K(5312K)
[2022-09-12T13:36:46.241+0200][gc          ] GC(22) Pause Young (Normal) (G1 Evacuation Pause) 601M->155M(1024M) 17,103ms
[2022-09-12T13:36:46.241+0200][gc,cpu      ] GC(22) User=0,03s Sys=0,10s Real=0,02s
[2022-09-12T13:50:38.201+0200][gc,start    ] GC(23) Pause Young (Normal) (G1 Evacuation Pause)
[2022-09-12T13:50:38.202+0200][gc,task     ] GC(23) Using 15 workers of 15 for evacuation
[2022-09-12T13:50:38.223+0200][gc,mmu      ] GC(23) MMU target violated: 21,0ms (20,0ms/21,0ms)
[2022-09-12T13:50:38.223+0200][gc,phases   ] GC(23)   Pre Evacuate Collection Set: 0,8ms
[2022-09-12T13:50:38.223+0200][gc,phases   ] GC(23)   Merge Heap Roots: 0,6ms
[2022-09-12T13:50:38.223+0200][gc,phases   ] GC(23)   Evacuate Collection Set: 19,0ms
[2022-09-12T13:50:38.223+0200][gc,phases   ] GC(23)   Post Evacuate Collection Set: 0,7ms
[2022-09-12T13:50:38.223+0200][gc,phases   ] GC(23)   Other: 0,2ms
[2022-09-12T13:50:38.223+0200][gc,heap     ] GC(23) Eden regions: 266->0(160)
[2022-09-12T13:50:38.223+0200][gc,heap     ] GC(23) Survivor regions: 5->6(34)
[2022-09-12T13:50:38.223+0200][gc,heap     ] GC(23) Old regions: 22->22
[2022-09-12T13:50:38.223+0200][gc,heap     ] GC(23) Archive regions: 2->2
[2022-09-12T13:50:38.223+0200][gc,heap     ] GC(23) Humongous regions: 129->129
[2022-09-12T13:50:38.223+0200][gc,metaspace] GC(23) Metaspace: 42090K(42816K)->42090K(42816K) NonClass: 37149K(37504K)->37149K(37504K) Class: 4941K(5312K)->4941K(5312K)
[2022-09-12T13:50:38.223+0200][gc          ] GC(23) Pause Young (Normal) (G1 Evacuation Pause) 421M->157M(1024M) 22,296ms
[2022-09-12T13:50:38.223+0200][gc,cpu      ] GC(23) User=0,03s Sys=0,10s Real=0,02s
[2022-09-12T13:51:17.671+0200][gc,start    ] GC(24) Pause Young (Normal) (G1 Evacuation Pause)
[2022-09-12T13:51:17.671+0200][gc,task     ] GC(24) Using 15 workers of 15 for evacuation
[2022-09-12T13:51:17.674+0200][gc,phases   ] GC(24)   Pre Evacuate Collection Set: 0,1ms
[2022-09-12T13:51:17.674+0200][gc,phases   ] GC(24)   Merge Heap Roots: 0,1ms
[2022-09-12T13:51:17.674+0200][gc,phases   ] GC(24)   Evacuate Collection Set: 1,5ms
[2022-09-12T13:51:17.674+0200][gc,phases   ] GC(24)   Post Evacuate Collection Set: 0,4ms
[2022-09-12T13:51:17.674+0200][gc,phases   ] GC(24)   Other: 0,1ms
[2022-09-12T13:51:17.674+0200][gc,heap     ] GC(24) Eden regions: 160->0(249)
[2022-09-12T13:51:17.674+0200][gc,heap     ] GC(24) Survivor regions: 6->6(21)
[2022-09-12T13:51:17.674+0200][gc,heap     ] GC(24) Old regions: 22->22
[2022-09-12T13:51:17.674+0200][gc,heap     ] GC(24) Archive regions: 2->2
[2022-09-12T13:51:17.674+0200][gc,heap     ] GC(24) Humongous regions: 129->129
[2022-09-12T13:51:17.674+0200][gc,metaspace] GC(24) Metaspace: 42091K(42816K)->42091K(42816K) NonClass: 37150K(37504K)->37150K(37504K) Class: 4941K(5312K)->4941K(5312K)
[2022-09-12T13:51:17.674+0200][gc          ] GC(24) Pause Young (Normal) (G1 Evacuation Pause) 317M->157M(1024M) 3,246ms
[2022-09-12T13:51:17.674+0200][gc,cpu      ] GC(24) User=0,02s Sys=0,00s Real=0,00s
[2022-09-12T13:54:27.220+0200][gc,start    ] GC(25) Pause Young (Normal) (G1 Evacuation Pause)
[2022-09-12T13:54:27.221+0200][gc,task     ] GC(25) Using 15 workers of 15 for evacuation
[2022-09-12T13:54:27.223+0200][gc,phases   ] GC(25)   Pre Evacuate Collection Set: 0,1ms
[2022-09-12T13:54:27.223+0200][gc,phases   ] GC(25)   Merge Heap Roots: 0,1ms
[2022-09-12T13:54:27.223+0200][gc,phases   ] GC(25)   Evacuate Collection Set: 1,5ms
[2022-09-12T13:54:27.223+0200][gc,phases   ] GC(25)   Post Evacuate Collection Set: 0,3ms
[2022-09-12T13:54:27.223+0200][gc,phases   ] GC(25)   Other: 0,1ms
[2022-09-12T13:54:27.223+0200][gc,heap     ] GC(25) Eden regions: 249->0(466)
[2022-09-12T13:54:27.223+0200][gc,heap     ] GC(25) Survivor regions: 6->6(32)
[2022-09-12T13:54:27.223+0200][gc,heap     ] GC(25) Old regions: 22->22
[2022-09-12T13:54:27.223+0200][gc,heap     ] GC(25) Archive regions: 2->2
[2022-09-12T13:54:27.223+0200][gc,heap     ] GC(25) Humongous regions: 129->129
[2022-09-12T13:54:27.223+0200][gc,metaspace] GC(25) Metaspace: 42118K(42880K)->42118K(42880K) NonClass: 37177K(37568K)->37177K(37568K) Class: 4941K(5312K)->4941K(5312K)
[2022-09-12T13:54:27.223+0200][gc          ] GC(25) Pause Young (Normal) (G1 Evacuation Pause) 406M->157M(1024M) 3,048ms
[2022-09-12T13:54:27.223+0200][gc,cpu      ] GC(25) User=0,02s Sys=0,00s Real=0,00s
[2022-09-12T13:58:27.805+0200][gc,start    ] GC(26) Pause Young (Normal) (G1 Evacuation Pause)
[2022-09-12T13:58:27.805+0200][gc,task     ] GC(26) Using 15 workers of 15 for evacuation
[2022-09-12T13:58:27.826+0200][gc,mmu      ] GC(26) MMU target violated: 20,9ms (20,0ms/21,0ms)
[2022-09-12T13:58:27.826+0200][gc,phases   ] GC(26)   Pre Evacuate Collection Set: 0,7ms
[2022-09-12T13:58:27.826+0200][gc,phases   ] GC(26)   Merge Heap Roots: 0,3ms
[2022-09-12T13:58:27.826+0200][gc,phases   ] GC(26)   Evacuate Collection Set: 16,8ms
[2022-09-12T13:58:27.826+0200][gc,phases   ] GC(26)   Post Evacuate Collection Set: 2,9ms
[2022-09-12T13:58:27.826+0200][gc,phases   ] GC(26)   Other: 0,3ms
[2022-09-12T13:58:27.826+0200][gc,heap     ] GC(26) Eden regions: 466->0(261)
[2022-09-12T13:58:27.826+0200][gc,heap     ] GC(26) Survivor regions: 6->6(59)
[2022-09-12T13:58:27.826+0200][gc,heap     ] GC(26) Old regions: 22->22
[2022-09-12T13:58:27.826+0200][gc,heap     ] GC(26) Archive regions: 2->2
[2022-09-12T13:58:27.826+0200][gc,heap     ] GC(26) Humongous regions: 129->129
[2022-09-12T13:58:27.826+0200][gc,metaspace] GC(26) Metaspace: 42131K(42880K)->42131K(42880K) NonClass: 37189K(37568K)->37189K(37568K) Class: 4941K(5312K)->4941K(5312K)
[2022-09-12T13:58:27.826+0200][gc          ] GC(26) Pause Young (Normal) (G1 Evacuation Pause) 623M->157M(1024M) 21,898ms
[2022-09-12T13:58:27.826+0200][gc,cpu      ] GC(26) User=0,03s Sys=0,11s Real=0,02s
[2022-09-12T14:02:03.687+0200][gc,start    ] GC(27) Pause Young (Normal) (G1 Evacuation Pause)
[2022-09-12T14:02:03.688+0200][gc,task     ] GC(27) Using 15 workers of 15 for evacuation
[2022-09-12T14:02:03.700+0200][gc,phases   ] GC(27)   Pre Evacuate Collection Set: 0,1ms
[2022-09-12T14:02:03.700+0200][gc,phases   ] GC(27)   Merge Heap Roots: 0,1ms
[2022-09-12T14:02:03.700+0200][gc,phases   ] GC(27)   Evacuate Collection Set: 11,3ms
[2022-09-12T14:02:03.700+0200][gc,phases   ] GC(27)   Post Evacuate Collection Set: 0,5ms
[2022-09-12T14:02:03.700+0200][gc,phases   ] GC(27)   Other: 0,1ms
[2022-09-12T14:02:03.700+0200][gc,heap     ] GC(27) Eden regions: 261->0(302)
[2022-09-12T14:02:03.700+0200][gc,heap     ] GC(27) Survivor regions: 6->6(34)
[2022-09-12T14:02:03.700+0200][gc,heap     ] GC(27) Old regions: 22->22
[2022-09-12T14:02:03.701+0200][gc,heap     ] GC(27) Archive regions: 2->2
[2022-09-12T14:02:03.701+0200][gc,heap     ] GC(27) Humongous regions: 129->129
[2022-09-12T14:02:03.701+0200][gc,metaspace] GC(27) Metaspace: 42144K(42944K)->42144K(42944K) NonClass: 37203K(37632K)->37203K(37632K) Class: 4941K(5312K)->4941K(5312K)
[2022-09-12T14:02:03.701+0200][gc          ] GC(27) Pause Young (Normal) (G1 Evacuation Pause) 418M->157M(1024M) 13,059ms
[2022-09-12T14:02:03.701+0200][gc,cpu      ] GC(27) User=0,03s Sys=0,07s Real=0,02s
[2022-09-12T14:11:25.918+0200][gc,start    ] GC(28) Pause Young (Normal) (G1 Evacuation Pause)
[2022-09-12T14:11:25.919+0200][gc,task     ] GC(28) Using 15 workers of 15 for evacuation
[2022-09-12T14:11:25.951+0200][gc,mmu      ] GC(28) MMU target violated: 21,0ms (20,0ms/21,0ms)
[2022-09-12T14:11:25.951+0200][gc,phases   ] GC(28)   Pre Evacuate Collection Set: 0,1ms
[2022-09-12T14:11:25.951+0200][gc,phases   ] GC(28)   Merge Heap Roots: 0,1ms
[2022-09-12T14:11:25.951+0200][gc,phases   ] GC(28)   Evacuate Collection Set: 30,3ms
[2022-09-12T14:11:25.951+0200][gc,phases   ] GC(28)   Post Evacuate Collection Set: 1,3ms
[2022-09-12T14:11:25.951+0200][gc,phases   ] GC(28)   Other: 0,2ms
[2022-09-12T14:11:25.951+0200][gc,heap     ] GC(28) Eden regions: 302->0(69)
[2022-09-12T14:11:25.952+0200][gc,heap     ] GC(28) Survivor regions: 6->6(39)
[2022-09-12T14:11:25.952+0200][gc,heap     ] GC(28) Old regions: 22->22
[2022-09-12T14:11:25.952+0200][gc,heap     ] GC(28) Archive regions: 2->2
[2022-09-12T14:11:25.952+0200][gc,heap     ] GC(28) Humongous regions: 129->129
[2022-09-12T14:11:25.952+0200][gc,metaspace] GC(28) Metaspace: 42170K(42944K)->42170K(42944K) NonClass: 37229K(37632K)->37229K(37632K) Class: 4941K(5312K)->4941K(5312K)
[2022-09-12T14:11:25.952+0200][gc          ] GC(28) Pause Young (Normal) (G1 Evacuation Pause) 459M->157M(1024M) 33,076ms
[2022-09-12T14:11:25.952+0200][gc,cpu      ] GC(28) User=0,02s Sys=0,11s Real=0,04s
[2022-09-12T14:11:55.499+0200][gc,start    ] GC(29) Pause Young (Normal) (G1 Evacuation Pause)
[2022-09-12T14:11:55.499+0200][gc,task     ] GC(29) Using 15 workers of 15 for evacuation
[2022-09-12T14:11:55.502+0200][gc,phases   ] GC(29)   Pre Evacuate Collection Set: 0,1ms
[2022-09-12T14:11:55.502+0200][gc,phases   ] GC(29)   Merge Heap Roots: 0,6ms
[2022-09-12T14:11:55.502+0200][gc,phases   ] GC(29)   Evacuate Collection Set: 1,4ms
[2022-09-12T14:11:55.502+0200][gc,phases   ] GC(29)   Post Evacuate Collection Set: 0,4ms
[2022-09-12T14:11:55.502+0200][gc,phases   ] GC(29)   Other: 0,1ms
[2022-09-12T14:11:55.502+0200][gc,heap     ] GC(29) Eden regions: 69->0(106)
[2022-09-12T14:11:55.502+0200][gc,heap     ] GC(29) Survivor regions: 6->6(10)
[2022-09-12T14:11:55.502+0200][gc,heap     ] GC(29) Old regions: 22->23
[2022-09-12T14:11:55.502+0200][gc,heap     ] GC(29) Archive regions: 2->2
[2022-09-12T14:11:55.502+0200][gc,heap     ] GC(29) Humongous regions: 129->129
[2022-09-12T14:11:55.502+0200][gc,metaspace] GC(29) Metaspace: 42170K(42944K)->42170K(42944K) NonClass: 37229K(37632K)->37229K(37632K) Class: 4941K(5312K)->4941K(5312K)
[2022-09-12T14:11:55.502+0200][gc          ] GC(29) Pause Young (Normal) (G1 Evacuation Pause) 226M->157M(1024M) 3,567ms
[2022-09-12T14:11:55.502+0200][gc,cpu      ] GC(29) User=0,01s Sys=0,00s Real=0,01s
[2022-09-12T14:19:01.390+0200][gc,start    ] GC(30) Pause Young (Normal) (G1 Evacuation Pause)
[2022-09-12T14:19:01.391+0200][gc,task     ] GC(30) Using 15 workers of 15 for evacuation
[2022-09-12T14:19:01.415+0200][gc,mmu      ] GC(30) MMU target violated: 21,0ms (20,0ms/21,0ms)
[2022-09-12T14:19:01.415+0200][gc,phases   ] GC(30)   Pre Evacuate Collection Set: 0,9ms
[2022-09-12T14:19:01.415+0200][gc,phases   ] GC(30)   Merge Heap Roots: 0,2ms
[2022-09-12T14:19:01.415+0200][gc,phases   ] GC(30)   Evacuate Collection Set: 21,3ms
[2022-09-12T14:19:01.415+0200][gc,phases   ] GC(30)   Post Evacuate Collection Set: 0,9ms
[2022-09-12T14:19:01.415+0200][gc,phases   ] GC(30)   Other: 0,3ms
[2022-09-12T14:19:01.415+0200][gc,heap     ] GC(30) Eden regions: 106->0(54)
[2022-09-12T14:19:01.415+0200][gc,heap     ] GC(30) Survivor regions: 6->6(14)
[2022-09-12T14:19:01.415+0200][gc,heap     ] GC(30) Old regions: 23->23
[2022-09-12T14:19:01.415+0200][gc,heap     ] GC(30) Archive regions: 2->2
[2022-09-12T14:19:01.415+0200][gc,heap     ] GC(30) Humongous regions: 129->129
[2022-09-12T14:19:01.415+0200][gc,metaspace] GC(30) Metaspace: 42173K(42944K)->42173K(42944K) NonClass: 37232K(37632K)->37232K(37632K) Class: 4941K(5312K)->4941K(5312K)
[2022-09-12T14:19:01.415+0200][gc          ] GC(30) Pause Young (Normal) (G1 Evacuation Pause) 263M->157M(1024M) 25,227ms
[2022-09-12T14:19:01.415+0200][gc,cpu      ] GC(30) User=0,03s Sys=0,13s Real=0,02s
[2022-09-12T14:19:06.702+0200][gc,start    ] GC(31) Pause Young (Normal) (G1 Evacuation Pause)
[2022-09-12T14:19:06.702+0200][gc,task     ] GC(31) Using 15 workers of 15 for evacuation
[2022-09-12T14:19:06.709+0200][gc,phases   ] GC(31)   Pre Evacuate Collection Set: 0,1ms
[2022-09-12T14:19:06.709+0200][gc,phases   ] GC(31)   Merge Heap Roots: 0,1ms
[2022-09-12T14:19:06.709+0200][gc,phases   ] GC(31)   Evacuate Collection Set: 5,7ms
[2022-09-12T14:19:06.709+0200][gc,phases   ] GC(31)   Post Evacuate Collection Set: 0,4ms
[2022-09-12T14:19:06.709+0200][gc,phases   ] GC(31)   Other: 0,2ms
[2022-09-12T14:19:06.709+0200][gc,heap     ] GC(31) Eden regions: 54->0(130)
[2022-09-12T14:19:06.709+0200][gc,heap     ] GC(31) Survivor regions: 6->4(8)
[2022-09-12T14:19:06.709+0200][gc,heap     ] GC(31) Old regions: 23->24
[2022-09-12T14:19:06.709+0200][gc,heap     ] GC(31) Archive regions: 2->2
[2022-09-12T14:19:06.709+0200][gc,heap     ] GC(31) Humongous regions: 129->129
[2022-09-12T14:19:06.709+0200][gc,metaspace] GC(31) Metaspace: 42173K(42944K)->42173K(42944K) NonClass: 37232K(37632K)->37232K(37632K) Class: 4941K(5312K)->4941K(5312K)
[2022-09-12T14:19:06.709+0200][gc          ] GC(31) Pause Young (Normal) (G1 Evacuation Pause) 211M->157M(1024M) 6,687ms
[2022-09-12T14:19:06.709+0200][gc,cpu      ] GC(31) User=0,02s Sys=0,04s Real=0,00s
[2022-09-12T14:20:58.217+0200][gc,start    ] GC(32) Pause Young (Normal) (G1 Evacuation Pause)
[2022-09-12T14:20:58.217+0200][gc,task     ] GC(32) Using 15 workers of 15 for evacuation
[2022-09-12T14:20:58.226+0200][gc,phases   ] GC(32)   Pre Evacuate Collection Set: 0,1ms
[2022-09-12T14:20:58.226+0200][gc,phases   ] GC(32)   Merge Heap Roots: 0,1ms
[2022-09-12T14:20:58.226+0200][gc,phases   ] GC(32)   Evacuate Collection Set: 8,5ms
[2022-09-12T14:20:58.226+0200][gc,phases   ] GC(32)   Post Evacuate Collection Set: 0,3ms
[2022-09-12T14:20:58.226+0200][gc,phases   ] GC(32)   Other: 0,1ms
[2022-09-12T14:20:58.226+0200][gc,heap     ] GC(32) Eden regions: 130->0(138)
[2022-09-12T14:20:58.226+0200][gc,heap     ] GC(32) Survivor regions: 4->5(17)
[2022-09-12T14:20:58.226+0200][gc,heap     ] GC(32) Old regions: 24->24
[2022-09-12T14:20:58.226+0200][gc,heap     ] GC(32) Archive regions: 2->2
[2022-09-12T14:20:58.226+0200][gc,heap     ] GC(32) Humongous regions: 129->129
[2022-09-12T14:20:58.226+0200][gc,metaspace] GC(32) Metaspace: 42211K(43008K)->42211K(43008K) NonClass: 37262K(37696K)->37262K(37696K) Class: 4948K(5312K)->4948K(5312K)
[2022-09-12T14:20:58.226+0200][gc          ] GC(32) Pause Young (Normal) (G1 Evacuation Pause) 287M->157M(1024M) 9,277ms
[2022-09-12T14:20:58.226+0200][gc,cpu      ] GC(32) User=0,02s Sys=0,06s Real=0,01s
[2022-09-12T14:26:43.148+0200][gc,start    ] GC(33) Pause Young (Normal) (G1 Evacuation Pause)
[2022-09-12T14:26:43.149+0200][gc,task     ] GC(33) Using 15 workers of 15 for evacuation
[2022-09-12T14:26:43.159+0200][gc,phases   ] GC(33)   Pre Evacuate Collection Set: 0,1ms
[2022-09-12T14:26:43.159+0200][gc,phases   ] GC(33)   Merge Heap Roots: 0,1ms
[2022-09-12T14:26:43.159+0200][gc,phases   ] GC(33)   Evacuate Collection Set: 9,6ms
[2022-09-12T14:26:43.159+0200][gc,phases   ] GC(33)   Post Evacuate Collection Set: 0,2ms
[2022-09-12T14:26:43.159+0200][gc,phases   ] GC(33)   Other: 0,1ms
[2022-09-12T14:26:43.159+0200][gc,heap     ] GC(33) Eden regions: 138->0(156)
[2022-09-12T14:26:43.159+0200][gc,heap     ] GC(33) Survivor regions: 5->5(18)
[2022-09-12T14:26:43.159+0200][gc,heap     ] GC(33) Old regions: 24->24
[2022-09-12T14:26:43.159+0200][gc,heap     ] GC(33) Archive regions: 2->2
[2022-09-12T14:26:43.159+0200][gc,heap     ] GC(33) Humongous regions: 129->129
[2022-09-12T14:26:43.159+0200][gc,metaspace] GC(33) Metaspace: 42337K(43072K)->42337K(43072K) NonClass: 37383K(37760K)->37383K(37760K) Class: 4954K(5312K)->4954K(5312K)
[2022-09-12T14:26:43.159+0200][gc          ] GC(33) Pause Young (Normal) (G1 Evacuation Pause) 295M->158M(1024M) 11,121ms
[2022-09-12T14:26:43.159+0200][gc,cpu      ] GC(33) User=0,02s Sys=0,07s Real=0,01s
[2022-09-12T14:27:59.715+0200][gc,start    ] GC(34) Pause Young (Normal) (G1 Evacuation Pause)
[2022-09-12T14:27:59.716+0200][gc,task     ] GC(34) Using 15 workers of 15 for evacuation
[2022-09-12T14:27:59.725+0200][gc,phases   ] GC(34)   Pre Evacuate Collection Set: 0,1ms
[2022-09-12T14:27:59.725+0200][gc,phases   ] GC(34)   Merge Heap Roots: 0,0ms
[2022-09-12T14:27:59.725+0200][gc,phases   ] GC(34)   Evacuate Collection Set: 8,3ms
[2022-09-12T14:27:59.725+0200][gc,phases   ] GC(34)   Post Evacuate Collection Set: 0,3ms
[2022-09-12T14:27:59.725+0200][gc,phases   ] GC(34)   Other: 0,1ms
[2022-09-12T14:27:59.725+0200][gc,heap     ] GC(34) Eden regions: 156->0(209)
[2022-09-12T14:27:59.725+0200][gc,heap     ] GC(34) Survivor regions: 5->5(21)
[2022-09-12T14:27:59.725+0200][gc,heap     ] GC(34) Old regions: 24->24
[2022-09-12T14:27:59.725+0200][gc,heap     ] GC(34) Archive regions: 2->2
[2022-09-12T14:27:59.725+0200][gc,heap     ] GC(34) Humongous regions: 129->129
[2022-09-12T14:27:59.725+0200][gc,metaspace] GC(34) Metaspace: 42338K(43072K)->42338K(43072K) NonClass: 37383K(37760K)->37383K(37760K) Class: 4954K(5312K)->4954K(5312K)
[2022-09-12T14:27:59.725+0200][gc          ] GC(34) Pause Young (Normal) (G1 Evacuation Pause) 314M->158M(1024M) 9,994ms
[2022-09-12T14:27:59.725+0200][gc,cpu      ] GC(34) User=0,02s Sys=0,06s Real=0,01s
[2022-09-12T14:29:02.536+0200][gc,start    ] GC(35) Pause Young (Normal) (G1 Evacuation Pause)
[2022-09-12T14:29:02.536+0200][gc,task     ] GC(35) Using 15 workers of 15 for evacuation
[2022-09-12T14:29:02.545+0200][gc,phases   ] GC(35)   Pre Evacuate Collection Set: 0,1ms
[2022-09-12T14:29:02.545+0200][gc,phases   ] GC(35)   Merge Heap Roots: 0,1ms
[2022-09-12T14:29:02.545+0200][gc,phases   ] GC(35)   Evacuate Collection Set: 8,0ms
[2022-09-12T14:29:02.545+0200][gc,phases   ] GC(35)   Post Evacuate Collection Set: 0,3ms
[2022-09-12T14:29:02.545+0200][gc,phases   ] GC(35)   Other: 0,1ms
[2022-09-12T14:29:02.545+0200][gc,heap     ] GC(35) Eden regions: 209->0(270)
[2022-09-12T14:29:02.545+0200][gc,heap     ] GC(35) Survivor regions: 5->5(27)
[2022-09-12T14:29:02.545+0200][gc,heap     ] GC(35) Old regions: 24->24
[2022-09-12T14:29:02.545+0200][gc,heap     ] GC(35) Archive regions: 2->2
[2022-09-12T14:29:02.545+0200][gc,heap     ] GC(35) Humongous regions: 129->129
[2022-09-12T14:29:02.545+0200][gc,metaspace] GC(35) Metaspace: 42345K(43072K)->42345K(43072K) NonClass: 37390K(37760K)->37390K(37760K) Class: 4954K(5312K)->4954K(5312K)
[2022-09-12T14:29:02.545+0200][gc          ] GC(35) Pause Young (Normal) (G1 Evacuation Pause) 367M->158M(1024M) 9,493ms
[2022-09-12T14:29:02.545+0200][gc,cpu      ] GC(35) User=0,02s Sys=0,06s Real=0,01s
[2022-09-12T14:30:16.118+0200][gc,start    ] GC(36) Pause Young (Normal) (G1 Evacuation Pause)
[2022-09-12T14:30:16.119+0200][gc,task     ] GC(36) Using 15 workers of 15 for evacuation
[2022-09-12T14:30:16.130+0200][gc,phases   ] GC(36)   Pre Evacuate Collection Set: 0,1ms
[2022-09-12T14:30:16.130+0200][gc,phases   ] GC(36)   Merge Heap Roots: 0,1ms
[2022-09-12T14:30:16.130+0200][gc,phases   ] GC(36)   Evacuate Collection Set: 10,0ms
[2022-09-12T14:30:16.130+0200][gc,phases   ] GC(36)   Post Evacuate Collection Set: 0,8ms
[2022-09-12T14:30:16.130+0200][gc,phases   ] GC(36)   Other: 0,1ms
[2022-09-12T14:30:16.130+0200][gc,heap     ] GC(36) Eden regions: 270->0(306)
[2022-09-12T14:30:16.130+0200][gc,heap     ] GC(36) Survivor regions: 5->5(35)
[2022-09-12T14:30:16.130+0200][gc,heap     ] GC(36) Old regions: 24->24
[2022-09-12T14:30:16.130+0200][gc,heap     ] GC(36) Archive regions: 2->2
[2022-09-12T14:30:16.130+0200][gc,heap     ] GC(36) Humongous regions: 129->129
[2022-09-12T14:30:16.130+0200][gc,metaspace] GC(36) Metaspace: 42346K(43072K)->42346K(43072K) NonClass: 37391K(37760K)->37391K(37760K) Class: 4954K(5312K)->4954K(5312K)
[2022-09-12T14:30:16.130+0200][gc          ] GC(36) Pause Young (Normal) (G1 Evacuation Pause) 428M->158M(1024M) 11,825ms
[2022-09-12T14:30:16.130+0200][gc,cpu      ] GC(36) User=0,02s Sys=0,07s Real=0,02s
[2022-09-12T14:37:31.645+0200][gc,start    ] GC(37) Pause Young (Normal) (G1 Evacuation Pause)
[2022-09-12T14:37:31.646+0200][gc,task     ] GC(37) Using 15 workers of 15 for evacuation
[2022-09-12T14:37:31.660+0200][gc,phases   ] GC(37)   Pre Evacuate Collection Set: 1,1ms
[2022-09-12T14:37:31.660+0200][gc,phases   ] GC(37)   Merge Heap Roots: 0,2ms
[2022-09-12T14:37:31.660+0200][gc,phases   ] GC(37)   Evacuate Collection Set: 11,8ms
[2022-09-12T14:37:31.660+0200][gc,phases   ] GC(37)   Post Evacuate Collection Set: 0,8ms
[2022-09-12T14:37:31.660+0200][gc,phases   ] GC(37)   Other: 0,2ms
[2022-09-12T14:37:31.660+0200][gc,heap     ] GC(37) Eden regions: 306->0(179)
[2022-09-12T14:37:31.660+0200][gc,heap     ] GC(37) Survivor regions: 5->7(39)
[2022-09-12T14:37:31.660+0200][gc,heap     ] GC(37) Old regions: 24->24
[2022-09-12T14:37:31.660+0200][gc,heap     ] GC(37) Archive regions: 2->2
[2022-09-12T14:37:31.660+0200][gc,heap     ] GC(37) Humongous regions: 129->129
[2022-09-12T14:37:31.660+0200][gc,metaspace] GC(37) Metaspace: 42349K(43072K)->42349K(43072K) NonClass: 37395K(37760K)->37395K(37760K) Class: 4954K(5312K)->4954K(5312K)
[2022-09-12T14:37:31.660+0200][gc          ] GC(37) Pause Young (Normal) (G1 Evacuation Pause) 464M->159M(1024M) 15,493ms
[2022-09-12T14:37:31.660+0200][gc,cpu      ] GC(37) User=0,03s Sys=0,10s Real=0,02s
[2022-09-12T14:42:07.289+0200][gc,start    ] GC(38) Pause Young (Normal) (G1 Evacuation Pause)
[2022-09-12T14:42:07.290+0200][gc,task     ] GC(38) Using 15 workers of 15 for evacuation
[2022-09-12T14:42:07.303+0200][gc,phases   ] GC(38)   Pre Evacuate Collection Set: 0,2ms
[2022-09-12T14:42:07.303+0200][gc,phases   ] GC(38)   Merge Heap Roots: 0,3ms
[2022-09-12T14:42:07.303+0200][gc,phases   ] GC(38)   Evacuate Collection Set: 10,3ms
[2022-09-12T14:42:07.303+0200][gc,phases   ] GC(38)   Post Evacuate Collection Set: 1,9ms
[2022-09-12T14:42:07.303+0200][gc,phases   ] GC(38)   Other: 0,1ms
[2022-09-12T14:42:07.303+0200][gc,heap     ] GC(38) Eden regions: 179->0(309)
[2022-09-12T14:42:07.303+0200][gc,heap     ] GC(38) Survivor regions: 7->6(24)
[2022-09-12T14:42:07.303+0200][gc,heap     ] GC(38) Old regions: 24->24
[2022-09-12T14:42:07.303+0200][gc,heap     ] GC(38) Archive regions: 2->2
[2022-09-12T14:42:07.303+0200][gc,heap     ] GC(38) Humongous regions: 129->129
[2022-09-12T14:42:07.303+0200][gc,metaspace] GC(38) Metaspace: 42355K(43072K)->42355K(43072K) NonClass: 37401K(37760K)->37401K(37760K) Class: 4954K(5312K)->4954K(5312K)
[2022-09-12T14:42:07.303+0200][gc          ] GC(38) Pause Young (Normal) (G1 Evacuation Pause) 338M->158M(1024M) 14,107ms
[2022-09-12T14:42:07.303+0200][gc,cpu      ] GC(38) User=0,03s Sys=0,04s Real=0,02s
[2022-09-12T14:46:00.044+0200][gc,start    ] GC(39) Pause Young (Normal) (G1 Evacuation Pause)
[2022-09-12T14:46:00.044+0200][gc,task     ] GC(39) Using 15 workers of 15 for evacuation
[2022-09-12T14:46:00.053+0200][gc,phases   ] GC(39)   Pre Evacuate Collection Set: 0,1ms
[2022-09-12T14:46:00.053+0200][gc,phases   ] GC(39)   Merge Heap Roots: 0,1ms
[2022-09-12T14:46:00.053+0200][gc,phases   ] GC(39)   Evacuate Collection Set: 8,0ms
[2022-09-12T14:46:00.053+0200][gc,phases   ] GC(39)   Post Evacuate Collection Set: 0,3ms
[2022-09-12T14:46:00.053+0200][gc,phases   ] GC(39)   Other: 0,1ms
[2022-09-12T14:46:00.053+0200][gc,heap     ] GC(39) Eden regions: 309->0(371)
[2022-09-12T14:46:00.053+0200][gc,heap     ] GC(39) Survivor regions: 6->6(40)
[2022-09-12T14:46:00.053+0200][gc,heap     ] GC(39) Old regions: 24->24
[2022-09-12T14:46:00.053+0200][gc,heap     ] GC(39) Archive regions: 2->2
[2022-09-12T14:46:00.053+0200][gc,heap     ] GC(39) Humongous regions: 129->129
[2022-09-12T14:46:00.053+0200][gc,metaspace] GC(39) Metaspace: 42355K(43072K)->42355K(43072K) NonClass: 37401K(37760K)->37401K(37760K) Class: 4954K(5312K)->4954K(5312K)
[2022-09-12T14:46:00.053+0200][gc          ] GC(39) Pause Young (Normal) (G1 Evacuation Pause) 467M->158M(1024M) 9,179ms
[2022-09-12T14:46:00.053+0200][gc,cpu      ] GC(39) User=0,02s Sys=0,06s Real=0,01s
[2022-09-12T14:46:42.910+0200][gc,start    ] GC(40) Pause Young (Normal) (G1 Evacuation Pause)
[2022-09-12T14:46:42.911+0200][gc,task     ] GC(40) Using 15 workers of 15 for evacuation
[2022-09-12T14:46:42.922+0200][gc,phases   ] GC(40)   Pre Evacuate Collection Set: 0,1ms
[2022-09-12T14:46:42.922+0200][gc,phases   ] GC(40)   Merge Heap Roots: 0,1ms
[2022-09-12T14:46:42.922+0200][gc,phases   ] GC(40)   Evacuate Collection Set: 10,1ms
[2022-09-12T14:46:42.922+0200][gc,phases   ] GC(40)   Post Evacuate Collection Set: 0,3ms
[2022-09-12T14:46:42.922+0200][gc,phases   ] GC(40)   Other: 0,1ms
[2022-09-12T14:46:42.922+0200][gc,heap     ] GC(40) Eden regions: 371->0(450)
[2022-09-12T14:46:42.922+0200][gc,heap     ] GC(40) Survivor regions: 6->5(48)
[2022-09-12T14:46:42.922+0200][gc,heap     ] GC(40) Old regions: 24->24
[2022-09-12T14:46:42.922+0200][gc,heap     ] GC(40) Archive regions: 2->2
[2022-09-12T14:46:42.922+0200][gc,heap     ] GC(40) Humongous regions: 129->129
[2022-09-12T14:46:42.922+0200][gc,metaspace] GC(40) Metaspace: 42356K(43072K)->42356K(43072K) NonClass: 37402K(37760K)->37402K(37760K) Class: 4954K(5312K)->4954K(5312K)
[2022-09-12T14:46:42.922+0200][gc          ] GC(40) Pause Young (Normal) (G1 Evacuation Pause) 529M->158M(1024M) 11,667ms
[2022-09-12T14:46:42.922+0200][gc,cpu      ] GC(40) User=0,02s Sys=0,07s Real=0,01s
[2022-09-12T14:52:46.059+0200][gc,start    ] GC(41) Pause Young (Normal) (G1 Evacuation Pause)
[2022-09-12T14:52:46.059+0200][gc,task     ] GC(41) Using 15 workers of 15 for evacuation
[2022-09-12T14:52:46.102+0200][gc,mmu      ] GC(41) MMU target violated: 21,0ms (20,0ms/21,0ms)
[2022-09-12T14:52:46.102+0200][gc,phases   ] GC(41)   Pre Evacuate Collection Set: 0,6ms
[2022-09-12T14:52:46.102+0200][gc,phases   ] GC(41)   Merge Heap Roots: 0,6ms
[2022-09-12T14:52:46.102+0200][gc,phases   ] GC(41)   Evacuate Collection Set: 36,4ms
[2022-09-12T14:52:46.102+0200][gc,phases   ] GC(41)   Post Evacuate Collection Set: 4,3ms
[2022-09-12T14:52:46.102+0200][gc,phases   ] GC(41)   Other: 0,4ms
[2022-09-12T14:52:46.102+0200][gc,heap     ] GC(41) Eden regions: 450->0(45)
[2022-09-12T14:52:46.102+0200][gc,heap     ] GC(41) Survivor regions: 5->6(57)
[2022-09-12T14:52:46.102+0200][gc,heap     ] GC(41) Old regions: 24->24
[2022-09-12T14:52:46.102+0200][gc,heap     ] GC(41) Archive regions: 2->2
[2022-09-12T14:52:46.102+0200][gc,heap     ] GC(41) Humongous regions: 129->129
[2022-09-12T14:52:46.102+0200][gc,metaspace] GC(41) Metaspace: 42358K(43072K)->42358K(43072K) NonClass: 37404K(37760K)->37404K(37760K) Class: 4954K(5312K)->4954K(5312K)
[2022-09-12T14:52:46.102+0200][gc          ] GC(41) Pause Young (Normal) (G1 Evacuation Pause) 608M->159M(1024M) 42,927ms
[2022-09-12T14:52:46.102+0200][gc,cpu      ] GC(41) User=0,03s Sys=0,17s Real=0,05s
[2022-09-12T14:52:50.976+0200][gc,start    ] GC(42) Pause Young (Normal) (G1 Evacuation Pause)
[2022-09-12T14:52:50.976+0200][gc,task     ] GC(42) Using 15 workers of 15 for evacuation
[2022-09-12T14:52:50.982+0200][gc,phases   ] GC(42)   Pre Evacuate Collection Set: 0,1ms
[2022-09-12T14:52:50.982+0200][gc,phases   ] GC(42)   Merge Heap Roots: 0,1ms
[2022-09-12T14:52:50.982+0200][gc,phases   ] GC(42)   Evacuate Collection Set: 5,4ms
[2022-09-12T14:52:50.983+0200][gc,phases   ] GC(42)   Post Evacuate Collection Set: 0,5ms
[2022-09-12T14:52:50.983+0200][gc,phases   ] GC(42)   Other: 0,1ms
[2022-09-12T14:52:50.983+0200][gc,heap     ] GC(42) Eden regions: 45->0(180)
[2022-09-12T14:52:50.983+0200][gc,heap     ] GC(42) Survivor regions: 6->2(7)
[2022-09-12T14:52:50.983+0200][gc,heap     ] GC(42) Old regions: 24->29
[2022-09-12T14:52:50.983+0200][gc,heap     ] GC(42) Archive regions: 2->2
[2022-09-12T14:52:50.983+0200][gc,heap     ] GC(42) Humongous regions: 129->129
[2022-09-12T14:52:50.983+0200][gc,metaspace] GC(42) Metaspace: 42358K(43072K)->42358K(43072K) NonClass: 37404K(37760K)->37404K(37760K) Class: 4954K(5312K)->4954K(5312K)
[2022-09-12T14:52:50.983+0200][gc          ] GC(42) Pause Young (Normal) (G1 Evacuation Pause) 204M->159M(1024M) 6,659ms
[2022-09-12T14:52:50.983+0200][gc,cpu      ] GC(42) User=0,02s Sys=0,03s Real=0,01s
[2022-09-12T14:53:11.691+0200][gc,start    ] GC(43) Pause Young (Normal) (G1 Evacuation Pause)
[2022-09-12T14:53:11.691+0200][gc,task     ] GC(43) Using 15 workers of 15 for evacuation
[2022-09-12T14:53:11.703+0200][gc,phases   ] GC(43)   Pre Evacuate Collection Set: 0,1ms
[2022-09-12T14:53:11.703+0200][gc,phases   ] GC(43)   Merge Heap Roots: 0,1ms
[2022-09-12T14:53:11.703+0200][gc,phases   ] GC(43)   Evacuate Collection Set: 10,4ms
[2022-09-12T14:53:11.703+0200][gc,phases   ] GC(43)   Post Evacuate Collection Set: 1,3ms
[2022-09-12T14:53:11.703+0200][gc,phases   ] GC(43)   Other: 0,1ms
[2022-09-12T14:53:11.703+0200][gc,heap     ] GC(43) Eden regions: 180->0(154)
[2022-09-12T14:53:11.703+0200][gc,heap     ] GC(43) Survivor regions: 2->3(23)
[2022-09-12T14:53:11.703+0200][gc,heap     ] GC(43) Old regions: 29->29
[2022-09-12T14:53:11.703+0200][gc,heap     ] GC(43) Archive regions: 2->2
[2022-09-12T14:53:11.703+0200][gc,heap     ] GC(43) Humongous regions: 129->129
[2022-09-12T14:53:11.703+0200][gc,metaspace] GC(43) Metaspace: 42358K(43072K)->42358K(43072K) NonClass: 37404K(37760K)->37404K(37760K) Class: 4954K(5312K)->4954K(5312K)
[2022-09-12T14:53:11.704+0200][gc          ] GC(43) Pause Young (Normal) (G1 Evacuation Pause) 339M->161M(1024M) 12,484ms
[2022-09-12T14:53:11.704+0200][gc,cpu      ] GC(43) User=0,02s Sys=0,04s Real=0,01s
[2022-09-12T14:54:00.406+0200][gc,start    ] GC(44) Pause Young (Normal) (G1 Evacuation Pause)
[2022-09-12T14:54:00.406+0200][gc,task     ] GC(44) Using 15 workers of 15 for evacuation
[2022-09-12T14:54:00.409+0200][gc,phases   ] GC(44)   Pre Evacuate Collection Set: 0,1ms
[2022-09-12T14:54:00.409+0200][gc,phases   ] GC(44)   Merge Heap Roots: 0,6ms
[2022-09-12T14:54:00.409+0200][gc,phases   ] GC(44)   Evacuate Collection Set: 1,7ms
[2022-09-12T14:54:00.409+0200][gc,phases   ] GC(44)   Post Evacuate Collection Set: 0,4ms
[2022-09-12T14:54:00.409+0200][gc,phases   ] GC(44)   Other: 0,1ms
[2022-09-12T14:54:00.409+0200][gc,heap     ] GC(44) Eden regions: 154->0(159)
[2022-09-12T14:54:00.409+0200][gc,heap     ] GC(44) Survivor regions: 3->4(20)
[2022-09-12T14:54:00.409+0200][gc,heap     ] GC(44) Old regions: 29->29
[2022-09-12T14:54:00.409+0200][gc,heap     ] GC(44) Archive regions: 2->2
[2022-09-12T14:54:00.409+0200][gc,heap     ] GC(44) Humongous regions: 129->129
[2022-09-12T14:54:00.409+0200][gc,metaspace] GC(44) Metaspace: 42358K(43072K)->42358K(43072K) NonClass: 37404K(37760K)->37404K(37760K) Class: 4954K(5312K)->4954K(5312K)
[2022-09-12T14:54:00.409+0200][gc          ] GC(44) Pause Young (Normal) (G1 Evacuation Pause) 315M->162M(1024M) 3,546ms
[2022-09-12T14:54:00.409+0200][gc,cpu      ] GC(44) User=0,02s Sys=0,01s Real=0,00s
[2022-09-12T14:56:31.172+0200][gc,start    ] GC(45) Pause Young (Normal) (G1 Evacuation Pause)
[2022-09-12T14:56:31.173+0200][gc,task     ] GC(45) Using 15 workers of 15 for evacuation
[2022-09-12T14:56:31.176+0200][gc,phases   ] GC(45)   Pre Evacuate Collection Set: 0,1ms
[2022-09-12T14:56:31.176+0200][gc,phases   ] GC(45)   Merge Heap Roots: 0,1ms
[2022-09-12T14:56:31.176+0200][gc,phases   ] GC(45)   Evacuate Collection Set: 2,2ms
[2022-09-12T14:56:31.176+0200][gc,phases   ] GC(45)   Post Evacuate Collection Set: 0,5ms
[2022-09-12T14:56:31.176+0200][gc,phases   ] GC(45)   Other: 0,1ms
[2022-09-12T14:56:31.176+0200][gc,heap     ] GC(45) Eden regions: 159->0(43)
[2022-09-12T14:56:31.176+0200][gc,heap     ] GC(45) Survivor regions: 4->8(21)
[2022-09-12T14:56:31.176+0200][gc,heap     ] GC(45) Old regions: 29->29
[2022-09-12T14:56:31.176+0200][gc,heap     ] GC(45) Archive regions: 2->2
[2022-09-12T14:56:31.176+0200][gc,heap     ] GC(45) Humongous regions: 129->129
[2022-09-12T14:56:31.176+0200][gc,metaspace] GC(45) Metaspace: 42358K(43072K)->42358K(43072K) NonClass: 37404K(37760K)->37404K(37760K) Class: 4954K(5312K)->4954K(5312K)
[2022-09-12T14:56:31.176+0200][gc          ] GC(45) Pause Young (Normal) (G1 Evacuation Pause) 321M->165M(1024M) 4,094ms
[2022-09-12T14:56:31.176+0200][gc,cpu      ] GC(45) User=0,03s Sys=0,00s Real=0,00s
[2022-09-12T14:57:10.185+0200][gc,start    ] GC(46) Pause Young (Normal) (G1 Evacuation Pause)
[2022-09-12T14:57:10.186+0200][gc,task     ] GC(46) Using 15 workers of 15 for evacuation
[2022-09-12T14:57:10.190+0200][gc,phases   ] GC(46)   Pre Evacuate Collection Set: 0,2ms
[2022-09-12T14:57:10.190+0200][gc,phases   ] GC(46)   Merge Heap Roots: 0,1ms
[2022-09-12T14:57:10.190+0200][gc,phases   ] GC(46)   Evacuate Collection Set: 3,5ms
[2022-09-12T14:57:10.190+0200][gc,phases   ] GC(46)   Post Evacuate Collection Set: 0,5ms
[2022-09-12T14:57:10.190+0200][gc,phases   ] GC(46)   Other: 0,1ms
[2022-09-12T14:57:10.190+0200][gc,heap     ] GC(46) Eden regions: 43->0(124)
[2022-09-12T14:57:10.190+0200][gc,heap     ] GC(46) Survivor regions: 8->5(7)
[2022-09-12T14:57:10.190+0200][gc,heap     ] GC(46) Old regions: 29->33
[2022-09-12T14:57:10.190+0200][gc,heap     ] GC(46) Archive regions: 2->2
[2022-09-12T14:57:10.190+0200][gc,heap     ] GC(46) Humongous regions: 129->129
[2022-09-12T14:57:10.190+0200][gc,metaspace] GC(46) Metaspace: 42358K(43072K)->42358K(43072K) NonClass: 37404K(37760K)->37404K(37760K) Class: 4954K(5312K)->4954K(5312K)
[2022-09-12T14:57:10.190+0200][gc          ] GC(46) Pause Young (Normal) (G1 Evacuation Pause) 208M->167M(1024M) 5,295ms
[2022-09-12T14:57:10.190+0200][gc,cpu      ] GC(46) User=0,03s Sys=0,00s Real=0,01s
[2022-09-12T14:58:59.942+0200][gc,start    ] GC(47) Pause Young (Normal) (G1 Evacuation Pause)
[2022-09-12T14:58:59.942+0200][gc,task     ] GC(47) Using 15 workers of 15 for evacuation
[2022-09-12T14:58:59.946+0200][gc,phases   ] GC(47)   Pre Evacuate Collection Set: 0,2ms
[2022-09-12T14:58:59.946+0200][gc,phases   ] GC(47)   Merge Heap Roots: 0,1ms
[2022-09-12T14:58:59.946+0200][gc,phases   ] GC(47)   Evacuate Collection Set: 2,6ms
[2022-09-12T14:58:59.946+0200][gc,phases   ] GC(47)   Post Evacuate Collection Set: 1,0ms
[2022-09-12T14:58:59.946+0200][gc,phases   ] GC(47)   Other: 0,1ms
[2022-09-12T14:58:59.946+0200][gc,heap     ] GC(47) Eden regions: 119->0(72)
[2022-09-12T14:58:59.946+0200][gc,heap     ] GC(47) Survivor regions: 5->9(16)
[2022-09-12T14:58:59.946+0200][gc,heap     ] GC(47) Old regions: 33->33
[2022-09-12T14:58:59.946+0200][gc,heap     ] GC(47) Archive regions: 2->2
[2022-09-12T14:58:59.946+0200][gc,heap     ] GC(47) Humongous regions: 129->129
[2022-09-12T14:58:59.946+0200][gc,metaspace] GC(47) Metaspace: 42358K(43072K)->42358K(43072K) NonClass: 37404K(37760K)->37404K(37760K) Class: 4954K(5312K)->4954K(5312K)
[2022-09-12T14:58:59.946+0200][gc          ] GC(47) Pause Young (Normal) (G1 Evacuation Pause) 286M->171M(1024M) 4,949ms
[2022-09-12T14:58:59.946+0200][gc,cpu      ] GC(47) User=0,04s Sys=0,01s Real=0,00s
[2022-09-12T15:00:06.147+0200][gc,start    ] GC(48) Pause Young (Normal) (G1 Evacuation Pause)
[2022-09-12T15:00:06.148+0200][gc,task     ] GC(48) Using 15 workers of 15 for evacuation
[2022-09-12T15:00:06.151+0200][gc,phases   ] GC(48)   Pre Evacuate Collection Set: 0,2ms
[2022-09-12T15:00:06.151+0200][gc,phases   ] GC(48)   Merge Heap Roots: 0,1ms
[2022-09-12T15:00:06.151+0200][gc,phases   ] GC(48)   Evacuate Collection Set: 2,8ms
[2022-09-12T15:00:06.151+0200][gc,phases   ] GC(48)   Post Evacuate Collection Set: 0,4ms
[2022-09-12T15:00:06.151+0200][gc,phases   ] GC(48)   Other: 0,2ms
[2022-09-12T15:00:06.151+0200][gc,heap     ] GC(48) Eden regions: 72->0(153)
[2022-09-12T15:00:06.151+0200][gc,heap     ] GC(48) Survivor regions: 9->8(11)
[2022-09-12T15:00:06.151+0200][gc,heap     ] GC(48) Old regions: 33->36
[2022-09-12T15:00:06.151+0200][gc,heap     ] GC(48) Archive regions: 2->2
[2022-09-12T15:00:06.151+0200][gc,heap     ] GC(48) Humongous regions: 129->129
[2022-09-12T15:00:06.151+0200][gc,metaspace] GC(48) Metaspace: 42359K(43072K)->42359K(43072K) NonClass: 37404K(37760K)->37404K(37760K) Class: 4954K(5312K)->4954K(5312K)
[2022-09-12T15:00:06.151+0200][gc          ] GC(48) Pause Young (Normal) (G1 Evacuation Pause) 243M->172M(1024M) 4,701ms
[2022-09-12T15:00:06.151+0200][gc,cpu      ] GC(48) User=0,04s Sys=0,00s Real=0,01s
[2022-09-12T15:04:21.537+0200][gc,start    ] GC(49) Pause Young (Normal) (G1 Evacuation Pause)
[2022-09-12T15:04:21.537+0200][gc,task     ] GC(49) Using 15 workers of 15 for evacuation
[2022-09-12T15:04:21.542+0200][gc,phases   ] GC(49)   Pre Evacuate Collection Set: 0,1ms
[2022-09-12T15:04:21.542+0200][gc,phases   ] GC(49)   Merge Heap Roots: 0,1ms
[2022-09-12T15:04:21.542+0200][gc,phases   ] GC(49)   Evacuate Collection Set: 3,7ms
[2022-09-12T15:04:21.542+0200][gc,phases   ] GC(49)   Post Evacuate Collection Set: 1,4ms
[2022-09-12T15:04:21.542+0200][gc,phases   ] GC(49)   Other: 0,1ms
[2022-09-12T15:04:21.542+0200][gc,heap     ] GC(49) Eden regions: 149->0(184)
[2022-09-12T15:04:21.542+0200][gc,heap     ] GC(49) Survivor regions: 8->11(20)
[2022-09-12T15:04:21.542+0200][gc,heap     ] GC(49) Old regions: 36->36
[2022-09-12T15:04:21.542+0200][gc,heap     ] GC(49) Archive regions: 2->2
[2022-09-12T15:04:21.542+0200][gc,heap     ] GC(49) Humongous regions: 129->129
[2022-09-12T15:04:21.542+0200][gc,metaspace] GC(49) Metaspace: 42366K(43072K)->42366K(43072K) NonClass: 37409K(37760K)->37409K(37760K) Class: 4956K(5312K)->4956K(5312K)
[2022-09-12T15:04:21.542+0200][gc          ] GC(49) Pause Young (Normal) (G1 Evacuation Pause) 321M->175M(1024M) 5,824ms
[2022-09-12T15:04:21.542+0200][gc,cpu      ] GC(49) User=0,04s Sys=0,01s Real=0,01s
[2022-09-12T15:04:43.434+0200][gc,start    ] GC(50) Pause Young (Normal) (G1 Evacuation Pause)
[2022-09-12T15:04:43.435+0200][gc,task     ] GC(50) Using 15 workers of 15 for evacuation
[2022-09-12T15:04:43.461+0200][gc,mmu      ] GC(50) MMU target violated: 21,0ms (20,0ms/21,0ms)
[2022-09-12T15:04:43.461+0200][gc,phases   ] GC(50)   Pre Evacuate Collection Set: 0,1ms
[2022-09-12T15:04:43.461+0200][gc,phases   ] GC(50)   Merge Heap Roots: 0,1ms
[2022-09-12T15:04:43.461+0200][gc,phases   ] GC(50)   Evacuate Collection Set: 26,1ms
[2022-09-12T15:04:43.462+0200][gc,phases   ] GC(50)   Post Evacuate Collection Set: 0,3ms
[2022-09-12T15:04:43.462+0200][gc,phases   ] GC(50)   Other: 0,1ms
[2022-09-12T15:04:43.462+0200][gc,heap     ] GC(50) Eden regions: 184->0(65)
[2022-09-12T15:04:43.462+0200][gc,heap     ] GC(50) Survivor regions: 11->14(25)
[2022-09-12T15:04:43.462+0200][gc,heap     ] GC(50) Old regions: 36->36
[2022-09-12T15:04:43.462+0200][gc,heap     ] GC(50) Archive regions: 2->2
[2022-09-12T15:04:43.462+0200][gc,heap     ] GC(50) Humongous regions: 129->129
[2022-09-12T15:04:43.462+0200][gc,metaspace] GC(50) Metaspace: 42366K(43072K)->42366K(43072K) NonClass: 37409K(37760K)->37409K(37760K) Class: 4956K(5312K)->4956K(5312K)
[2022-09-12T15:04:43.462+0200][gc          ] GC(50) Pause Young (Normal) (G1 Evacuation Pause) 359M->178M(1024M) 27,152ms
[2022-09-12T15:04:43.462+0200][gc,cpu      ] GC(50) User=0,06s Sys=0,18s Real=0,03s
[2022-09-12T15:04:50.869+0200][gc,start    ] GC(51) Pause Young (Normal) (G1 Evacuation Pause)
[2022-09-12T15:04:50.869+0200][gc,task     ] GC(51) Using 15 workers of 15 for evacuation
[2022-09-12T15:04:50.877+0200][gc,phases   ] GC(51)   Pre Evacuate Collection Set: 0,1ms
[2022-09-12T15:04:50.877+0200][gc,phases   ] GC(51)   Merge Heap Roots: 0,1ms
[2022-09-12T15:04:50.877+0200][gc,phases   ] GC(51)   Evacuate Collection Set: 6,6ms
[2022-09-12T15:04:50.877+0200][gc,phases   ] GC(51)   Post Evacuate Collection Set: 0,6ms
[2022-09-12T15:04:50.877+0200][gc,phases   ] GC(51)   Other: 0,1ms
[2022-09-12T15:04:50.877+0200][gc,heap     ] GC(51) Eden regions: 65->0(259)
[2022-09-12T15:04:50.877+0200][gc,heap     ] GC(51) Survivor regions: 14->6(10)
[2022-09-12T15:04:50.877+0200][gc,heap     ] GC(51) Old regions: 36->45
[2022-09-12T15:04:50.877+0200][gc,heap     ] GC(51) Archive regions: 2->2
[2022-09-12T15:04:50.877+0200][gc,heap     ] GC(51) Humongous regions: 129->129
[2022-09-12T15:04:50.877+0200][gc,metaspace] GC(51) Metaspace: 42366K(43072K)->42366K(43072K) NonClass: 37409K(37760K)->37409K(37760K) Class: 4956K(5312K)->4956K(5312K)
[2022-09-12T15:04:50.877+0200][gc          ] GC(51) Pause Young (Normal) (G1 Evacuation Pause) 243M->179M(1024M) 8,166ms
[2022-09-12T15:04:50.877+0200][gc,cpu      ] GC(51) User=0,05s Sys=0,04s Real=0,01s
[2022-09-12T15:05:25.385+0200][gc,start    ] GC(52) Pause Young (Normal) (G1 Evacuation Pause)
[2022-09-12T15:05:25.386+0200][gc,task     ] GC(52) Using 15 workers of 15 for evacuation
[2022-09-12T15:05:25.407+0200][gc,mmu      ] GC(52) MMU target violated: 20,7ms (20,0ms/21,0ms)
[2022-09-12T15:05:25.407+0200][gc,phases   ] GC(52)   Pre Evacuate Collection Set: 0,1ms
[2022-09-12T15:05:25.407+0200][gc,phases   ] GC(52)   Merge Heap Roots: 0,1ms
[2022-09-12T15:05:25.407+0200][gc,phases   ] GC(52)   Evacuate Collection Set: 20,2ms
[2022-09-12T15:05:25.407+0200][gc,phases   ] GC(52)   Post Evacuate Collection Set: 0,3ms
[2022-09-12T15:05:25.407+0200][gc,phases   ] GC(52)   Other: 0,1ms
[2022-09-12T15:05:25.407+0200][gc,heap     ] GC(52) Eden regions: 259->0(88)
[2022-09-12T15:05:25.407+0200][gc,heap     ] GC(52) Survivor regions: 6->8(34)
[2022-09-12T15:05:25.407+0200][gc,heap     ] GC(52) Old regions: 45->45
[2022-09-12T15:05:25.407+0200][gc,heap     ] GC(52) Archive regions: 2->2
[2022-09-12T15:05:25.407+0200][gc,heap     ] GC(52) Humongous regions: 129->129
[2022-09-12T15:05:25.407+0200][gc,metaspace] GC(52) Metaspace: 42366K(43072K)->42366K(43072K) NonClass: 37409K(37760K)->37409K(37760K) Class: 4956K(5312K)->4956K(5312K)
[2022-09-12T15:05:25.407+0200][gc          ] GC(52) Pause Young (Normal) (G1 Evacuation Pause) 438M->181M(1024M) 21,694ms
[2022-09-12T15:05:25.407+0200][gc,cpu      ] GC(52) User=0,03s Sys=0,11s Real=0,02s
[2022-09-12T15:05:35.408+0200][gc,start    ] GC(53) Pause Young (Normal) (G1 Evacuation Pause)
[2022-09-12T15:05:35.408+0200][gc,task     ] GC(53) Using 15 workers of 15 for evacuation
[2022-09-12T15:05:35.412+0200][gc,phases   ] GC(53)   Pre Evacuate Collection Set: 0,1ms
[2022-09-12T15:05:35.412+0200][gc,phases   ] GC(53)   Merge Heap Roots: 0,1ms
[2022-09-12T15:05:35.412+0200][gc,phases   ] GC(53)   Evacuate Collection Set: 2,2ms
[2022-09-12T15:05:35.412+0200][gc,phases   ] GC(53)   Post Evacuate Collection Set: 0,6ms
[2022-09-12T15:05:35.412+0200][gc,phases   ] GC(53)   Other: 0,1ms
[2022-09-12T15:05:35.412+0200][gc,heap     ] GC(53) Eden regions: 88->0(261)
[2022-09-12T15:05:35.412+0200][gc,heap     ] GC(53) Survivor regions: 8->5(12)
[2022-09-12T15:05:35.412+0200][gc,heap     ] GC(53) Old regions: 45->49
[2022-09-12T15:05:35.412+0200][gc,heap     ] GC(53) Archive regions: 2->2
[2022-09-12T15:05:35.412+0200][gc,heap     ] GC(53) Humongous regions: 129->129
[2022-09-12T15:05:35.412+0200][gc,metaspace] GC(53) Metaspace: 42366K(43072K)->42366K(43072K) NonClass: 37409K(37760K)->37409K(37760K) Class: 4956K(5312K)->4956K(5312K)
[2022-09-12T15:05:35.412+0200][gc          ] GC(53) Pause Young (Normal) (G1 Evacuation Pause) 269M->182M(1024M) 4,029ms
[2022-09-12T15:05:35.412+0200][gc,cpu      ] GC(53) User=0,03s Sys=0,01s Real=0,01s
[2022-09-12T15:06:06.457+0200][gc,start    ] GC(54) Pause Young (Normal) (G1 Evacuation Pause)
[2022-09-12T15:06:06.457+0200][gc,task     ] GC(54) Using 15 workers of 15 for evacuation
[2022-09-12T15:06:06.460+0200][gc,phases   ] GC(54)   Pre Evacuate Collection Set: 0,1ms
[2022-09-12T15:06:06.460+0200][gc,phases   ] GC(54)   Merge Heap Roots: 0,1ms
[2022-09-12T15:06:06.460+0200][gc,phases   ] GC(54)   Evacuate Collection Set: 1,7ms
[2022-09-12T15:06:06.460+0200][gc,phases   ] GC(54)   Post Evacuate Collection Set: 0,4ms
[2022-09-12T15:06:06.460+0200][gc,phases   ] GC(54)   Other: 0,1ms
[2022-09-12T15:06:06.460+0200][gc,heap     ] GC(54) Eden regions: 261->0(368)
[2022-09-12T15:06:06.460+0200][gc,heap     ] GC(54) Survivor regions: 5->6(34)
[2022-09-12T15:06:06.460+0200][gc,heap     ] GC(54) Old regions: 49->49
[2022-09-12T15:06:06.460+0200][gc,heap     ] GC(54) Archive regions: 2->2
[2022-09-12T15:06:06.460+0200][gc,heap     ] GC(54) Humongous regions: 129->129
[2022-09-12T15:06:06.460+0200][gc,metaspace] GC(54) Metaspace: 42366K(43072K)->42366K(43072K) NonClass: 37409K(37760K)->37409K(37760K) Class: 4956K(5312K)->4956K(5312K)
[2022-09-12T15:06:06.460+0200][gc          ] GC(54) Pause Young (Normal) (G1 Evacuation Pause) 443M->183M(1024M) 2,899ms
[2022-09-12T15:06:06.460+0200][gc,cpu      ] GC(54) User=0,02s Sys=0,00s Real=0,01s
[2022-09-12T15:17:44.061+0200][gc,start    ] GC(55) Pause Young (Normal) (G1 Evacuation Pause)
[2022-09-12T15:17:44.062+0200][gc,task     ] GC(55) Using 15 workers of 15 for evacuation
[2022-09-12T15:17:44.118+0200][gc,mmu      ] GC(55) MMU target violated: 21,0ms (20,0ms/21,0ms)
[2022-09-12T15:17:44.118+0200][gc,phases   ] GC(55)   Pre Evacuate Collection Set: 0,8ms
[2022-09-12T15:17:44.118+0200][gc,phases   ] GC(55)   Merge Heap Roots: 0,6ms
[2022-09-12T15:17:44.118+0200][gc,phases   ] GC(55)   Evacuate Collection Set: 53,2ms
[2022-09-12T15:17:44.118+0200][gc,phases   ] GC(55)   Post Evacuate Collection Set: 1,1ms
[2022-09-12T15:17:44.118+0200][gc,phases   ] GC(55)   Other: 0,3ms
[2022-09-12T15:17:44.118+0200][gc,heap     ] GC(55) Eden regions: 368->0(32)
[2022-09-12T15:17:44.118+0200][gc,heap     ] GC(55) Survivor regions: 6->19(47)
[2022-09-12T15:17:44.118+0200][gc,heap     ] GC(55) Old regions: 49->49
[2022-09-12T15:17:44.118+0200][gc,heap     ] GC(55) Archive regions: 2->2
[2022-09-12T15:17:44.118+0200][gc,heap     ] GC(55) Humongous regions: 129->129
[2022-09-12T15:17:44.118+0200][gc,metaspace] GC(55) Metaspace: 42367K(43072K)->42367K(43072K) NonClass: 37410K(37760K)->37410K(37760K) Class: 4956K(5312K)->4956K(5312K)
[2022-09-12T15:17:44.118+0200][gc          ] GC(55) Pause Young (Normal) (G1 Evacuation Pause) 551M->197M(1024M) 57,284ms
[2022-09-12T15:17:44.118+0200][gc,cpu      ] GC(55) User=0,10s Sys=0,41s Real=0,05s
[2022-09-12T15:17:54.227+0200][gc,start    ] GC(56) Pause Young (Normal) (G1 Evacuation Pause)
[2022-09-12T15:17:54.227+0200][gc,task     ] GC(56) Using 15 workers of 15 for evacuation
[2022-09-12T15:17:54.260+0200][gc,mmu      ] GC(56) MMU target violated: 21,0ms (20,0ms/21,0ms)
[2022-09-12T15:17:54.260+0200][gc,phases   ] GC(56)   Pre Evacuate Collection Set: 0,6ms
[2022-09-12T15:17:54.260+0200][gc,phases   ] GC(56)   Merge Heap Roots: 0,4ms
[2022-09-12T15:17:54.260+0200][gc,phases   ] GC(56)   Evacuate Collection Set: 28,0ms
[2022-09-12T15:17:54.260+0200][gc,phases   ] GC(56)   Post Evacuate Collection Set: 3,8ms
[2022-09-12T15:17:54.260+0200][gc,phases   ] GC(56)   Other: 0,2ms
[2022-09-12T15:17:54.260+0200][gc,heap     ] GC(56) Eden regions: 32->0(154)
[2022-09-12T15:17:54.260+0200][gc,heap     ] GC(56) Survivor regions: 19->3(7)
[2022-09-12T15:17:54.260+0200][gc,heap     ] GC(56) Old regions: 49->67
[2022-09-12T15:17:54.260+0200][gc,heap     ] GC(56) Archive regions: 2->2
[2022-09-12T15:17:54.260+0200][gc,heap     ] GC(56) Humongous regions: 129->129
[2022-09-12T15:17:54.260+0200][gc,metaspace] GC(56) Metaspace: 42367K(43072K)->42367K(43072K) NonClass: 37410K(37760K)->37410K(37760K) Class: 4956K(5312K)->4956K(5312K)
[2022-09-12T15:17:54.260+0200][gc          ] GC(56) Pause Young (Normal) (G1 Evacuation Pause) 229M->199M(1024M) 33,433ms
[2022-09-12T15:17:54.260+0200][gc,cpu      ] GC(56) User=0,07s Sys=0,06s Real=0,04s
[2022-09-12T15:19:01.496+0200][gc,start    ] GC(57) Pause Young (Normal) (G1 Evacuation Pause)
[2022-09-12T15:19:01.497+0200][gc,task     ] GC(57) Using 15 workers of 15 for evacuation
[2022-09-12T15:19:01.503+0200][gc,phases   ] GC(57)   Pre Evacuate Collection Set: 0,1ms
[2022-09-12T15:19:01.503+0200][gc,phases   ] GC(57)   Merge Heap Roots: 0,1ms
[2022-09-12T15:19:01.503+0200][gc,phases   ] GC(57)   Evacuate Collection Set: 5,0ms
[2022-09-12T15:19:01.503+0200][gc,phases   ] GC(57)   Post Evacuate Collection Set: 0,2ms
[2022-09-12T15:19:01.503+0200][gc,phases   ] GC(57)   Other: 0,1ms
[2022-09-12T15:19:01.503+0200][gc,heap     ] GC(57) Eden regions: 154->0(180)
[2022-09-12T15:19:01.503+0200][gc,heap     ] GC(57) Survivor regions: 3->4(20)
[2022-09-12T15:19:01.503+0200][gc,heap     ] GC(57) Old regions: 67->67
[2022-09-12T15:19:01.503+0200][gc,heap     ] GC(57) Archive regions: 2->2
[2022-09-12T15:19:01.503+0200][gc,heap     ] GC(57) Humongous regions: 129->129
[2022-09-12T15:19:01.503+0200][gc,metaspace] GC(57) Metaspace: 42367K(43072K)->42367K(43072K) NonClass: 37410K(37760K)->37410K(37760K) Class: 4956K(5312K)->4956K(5312K)
[2022-09-12T15:19:01.503+0200][gc          ] GC(57) Pause Young (Normal) (G1 Evacuation Pause) 353M->200M(1024M) 6,732ms
[2022-09-12T15:19:01.503+0200][gc,cpu      ] GC(57) User=0,02s Sys=0,03s Real=0,01s
[2022-09-12T15:20:27.195+0200][gc,start    ] GC(58) Pause Young (Normal) (G1 Evacuation Pause)
[2022-09-12T15:20:27.195+0200][gc,task     ] GC(58) Using 15 workers of 15 for evacuation
[2022-09-12T15:20:27.207+0200][gc,phases   ] GC(58)   Pre Evacuate Collection Set: 0,1ms
[2022-09-12T15:20:27.207+0200][gc,phases   ] GC(58)   Merge Heap Roots: 0,1ms
[2022-09-12T15:20:27.207+0200][gc,phases   ] GC(58)   Evacuate Collection Set: 10,9ms
[2022-09-12T15:20:27.207+0200][gc,phases   ] GC(58)   Post Evacuate Collection Set: 1,0ms
[2022-09-12T15:20:27.207+0200][gc,phases   ] GC(58)   Other: 0,2ms
[2022-09-12T15:20:27.207+0200][gc,heap     ] GC(58) Eden regions: 180->0(98)
[2022-09-12T15:20:27.207+0200][gc,heap     ] GC(58) Survivor regions: 4->8(23)
[2022-09-12T15:20:27.207+0200][gc,heap     ] GC(58) Old regions: 67->67
[2022-09-12T15:20:27.207+0200][gc,heap     ] GC(58) Archive regions: 2->2
[2022-09-12T15:20:27.207+0200][gc,heap     ] GC(58) Humongous regions: 129->129
[2022-09-12T15:20:27.207+0200][gc,metaspace] GC(58) Metaspace: 42368K(43136K)->42368K(43136K) NonClass: 37411K(37824K)->37411K(37824K) Class: 4956K(5312K)->4956K(5312K)
[2022-09-12T15:20:27.207+0200][gc          ] GC(58) Pause Young (Normal) (G1 Evacuation Pause) 380M->203M(1024M) 12,755ms
[2022-09-12T15:20:27.207+0200][gc,cpu      ] GC(58) User=0,04s Sys=0,05s Real=0,01s
[2022-09-12T15:20:50.194+0200][gc,start    ] GC(59) Pause Young (Normal) (G1 Evacuation Pause)
[2022-09-12T15:20:50.195+0200][gc,task     ] GC(59) Using 15 workers of 15 for evacuation
[2022-09-12T15:20:50.198+0200][gc,phases   ] GC(59)   Pre Evacuate Collection Set: 0,2ms
[2022-09-12T15:20:50.198+0200][gc,phases   ] GC(59)   Merge Heap Roots: 0,1ms
[2022-09-12T15:20:50.198+0200][gc,phases   ] GC(59)   Evacuate Collection Set: 2,4ms
[2022-09-12T15:20:50.198+0200][gc,phases   ] GC(59)   Post Evacuate Collection Set: 0,4ms
[2022-09-12T15:20:50.198+0200][gc,phases   ] GC(59)   Other: 0,2ms
[2022-09-12T15:20:50.198+0200][gc,heap     ] GC(59) Eden regions: 98->0(135)
[2022-09-12T15:20:50.198+0200][gc,heap     ] GC(59) Survivor regions: 8->9(14)
[2022-09-12T15:20:50.198+0200][gc,heap     ] GC(59) Old regions: 67->67
[2022-09-12T15:20:50.198+0200][gc,heap     ] GC(59) Archive regions: 2->2
[2022-09-12T15:20:50.198+0200][gc,heap     ] GC(59) Humongous regions: 129->129
[2022-09-12T15:20:50.198+0200][gc,metaspace] GC(59) Metaspace: 42368K(43136K)->42368K(43136K) NonClass: 37411K(37824K)->37411K(37824K) Class: 4956K(5312K)->4956K(5312K)
[2022-09-12T15:20:50.198+0200][gc          ] GC(59) Pause Young (Normal) (G1 Evacuation Pause) 301M->205M(1024M) 4,388ms
[2022-09-12T15:20:50.198+0200][gc,cpu      ] GC(59) User=0,03s Sys=0,00s Real=0,00s
[2022-09-12T15:21:20.829+0200][gc,start    ] GC(60) Pause Young (Normal) (G1 Evacuation Pause)
[2022-09-12T15:21:20.829+0200][gc,task     ] GC(60) Using 15 workers of 15 for evacuation
[2022-09-12T15:21:20.834+0200][gc,phases   ] GC(60)   Pre Evacuate Collection Set: 0,3ms
[2022-09-12T15:21:20.834+0200][gc,phases   ] GC(60)   Merge Heap Roots: 0,4ms
[2022-09-12T15:21:20.834+0200][gc,phases   ] GC(60)   Evacuate Collection Set: 2,5ms
[2022-09-12T15:21:20.834+0200][gc,phases   ] GC(60)   Post Evacuate Collection Set: 0,3ms
[2022-09-12T15:21:20.834+0200][gc,phases   ] GC(60)   Other: 1,4ms
[2022-09-12T15:21:20.834+0200][gc,heap     ] GC(60) Eden regions: 135->0(171)
[2022-09-12T15:21:20.834+0200][gc,heap     ] GC(60) Survivor regions: 9->11(18)
[2022-09-12T15:21:20.834+0200][gc,heap     ] GC(60) Old regions: 67->67
[2022-09-12T15:21:20.834+0200][gc,heap     ] GC(60) Archive regions: 2->2
[2022-09-12T15:21:20.834+0200][gc,heap     ] GC(60) Humongous regions: 129->129
[2022-09-12T15:21:20.834+0200][gc,metaspace] GC(60) Metaspace: 42368K(43136K)->42368K(43136K) NonClass: 37412K(37824K)->37412K(37824K) Class: 4956K(5312K)->4956K(5312K)
[2022-09-12T15:21:20.834+0200][gc          ] GC(60) Pause Young (Normal) (G1 Evacuation Pause) 340M->207M(1024M) 5,077ms
[2022-09-12T15:21:20.834+0200][gc,cpu      ] GC(60) User=0,03s Sys=0,00s Real=0,01s
[2022-09-12T15:22:59.745+0200][gc,start    ] GC(61) Pause Young (Normal) (G1 Evacuation Pause)
[2022-09-12T15:22:59.745+0200][gc,task     ] GC(61) Using 15 workers of 15 for evacuation
[2022-09-12T15:22:59.757+0200][gc,phases   ] GC(61)   Pre Evacuate Collection Set: 0,1ms
[2022-09-12T15:22:59.757+0200][gc,phases   ] GC(61)   Merge Heap Roots: 0,1ms
[2022-09-12T15:22:59.757+0200][gc,phases   ] GC(61)   Evacuate Collection Set: 11,1ms
[2022-09-12T15:22:59.757+0200][gc,phases   ] GC(61)   Post Evacuate Collection Set: 0,5ms
[2022-09-12T15:22:59.757+0200][gc,phases   ] GC(61)   Other: 0,1ms
[2022-09-12T15:22:59.757+0200][gc,heap     ] GC(61) Eden regions: 171->0(155)
[2022-09-12T15:22:59.757+0200][gc,heap     ] GC(61) Survivor regions: 11->13(23)
[2022-09-12T15:22:59.757+0200][gc,heap     ] GC(61) Old regions: 67->67
[2022-09-12T15:22:59.757+0200][gc,heap     ] GC(61) Archive regions: 2->2
[2022-09-12T15:22:59.757+0200][gc,heap     ] GC(61) Humongous regions: 129->129
[2022-09-12T15:22:59.757+0200][gc,metaspace] GC(61) Metaspace: 42374K(43136K)->42374K(43136K) NonClass: 37417K(37824K)->37417K(37824K) Class: 4956K(5312K)->4956K(5312K)
[2022-09-12T15:22:59.757+0200][gc          ] GC(61) Pause Young (Normal) (G1 Evacuation Pause) 378M->209M(1024M) 12,115ms
[2022-09-12T15:22:59.757+0200][gc,cpu      ] GC(61) User=0,04s Sys=0,05s Real=0,01s
[2022-09-12T15:27:48.990+0200][gc,start    ] GC(62) Pause Young (Normal) (G1 Evacuation Pause)
[2022-09-12T15:27:48.991+0200][gc,task     ] GC(62) Using 15 workers of 15 for evacuation
[2022-09-12T15:27:48.998+0200][gc,phases   ] GC(62)   Pre Evacuate Collection Set: 0,4ms
[2022-09-12T15:27:48.998+0200][gc,phases   ] GC(62)   Merge Heap Roots: 0,1ms
[2022-09-12T15:27:48.998+0200][gc,phases   ] GC(62)   Evacuate Collection Set: 6,2ms
[2022-09-12T15:27:48.998+0200][gc,phases   ] GC(62)   Post Evacuate Collection Set: 0,3ms
[2022-09-12T15:27:48.998+0200][gc,phases   ] GC(62)   Other: 0,2ms
[2022-09-12T15:27:48.998+0200][gc,heap     ] GC(62) Eden regions: 155->0(89)
[2022-09-12T15:27:48.998+0200][gc,heap     ] GC(62) Survivor regions: 13->17(21)
[2022-09-12T15:27:48.998+0200][gc,heap     ] GC(62) Old regions: 67->71
[2022-09-12T15:27:48.998+0200][gc,heap     ] GC(62) Archive regions: 2->2
[2022-09-12T15:27:48.998+0200][gc,heap     ] GC(62) Humongous regions: 129->129
[2022-09-12T15:27:48.998+0200][gc,metaspace] GC(62) Metaspace: 42397K(43136K)->42397K(43136K) NonClass: 37440K(37824K)->37440K(37824K) Class: 4956K(5312K)->4956K(5312K)
[2022-09-12T15:27:48.998+0200][gc          ] GC(62) Pause Young (Normal) (G1 Evacuation Pause) 364M->216M(1024M) 7,856ms
[2022-09-12T15:27:48.998+0200][gc,cpu      ] GC(62) User=0,07s Sys=0,00s Real=0,00s
[2022-09-12T15:28:09.744+0200][gc,start    ] GC(63) Pause Young (Normal) (G1 Evacuation Pause)
[2022-09-12T15:28:09.744+0200][gc,task     ] GC(63) Using 15 workers of 15 for evacuation
[2022-09-12T15:28:09.752+0200][gc,phases   ] GC(63)   Pre Evacuate Collection Set: 0,1ms
[2022-09-12T15:28:09.752+0200][gc,phases   ] GC(63)   Merge Heap Roots: 0,1ms
[2022-09-12T15:28:09.752+0200][gc,phases   ] GC(63)   Evacuate Collection Set: 6,9ms
[2022-09-12T15:28:09.752+0200][gc,phases   ] GC(63)   Post Evacuate Collection Set: 0,3ms
[2022-09-12T15:28:09.752+0200][gc,phases   ] GC(63)   Other: 0,1ms
[2022-09-12T15:28:09.752+0200][gc,heap     ] GC(63) Eden regions: 87->0(498)
[2022-09-12T15:28:09.752+0200][gc,heap     ] GC(63) Survivor regions: 17->4(13)
[2022-09-12T15:28:09.752+0200][gc,heap     ] GC(63) Old regions: 71->86
[2022-09-12T15:28:09.752+0200][gc,heap     ] GC(63) Archive regions: 2->2
[2022-09-12T15:28:09.752+0200][gc,heap     ] GC(63) Humongous regions: 129->129
[2022-09-12T15:28:09.752+0200][gc,metaspace] GC(63) Metaspace: 42397K(43136K)->42397K(43136K) NonClass: 37440K(37824K)->37440K(37824K) Class: 4956K(5312K)->4956K(5312K)
[2022-09-12T15:28:09.752+0200][gc          ] GC(63) Pause Young (Normal) (G1 Evacuation Pause) 303M->218M(1024M) 8,371ms
[2022-09-12T15:28:09.752+0200][gc,cpu      ] GC(63) User=0,05s Sys=0,02s Real=0,01s
[2022-09-12T15:35:17.435+0200][gc,start    ] GC(64) Pause Young (Normal) (G1 Evacuation Pause)
[2022-09-12T15:35:17.436+0200][gc,task     ] GC(64) Using 15 workers of 15 for evacuation
[2022-09-12T15:35:17.485+0200][gc,mmu      ] GC(64) MMU target violated: 21,0ms (20,0ms/21,0ms)
[2022-09-12T15:35:17.485+0200][gc,phases   ] GC(64)   Pre Evacuate Collection Set: 0,8ms
[2022-09-12T15:35:17.485+0200][gc,phases   ] GC(64)   Merge Heap Roots: 0,6ms
[2022-09-12T15:35:17.485+0200][gc,phases   ] GC(64)   Evacuate Collection Set: 45,8ms
[2022-09-12T15:35:17.485+0200][gc,phases   ] GC(64)   Post Evacuate Collection Set: 1,3ms
[2022-09-12T15:35:17.485+0200][gc,phases   ] GC(64)   Other: 0,4ms
[2022-09-12T15:35:17.485+0200][gc,heap     ] GC(64) Eden regions: 498->0(33)
[2022-09-12T15:35:17.485+0200][gc,heap     ] GC(64) Survivor regions: 4->18(63)
[2022-09-12T15:35:17.485+0200][gc,heap     ] GC(64) Old regions: 86->86
[2022-09-12T15:35:17.485+0200][gc,heap     ] GC(64) Archive regions: 2->2
[2022-09-12T15:35:17.485+0200][gc,heap     ] GC(64) Humongous regions: 129->129
[2022-09-12T15:35:17.485+0200][gc,metaspace] GC(64) Metaspace: 42397K(43136K)->42397K(43136K) NonClass: 37441K(37824K)->37441K(37824K) Class: 4956K(5312K)->4956K(5312K)
[2022-09-12T15:35:17.485+0200][gc          ] GC(64) Pause Young (Normal) (G1 Evacuation Pause) 716M->232M(1024M) 49,258ms
[2022-09-12T15:35:17.485+0200][gc,cpu      ] GC(64) User=0,09s Sys=0,25s Real=0,05s
[2022-09-12T15:35:25.037+0200][gc,start    ] GC(65) Pause Young (Normal) (G1 Evacuation Pause)
[2022-09-12T15:35:25.038+0200][gc,task     ] GC(65) Using 15 workers of 15 for evacuation
[2022-09-12T15:35:25.048+0200][gc,phases   ] GC(65)   Pre Evacuate Collection Set: 0,1ms
[2022-09-12T15:35:25.048+0200][gc,phases   ] GC(65)   Merge Heap Roots: 0,1ms
[2022-09-12T15:35:25.048+0200][gc,phases   ] GC(65)   Evacuate Collection Set: 9,4ms
[2022-09-12T15:35:25.048+0200][gc,phases   ] GC(65)   Post Evacuate Collection Set: 0,5ms
[2022-09-12T15:35:25.048+0200][gc,phases   ] GC(65)   Other: 0,1ms
[2022-09-12T15:35:25.048+0200][gc,heap     ] GC(65) Eden regions: 33->0(196)
[2022-09-12T15:35:25.048+0200][gc,heap     ] GC(65) Survivor regions: 18->3(7)
[2022-09-12T15:35:25.048+0200][gc,heap     ] GC(65) Old regions: 86->103
[2022-09-12T15:35:25.048+0200][gc,heap     ] GC(65) Archive regions: 2->2
[2022-09-12T15:35:25.048+0200][gc,heap     ] GC(65) Humongous regions: 129->129
[2022-09-12T15:35:25.048+0200][gc,metaspace] GC(65) Metaspace: 42397K(43136K)->42397K(43136K) NonClass: 37441K(37824K)->37441K(37824K) Class: 4956K(5312K)->4956K(5312K)
[2022-09-12T15:35:25.048+0200][gc          ] GC(65) Pause Young (Normal) (G1 Evacuation Pause) 265M->234M(1024M) 10,559ms
[2022-09-12T15:35:25.048+0200][gc,cpu      ] GC(65) User=0,05s Sys=0,02s Real=0,01s
[2022-09-12T15:36:23.509+0200][gc,start    ] GC(66) Pause Young (Normal) (G1 Evacuation Pause)
[2022-09-12T15:36:23.510+0200][gc,task     ] GC(66) Using 15 workers of 15 for evacuation
[2022-09-12T15:36:23.531+0200][gc,mmu      ] GC(66) MMU target violated: 21,0ms (20,0ms/21,0ms)
[2022-09-12T15:36:23.532+0200][gc,phases   ] GC(66)   Pre Evacuate Collection Set: 0,1ms
[2022-09-12T15:36:23.532+0200][gc,phases   ] GC(66)   Merge Heap Roots: 0,1ms
[2022-09-12T15:36:23.532+0200][gc,phases   ] GC(66)   Evacuate Collection Set: 20,6ms
[2022-09-12T15:36:23.532+0200][gc,phases   ] GC(66)   Post Evacuate Collection Set: 0,2ms
[2022-09-12T15:36:23.532+0200][gc,phases   ] GC(66)   Other: 0,1ms
[2022-09-12T15:36:23.532+0200][gc,heap     ] GC(66) Eden regions: 196->0(75)
[2022-09-12T15:36:23.532+0200][gc,heap     ] GC(66) Survivor regions: 3->4(25)
[2022-09-12T15:36:23.532+0200][gc,heap     ] GC(66) Old regions: 103->103
[2022-09-12T15:36:23.532+0200][gc,heap     ] GC(66) Archive regions: 2->2
[2022-09-12T15:36:23.532+0200][gc,heap     ] GC(66) Humongous regions: 129->129
[2022-09-12T15:36:23.532+0200][gc,metaspace] GC(66) Metaspace: 42455K(43200K)->42455K(43200K) NonClass: 37487K(37888K)->37487K(37888K) Class: 4967K(5312K)->4967K(5312K)
[2022-09-12T15:36:23.532+0200][gc          ] GC(66) Pause Young (Normal) (G1 Evacuation Pause) 430M->236M(1024M) 22,475ms
[2022-09-12T15:36:23.532+0200][gc,cpu      ] GC(66) User=0,02s Sys=0,08s Real=0,03s
[2022-09-12T15:36:39.529+0200][gc,start    ] GC(67) Pause Young (Normal) (G1 Evacuation Pause)
[2022-09-12T15:36:39.530+0200][gc,task     ] GC(67) Using 15 workers of 15 for evacuation
[2022-09-12T15:36:39.531+0200][gc,phases   ] GC(67)   Pre Evacuate Collection Set: 0,1ms
[2022-09-12T15:36:39.531+0200][gc,phases   ] GC(67)   Merge Heap Roots: 0,1ms
[2022-09-12T15:36:39.532+0200][gc,phases   ] GC(67)   Evacuate Collection Set: 1,3ms
[2022-09-12T15:36:39.532+0200][gc,phases   ] GC(67)   Post Evacuate Collection Set: 0,2ms
[2022-09-12T15:36:39.532+0200][gc,phases   ] GC(67)   Other: 0,1ms
[2022-09-12T15:36:39.532+0200][gc,heap     ] GC(67) Eden regions: 75->0(85)
[2022-09-12T15:36:39.532+0200][gc,heap     ] GC(67) Survivor regions: 4->5(10)
[2022-09-12T15:36:39.532+0200][gc,heap     ] GC(67) Old regions: 103->103
[2022-09-12T15:36:39.532+0200][gc,heap     ] GC(67) Archive regions: 2->2
[2022-09-12T15:36:39.532+0200][gc,heap     ] GC(67) Humongous regions: 129->129
[2022-09-12T15:36:39.532+0200][gc,metaspace] GC(67) Metaspace: 42455K(43200K)->42455K(43200K) NonClass: 37487K(37888K)->37487K(37888K) Class: 4967K(5312K)->4967K(5312K)
[2022-09-12T15:36:39.532+0200][gc          ] GC(67) Pause Young (Normal) (G1 Evacuation Pause) 311M->237M(1024M) 2,256ms
[2022-09-12T15:36:39.532+0200][gc,cpu      ] GC(67) User=0,02s Sys=0,00s Real=0,01s
[2022-09-12T15:37:41.287+0200][gc,start    ] GC(68) Pause Young (Normal) (G1 Evacuation Pause)
[2022-09-12T15:37:41.288+0200][gc,task     ] GC(68) Using 15 workers of 15 for evacuation
[2022-09-12T15:37:41.290+0200][gc,phases   ] GC(68)   Pre Evacuate Collection Set: 0,1ms
[2022-09-12T15:37:41.290+0200][gc,phases   ] GC(68)   Merge Heap Roots: 0,1ms
[2022-09-12T15:37:41.290+0200][gc,phases   ] GC(68)   Evacuate Collection Set: 1,6ms
[2022-09-12T15:37:41.290+0200][gc,phases   ] GC(68)   Post Evacuate Collection Set: 0,4ms
[2022-09-12T15:37:41.290+0200][gc,phases   ] GC(68)   Other: 0,1ms
[2022-09-12T15:37:41.290+0200][gc,heap     ] GC(68) Eden regions: 85->0(90)
[2022-09-12T15:37:41.290+0200][gc,heap     ] GC(68) Survivor regions: 5->7(12)
[2022-09-12T15:37:41.290+0200][gc,heap     ] GC(68) Old regions: 103->103
[2022-09-12T15:37:41.290+0200][gc,heap     ] GC(68) Archive regions: 2->2
[2022-09-12T15:37:41.290+0200][gc,heap     ] GC(68) Humongous regions: 129->129
[2022-09-12T15:37:41.290+0200][gc,metaspace] GC(68) Metaspace: 42469K(43200K)->42469K(43200K) NonClass: 37501K(37888K)->37501K(37888K) Class: 4967K(5312K)->4967K(5312K)
[2022-09-12T15:37:41.290+0200][gc          ] GC(68) Pause Young (Normal) (G1 Evacuation Pause) 322M->238M(1024M) 3,394ms
[2022-09-12T15:37:41.290+0200][gc,cpu      ] GC(68) User=0,03s Sys=0,00s Real=0,01s
[2022-09-12T15:39:08.354+0200][gc,start    ] GC(69) Pause Young (Normal) (G1 Evacuation Pause)
[2022-09-12T15:39:08.355+0200][gc,task     ] GC(69) Using 15 workers of 15 for evacuation
[2022-09-12T15:39:08.358+0200][gc,phases   ] GC(69)   Pre Evacuate Collection Set: 0,1ms
[2022-09-12T15:39:08.358+0200][gc,phases   ] GC(69)   Merge Heap Roots: 0,1ms
[2022-09-12T15:39:08.358+0200][gc,phases   ] GC(69)   Evacuate Collection Set: 2,1ms
[2022-09-12T15:39:08.358+0200][gc,phases   ] GC(69)   Post Evacuate Collection Set: 0,2ms
[2022-09-12T15:39:08.358+0200][gc,phases   ] GC(69)   Other: 0,1ms
[2022-09-12T15:39:08.358+0200][gc,heap     ] GC(69) Eden regions: 90->0(91)
[2022-09-12T15:39:08.358+0200][gc,heap     ] GC(69) Survivor regions: 7->9(13)
[2022-09-12T15:39:08.358+0200][gc,heap     ] GC(69) Old regions: 103->103
[2022-09-12T15:39:08.358+0200][gc,heap     ] GC(69) Archive regions: 2->2
[2022-09-12T15:39:08.358+0200][gc,heap     ] GC(69) Humongous regions: 129->129
[2022-09-12T15:39:08.358+0200][gc,metaspace] GC(69) Metaspace: 42472K(43200K)->42472K(43200K) NonClass: 37504K(37888K)->37504K(37888K) Class: 4967K(5312K)->4967K(5312K)
[2022-09-12T15:39:08.358+0200][gc          ] GC(69) Pause Young (Normal) (G1 Evacuation Pause) 328M->240M(1024M) 3,328ms
[2022-09-12T15:39:08.358+0200][gc,cpu      ] GC(69) User=0,03s Sys=0,01s Real=0,00s
[2022-09-12T15:39:25.910+0200][gc,start    ] GC(70) Pause Young (Normal) (G1 Evacuation Pause)
[2022-09-12T15:39:25.910+0200][gc,task     ] GC(70) Using 15 workers of 15 for evacuation
[2022-09-12T15:39:25.914+0200][gc,phases   ] GC(70)   Pre Evacuate Collection Set: 0,1ms
[2022-09-12T15:39:25.914+0200][gc,phases   ] GC(70)   Merge Heap Roots: 0,1ms
[2022-09-12T15:39:25.914+0200][gc,phases   ] GC(70)   Evacuate Collection Set: 3,0ms
[2022-09-12T15:39:25.914+0200][gc,phases   ] GC(70)   Post Evacuate Collection Set: 0,2ms
[2022-09-12T15:39:25.914+0200][gc,phases   ] GC(70)   Other: 0,1ms
[2022-09-12T15:39:25.914+0200][gc,heap     ] GC(70) Eden regions: 91->0(205)
[2022-09-12T15:39:25.914+0200][gc,heap     ] GC(70) Survivor regions: 9->7(13)
[2022-09-12T15:39:25.914+0200][gc,heap     ] GC(70) Old regions: 103->107
[2022-09-12T15:39:25.914+0200][gc,heap     ] GC(70) Archive regions: 2->2
[2022-09-12T15:39:25.914+0200][gc,heap     ] GC(70) Humongous regions: 129->129
[2022-09-12T15:39:25.914+0200][gc,metaspace] GC(70) Metaspace: 42472K(43200K)->42472K(43200K) NonClass: 37504K(37888K)->37504K(37888K) Class: 4967K(5312K)->4967K(5312K)
[2022-09-12T15:39:25.914+0200][gc          ] GC(70) Pause Young (Normal) (G1 Evacuation Pause) 331M->242M(1024M) 4,153ms
[2022-09-12T15:39:25.914+0200][gc,cpu      ] GC(70) User=0,04s Sys=0,01s Real=0,00s
[2022-09-12T15:40:42.667+0200][gc,start    ] GC(71) Pause Young (Normal) (G1 Evacuation Pause)
[2022-09-12T15:40:42.668+0200][gc,task     ] GC(71) Using 15 workers of 15 for evacuation
[2022-09-12T15:40:42.688+0200][gc,phases   ] GC(71)   Pre Evacuate Collection Set: 0,2ms
[2022-09-12T15:40:42.688+0200][gc,phases   ] GC(71)   Merge Heap Roots: 0,1ms
[2022-09-12T15:40:42.688+0200][gc,phases   ] GC(71)   Evacuate Collection Set: 19,2ms
[2022-09-12T15:40:42.688+0200][gc,phases   ] GC(71)   Post Evacuate Collection Set: 0,3ms
[2022-09-12T15:40:42.688+0200][gc,phases   ] GC(71)   Other: 0,1ms
[2022-09-12T15:40:42.688+0200][gc,heap     ] GC(71) Eden regions: 205->0(62)
[2022-09-12T15:40:42.688+0200][gc,heap     ] GC(71) Survivor regions: 7->10(27)
[2022-09-12T15:40:42.688+0200][gc,heap     ] GC(71) Old regions: 107->107
[2022-09-12T15:40:42.688+0200][gc,heap     ] GC(71) Archive regions: 2->2
[2022-09-12T15:40:42.688+0200][gc,heap     ] GC(71) Humongous regions: 129->129
[2022-09-12T15:40:42.688+0200][gc,metaspace] GC(71) Metaspace: 42486K(43200K)->42486K(43200K) NonClass: 37518K(37888K)->37518K(37888K) Class: 4967K(5312K)->4967K(5312K)
[2022-09-12T15:40:42.688+0200][gc          ] GC(71) Pause Young (Normal) (G1 Evacuation Pause) 447M->245M(1024M) 21,033ms
[2022-09-12T15:40:42.688+0200][gc,cpu      ] GC(71) User=0,04s Sys=0,14s Real=0,02s
[2022-09-12T15:44:51.271+0200][gc,start    ] GC(72) Pause Young (Normal) (G1 Evacuation Pause)
[2022-09-12T15:44:51.271+0200][gc,task     ] GC(72) Using 15 workers of 15 for evacuation
[2022-09-12T15:44:51.291+0200][gc,phases   ] GC(72)   Pre Evacuate Collection Set: 0,2ms
[2022-09-12T15:44:51.291+0200][gc,phases   ] GC(72)   Merge Heap Roots: 0,2ms
[2022-09-12T15:44:51.291+0200][gc,phases   ] GC(72)   Evacuate Collection Set: 17,1ms
[2022-09-12T15:44:51.291+0200][gc,phases   ] GC(72)   Post Evacuate Collection Set: 2,0ms
[2022-09-12T15:44:51.291+0200][gc,phases   ] GC(72)   Other: 0,1ms
[2022-09-12T15:44:51.291+0200][gc,heap     ] GC(72) Eden regions: 62->0(115)
[2022-09-12T15:44:51.291+0200][gc,heap     ] GC(72) Survivor regions: 10->7(9)
[2022-09-12T15:44:51.291+0200][gc,heap     ] GC(72) Old regions: 107->113
[2022-09-12T15:44:51.291+0200][gc,heap     ] GC(72) Archive regions: 2->2
[2022-09-12T15:44:51.291+0200][gc,heap     ] GC(72) Humongous regions: 129->129
[2022-09-12T15:44:51.291+0200][gc,metaspace] GC(72) Metaspace: 42492K(43200K)->42492K(43200K) NonClass: 37524K(37888K)->37524K(37888K) Class: 4967K(5312K)->4967K(5312K)
[2022-09-12T15:44:51.291+0200][gc          ] GC(72) Pause Young (Normal) (G1 Evacuation Pause) 307M->248M(1024M) 20,100ms
[2022-09-12T15:44:51.291+0200][gc,cpu      ] GC(72) User=0,05s Sys=0,04s Real=0,02s
[2022-09-12T15:45:12.798+0200][gc,start    ] GC(73) Pause Young (Normal) (G1 Evacuation Pause)
[2022-09-12T15:45:12.799+0200][gc,task     ] GC(73) Using 15 workers of 15 for evacuation
[2022-09-12T15:45:12.820+0200][gc,mmu      ] GC(73) MMU target violated: 21,0ms (20,0ms/21,0ms)
[2022-09-12T15:45:12.820+0200][gc,phases   ] GC(73)   Pre Evacuate Collection Set: 0,1ms
[2022-09-12T15:45:12.820+0200][gc,phases   ] GC(73)   Merge Heap Roots: 0,1ms
[2022-09-12T15:45:12.820+0200][gc,phases   ] GC(73)   Evacuate Collection Set: 20,5ms
[2022-09-12T15:45:12.820+0200][gc,phases   ] GC(73)   Post Evacuate Collection Set: 0,3ms
[2022-09-12T15:45:12.820+0200][gc,phases   ] GC(73)   Other: 0,1ms
[2022-09-12T15:45:12.820+0200][gc,heap     ] GC(73) Eden regions: 115->0(40)
[2022-09-12T15:45:12.820+0200][gc,heap     ] GC(73) Survivor regions: 7->11(16)
[2022-09-12T15:45:12.820+0200][gc,heap     ] GC(73) Old regions: 113->113
[2022-09-12T15:45:12.820+0200][gc,heap     ] GC(73) Archive regions: 2->2
[2022-09-12T15:45:12.820+0200][gc,heap     ] GC(73) Humongous regions: 129->129
[2022-09-12T15:45:12.820+0200][gc,metaspace] GC(73) Metaspace: 42492K(43200K)->42492K(43200K) NonClass: 37524K(37888K)->37524K(37888K) Class: 4967K(5312K)->4967K(5312K)
[2022-09-12T15:45:12.820+0200][gc          ] GC(73) Pause Young (Normal) (G1 Evacuation Pause) 363M->252M(1024M) 21,970ms
[2022-09-12T15:45:12.820+0200][gc,cpu      ] GC(73) User=0,04s Sys=0,10s Real=0,03s
[2022-09-12T15:45:20.345+0200][gc,start    ] GC(74) Pause Young (Normal) (G1 Evacuation Pause)
[2022-09-12T15:45:20.345+0200][gc,task     ] GC(74) Using 15 workers of 15 for evacuation
[2022-09-12T15:45:20.349+0200][gc,phases   ] GC(74)   Pre Evacuate Collection Set: 0,1ms
[2022-09-12T15:45:20.349+0200][gc,phases   ] GC(74)   Merge Heap Roots: 0,0ms
[2022-09-12T15:45:20.349+0200][gc,phases   ] GC(74)   Evacuate Collection Set: 3,5ms
[2022-09-12T15:45:20.349+0200][gc,phases   ] GC(74)   Post Evacuate Collection Set: 0,2ms
[2022-09-12T15:45:20.349+0200][gc,phases   ] GC(74)   Other: 0,1ms
[2022-09-12T15:45:20.349+0200][gc,heap     ] GC(74) Eden regions: 40->0(221)
[2022-09-12T15:45:20.349+0200][gc,heap     ] GC(74) Survivor regions: 11->2(7)
[2022-09-12T15:45:20.349+0200][gc,heap     ] GC(74) Old regions: 113->123
[2022-09-12T15:45:20.349+0200][gc,heap     ] GC(74) Archive regions: 2->2
[2022-09-12T15:45:20.349+0200][gc,heap     ] GC(74) Humongous regions: 129->129
[2022-09-12T15:45:20.349+0200][gc,metaspace] GC(74) Metaspace: 42492K(43200K)->42492K(43200K) NonClass: 37524K(37888K)->37524K(37888K) Class: 4967K(5312K)->4967K(5312K)
[2022-09-12T15:45:20.349+0200][gc          ] GC(74) Pause Young (Normal) (G1 Evacuation Pause) 292M->254M(1024M) 4,114ms
[2022-09-12T15:45:20.349+0200][gc,cpu      ] GC(74) User=0,04s Sys=0,01s Real=0,00s
[2022-09-12T15:49:23.880+0200][gc,start    ] GC(75) Pause Young (Normal) (G1 Evacuation Pause)
[2022-09-12T15:49:23.881+0200][gc,task     ] GC(75) Using 15 workers of 15 for evacuation
[2022-09-12T15:49:23.914+0200][gc,mmu      ] GC(75) MMU target violated: 21,0ms (20,0ms/21,0ms)
[2022-09-12T15:49:23.914+0200][gc,phases   ] GC(75)   Pre Evacuate Collection Set: 0,9ms
[2022-09-12T15:49:23.914+0200][gc,phases   ] GC(75)   Merge Heap Roots: 0,3ms
[2022-09-12T15:49:23.914+0200][gc,phases   ] GC(75)   Evacuate Collection Set: 30,5ms
[2022-09-12T15:49:23.914+0200][gc,phases   ] GC(75)   Post Evacuate Collection Set: 1,2ms
[2022-09-12T15:49:23.914+0200][gc,phases   ] GC(75)   Other: 0,3ms
[2022-09-12T15:49:23.914+0200][gc,heap     ] GC(75) Eden regions: 221->0(42)
[2022-09-12T15:49:23.914+0200][gc,heap     ] GC(75) Survivor regions: 2->9(28)
[2022-09-12T15:49:23.914+0200][gc,heap     ] GC(75) Old regions: 123->123
[2022-09-12T15:49:23.914+0200][gc,heap     ] GC(75) Archive regions: 2->2
[2022-09-12T15:49:23.914+0200][gc,heap     ] GC(75) Humongous regions: 129->129
[2022-09-12T15:49:23.914+0200][gc,metaspace] GC(75) Metaspace: 42494K(43200K)->42494K(43200K) NonClass: 37527K(37888K)->37527K(37888K) Class: 4967K(5312K)->4967K(5312K)
[2022-09-12T15:49:23.914+0200][gc          ] GC(75) Pause Young (Normal) (G1 Evacuation Pause) 475M->261M(1024M) 33,736ms
[2022-09-12T15:49:23.914+0200][gc,cpu      ] GC(75) User=0,05s Sys=0,20s Real=0,03s
[2022-09-12T15:49:31.433+0200][gc,start    ] GC(76) Pause Young (Normal) (G1 Evacuation Pause)
[2022-09-12T15:49:31.433+0200][gc,task     ] GC(76) Using 15 workers of 15 for evacuation
[2022-09-12T15:49:31.443+0200][gc,phases   ] GC(76)   Pre Evacuate Collection Set: 0,1ms
[2022-09-12T15:49:31.443+0200][gc,phases   ] GC(76)   Merge Heap Roots: 0,1ms
[2022-09-12T15:49:31.443+0200][gc,phases   ] GC(76)   Evacuate Collection Set: 8,2ms
[2022-09-12T15:49:31.443+0200][gc,phases   ] GC(76)   Post Evacuate Collection Set: 1,0ms
[2022-09-12T15:49:31.443+0200][gc,phases   ] GC(76)   Other: 0,1ms
[2022-09-12T15:49:31.443+0200][gc,heap     ] GC(76) Eden regions: 42->0(123)
[2022-09-12T15:49:31.443+0200][gc,heap     ] GC(76) Survivor regions: 9->3(7)
[2022-09-12T15:49:31.443+0200][gc,heap     ] GC(76) Old regions: 123->130
[2022-09-12T15:49:31.443+0200][gc,heap     ] GC(76) Archive regions: 2->2
[2022-09-12T15:49:31.443+0200][gc,heap     ] GC(76) Humongous regions: 129->129
[2022-09-12T15:49:31.443+0200][gc,metaspace] GC(76) Metaspace: 42494K(43200K)->42494K(43200K) NonClass: 37527K(37888K)->37527K(37888K) Class: 4967K(5312K)->4967K(5312K)
[2022-09-12T15:49:31.443+0200][gc          ] GC(76) Pause Young (Normal) (G1 Evacuation Pause) 303M->261M(1024M) 10,100ms
[2022-09-12T15:49:31.443+0200][gc,cpu      ] GC(76) User=0,04s Sys=0,02s Real=0,01s
[2022-09-12T15:49:54.678+0200][gc,start    ] GC(77) Pause Young (Normal) (G1 Evacuation Pause)
[2022-09-12T15:49:54.678+0200][gc,task     ] GC(77) Using 15 workers of 15 for evacuation
[2022-09-12T15:49:54.687+0200][gc,phases   ] GC(77)   Pre Evacuate Collection Set: 0,5ms
[2022-09-12T15:49:54.688+0200][gc,phases   ] GC(77)   Merge Heap Roots: 0,1ms
[2022-09-12T15:49:54.688+0200][gc,phases   ] GC(77)   Evacuate Collection Set: 8,2ms
[2022-09-12T15:49:54.688+0200][gc,phases   ] GC(77)   Post Evacuate Collection Set: 0,3ms
[2022-09-12T15:49:54.688+0200][gc,phases   ] GC(77)   Other: 0,1ms
[2022-09-12T15:49:54.688+0200][gc,heap     ] GC(77) Eden regions: 123->0(90)
[2022-09-12T15:49:54.688+0200][gc,heap     ] GC(77) Survivor regions: 3->6(16)
[2022-09-12T15:49:54.688+0200][gc,heap     ] GC(77) Old regions: 130->130
[2022-09-12T15:49:54.688+0200][gc,heap     ] GC(77) Archive regions: 2->2
[2022-09-12T15:49:54.688+0200][gc,heap     ] GC(77) Humongous regions: 129->129
[2022-09-12T15:49:54.688+0200][gc,metaspace] GC(77) Metaspace: 42494K(43200K)->42494K(43200K) NonClass: 37527K(37888K)->37527K(37888K) Class: 4967K(5312K)->4967K(5312K)
[2022-09-12T15:49:54.688+0200][gc          ] GC(77) Pause Young (Normal) (G1 Evacuation Pause) 384M->264M(1024M) 9,964ms
[2022-09-12T15:49:54.688+0200][gc,cpu      ] GC(77) User=0,02s Sys=0,06s Real=0,01s
[2022-09-12T15:50:27.030+0200][gc,start    ] GC(78) Pause Young (Normal) (G1 Evacuation Pause)
[2022-09-12T15:50:27.031+0200][gc,task     ] GC(78) Using 15 workers of 15 for evacuation
[2022-09-12T15:50:27.034+0200][gc,phases   ] GC(78)   Pre Evacuate Collection Set: 0,1ms
[2022-09-12T15:50:27.034+0200][gc,phases   ] GC(78)   Merge Heap Roots: 0,1ms
[2022-09-12T15:50:27.034+0200][gc,phases   ] GC(78)   Evacuate Collection Set: 2,2ms
[2022-09-12T15:50:27.034+0200][gc,phases   ] GC(78)   Post Evacuate Collection Set: 0,5ms
[2022-09-12T15:50:27.034+0200][gc,phases   ] GC(78)   Other: 0,1ms
[2022-09-12T15:50:27.034+0200][gc,heap     ] GC(78) Eden regions: 90->0(128)
[2022-09-12T15:50:27.034+0200][gc,heap     ] GC(78) Survivor regions: 6->7(12)
[2022-09-12T15:50:27.034+0200][gc,heap     ] GC(78) Old regions: 130->130
[2022-09-12T15:50:27.034+0200][gc,heap     ] GC(78) Archive regions: 2->2
[2022-09-12T15:50:27.034+0200][gc,heap     ] GC(78) Humongous regions: 129->129
[2022-09-12T15:50:27.034+0200][gc,metaspace] GC(78) Metaspace: 42494K(43200K)->42494K(43200K) NonClass: 37527K(37888K)->37527K(37888K) Class: 4967K(5312K)->4967K(5312K)
[2022-09-12T15:50:27.034+0200][gc          ] GC(78) Pause Young (Normal) (G1 Evacuation Pause) 354M->266M(1024M) 3,975ms
[2022-09-12T15:50:27.034+0200][gc,cpu      ] GC(78) User=0,02s Sys=0,00s Real=0,00s
[2022-09-12T15:55:25.506+0200][gc,start    ] GC(79) Pause Young (Normal) (G1 Evacuation Pause)
[2022-09-12T15:55:25.506+0200][gc,task     ] GC(79) Using 15 workers of 15 for evacuation
[2022-09-12T15:55:25.536+0200][gc,mmu      ] GC(79) MMU target violated: 21,0ms (20,0ms/21,0ms)
[2022-09-12T15:55:25.536+0200][gc,phases   ] GC(79)   Pre Evacuate Collection Set: 1,7ms
[2022-09-12T15:55:25.536+0200][gc,phases   ] GC(79)   Merge Heap Roots: 0,3ms
[2022-09-12T15:55:25.536+0200][gc,phases   ] GC(79)   Evacuate Collection Set: 25,7ms
[2022-09-12T15:55:25.536+0200][gc,phases   ] GC(79)   Post Evacuate Collection Set: 1,2ms
[2022-09-12T15:55:25.536+0200][gc,phases   ] GC(79)   Other: 0,4ms
[2022-09-12T15:55:25.536+0200][gc,heap     ] GC(79) Eden regions: 128->0(38)
[2022-09-12T15:55:25.536+0200][gc,heap     ] GC(79) Survivor regions: 7->13(17)
[2022-09-12T15:55:25.536+0200][gc,heap     ] GC(79) Old regions: 130->130
[2022-09-12T15:55:25.536+0200][gc,heap     ] GC(79) Archive regions: 2->2
[2022-09-12T15:55:25.536+0200][gc,heap     ] GC(79) Humongous regions: 129->129
[2022-09-12T15:55:25.536+0200][gc,metaspace] GC(79) Metaspace: 42496K(43200K)->42496K(43200K) NonClass: 37529K(37888K)->37529K(37888K) Class: 4967K(5312K)->4967K(5312K)
[2022-09-12T15:55:25.536+0200][gc          ] GC(79) Pause Young (Normal) (G1 Evacuation Pause) 394M->271M(1024M) 30,252ms
[2022-09-12T15:55:25.536+0200][gc,cpu      ] GC(79) User=0,05s Sys=0,21s Real=0,03s
[2022-09-12T15:55:32.459+0200][gc,start    ] GC(80) Pause Young (Normal) (G1 Evacuation Pause)
[2022-09-12T15:55:32.459+0200][gc,task     ] GC(80) Using 15 workers of 15 for evacuation
[2022-09-12T15:55:32.468+0200][gc,phases   ] GC(80)   Pre Evacuate Collection Set: 0,1ms
[2022-09-12T15:55:32.468+0200][gc,phases   ] GC(80)   Merge Heap Roots: 0,1ms
[2022-09-12T15:55:32.468+0200][gc,phases   ] GC(80)   Evacuate Collection Set: 8,2ms
[2022-09-12T15:55:32.468+0200][gc,phases   ] GC(80)   Post Evacuate Collection Set: 0,2ms
[2022-09-12T15:55:32.468+0200][gc,phases   ] GC(80)   Other: 0,1ms
[2022-09-12T15:55:32.468+0200][gc,heap     ] GC(80) Eden regions: 38->0(184)
[2022-09-12T15:55:32.468+0200][gc,heap     ] GC(80) Survivor regions: 13->3(7)
[2022-09-12T15:55:32.468+0200][gc,heap     ] GC(80) Old regions: 130->142
[2022-09-12T15:55:32.468+0200][gc,heap     ] GC(80) Archive regions: 2->2
[2022-09-12T15:55:32.468+0200][gc,heap     ] GC(80) Humongous regions: 129->129
[2022-09-12T15:55:32.468+0200][gc,metaspace] GC(80) Metaspace: 42496K(43200K)->42496K(43200K) NonClass: 37529K(37888K)->37529K(37888K) Class: 4967K(5312K)->4967K(5312K)
[2022-09-12T15:55:32.468+0200][gc          ] GC(80) Pause Young (Normal) (G1 Evacuation Pause) 309M->274M(1024M) 8,930ms
[2022-09-12T15:55:32.468+0200][gc,cpu      ] GC(80) User=0,05s Sys=0,06s Real=0,01s
[2022-09-12T15:59:16.398+0200][gc,start    ] GC(81) Pause Young (Normal) (G1 Evacuation Pause)
[2022-09-12T15:59:16.399+0200][gc,task     ] GC(81) Using 15 workers of 15 for evacuation
[2022-09-12T15:59:16.417+0200][gc,phases   ] GC(81)   Pre Evacuate Collection Set: 0,1ms
[2022-09-12T15:59:16.417+0200][gc,phases   ] GC(81)   Merge Heap Roots: 0,1ms
[2022-09-12T15:59:16.417+0200][gc,phases   ] GC(81)   Evacuate Collection Set: 17,2ms
[2022-09-12T15:59:16.417+0200][gc,phases   ] GC(81)   Post Evacuate Collection Set: 0,3ms
[2022-09-12T15:59:16.417+0200][gc,phases   ] GC(81)   Other: 0,1ms
[2022-09-12T15:59:16.417+0200][gc,heap     ] GC(81) Eden regions: 184->0(51)
[2022-09-12T15:59:16.417+0200][gc,heap     ] GC(81) Survivor regions: 3->9(24)
[2022-09-12T15:59:16.417+0200][gc,heap     ] GC(81) Old regions: 142->142
[2022-09-12T15:59:16.417+0200][gc,heap     ] GC(81) Archive regions: 2->2
[2022-09-12T15:59:16.417+0200][gc,heap     ] GC(81) Humongous regions: 129->129
[2022-09-12T15:59:16.417+0200][gc,metaspace] GC(81) Metaspace: 42496K(43200K)->42496K(43200K) NonClass: 37529K(37888K)->37529K(37888K) Class: 4967K(5312K)->4967K(5312K)
[2022-09-12T15:59:16.417+0200][gc          ] GC(81) Pause Young (Normal) (G1 Evacuation Pause) 458M->280M(1024M) 18,844ms
[2022-09-12T15:59:16.417+0200][gc,cpu      ] GC(81) User=0,04s Sys=0,13s Real=0,02s
[2022-09-12T16:04:10.953+0200][gc,start    ] GC(82) Pause Young (Normal) (G1 Evacuation Pause)
[2022-09-12T16:04:10.954+0200][gc,task     ] GC(82) Using 15 workers of 15 for evacuation
[2022-09-12T16:04:10.960+0200][gc,phases   ] GC(82)   Pre Evacuate Collection Set: 0,2ms
[2022-09-12T16:04:10.960+0200][gc,phases   ] GC(82)   Merge Heap Roots: 0,1ms
[2022-09-12T16:04:10.960+0200][gc,phases   ] GC(82)   Evacuate Collection Set: 4,9ms
[2022-09-12T16:04:10.960+0200][gc,phases   ] GC(82)   Post Evacuate Collection Set: 0,5ms
[2022-09-12T16:04:10.960+0200][gc,phases   ] GC(82)   Other: 0,1ms
[2022-09-12T16:04:10.960+0200][gc,heap     ] GC(82) Eden regions: 51->0(169)
[2022-09-12T16:04:10.960+0200][gc,heap     ] GC(82) Survivor regions: 9->4(8)
[2022-09-12T16:04:10.960+0200][gc,heap     ] GC(82) Old regions: 142->151
[2022-09-12T16:04:10.960+0200][gc,heap     ] GC(82) Archive regions: 2->2
[2022-09-12T16:04:10.960+0200][gc,heap     ] GC(82) Humongous regions: 129->129
[2022-09-12T16:04:10.960+0200][gc,metaspace] GC(82) Metaspace: 42505K(43264K)->42505K(43264K) NonClass: 37538K(37952K)->37538K(37952K) Class: 4967K(5312K)->4967K(5312K)
[2022-09-12T16:04:10.960+0200][gc          ] GC(82) Pause Young (Normal) (G1 Evacuation Pause) 331M->283M(1024M) 6,859ms
[2022-09-12T16:04:10.960+0200][gc,cpu      ] GC(82) User=0,05s Sys=0,01s Real=0,01s
[2022-09-12T16:20:53.339+0200][gc,start    ] GC(83) Pause Young (Normal) (G1 Evacuation Pause)
[2022-09-12T16:20:53.340+0200][gc,task     ] GC(83) Using 15 workers of 15 for evacuation
[2022-09-12T16:20:53.347+0200][gc,phases   ] GC(83)   Pre Evacuate Collection Set: 0,4ms
[2022-09-12T16:20:53.347+0200][gc,phases   ] GC(83)   Merge Heap Roots: 0,1ms
[2022-09-12T16:20:53.347+0200][gc,phases   ] GC(83)   Evacuate Collection Set: 6,1ms
[2022-09-12T16:20:53.347+0200][gc,phases   ] GC(83)   Post Evacuate Collection Set: 0,6ms
[2022-09-12T16:20:53.347+0200][gc,phases   ] GC(83)   Other: 0,2ms
[2022-09-12T16:20:53.347+0200][gc,heap     ] GC(83) Eden regions: 169->0(36)
[2022-09-12T16:20:53.347+0200][gc,heap     ] GC(83) Survivor regions: 4->15(22)
[2022-09-12T16:20:53.347+0200][gc,heap     ] GC(83) Old regions: 151->151
[2022-09-12T16:20:53.347+0200][gc,heap     ] GC(83) Archive regions: 2->2
[2022-09-12T16:20:53.347+0200][gc,heap     ] GC(83) Humongous regions: 129->129
[2022-09-12T16:20:53.347+0200][gc,metaspace] GC(83) Metaspace: 42506K(43264K)->42506K(43264K) NonClass: 37539K(37952K)->37539K(37952K) Class: 4967K(5312K)->4967K(5312K)
[2022-09-12T16:20:53.347+0200][gc          ] GC(83) Pause Young (Normal) (G1 Evacuation Pause) 452M->294M(1024M) 8,290ms
[2022-09-12T16:20:53.347+0200][gc,cpu      ] GC(83) User=0,06s Sys=0,03s Real=0,01s
[2022-09-12T16:24:42.431+0200][gc,start    ] GC(84) Pause Young (Normal) (G1 Evacuation Pause)
[2022-09-12T16:24:42.432+0200][gc,task     ] GC(84) Using 15 workers of 15 for evacuation
[2022-09-12T16:24:42.440+0200][gc,phases   ] GC(84)   Pre Evacuate Collection Set: 0,2ms
[2022-09-12T16:24:42.440+0200][gc,phases   ] GC(84)   Merge Heap Roots: 0,1ms
[2022-09-12T16:24:42.440+0200][gc,phases   ] GC(84)   Evacuate Collection Set: 7,4ms
[2022-09-12T16:24:42.440+0200][gc,phases   ] GC(84)   Post Evacuate Collection Set: 0,8ms
[2022-09-12T16:24:42.440+0200][gc,phases   ] GC(84)   Other: 0,1ms
[2022-09-12T16:24:42.440+0200][gc,heap     ] GC(84) Eden regions: 36->0(150)
[2022-09-12T16:24:42.440+0200][gc,heap     ] GC(84) Survivor regions: 15->5(7)
[2022-09-12T16:24:42.440+0200][gc,heap     ] GC(84) Old regions: 151->164
[2022-09-12T16:24:42.440+0200][gc,heap     ] GC(84) Archive regions: 2->2
[2022-09-12T16:24:42.440+0200][gc,heap     ] GC(84) Humongous regions: 129->129
[2022-09-12T16:24:42.440+0200][gc,metaspace] GC(84) Metaspace: 42507K(43264K)->42507K(43264K) NonClass: 37539K(37952K)->37539K(37952K) Class: 4967K(5312K)->4967K(5312K)
[2022-09-12T16:24:42.441+0200][gc          ] GC(84) Pause Young (Normal) (G1 Evacuation Pause) 330M->297M(1024M) 9,543ms
[2022-09-12T16:24:42.441+0200][gc,cpu      ] GC(84) User=0,07s Sys=0,03s Real=0,01s
[2022-09-12T16:37:43.531+0200][gc,start    ] GC(85) Pause Young (Normal) (G1 Evacuation Pause)
[2022-09-12T16:37:43.532+0200][gc,task     ] GC(85) Using 15 workers of 15 for evacuation
[2022-09-12T16:37:43.542+0200][gc,phases   ] GC(85)   Pre Evacuate Collection Set: 1,4ms
[2022-09-12T16:37:43.542+0200][gc,phases   ] GC(85)   Merge Heap Roots: 0,4ms
[2022-09-12T16:37:43.542+0200][gc,phases   ] GC(85)   Evacuate Collection Set: 7,1ms
[2022-09-12T16:37:43.542+0200][gc,phases   ] GC(85)   Post Evacuate Collection Set: 1,1ms
[2022-09-12T16:37:43.542+0200][gc,phases   ] GC(85)   Other: 0,4ms
[2022-09-12T16:37:43.542+0200][gc,heap     ] GC(85) Eden regions: 150->0(78)
[2022-09-12T16:37:43.542+0200][gc,heap     ] GC(85) Survivor regions: 5->15(20)
[2022-09-12T16:37:43.542+0200][gc,heap     ] GC(85) Old regions: 164->164
[2022-09-12T16:37:43.542+0200][gc,heap     ] GC(85) Archive regions: 2->2
[2022-09-12T16:37:43.542+0200][gc,heap     ] GC(85) Humongous regions: 129->129
[2022-09-12T16:37:43.542+0200][gc,metaspace] GC(85) Metaspace: 42507K(43264K)->42507K(43264K) NonClass: 37539K(37952K)->37539K(37952K) Class: 4967K(5312K)->4967K(5312K)
[2022-09-12T16:37:43.542+0200][gc          ] GC(85) Pause Young (Normal) (G1 Evacuation Pause) 447M->307M(1024M) 11,430ms
[2022-09-12T16:37:43.542+0200][gc,cpu      ] GC(85) User=0,05s Sys=0,04s Real=0,01s
[2022-09-12T16:44:29.932+0200][gc,start    ] GC(86) Pause Young (Normal) (G1 Evacuation Pause)
[2022-09-12T16:44:29.933+0200][gc,task     ] GC(86) Using 15 workers of 15 for evacuation
[2022-09-12T16:44:29.940+0200][gc,phases   ] GC(86)   Pre Evacuate Collection Set: 0,2ms
[2022-09-12T16:44:29.940+0200][gc,phases   ] GC(86)   Merge Heap Roots: 0,1ms
[2022-09-12T16:44:29.940+0200][gc,phases   ] GC(86)   Evacuate Collection Set: 6,2ms
[2022-09-12T16:44:29.940+0200][gc,phases   ] GC(86)   Post Evacuate Collection Set: 0,5ms
[2022-09-12T16:44:29.940+0200][gc,phases   ] GC(86)   Other: 0,2ms
[2022-09-12T16:44:29.940+0200][gc,heap     ] GC(86) Eden regions: 78->0(200)
[2022-09-12T16:44:29.940+0200][gc,heap     ] GC(86) Survivor regions: 15->8(12)
[2022-09-12T16:44:29.940+0200][gc,heap     ] GC(86) Old regions: 164->176
[2022-09-12T16:44:29.940+0200][gc,heap     ] GC(86) Archive regions: 2->2
[2022-09-12T16:44:29.940+0200][gc,heap     ] GC(86) Humongous regions: 129->129
[2022-09-12T16:44:29.940+0200][gc,metaspace] GC(86) Metaspace: 42507K(43264K)->42507K(43264K) NonClass: 37540K(37952K)->37540K(37952K) Class: 4967K(5312K)->4967K(5312K)
[2022-09-12T16:44:29.940+0200][gc          ] GC(86) Pause Young (Normal) (G1 Evacuation Pause) 385M->313M(1024M) 8,119ms
[2022-09-12T16:44:29.940+0200][gc,cpu      ] GC(86) User=0,08s Sys=0,02s Real=0,01s
[2022-09-12T17:02:32.899+0200][gc,start    ] GC(87) Pause Young (Normal) (G1 Evacuation Pause)
[2022-09-12T17:02:32.900+0200][gc,task     ] GC(87) Using 15 workers of 15 for evacuation
[2022-09-12T17:02:32.926+0200][gc,mmu      ] GC(87) MMU target violated: 21,0ms (20,0ms/21,0ms)
[2022-09-12T17:02:32.926+0200][gc,phases   ] GC(87)   Pre Evacuate Collection Set: 1,3ms
[2022-09-12T17:02:32.926+0200][gc,phases   ] GC(87)   Merge Heap Roots: 0,4ms
[2022-09-12T17:02:32.926+0200][gc,phases   ] GC(87)   Evacuate Collection Set: 23,0ms
[2022-09-12T17:02:32.926+0200][gc,phases   ] GC(87)   Post Evacuate Collection Set: 1,0ms
[2022-09-12T17:02:32.926+0200][gc,phases   ] GC(87)   Other: 0,5ms
[2022-09-12T17:02:32.926+0200][gc,heap     ] GC(87) Eden regions: 200->0(38)
[2022-09-12T17:02:32.926+0200][gc,heap     ] GC(87) Survivor regions: 8->13(26)
[2022-09-12T17:02:32.926+0200][gc,heap     ] GC(87) Old regions: 176->176
[2022-09-12T17:02:32.926+0200][gc,heap     ] GC(87) Archive regions: 2->2
[2022-09-12T17:02:32.926+0200][gc,heap     ] GC(87) Humongous regions: 129->129
[2022-09-12T17:02:32.926+0200][gc,metaspace] GC(87) Metaspace: 42510K(43264K)->42510K(43264K) NonClass: 37543K(37952K)->37543K(37952K) Class: 4967K(5312K)->4967K(5312K)
[2022-09-12T17:02:32.926+0200][gc          ] GC(87) Pause Young (Normal) (G1 Evacuation Pause) 513M->318M(1024M) 27,239ms
[2022-09-12T17:02:32.926+0200][gc,cpu      ] GC(87) User=0,06s Sys=0,20s Real=0,03s
[2022-09-12T17:02:58.657+0200][gc,start    ] GC(88) Pause Young (Normal) (G1 Evacuation Pause)
[2022-09-12T17:02:58.657+0200][gc,task     ] GC(88) Using 15 workers of 15 for evacuation
[2022-09-12T17:02:58.673+0200][gc,phases   ] GC(88)   Pre Evacuate Collection Set: 0,1ms
[2022-09-12T17:02:58.673+0200][gc,phases   ] GC(88)   Merge Heap Roots: 0,1ms
[2022-09-12T17:02:58.673+0200][gc,phases   ] GC(88)   Evacuate Collection Set: 14,4ms
[2022-09-12T17:02:58.673+0200][gc,phases   ] GC(88)   Post Evacuate Collection Set: 1,1ms
[2022-09-12T17:02:58.673+0200][gc,phases   ] GC(88)   Other: 0,1ms
[2022-09-12T17:02:58.673+0200][gc,heap     ] GC(88) Eden regions: 38->0(153)
[2022-09-12T17:02:58.673+0200][gc,heap     ] GC(88) Survivor regions: 13->3(7)
[2022-09-12T17:02:58.673+0200][gc,heap     ] GC(88) Old regions: 176->187
[2022-09-12T17:02:58.673+0200][gc,heap     ] GC(88) Archive regions: 2->2
[2022-09-12T17:02:58.673+0200][gc,heap     ] GC(88) Humongous regions: 129->129
[2022-09-12T17:02:58.673+0200][gc,metaspace] GC(88) Metaspace: 42514K(43264K)->42514K(43264K) NonClass: 37546K(37952K)->37546K(37952K) Class: 4967K(5312K)->4967K(5312K)
[2022-09-12T17:02:58.673+0200][gc          ] GC(88) Pause Young (Normal) (G1 Evacuation Pause) 356M->319M(1024M) 16,699ms
[2022-09-12T17:02:58.673+0200][gc,cpu      ] GC(88) User=0,04s Sys=0,04s Real=0,02s
[2022-09-12T17:03:51.692+0200][gc,start    ] GC(89) Pause Young (Normal) (G1 Evacuation Pause)
[2022-09-12T17:03:51.693+0200][gc,task     ] GC(89) Using 15 workers of 15 for evacuation
[2022-09-12T17:03:51.695+0200][gc,phases   ] GC(89)   Pre Evacuate Collection Set: 0,1ms
[2022-09-12T17:03:51.695+0200][gc,phases   ] GC(89)   Merge Heap Roots: 0,1ms
[2022-09-12T17:03:51.695+0200][gc,phases   ] GC(89)   Evacuate Collection Set: 1,5ms
[2022-09-12T17:03:51.695+0200][gc,phases   ] GC(89)   Post Evacuate Collection Set: 0,2ms
[2022-09-12T17:03:51.695+0200][gc,phases   ] GC(89)   Other: 0,1ms
[2022-09-12T17:03:51.695+0200][gc,heap     ] GC(89) Eden regions: 153->0(193)
[2022-09-12T17:03:51.695+0200][gc,heap     ] GC(89) Survivor regions: 3->6(20)
[2022-09-12T17:03:51.695+0200][gc,heap     ] GC(89) Old regions: 187->187
[2022-09-12T17:03:51.695+0200][gc,heap     ] GC(89) Archive regions: 2->2
[2022-09-12T17:03:51.695+0200][gc,heap     ] GC(89) Humongous regions: 129->129
[2022-09-12T17:03:51.695+0200][gc,metaspace] GC(89) Metaspace: 42515K(43264K)->42515K(43264K) NonClass: 37548K(37952K)->37548K(37952K) Class: 4967K(5312K)->4967K(5312K)
[2022-09-12T17:03:51.695+0200][gc          ] GC(89) Pause Young (Normal) (G1 Evacuation Pause) 472M->322M(1024M) 3,173ms
[2022-09-12T17:03:51.695+0200][gc,cpu      ] GC(89) User=0,02s Sys=0,00s Real=0,00s
[2022-09-12T17:10:02.283+0200][gc,start    ] GC(90) Pause Young (Normal) (G1 Evacuation Pause)
[2022-09-12T17:10:02.284+0200][gc,task     ] GC(90) Using 15 workers of 15 for evacuation
[2022-09-12T17:10:02.289+0200][gc,phases   ] GC(90)   Pre Evacuate Collection Set: 0,2ms
[2022-09-12T17:10:02.289+0200][gc,phases   ] GC(90)   Merge Heap Roots: 0,1ms
[2022-09-12T17:10:02.289+0200][gc,phases   ] GC(90)   Evacuate Collection Set: 4,7ms
[2022-09-12T17:10:02.289+0200][gc,phases   ] GC(90)   Post Evacuate Collection Set: 0,3ms
[2022-09-12T17:10:02.289+0200][gc,phases   ] GC(90)   Other: 0,2ms
[2022-09-12T17:10:02.289+0200][gc,heap     ] GC(90) Eden regions: 193->0(171)
[2022-09-12T17:10:02.290+0200][gc,heap     ] GC(90) Survivor regions: 6->12(25)
[2022-09-12T17:10:02.290+0200][gc,heap     ] GC(90) Old regions: 187->187
[2022-09-12T17:10:02.290+0200][gc,heap     ] GC(90) Archive regions: 2->2
[2022-09-12T17:10:02.290+0200][gc,heap     ] GC(90) Humongous regions: 129->129
[2022-09-12T17:10:02.290+0200][gc,metaspace] GC(90) Metaspace: 42537K(43264K)->42537K(43264K) NonClass: 37569K(37952K)->37569K(37952K) Class: 4967K(5312K)->4967K(5312K)
[2022-09-12T17:10:02.290+0200][gc          ] GC(90) Pause Young (Normal) (G1 Evacuation Pause) 515M->328M(1024M) 6,396ms
[2022-09-12T17:10:02.290+0200][gc,cpu      ] GC(90) User=0,05s Sys=0,00s Real=0,01s
[2022-09-12T17:21:22.256+0200][gc,start    ] GC(91) Pause Young (Normal) (G1 Evacuation Pause)
[2022-09-12T17:21:22.256+0200][gc,task     ] GC(91) Using 15 workers of 15 for evacuation
[2022-09-12T17:21:22.265+0200][gc,phases   ] GC(91)   Pre Evacuate Collection Set: 0,4ms
[2022-09-12T17:21:22.265+0200][gc,phases   ] GC(91)   Merge Heap Roots: 0,1ms
[2022-09-12T17:21:22.265+0200][gc,phases   ] GC(91)   Evacuate Collection Set: 8,2ms
[2022-09-12T17:21:22.265+0200][gc,phases   ] GC(91)   Post Evacuate Collection Set: 0,3ms
[2022-09-12T17:21:22.265+0200][gc,phases   ] GC(91)   Other: 0,2ms
[2022-09-12T17:21:22.265+0200][gc,heap     ] GC(91) Eden regions: 171->0(113)
[2022-09-12T17:21:22.265+0200][gc,heap     ] GC(91) Survivor regions: 12->21(23)
[2022-09-12T17:21:22.265+0200][gc,heap     ] GC(91) Old regions: 187->187
[2022-09-12T17:21:22.265+0200][gc,heap     ] GC(91) Archive regions: 2->2
[2022-09-12T17:21:22.266+0200][gc,heap     ] GC(91) Humongous regions: 129->129
[2022-09-12T17:21:22.266+0200][gc,metaspace] GC(91) Metaspace: 42552K(43264K)->42552K(43264K) NonClass: 37584K(37952K)->37584K(37952K) Class: 4967K(5312K)->4967K(5312K)
[2022-09-12T17:21:22.266+0200][gc          ] GC(91) Pause Young (Normal) (G1 Evacuation Pause) 499M->337M(1024M) 10,018ms
[2022-09-12T17:21:22.266+0200][gc,cpu      ] GC(91) User=0,07s Sys=0,03s Real=0,01s
[2022-09-12T17:23:36.927+0200][gc,start    ] GC(92) Pause Young (Normal) (G1 Evacuation Pause)
[2022-09-12T17:23:36.927+0200][gc,task     ] GC(92) Using 15 workers of 15 for evacuation
[2022-09-12T17:23:36.991+0200][gc,mmu      ] GC(92) MMU target violated: 21,0ms (20,0ms/21,0ms)
[2022-09-12T17:23:36.991+0200][gc,phases   ] GC(92)   Pre Evacuate Collection Set: 0,1ms
[2022-09-12T17:23:36.991+0200][gc,phases   ] GC(92)   Merge Heap Roots: 0,1ms
[2022-09-12T17:23:36.991+0200][gc,phases   ] GC(92)   Evacuate Collection Set: 62,5ms
[2022-09-12T17:23:36.991+0200][gc,phases   ] GC(92)   Post Evacuate Collection Set: 1,5ms
[2022-09-12T17:23:36.991+0200][gc,phases   ] GC(92)   Other: 0,1ms
[2022-09-12T17:23:36.991+0200][gc,heap     ] GC(92) Eden regions: 113->0(95)
[2022-09-12T17:23:36.991+0200][gc,heap     ] GC(92) Survivor regions: 21->6(17)
[2022-09-12T17:23:36.991+0200][gc,heap     ] GC(92) Old regions: 187->207
[2022-09-12T17:23:36.991+0200][gc,heap     ] GC(92) Archive regions: 2->2
[2022-09-12T17:23:36.991+0200][gc,heap     ] GC(92) Humongous regions: 129->129
[2022-09-12T17:23:36.991+0200][gc,metaspace] GC(92) Metaspace: 42552K(43264K)->42552K(43264K) NonClass: 37584K(37952K)->37584K(37952K) Class: 4967K(5312K)->4967K(5312K)
[2022-09-12T17:23:36.991+0200][gc          ] GC(92) Pause Young (Normal) (G1 Evacuation Pause) 450M->341M(1024M) 64,738ms
[2022-09-12T17:23:36.991+0200][gc,cpu      ] GC(92) User=0,07s Sys=0,08s Real=0,07s
[2022-09-12T17:26:03.593+0200][gc,start    ] GC(93) Pause Young (Normal) (G1 Evacuation Pause)
[2022-09-12T17:26:03.593+0200][gc,task     ] GC(93) Using 15 workers of 15 for evacuation
[2022-09-12T17:26:03.596+0200][gc,phases   ] GC(93)   Pre Evacuate Collection Set: 0,2ms
[2022-09-12T17:26:03.596+0200][gc,phases   ] GC(93)   Merge Heap Roots: 0,1ms
[2022-09-12T17:26:03.596+0200][gc,phases   ] GC(93)   Evacuate Collection Set: 2,6ms
[2022-09-12T17:26:03.596+0200][gc,phases   ] GC(93)   Post Evacuate Collection Set: 0,3ms
[2022-09-12T17:26:03.597+0200][gc,phases   ] GC(93)   Other: 0,1ms
[2022-09-12T17:26:03.597+0200][gc,heap     ] GC(93) Eden regions: 95->0(91)
[2022-09-12T17:26:03.597+0200][gc,heap     ] GC(93) Survivor regions: 6->9(13)
[2022-09-12T17:26:03.597+0200][gc,heap     ] GC(93) Old regions: 207->207
[2022-09-12T17:26:03.597+0200][gc,heap     ] GC(93) Archive regions: 2->2
[2022-09-12T17:26:03.597+0200][gc,heap     ] GC(93) Humongous regions: 129->129
[2022-09-12T17:26:03.597+0200][gc,metaspace] GC(93) Metaspace: 42552K(43264K)->42552K(43264K) NonClass: 37584K(37952K)->37584K(37952K) Class: 4967K(5312K)->4967K(5312K)
[2022-09-12T17:26:03.597+0200][gc          ] GC(93) Pause Young (Normal) (G1 Evacuation Pause) 436M->344M(1024M) 3,547ms
[2022-09-12T17:26:03.597+0200][gc,cpu      ] GC(93) User=0,04s Sys=0,00s Real=0,00s
[2022-09-12T17:27:15.561+0200][gc,start    ] GC(94) Pause Young (Normal) (G1 Evacuation Pause)
[2022-09-12T17:27:15.561+0200][gc,task     ] GC(94) Using 15 workers of 15 for evacuation
[2022-09-12T17:27:15.564+0200][gc,phases   ] GC(94)   Pre Evacuate Collection Set: 0,1ms
[2022-09-12T17:27:15.564+0200][gc,phases   ] GC(94)   Merge Heap Roots: 0,1ms
[2022-09-12T17:27:15.564+0200][gc,phases   ] GC(94)   Evacuate Collection Set: 2,7ms
[2022-09-12T17:27:15.564+0200][gc,phases   ] GC(94)   Post Evacuate Collection Set: 0,2ms
[2022-09-12T17:27:15.564+0200][gc,phases   ] GC(94)   Other: 0,1ms
[2022-09-12T17:27:15.564+0200][gc,heap     ] GC(94) Eden regions: 91->0(134)
[2022-09-12T17:27:15.564+0200][gc,heap     ] GC(94) Survivor regions: 9->9(13)
[2022-09-12T17:27:15.564+0200][gc,heap     ] GC(94) Old regions: 207->211
[2022-09-12T17:27:15.564+0200][gc,heap     ] GC(94) Archive regions: 2->2
[2022-09-12T17:27:15.564+0200][gc,heap     ] GC(94) Humongous regions: 129->129
[2022-09-12T17:27:15.564+0200][gc,metaspace] GC(94) Metaspace: 42552K(43264K)->42552K(43264K) NonClass: 37584K(37952K)->37584K(37952K) Class: 4967K(5312K)->4967K(5312K)
[2022-09-12T17:27:15.564+0200][gc          ] GC(94) Pause Young (Normal) (G1 Evacuation Pause) 435M->348M(1024M) 3,309ms
[2022-09-12T17:27:15.564+0200][gc,cpu      ] GC(94) User=0,04s Sys=0,00s Real=0,00s
[2022-09-12T17:36:26.021+0200][gc,start    ] GC(95) Pause Young (Normal) (G1 Evacuation Pause)
[2022-09-12T17:36:26.022+0200][gc,task     ] GC(95) Using 15 workers of 15 for evacuation
[2022-09-12T17:36:26.059+0200][gc,mmu      ] GC(95) MMU target violated: 21,0ms (20,0ms/21,0ms)
[2022-09-12T17:36:26.059+0200][gc,phases   ] GC(95)   Pre Evacuate Collection Set: 0,2ms
[2022-09-12T17:36:26.059+0200][gc,phases   ] GC(95)   Merge Heap Roots: 0,1ms
[2022-09-12T17:36:26.059+0200][gc,phases   ] GC(95)   Evacuate Collection Set: 36,3ms
[2022-09-12T17:36:26.059+0200][gc,phases   ] GC(95)   Post Evacuate Collection Set: 0,2ms
[2022-09-12T17:36:26.059+0200][gc,phases   ] GC(95)   Other: 0,2ms
[2022-09-12T17:36:26.059+0200][gc,heap     ] GC(95) Eden regions: 134->0(34)
[2022-09-12T17:36:26.059+0200][gc,heap     ] GC(95) Survivor regions: 9->17(18)
[2022-09-12T17:36:26.059+0200][gc,heap     ] GC(95) Old regions: 211->211
[2022-09-12T17:36:26.059+0200][gc,heap     ] GC(95) Archive regions: 2->2
[2022-09-12T17:36:26.059+0200][gc,heap     ] GC(95) Humongous regions: 129->129
[2022-09-12T17:36:26.060+0200][gc,metaspace] GC(95) Metaspace: 42552K(43264K)->42552K(43264K) NonClass: 37584K(37952K)->37584K(37952K) Class: 4967K(5312K)->4967K(5312K)
[2022-09-12T17:36:26.060+0200][gc          ] GC(95) Pause Young (Normal) (G1 Evacuation Pause) 482M->356M(1024M) 38,465ms
[2022-09-12T17:36:26.060+0200][gc,cpu      ] GC(95) User=0,06s Sys=0,20s Real=0,04s
[2022-09-12T17:39:21.119+0200][gc,start    ] GC(96) Pause Young (Normal) (G1 Evacuation Pause)
[2022-09-12T17:39:21.120+0200][gc,task     ] GC(96) Using 15 workers of 15 for evacuation
[2022-09-12T17:39:21.128+0200][gc,phases   ] GC(96)   Pre Evacuate Collection Set: 0,2ms
[2022-09-12T17:39:21.128+0200][gc,phases   ] GC(96)   Merge Heap Roots: 0,1ms
[2022-09-12T17:39:21.128+0200][gc,phases   ] GC(96)   Evacuate Collection Set: 6,7ms
[2022-09-12T17:39:21.128+0200][gc,phases   ] GC(96)   Post Evacuate Collection Set: 1,2ms
[2022-09-12T17:39:21.128+0200][gc,phases   ] GC(96)   Other: 0,1ms
[2022-09-12T17:39:21.128+0200][gc,heap     ] GC(96) Eden regions: 34->0(115)
[2022-09-12T17:39:21.128+0200][gc,heap     ] GC(96) Survivor regions: 17->6(7)
[2022-09-12T17:39:21.128+0200][gc,heap     ] GC(96) Old regions: 211->225
[2022-09-12T17:39:21.128+0200][gc,heap     ] GC(96) Archive regions: 2->2
[2022-09-12T17:39:21.128+0200][gc,heap     ] GC(96) Humongous regions: 129->129
[2022-09-12T17:39:21.128+0200][gc,metaspace] GC(96) Metaspace: 42552K(43264K)->42552K(43264K) NonClass: 37584K(37952K)->37584K(37952K) Class: 4967K(5312K)->4967K(5312K)
[2022-09-12T17:39:21.128+0200][gc          ] GC(96) Pause Young (Normal) (G1 Evacuation Pause) 390M->359M(1024M) 9,541ms
[2022-09-12T17:39:21.128+0200][gc,cpu      ] GC(96) User=0,06s Sys=0,02s Real=0,01s
[2022-09-12T17:41:41.288+0200][gc,start    ] GC(97) Pause Young (Normal) (G1 Evacuation Pause)
[2022-09-12T17:41:41.288+0200][gc,task     ] GC(97) Using 15 workers of 15 for evacuation
[2022-09-12T17:41:41.306+0200][gc,phases   ] GC(97)   Pre Evacuate Collection Set: 0,2ms
[2022-09-12T17:41:41.306+0200][gc,phases   ] GC(97)   Merge Heap Roots: 0,1ms
[2022-09-12T17:41:41.306+0200][gc,phases   ] GC(97)   Evacuate Collection Set: 16,8ms
[2022-09-12T17:41:41.306+0200][gc,phases   ] GC(97)   Post Evacuate Collection Set: 0,4ms
[2022-09-12T17:41:41.306+0200][gc,phases   ] GC(97)   Other: 0,2ms
[2022-09-12T17:41:41.306+0200][gc,heap     ] GC(97) Eden regions: 115->0(54)
[2022-09-12T17:41:41.306+0200][gc,heap     ] GC(97) Survivor regions: 6->9(16)
[2022-09-12T17:41:41.306+0200][gc,heap     ] GC(97) Old regions: 225->225
[2022-09-12T17:41:41.306+0200][gc,heap     ] GC(97) Archive regions: 2->2
[2022-09-12T17:41:41.306+0200][gc,heap     ] GC(97) Humongous regions: 129->129
[2022-09-12T17:41:41.306+0200][gc,metaspace] GC(97) Metaspace: 42552K(43264K)->42552K(43264K) NonClass: 37585K(37952K)->37585K(37952K) Class: 4967K(5312K)->4967K(5312K)
[2022-09-12T17:41:41.306+0200][gc          ] GC(97) Pause Young (Normal) (G1 Evacuation Pause) 474M->363M(1024M) 18,658ms
[2022-09-12T17:41:41.306+0200][gc,cpu      ] GC(97) User=0,04s Sys=0,10s Real=0,02s
[2022-09-12T17:41:51.641+0200][gc,start    ] GC(98) Pause Young (Normal) (G1 Evacuation Pause)
[2022-09-12T17:41:51.641+0200][gc,task     ] GC(98) Using 15 workers of 15 for evacuation
[2022-09-12T17:41:51.645+0200][gc,phases   ] GC(98)   Pre Evacuate Collection Set: 0,1ms
[2022-09-12T17:41:51.645+0200][gc,phases   ] GC(98)   Merge Heap Roots: 0,0ms
[2022-09-12T17:41:51.645+0200][gc,phases   ] GC(98)   Evacuate Collection Set: 3,3ms
[2022-09-12T17:41:51.645+0200][gc,phases   ] GC(98)   Post Evacuate Collection Set: 0,7ms
[2022-09-12T17:41:51.645+0200][gc,phases   ] GC(98)   Other: 0,1ms
[2022-09-12T17:41:51.645+0200][gc,heap     ] GC(98) Eden regions: 54->0(175)
[2022-09-12T17:41:51.645+0200][gc,heap     ] GC(98) Survivor regions: 9->3(8)
[2022-09-12T17:41:51.645+0200][gc,heap     ] GC(98) Old regions: 225->234
[2022-09-12T17:41:51.645+0200][gc,heap     ] GC(98) Archive regions: 2->2
[2022-09-12T17:41:51.645+0200][gc,heap     ] GC(98) Humongous regions: 129->129
[2022-09-12T17:41:51.645+0200][gc,metaspace] GC(98) Metaspace: 42552K(43264K)->42552K(43264K) NonClass: 37585K(37952K)->37585K(37952K) Class: 4967K(5312K)->4967K(5312K)
[2022-09-12T17:41:51.645+0200][gc          ] GC(98) Pause Young (Normal) (G1 Evacuation Pause) 417M->365M(1024M) 4,447ms
[2022-09-12T17:41:51.645+0200][gc,cpu      ] GC(98) User=0,03s Sys=0,01s Real=0,00s
[2022-09-12T17:42:25.521+0200][gc,start    ] GC(99) Pause Young (Concurrent Start) (G1 Evacuation Pause)
[2022-09-12T17:42:25.522+0200][gc,task     ] GC(99) Using 15 workers of 15 for evacuation
[2022-09-12T17:42:25.531+0200][gc,phases   ] GC(99)   Pre Evacuate Collection Set: 0,4ms
[2022-09-12T17:42:25.531+0200][gc,phases   ] GC(99)   Merge Heap Roots: 0,1ms
[2022-09-12T17:42:25.531+0200][gc,phases   ] GC(99)   Evacuate Collection Set: 8,6ms
[2022-09-12T17:42:25.531+0200][gc,phases   ] GC(99)   Post Evacuate Collection Set: 0,2ms
[2022-09-12T17:42:25.531+0200][gc,phases   ] GC(99)   Other: 0,0ms
[2022-09-12T17:42:25.531+0200][gc,heap     ] GC(99) Eden regions: 175->0(136)
[2022-09-12T17:42:25.531+0200][gc,heap     ] GC(99) Survivor regions: 3->5(23)
[2022-09-12T17:42:25.531+0200][gc,heap     ] GC(99) Old regions: 234->234
[2022-09-12T17:42:25.531+0200][gc,heap     ] GC(99) Archive regions: 2->2
[2022-09-12T17:42:25.531+0200][gc,heap     ] GC(99) Humongous regions: 129->129
[2022-09-12T17:42:25.531+0200][gc,metaspace] GC(99) Metaspace: 42552K(43264K)->42552K(43264K) NonClass: 37585K(37952K)->37585K(37952K) Class: 4967K(5312K)->4967K(5312K)
[2022-09-12T17:42:25.531+0200][gc          ] GC(99) Pause Young (Concurrent Start) (G1 Evacuation Pause) 540M->367M(1024M) 9,977ms
[2022-09-12T17:42:25.531+0200][gc,cpu      ] GC(99) User=0,02s Sys=0,04s Real=0,01s
[2022-09-12T17:42:25.532+0200][gc          ] GC(100) Concurrent Mark Cycle
[2022-09-12T17:42:25.532+0200][gc,marking  ] GC(100) Concurrent Clear Claimed Marks
[2022-09-12T17:42:25.532+0200][gc,marking  ] GC(100) Concurrent Clear Claimed Marks 0,038ms
[2022-09-12T17:42:25.532+0200][gc,marking  ] GC(100) Concurrent Scan Root Regions
[2022-09-12T17:42:25.550+0200][gc,marking  ] GC(100) Concurrent Scan Root Regions 18,716ms
[2022-09-12T17:42:25.550+0200][gc,marking  ] GC(100) Concurrent Mark
[2022-09-12T17:42:25.550+0200][gc,marking  ] GC(100) Concurrent Mark From Roots
[2022-09-12T17:42:25.550+0200][gc,task     ] GC(100) Using 4 workers of 4 for marking
[2022-09-12T17:42:25.599+0200][gc,marking  ] GC(100) Concurrent Mark From Roots 48,568ms
[2022-09-12T17:42:25.599+0200][gc,marking  ] GC(100) Concurrent Preclean
[2022-09-12T17:42:25.599+0200][gc,marking  ] GC(100) Concurrent Preclean 0,143ms
[2022-09-12T17:42:25.599+0200][gc,start    ] GC(100) Pause Remark
[2022-09-12T17:42:25.798+0200][gc,mmu      ] GC(100) MMU target violated: 21,0ms (20,0ms/21,0ms)
[2022-09-12T17:42:25.798+0200][gc          ] GC(100) Pause Remark 370M->288M(1024M) 198,961ms
[2022-09-12T17:42:25.798+0200][gc,cpu      ] GC(100) User=0,04s Sys=0,52s Real=0,20s
[2022-09-12T17:42:25.798+0200][gc,marking  ] GC(100) Concurrent Mark 247,930ms
[2022-09-12T17:42:25.798+0200][gc,marking  ] GC(100) Concurrent Rebuild Remembered Sets
[2022-09-12T17:42:25.816+0200][gc,marking  ] GC(100) Concurrent Rebuild Remembered Sets 18,171ms
[2022-09-12T17:42:25.817+0200][gc,start    ] GC(100) Pause Cleanup
[2022-09-12T17:42:25.817+0200][gc          ] GC(100) Pause Cleanup 288M->288M(1024M) 0,183ms
[2022-09-12T17:42:25.817+0200][gc,cpu      ] GC(100) User=0,00s Sys=0,00s Real=0,00s
[2022-09-12T17:42:25.817+0200][gc,marking  ] GC(100) Concurrent Cleanup for Next Mark
[2022-09-12T17:42:25.830+0200][gc,marking  ] GC(100) Concurrent Cleanup for Next Mark 12,861ms
[2022-09-12T17:42:25.830+0200][gc          ] GC(100) Concurrent Mark Cycle 298,345ms
[2022-09-12T17:43:31.060+0200][gc,start    ] GC(101) Pause Young (Prepare Mixed) (G1 Evacuation Pause)
[2022-09-12T17:43:31.061+0200][gc,task     ] GC(101) Using 15 workers of 15 for evacuation
[2022-09-12T17:43:31.065+0200][gc,phases   ] GC(101)   Pre Evacuate Collection Set: 0,2ms
[2022-09-12T17:43:31.065+0200][gc,phases   ] GC(101)   Merge Heap Roots: 0,1ms
[2022-09-12T17:43:31.065+0200][gc,phases   ] GC(101)   Evacuate Collection Set: 2,6ms
[2022-09-12T17:43:31.065+0200][gc,phases   ] GC(101)   Post Evacuate Collection Set: 0,5ms
[2022-09-12T17:43:31.065+0200][gc,phases   ] GC(101)   Other: 0,1ms
[2022-09-12T17:43:31.065+0200][gc,heap     ] GC(101) Eden regions: 154->0(45)
[2022-09-12T17:43:31.065+0200][gc,heap     ] GC(101) Survivor regions: 5->6(20)
[2022-09-12T17:43:31.065+0200][gc,heap     ] GC(101) Old regions: 152->152
[2022-09-12T17:43:31.065+0200][gc,heap     ] GC(101) Archive regions: 2->2
[2022-09-12T17:43:31.065+0200][gc,heap     ] GC(101) Humongous regions: 129->129
[2022-09-12T17:43:31.065+0200][gc,metaspace] GC(101) Metaspace: 42326K(43264K)->42326K(43264K) NonClass: 37420K(37952K)->37420K(37952K) Class: 4906K(5312K)->4906K(5312K)
[2022-09-12T17:43:31.065+0200][gc          ] GC(101) Pause Young (Prepare Mixed) (G1 Evacuation Pause) 439M->287M(1024M) 4,877ms
[2022-09-12T17:43:31.065+0200][gc,cpu      ] GC(101) User=0,03s Sys=0,01s Real=0,00s
[2022-09-12T17:44:13.395+0200][gc,start    ] GC(102) Pause Young (Mixed) (G1 Evacuation Pause)
[2022-09-12T17:44:13.396+0200][gc,task     ] GC(102) Using 15 workers of 15 for evacuation
[2022-09-12T17:44:13.416+0200][gc,mmu      ] GC(102) MMU target violated: 20,3ms (20,0ms/21,0ms)
[2022-09-12T17:44:13.416+0200][gc,phases   ] GC(102)   Pre Evacuate Collection Set: 0,1ms
[2022-09-12T17:44:13.416+0200][gc,phases   ] GC(102)   Merge Heap Roots: 0,1ms
[2022-09-12T17:44:13.416+0200][gc,phases   ] GC(102)   Evacuate Collection Set: 19,7ms
[2022-09-12T17:44:13.416+0200][gc,phases   ] GC(102)   Post Evacuate Collection Set: 0,3ms
[2022-09-12T17:44:13.416+0200][gc,phases   ] GC(102)   Other: 0,2ms
[2022-09-12T17:44:13.416+0200][gc,heap     ] GC(102) Eden regions: 45->0(47)
[2022-09-12T17:44:13.416+0200][gc,heap     ] GC(102) Survivor regions: 6->4(7)
[2022-09-12T17:44:13.416+0200][gc,heap     ] GC(102) Old regions: 152->126
[2022-09-12T17:44:13.416+0200][gc,heap     ] GC(102) Archive regions: 2->2
[2022-09-12T17:44:13.416+0200][gc,heap     ] GC(102) Humongous regions: 129->129
[2022-09-12T17:44:13.416+0200][gc,metaspace] GC(102) Metaspace: 42326K(43264K)->42326K(43264K) NonClass: 37420K(37952K)->37420K(37952K) Class: 4906K(5312K)->4906K(5312K)
[2022-09-12T17:44:13.417+0200][gc          ] GC(102) Pause Young (Mixed) (G1 Evacuation Pause) 332M->258M(1024M) 21,294ms
[2022-09-12T17:44:13.417+0200][gc,cpu      ] GC(102) User=0,03s Sys=0,08s Real=0,02s
[2022-09-12T17:47:54.525+0200][gc,start    ] GC(103) Pause Young (Mixed) (G1 Evacuation Pause)
[2022-09-12T17:47:54.526+0200][gc,task     ] GC(103) Using 15 workers of 15 for evacuation
[2022-09-12T17:47:54.538+0200][gc,phases   ] GC(103)   Pre Evacuate Collection Set: 0,1ms
[2022-09-12T17:47:54.538+0200][gc,phases   ] GC(103)   Merge Heap Roots: 0,2ms
[2022-09-12T17:47:54.538+0200][gc,phases   ] GC(103)   Evacuate Collection Set: 10,7ms
[2022-09-12T17:47:54.538+0200][gc,phases   ] GC(103)   Merge Optional Heap Roots: 0,0ms
[2022-09-12T17:47:54.538+0200][gc,phases   ] GC(103)   Evacuate Optional Collection Set: 0,3ms
[2022-09-12T17:47:54.538+0200][gc,phases   ] GC(103)   Post Evacuate Collection Set: 0,3ms
[2022-09-12T17:47:54.538+0200][gc,phases   ] GC(103)   Other: 0,1ms
[2022-09-12T17:47:54.538+0200][gc,heap     ] GC(103) Eden regions: 47->0(81)
[2022-09-12T17:47:54.538+0200][gc,heap     ] GC(103) Survivor regions: 4->6(7)
[2022-09-12T17:47:54.538+0200][gc,heap     ] GC(103) Old regions: 126->75
[2022-09-12T17:47:54.538+0200][gc,heap     ] GC(103) Archive regions: 2->2
[2022-09-12T17:47:54.538+0200][gc,heap     ] GC(103) Humongous regions: 129->129
[2022-09-12T17:47:54.538+0200][gc,metaspace] GC(103) Metaspace: 42326K(43264K)->42326K(43264K) NonClass: 37420K(37952K)->37420K(37952K) Class: 4906K(5312K)->4906K(5312K)
[2022-09-12T17:47:54.538+0200][gc          ] GC(103) Pause Young (Mixed) (G1 Evacuation Pause) 305M->210M(1024M) 12,746ms
[2022-09-12T17:47:54.538+0200][gc,cpu      ] GC(103) User=0,03s Sys=0,08s Real=0,01s
[2022-09-12T17:51:24.917+0200][gc,start    ] GC(104) Pause Young (Normal) (G1 Evacuation Pause)
[2022-09-12T17:51:24.918+0200][gc,task     ] GC(104) Using 15 workers of 15 for evacuation
[2022-09-12T17:51:24.952+0200][gc,mmu      ] GC(104) MMU target violated: 21,0ms (20,0ms/21,0ms)
[2022-09-12T17:51:24.952+0200][gc,phases   ] GC(104)   Pre Evacuate Collection Set: 0,8ms
[2022-09-12T17:51:24.952+0200][gc,phases   ] GC(104)   Merge Heap Roots: 0,2ms
[2022-09-12T17:51:24.952+0200][gc,phases   ] GC(104)   Evacuate Collection Set: 32,2ms
[2022-09-12T17:51:24.952+0200][gc,phases   ] GC(104)   Post Evacuate Collection Set: 1,0ms
[2022-09-12T17:51:24.952+0200][gc,phases   ] GC(104)   Other: 0,4ms
[2022-09-12T17:51:24.952+0200][gc,heap     ] GC(104) Eden regions: 81->0(40)
[2022-09-12T17:51:24.952+0200][gc,heap     ] GC(104) Survivor regions: 6->11(11)
[2022-09-12T17:51:24.952+0200][gc,heap     ] GC(104) Old regions: 75->77
[2022-09-12T17:51:24.952+0200][gc,heap     ] GC(104) Archive regions: 2->2
[2022-09-12T17:51:24.952+0200][gc,heap     ] GC(104) Humongous regions: 129->129
[2022-09-12T17:51:24.953+0200][gc,metaspace] GC(104) Metaspace: 42328K(43264K)->42328K(43264K) NonClass: 37421K(37952K)->37421K(37952K) Class: 4906K(5312K)->4906K(5312K)
[2022-09-12T17:51:24.953+0200][gc          ] GC(104) Pause Young (Normal) (G1 Evacuation Pause) 291M->217M(1024M) 35,900ms
[2022-09-12T17:51:24.953+0200][gc,cpu      ] GC(104) User=0,05s Sys=0,15s Real=0,04s
[2022-09-12T17:53:49.213+0200][gc,start    ] GC(105) Pause Young (Normal) (G1 Evacuation Pause)
[2022-09-12T17:53:49.213+0200][gc,task     ] GC(105) Using 15 workers of 15 for evacuation
[2022-09-12T17:53:49.226+0200][gc,phases   ] GC(105)   Pre Evacuate Collection Set: 0,1ms
[2022-09-12T17:53:49.226+0200][gc,phases   ] GC(105)   Merge Heap Roots: 0,1ms
[2022-09-12T17:53:49.227+0200][gc,phases   ] GC(105)   Evacuate Collection Set: 12,4ms
[2022-09-12T17:53:49.227+0200][gc,phases   ] GC(105)   Post Evacuate Collection Set: 0,4ms
[2022-09-12T17:53:49.227+0200][gc,phases   ] GC(105)   Other: 0,1ms
[2022-09-12T17:53:49.227+0200][gc,heap     ] GC(105) Eden regions: 40->0(114)
[2022-09-12T17:53:49.227+0200][gc,heap     ] GC(105) Survivor regions: 11->3(7)
[2022-09-12T17:53:49.227+0200][gc,heap     ] GC(105) Old regions: 77->85
[2022-09-12T17:53:49.227+0200][gc,heap     ] GC(105) Archive regions: 2->2
[2022-09-12T17:53:49.227+0200][gc,heap     ] GC(105) Humongous regions: 129->129
[2022-09-12T17:53:49.227+0200][gc,metaspace] GC(105) Metaspace: 42328K(43264K)->42328K(43264K) NonClass: 37421K(37952K)->37421K(37952K) Class: 4906K(5312K)->4906K(5312K)
[2022-09-12T17:53:49.227+0200][gc          ] GC(105) Pause Young (Normal) (G1 Evacuation Pause) 257M->217M(1024M) 13,595ms
[2022-09-12T17:53:49.227+0200][gc,cpu      ] GC(105) User=0,04s Sys=0,08s Real=0,01s
[2022-09-12T17:54:01.313+0200][gc,start    ] GC(106) Pause Young (Normal) (G1 Evacuation Pause)
[2022-09-12T17:54:01.314+0200][gc,task     ] GC(106) Using 15 workers of 15 for evacuation
[2022-09-12T17:54:01.330+0200][gc,phases   ] GC(106)   Pre Evacuate Collection Set: 0,8ms
[2022-09-12T17:54:01.330+0200][gc,phases   ] GC(106)   Merge Heap Roots: 0,1ms
[2022-09-12T17:54:01.330+0200][gc,phases   ] GC(106)   Evacuate Collection Set: 14,7ms
[2022-09-12T17:54:01.330+0200][gc,phases   ] GC(106)   Post Evacuate Collection Set: 0,7ms
[2022-09-12T17:54:01.330+0200][gc,phases   ] GC(106)   Other: 0,2ms
[2022-09-12T17:54:01.330+0200][gc,heap     ] GC(106) Eden regions: 114->0(52)
[2022-09-12T17:54:01.330+0200][gc,heap     ] GC(106) Survivor regions: 3->7(15)
[2022-09-12T17:54:01.330+0200][gc,heap     ] GC(106) Old regions: 85->85
[2022-09-12T17:54:01.330+0200][gc,heap     ] GC(106) Archive regions: 2->2
[2022-09-12T17:54:01.330+0200][gc,heap     ] GC(106) Humongous regions: 129->129
[2022-09-12T17:54:01.330+0200][gc,metaspace] GC(106) Metaspace: 42328K(43264K)->42328K(43264K) NonClass: 37421K(37952K)->37421K(37952K) Class: 4906K(5312K)->4906K(5312K)
[2022-09-12T17:54:01.330+0200][gc          ] GC(106) Pause Young (Normal) (G1 Evacuation Pause) 331M->220M(1024M) 17,330ms
[2022-09-12T17:54:01.330+0200][gc,cpu      ] GC(106) User=0,03s Sys=0,09s Real=0,02s
[2022-09-12T17:54:06.838+0200][gc,start    ] GC(107) Pause Young (Normal) (G1 Evacuation Pause)
[2022-09-12T17:54:06.838+0200][gc,task     ] GC(107) Using 15 workers of 15 for evacuation
[2022-09-12T17:54:06.847+0200][gc,phases   ] GC(107)   Pre Evacuate Collection Set: 0,1ms
[2022-09-12T17:54:06.847+0200][gc,phases   ] GC(107)   Merge Heap Roots: 0,1ms
[2022-09-12T17:54:06.847+0200][gc,phases   ] GC(107)   Evacuate Collection Set: 8,6ms
[2022-09-12T17:54:06.847+0200][gc,phases   ] GC(107)   Post Evacuate Collection Set: 0,2ms
[2022-09-12T17:54:06.847+0200][gc,phases   ] GC(107)   Other: 0,1ms
[2022-09-12T17:54:06.847+0200][gc,heap     ] GC(107) Eden regions: 52->0(154)
[2022-09-12T17:54:06.847+0200][gc,heap     ] GC(107) Survivor regions: 7->2(8)
[2022-09-12T17:54:06.847+0200][gc,heap     ] GC(107) Old regions: 85->91
[2022-09-12T17:54:06.847+0200][gc,heap     ] GC(107) Archive regions: 2->2
[2022-09-12T17:54:06.847+0200][gc,heap     ] GC(107) Humongous regions: 129->129
[2022-09-12T17:54:06.847+0200][gc,metaspace] GC(107) Metaspace: 42328K(43264K)->42328K(43264K) NonClass: 37421K(37952K)->37421K(37952K) Class: 4906K(5312K)->4906K(5312K)
[2022-09-12T17:54:06.847+0200][gc          ] GC(107) Pause Young (Normal) (G1 Evacuation Pause) 272M->221M(1024M) 9,299ms
[2022-09-12T17:54:06.847+0200][gc,cpu      ] GC(107) User=0,03s Sys=0,06s Real=0,01s
[2022-09-12T17:54:23.566+0200][gc,start    ] GC(108) Pause Young (Normal) (G1 Evacuation Pause)
[2022-09-12T17:54:23.567+0200][gc,task     ] GC(108) Using 15 workers of 15 for evacuation
[2022-09-12T17:54:23.573+0200][gc,phases   ] GC(108)   Pre Evacuate Collection Set: 0,1ms
[2022-09-12T17:54:23.573+0200][gc,phases   ] GC(108)   Merge Heap Roots: 0,1ms
[2022-09-12T17:54:23.573+0200][gc,phases   ] GC(108)   Evacuate Collection Set: 5,1ms
[2022-09-12T17:54:23.573+0200][gc,phases   ] GC(108)   Post Evacuate Collection Set: 0,3ms
[2022-09-12T17:54:23.573+0200][gc,phases   ] GC(108)   Other: 0,1ms
[2022-09-12T17:54:23.573+0200][gc,heap     ] GC(108) Eden regions: 154->0(168)
[2022-09-12T17:54:23.573+0200][gc,heap     ] GC(108) Survivor regions: 2->3(20)
[2022-09-12T17:54:23.573+0200][gc,heap     ] GC(108) Old regions: 91->91
[2022-09-12T17:54:23.573+0200][gc,heap     ] GC(108) Archive regions: 2->2
[2022-09-12T17:54:23.573+0200][gc,heap     ] GC(108) Humongous regions: 129->129
[2022-09-12T17:54:23.573+0200][gc,metaspace] GC(108) Metaspace: 42328K(43264K)->42328K(43264K) NonClass: 37421K(37952K)->37421K(37952K) Class: 4906K(5312K)->4906K(5312K)
[2022-09-12T17:54:23.573+0200][gc          ] GC(108) Pause Young (Normal) (G1 Evacuation Pause) 375M->223M(1024M) 6,531ms
[2022-09-12T17:54:23.573+0200][gc,cpu      ] GC(108) User=0,02s Sys=0,03s Real=0,01s
[2022-09-12T17:59:07.845+0200][gc,start    ] GC(109) Pause Young (Normal) (G1 Evacuation Pause)
[2022-09-12T17:59:07.846+0200][gc,task     ] GC(109) Using 15 workers of 15 for evacuation
[2022-09-12T17:59:07.862+0200][gc,phases   ] GC(109)   Pre Evacuate Collection Set: 0,3ms
[2022-09-12T17:59:07.862+0200][gc,phases   ] GC(109)   Merge Heap Roots: 0,1ms
[2022-09-12T17:59:07.862+0200][gc,phases   ] GC(109)   Evacuate Collection Set: 14,9ms
[2022-09-12T17:59:07.862+0200][gc,phases   ] GC(109)   Post Evacuate Collection Set: 0,3ms
[2022-09-12T17:59:07.862+0200][gc,phases   ] GC(109)   Other: 0,2ms
[2022-09-12T17:59:07.862+0200][gc,heap     ] GC(109) Eden regions: 168->0(49)
[2022-09-12T17:59:07.862+0200][gc,heap     ] GC(109) Survivor regions: 3->8(22)
[2022-09-12T17:59:07.862+0200][gc,heap     ] GC(109) Old regions: 91->91
[2022-09-12T17:59:07.862+0200][gc,heap     ] GC(109) Archive regions: 2->2
[2022-09-12T17:59:07.862+0200][gc,heap     ] GC(109) Humongous regions: 129->129
[2022-09-12T17:59:07.862+0200][gc,metaspace] GC(109) Metaspace: 42328K(43264K)->42328K(43264K) NonClass: 37421K(37952K)->37421K(37952K) Class: 4906K(5312K)->4906K(5312K)
[2022-09-12T17:59:07.862+0200][gc          ] GC(109) Pause Young (Normal) (G1 Evacuation Pause) 391M->227M(1024M) 17,074ms
[2022-09-12T17:59:07.862+0200][gc,cpu      ] GC(109) User=0,04s Sys=0,11s Real=0,02s
[2022-09-12T18:04:14.561+0200][gc,start    ] GC(110) Pause Young (Normal) (G1 Evacuation Pause)
[2022-09-12T18:04:14.561+0200][gc,task     ] GC(110) Using 15 workers of 15 for evacuation
[2022-09-12T18:04:14.574+0200][gc,phases   ] GC(110)   Pre Evacuate Collection Set: 0,1ms
[2022-09-12T18:04:14.574+0200][gc,phases   ] GC(110)   Merge Heap Roots: 0,1ms
[2022-09-12T18:04:14.574+0200][gc,phases   ] GC(110)   Evacuate Collection Set: 12,2ms
[2022-09-12T18:04:14.574+0200][gc,phases   ] GC(110)   Post Evacuate Collection Set: 0,2ms
[2022-09-12T18:04:14.574+0200][gc,phases   ] GC(110)   Other: 0,1ms
[2022-09-12T18:04:14.574+0200][gc,heap     ] GC(110) Eden regions: 49->0(84)
[2022-09-12T18:04:14.574+0200][gc,heap     ] GC(110) Survivor regions: 8->5(8)
[2022-09-12T18:04:14.574+0200][gc,heap     ] GC(110) Old regions: 91->97
[2022-09-12T18:04:14.574+0200][gc,heap     ] GC(110) Archive regions: 2->2
[2022-09-12T18:04:14.574+0200][gc,heap     ] GC(110) Humongous regions: 129->129
[2022-09-12T18:04:14.574+0200][gc,metaspace] GC(110) Metaspace: 42335K(43264K)->42335K(43264K) NonClass: 37428K(37952K)->37428K(37952K) Class: 4906K(5312K)->4906K(5312K)
[2022-09-12T18:04:14.574+0200][gc          ] GC(110) Pause Young (Normal) (G1 Evacuation Pause) 276M->230M(1024M) 12,884ms
[2022-09-12T18:04:14.574+0200][gc,cpu      ] GC(110) User=0,05s Sys=0,09s Real=0,01s
[2022-09-12T18:04:27.132+0200][gc,start    ] GC(111) Pause Young (Normal) (G1 Evacuation Pause)
[2022-09-12T18:04:27.132+0200][gc,task     ] GC(111) Using 15 workers of 15 for evacuation
[2022-09-12T18:04:27.142+0200][gc,phases   ] GC(111)   Pre Evacuate Collection Set: 0,1ms
[2022-09-12T18:04:27.142+0200][gc,phases   ] GC(111)   Merge Heap Roots: 0,1ms
[2022-09-12T18:04:27.142+0200][gc,phases   ] GC(111)   Evacuate Collection Set: 9,8ms
[2022-09-12T18:04:27.142+0200][gc,phases   ] GC(111)   Post Evacuate Collection Set: 0,2ms
[2022-09-12T18:04:27.142+0200][gc,phases   ] GC(111)   Other: 0,1ms
[2022-09-12T18:04:27.142+0200][gc,heap     ] GC(111) Eden regions: 84->0(67)
[2022-09-12T18:04:27.142+0200][gc,heap     ] GC(111) Survivor regions: 5->8(12)
[2022-09-12T18:04:27.142+0200][gc,heap     ] GC(111) Old regions: 97->97
[2022-09-12T18:04:27.142+0200][gc,heap     ] GC(111) Archive regions: 2->2
[2022-09-12T18:04:27.142+0200][gc,heap     ] GC(111) Humongous regions: 129->129
[2022-09-12T18:04:27.142+0200][gc,metaspace] GC(111) Metaspace: 42335K(43264K)->42335K(43264K) NonClass: 37428K(37952K)->37428K(37952K) Class: 4906K(5312K)->4906K(5312K)
[2022-09-12T18:04:27.142+0200][gc          ] GC(111) Pause Young (Normal) (G1 Evacuation Pause) 314M->234M(1024M) 10,795ms
[2022-09-12T18:04:27.143+0200][gc,cpu      ] GC(111) User=0,03s Sys=0,07s Real=0,01s
[2022-09-12T18:04:34.400+0200][gc,start    ] GC(112) Pause Young (Normal) (G1 Evacuation Pause)
[2022-09-12T18:04:34.400+0200][gc,task     ] GC(112) Using 15 workers of 15 for evacuation
[2022-09-12T18:04:34.408+0200][gc,phases   ] GC(112)   Pre Evacuate Collection Set: 0,1ms
[2022-09-12T18:04:34.408+0200][gc,phases   ] GC(112)   Merge Heap Roots: 0,0ms
[2022-09-12T18:04:34.408+0200][gc,phases   ] GC(112)   Evacuate Collection Set: 7,8ms
[2022-09-12T18:04:34.408+0200][gc,phases   ] GC(112)   Post Evacuate Collection Set: 0,2ms
[2022-09-12T18:04:34.408+0200][gc,phases   ] GC(112)   Other: 0,1ms
[2022-09-12T18:04:34.408+0200][gc,heap     ] GC(112) Eden regions: 67->0(117)
[2022-09-12T18:04:34.408+0200][gc,heap     ] GC(112) Survivor regions: 8->6(10)
[2022-09-12T18:04:34.408+0200][gc,heap     ] GC(112) Old regions: 97->101
[2022-09-12T18:04:34.408+0200][gc,heap     ] GC(112) Archive regions: 2->2
[2022-09-12T18:04:34.408+0200][gc,heap     ] GC(112) Humongous regions: 129->129
[2022-09-12T18:04:34.408+0200][gc,metaspace] GC(112) Metaspace: 42335K(43264K)->42335K(43264K) NonClass: 37428K(37952K)->37428K(37952K) Class: 4906K(5312K)->4906K(5312K)
[2022-09-12T18:04:34.408+0200][gc          ] GC(112) Pause Young (Normal) (G1 Evacuation Pause) 301M->235M(1024M) 8,487ms
[2022-09-12T18:04:34.408+0200][gc,cpu      ] GC(112) User=0,03s Sys=0,03s Real=0,00s
[2022-09-12T18:04:47.039+0200][gc,start    ] GC(113) Pause Young (Normal) (G1 Evacuation Pause)
[2022-09-12T18:04:47.040+0200][gc,task     ] GC(113) Using 15 workers of 15 for evacuation
[2022-09-12T18:04:47.042+0200][gc,phases   ] GC(113)   Pre Evacuate Collection Set: 0,1ms
[2022-09-12T18:04:47.042+0200][gc,phases   ] GC(113)   Merge Heap Roots: 0,0ms
[2022-09-12T18:04:47.042+0200][gc,phases   ] GC(113)   Evacuate Collection Set: 1,6ms
[2022-09-12T18:04:47.042+0200][gc,phases   ] GC(113)   Post Evacuate Collection Set: 0,6ms
[2022-09-12T18:04:47.042+0200][gc,phases   ] GC(113)   Other: 0,1ms
[2022-09-12T18:04:47.042+0200][gc,heap     ] GC(113) Eden regions: 117->0(172)
[2022-09-12T18:04:47.042+0200][gc,heap     ] GC(113) Survivor regions: 6->6(16)
[2022-09-12T18:04:47.042+0200][gc,heap     ] GC(113) Old regions: 101->101
[2022-09-12T18:04:47.042+0200][gc,heap     ] GC(113) Archive regions: 2->2
[2022-09-12T18:04:47.042+0200][gc,heap     ] GC(113) Humongous regions: 129->129
[2022-09-12T18:04:47.042+0200][gc,metaspace] GC(113) Metaspace: 42335K(43264K)->42335K(43264K) NonClass: 37428K(37952K)->37428K(37952K) Class: 4906K(5312K)->4906K(5312K)
[2022-09-12T18:04:47.042+0200][gc          ] GC(113) Pause Young (Normal) (G1 Evacuation Pause) 352M->236M(1024M) 3,041ms
[2022-09-12T18:04:47.042+0200][gc,cpu      ] GC(113) User=0,02s Sys=0,00s Real=0,01s
[2022-09-12T18:06:03.168+0200][gc,start    ] GC(114) Pause Young (Normal) (G1 Evacuation Pause)
[2022-09-12T18:06:03.169+0200][gc,task     ] GC(114) Using 15 workers of 15 for evacuation
[2022-09-12T18:06:03.179+0200][gc,phases   ] GC(114)   Pre Evacuate Collection Set: 0,1ms
[2022-09-12T18:06:03.179+0200][gc,phases   ] GC(114)   Merge Heap Roots: 0,1ms
[2022-09-12T18:06:03.179+0200][gc,phases   ] GC(114)   Evacuate Collection Set: 9,2ms
[2022-09-12T18:06:03.179+0200][gc,phases   ] GC(114)   Post Evacuate Collection Set: 0,2ms
[2022-09-12T18:06:03.179+0200][gc,phases   ] GC(114)   Other: 0,1ms
[2022-09-12T18:06:03.179+0200][gc,heap     ] GC(114) Eden regions: 172->0(161)
[2022-09-12T18:06:03.179+0200][gc,heap     ] GC(114) Survivor regions: 6->8(23)
[2022-09-12T18:06:03.179+0200][gc,heap     ] GC(114) Old regions: 101->101
[2022-09-12T18:06:03.179+0200][gc,heap     ] GC(114) Archive regions: 2->2
[2022-09-12T18:06:03.179+0200][gc,heap     ] GC(114) Humongous regions: 129->129
[2022-09-12T18:06:03.179+0200][gc,metaspace] GC(114) Metaspace: 42335K(43264K)->42335K(43264K) NonClass: 37428K(37952K)->37428K(37952K) Class: 4906K(5312K)->4906K(5312K)
[2022-09-12T18:06:03.179+0200][gc          ] GC(114) Pause Young (Normal) (G1 Evacuation Pause) 408M->237M(1024M) 10,548ms
[2022-09-12T18:06:03.179+0200][gc,cpu      ] GC(114) User=0,03s Sys=0,07s Real=0,01s
[2022-09-12T18:16:43.681+0200][gc,start    ] GC(115) Pause Young (Normal) (G1 Evacuation Pause)
[2022-09-12T18:16:43.682+0200][gc,task     ] GC(115) Using 15 workers of 15 for evacuation
[2022-09-12T18:16:43.687+0200][gc,phases   ] GC(115)   Pre Evacuate Collection Set: 0,2ms
[2022-09-12T18:16:43.687+0200][gc,phases   ] GC(115)   Merge Heap Roots: 0,1ms
[2022-09-12T18:16:43.687+0200][gc,phases   ] GC(115)   Evacuate Collection Set: 4,4ms
[2022-09-12T18:16:43.687+0200][gc,phases   ] GC(115)   Post Evacuate Collection Set: 0,3ms
[2022-09-12T18:16:43.687+0200][gc,phases   ] GC(115)   Other: 0,1ms
[2022-09-12T18:16:43.687+0200][gc,heap     ] GC(115) Eden regions: 161->0(51)
[2022-09-12T18:16:43.687+0200][gc,heap     ] GC(115) Survivor regions: 8->15(22)
[2022-09-12T18:16:43.687+0200][gc,heap     ] GC(115) Old regions: 101->101
[2022-09-12T18:16:43.687+0200][gc,heap     ] GC(115) Archive regions: 2->2
[2022-09-12T18:16:43.687+0200][gc,heap     ] GC(115) Humongous regions: 129->129
[2022-09-12T18:16:43.687+0200][gc,metaspace] GC(115) Metaspace: 42347K(43264K)->42347K(43264K) NonClass: 37440K(37952K)->37440K(37952K) Class: 4906K(5312K)->4906K(5312K)
[2022-09-12T18:16:43.687+0200][gc          ] GC(115) Pause Young (Normal) (G1 Evacuation Pause) 398M->245M(1024M) 6,080ms
[2022-09-12T18:16:43.687+0200][gc,cpu      ] GC(115) User=0,06s Sys=0,00s Real=0,00s
[2022-09-12T18:17:26.352+0200][gc,start    ] GC(116) Pause Young (Normal) (G1 Evacuation Pause)
[2022-09-12T18:17:26.353+0200][gc,task     ] GC(116) Using 15 workers of 15 for evacuation
[2022-09-12T18:17:26.375+0200][gc,mmu      ] GC(116) MMU target violated: 21,0ms (20,0ms/21,0ms)
[2022-09-12T18:17:26.375+0200][gc,phases   ] GC(116)   Pre Evacuate Collection Set: 0,1ms
[2022-09-12T18:17:26.375+0200][gc,phases   ] GC(116)   Merge Heap Roots: 0,1ms
[2022-09-12T18:17:26.375+0200][gc,phases   ] GC(116)   Evacuate Collection Set: 20,8ms
[2022-09-12T18:17:26.375+0200][gc,phases   ] GC(116)   Post Evacuate Collection Set: 0,3ms
[2022-09-12T18:17:26.375+0200][gc,phases   ] GC(116)   Other: 0,2ms
[2022-09-12T18:17:26.375+0200][gc,heap     ] GC(116) Eden regions: 51->0(173)
[2022-09-12T18:17:26.375+0200][gc,heap     ] GC(116) Survivor regions: 15->4(9)
[2022-09-12T18:17:26.375+0200][gc,heap     ] GC(116) Old regions: 101->113
[2022-09-12T18:17:26.375+0200][gc,heap     ] GC(116) Archive regions: 2->2
[2022-09-12T18:17:26.375+0200][gc,heap     ] GC(116) Humongous regions: 129->129
[2022-09-12T18:17:26.375+0200][gc,metaspace] GC(116) Metaspace: 42347K(43264K)->42347K(43264K) NonClass: 37440K(37952K)->37440K(37952K) Class: 4906K(5312K)->4906K(5312K)
[2022-09-12T18:17:26.375+0200][gc          ] GC(116) Pause Young (Normal) (G1 Evacuation Pause) 296M->246M(1024M) 22,570ms
[2022-09-12T18:17:26.375+0200][gc,cpu      ] GC(116) User=0,06s Sys=0,16s Real=0,02s
[2022-09-12T18:17:44.917+0200][gc,start    ] GC(117) Pause Young (Normal) (G1 Evacuation Pause)
[2022-09-12T18:17:44.917+0200][gc,task     ] GC(117) Using 15 workers of 15 for evacuation
[2022-09-12T18:17:44.920+0200][gc,phases   ] GC(117)   Pre Evacuate Collection Set: 0,1ms
[2022-09-12T18:17:44.920+0200][gc,phases   ] GC(117)   Merge Heap Roots: 0,1ms
[2022-09-12T18:17:44.920+0200][gc,phases   ] GC(117)   Evacuate Collection Set: 3,1ms
[2022-09-12T18:17:44.920+0200][gc,phases   ] GC(117)   Post Evacuate Collection Set: 0,2ms
[2022-09-12T18:17:44.920+0200][gc,phases   ] GC(117)   Other: 0,1ms
[2022-09-12T18:17:44.920+0200][gc,heap     ] GC(117) Eden regions: 173->0(204)
[2022-09-12T18:17:44.920+0200][gc,heap     ] GC(117) Survivor regions: 4->7(23)
[2022-09-12T18:17:44.920+0200][gc,heap     ] GC(117) Old regions: 113->113
[2022-09-12T18:17:44.920+0200][gc,heap     ] GC(117) Archive regions: 2->2
[2022-09-12T18:17:44.920+0200][gc,heap     ] GC(117) Humongous regions: 129->129
[2022-09-12T18:17:44.920+0200][gc,metaspace] GC(117) Metaspace: 42347K(43264K)->42347K(43264K) NonClass: 37440K(37952K)->37440K(37952K) Class: 4906K(5312K)->4906K(5312K)
[2022-09-12T18:17:44.920+0200][gc          ] GC(117) Pause Young (Normal) (G1 Evacuation Pause) 419M->248M(1024M) 3,689ms
[2022-09-12T18:17:44.920+0200][gc,cpu      ] GC(117) User=0,03s Sys=0,01s Real=0,01s
[2022-09-12T18:19:29.493+0200][gc,start    ] GC(118) Pause Young (Normal) (G1 Evacuation Pause)
[2022-09-12T18:19:29.494+0200][gc,task     ] GC(118) Using 15 workers of 15 for evacuation
[2022-09-12T18:19:29.508+0200][gc,phases   ] GC(118)   Pre Evacuate Collection Set: 0,1ms
[2022-09-12T18:19:29.509+0200][gc,phases   ] GC(118)   Merge Heap Roots: 0,1ms
[2022-09-12T18:19:29.509+0200][gc,phases   ] GC(118)   Evacuate Collection Set: 13,5ms
[2022-09-12T18:19:29.509+0200][gc,phases   ] GC(118)   Post Evacuate Collection Set: 0,4ms
[2022-09-12T18:19:29.509+0200][gc,phases   ] GC(118)   Other: 0,1ms
[2022-09-12T18:19:29.509+0200][gc,heap     ] GC(118) Eden regions: 204->0(141)
[2022-09-12T18:19:29.509+0200][gc,heap     ] GC(118) Survivor regions: 7->9(27)
[2022-09-12T18:19:29.509+0200][gc,heap     ] GC(118) Old regions: 113->113
[2022-09-12T18:19:29.509+0200][gc,heap     ] GC(118) Archive regions: 2->2
[2022-09-12T18:19:29.509+0200][gc,heap     ] GC(118) Humongous regions: 129->129
[2022-09-12T18:19:29.509+0200][gc,metaspace] GC(118) Metaspace: 42348K(43264K)->42348K(43264K) NonClass: 37441K(37952K)->37441K(37952K) Class: 4906K(5312K)->4906K(5312K)
[2022-09-12T18:19:29.509+0200][gc          ] GC(118) Pause Young (Normal) (G1 Evacuation Pause) 452M->250M(1024M) 15,947ms
[2022-09-12T18:19:29.509+0200][gc,cpu      ] GC(118) User=0,03s Sys=0,09s Real=0,01s
[2022-09-12T18:23:05.175+0200][gc,start    ] GC(119) Pause Young (Normal) (G1 Evacuation Pause)
[2022-09-12T18:23:05.176+0200][gc,task     ] GC(119) Using 15 workers of 15 for evacuation
[2022-09-12T18:23:05.201+0200][gc,mmu      ] GC(119) MMU target violated: 21,0ms (20,0ms/21,0ms)
[2022-09-12T18:23:05.201+0200][gc,phases   ] GC(119)   Pre Evacuate Collection Set: 0,1ms
[2022-09-12T18:23:05.201+0200][gc,phases   ] GC(119)   Merge Heap Roots: 0,1ms
[2022-09-12T18:23:05.201+0200][gc,phases   ] GC(119)   Evacuate Collection Set: 24,0ms
[2022-09-12T18:23:05.201+0200][gc,phases   ] GC(119)   Post Evacuate Collection Set: 0,3ms
[2022-09-12T18:23:05.201+0200][gc,phases   ] GC(119)   Other: 0,2ms
[2022-09-12T18:23:05.201+0200][gc,heap     ] GC(119) Eden regions: 141->0(37)
[2022-09-12T18:23:05.201+0200][gc,heap     ] GC(119) Survivor regions: 9->14(19)
[2022-09-12T18:23:05.201+0200][gc,heap     ] GC(119) Old regions: 113->113
[2022-09-12T18:23:05.201+0200][gc,heap     ] GC(119) Archive regions: 2->2
[2022-09-12T18:23:05.201+0200][gc,heap     ] GC(119) Humongous regions: 129->129
[2022-09-12T18:23:05.201+0200][gc,metaspace] GC(119) Metaspace: 42351K(43264K)->42351K(43264K) NonClass: 37444K(37952K)->37444K(37952K) Class: 4906K(5312K)->4906K(5312K)
[2022-09-12T18:23:05.201+0200][gc          ] GC(119) Pause Young (Normal) (G1 Evacuation Pause) 391M->255M(1024M) 25,338ms
[2022-09-12T18:23:05.201+0200][gc,cpu      ] GC(119) User=0,05s Sys=0,14s Real=0,03s
[2022-09-12T18:23:54.342+0200][gc,start    ] GC(120) Pause Young (Normal) (G1 Evacuation Pause)
[2022-09-12T18:23:54.342+0200][gc,task     ] GC(120) Using 15 workers of 15 for evacuation
[2022-09-12T18:23:54.365+0200][gc,mmu      ] GC(120) MMU target violated: 21,0ms (20,0ms/21,0ms)
[2022-09-12T18:23:54.365+0200][gc,phases   ] GC(120)   Pre Evacuate Collection Set: 0,1ms
[2022-09-12T18:23:54.365+0200][gc,phases   ] GC(120)   Merge Heap Roots: 0,1ms
[2022-09-12T18:23:54.365+0200][gc,phases   ] GC(120)   Evacuate Collection Set: 21,8ms
[2022-09-12T18:23:54.365+0200][gc,phases   ] GC(120)   Post Evacuate Collection Set: 0,3ms
[2022-09-12T18:23:54.365+0200][gc,phases   ] GC(120)   Other: 0,1ms
[2022-09-12T18:23:54.365+0200][gc,heap     ] GC(120) Eden regions: 37->0(182)
[2022-09-12T18:23:54.365+0200][gc,heap     ] GC(120) Survivor regions: 14->3(7)
[2022-09-12T18:23:54.365+0200][gc,heap     ] GC(120) Old regions: 113->126
[2022-09-12T18:23:54.365+0200][gc,heap     ] GC(120) Archive regions: 2->2
[2022-09-12T18:23:54.365+0200][gc,heap     ] GC(120) Humongous regions: 129->129
[2022-09-12T18:23:54.365+0200][gc,metaspace] GC(120) Metaspace: 42353K(43264K)->42353K(43264K) NonClass: 37446K(37952K)->37446K(37952K) Class: 4906K(5312K)->4906K(5312K)
[2022-09-12T18:23:54.365+0200][gc          ] GC(120) Pause Young (Normal) (G1 Evacuation Pause) 292M->257M(1024M) 23,268ms
[2022-09-12T18:23:54.365+0200][gc,cpu      ] GC(120) User=0,05s Sys=0,16s Real=0,02s
[2022-09-12T18:30:20.666+0200][gc,start    ] GC(121) Pause Young (Normal) (G1 Evacuation Pause)
[2022-09-12T18:30:20.667+0200][gc,task     ] GC(121) Using 15 workers of 15 for evacuation
[2022-09-12T18:30:20.671+0200][gc,phases   ] GC(121)   Pre Evacuate Collection Set: 0,1ms
[2022-09-12T18:30:20.671+0200][gc,phases   ] GC(121)   Merge Heap Roots: 0,1ms
[2022-09-12T18:30:20.671+0200][gc,phases   ] GC(121)   Evacuate Collection Set: 3,3ms
[2022-09-12T18:30:20.671+0200][gc,phases   ] GC(121)   Post Evacuate Collection Set: 0,4ms
[2022-09-12T18:30:20.671+0200][gc,phases   ] GC(121)   Other: 0,1ms
[2022-09-12T18:30:20.671+0200][gc,heap     ] GC(121) Eden regions: 182->0(78)
[2022-09-12T18:30:20.671+0200][gc,heap     ] GC(121) Survivor regions: 3->12(24)
[2022-09-12T18:30:20.671+0200][gc,heap     ] GC(121) Old regions: 126->126
[2022-09-12T18:30:20.671+0200][gc,heap     ] GC(121) Archive regions: 2->2
[2022-09-12T18:30:20.671+0200][gc,heap     ] GC(121) Humongous regions: 129->129
[2022-09-12T18:30:20.671+0200][gc,metaspace] GC(121) Metaspace: 42355K(43264K)->42355K(43264K) NonClass: 37448K(37952K)->37448K(37952K) Class: 4906K(5312K)->4906K(5312K)
[2022-09-12T18:30:20.671+0200][gc          ] GC(121) Pause Young (Normal) (G1 Evacuation Pause) 439M->266M(1024M) 4,819ms
[2022-09-12T18:30:20.671+0200][gc,cpu      ] GC(121) User=0,04s Sys=0,00s Real=0,01s
[2022-09-12T18:34:41.762+0200][gc,start    ] GC(122) Pause Young (Normal) (G1 Evacuation Pause)
[2022-09-12T18:34:41.764+0200][gc,task     ] GC(122) Using 15 workers of 15 for evacuation
[2022-09-12T18:34:41.783+0200][gc,phases   ] GC(122)   Pre Evacuate Collection Set: 0,2ms
[2022-09-12T18:34:41.783+0200][gc,phases   ] GC(122)   Merge Heap Roots: 0,1ms
[2022-09-12T18:34:41.783+0200][gc,phases   ] GC(122)   Evacuate Collection Set: 18,0ms
[2022-09-12T18:34:41.783+0200][gc,phases   ] GC(122)   Post Evacuate Collection Set: 0,8ms
[2022-09-12T18:34:41.783+0200][gc,phases   ] GC(122)   Other: 0,1ms
[2022-09-12T18:34:41.783+0200][gc,heap     ] GC(122) Eden regions: 78->0(109)
[2022-09-12T18:34:41.783+0200][gc,heap     ] GC(122) Survivor regions: 12->7(12)
[2022-09-12T18:34:41.783+0200][gc,heap     ] GC(122) Old regions: 126->137
[2022-09-12T18:34:41.783+0200][gc,heap     ] GC(122) Archive regions: 2->2
[2022-09-12T18:34:41.783+0200][gc,heap     ] GC(122) Humongous regions: 129->129
[2022-09-12T18:34:41.783+0200][gc,metaspace] GC(122) Metaspace: 42357K(43264K)->42357K(43264K) NonClass: 37450K(37952K)->37450K(37952K) Class: 4906K(5312K)->4906K(5312K)
[2022-09-12T18:34:41.783+0200][gc          ] GC(122) Pause Young (Normal) (G1 Evacuation Pause) 344M->273M(1024M) 20,795ms
[2022-09-12T18:34:41.783+0200][gc,cpu      ] GC(122) User=0,07s Sys=0,10s Real=0,02s
[2022-09-12T18:40:49.033+0200][gc,start    ] GC(123) Pause Young (Normal) (G1 Evacuation Pause)
[2022-09-12T18:40:49.034+0200][gc,task     ] GC(123) Using 15 workers of 15 for evacuation
[2022-09-12T18:40:49.061+0200][gc,mmu      ] GC(123) MMU target violated: 21,0ms (20,0ms/21,0ms)
[2022-09-12T18:40:49.061+0200][gc,phases   ] GC(123)   Pre Evacuate Collection Set: 0,1ms
[2022-09-12T18:40:49.061+0200][gc,phases   ] GC(123)   Merge Heap Roots: 0,1ms
[2022-09-12T18:40:49.061+0200][gc,phases   ] GC(123)   Evacuate Collection Set: 26,0ms
[2022-09-12T18:40:49.061+0200][gc,phases   ] GC(123)   Post Evacuate Collection Set: 0,4ms
[2022-09-12T18:40:49.061+0200][gc,phases   ] GC(123)   Other: 0,1ms
[2022-09-12T18:40:49.061+0200][gc,heap     ] GC(123) Eden regions: 109->0(38)
[2022-09-12T18:40:49.061+0200][gc,heap     ] GC(123) Survivor regions: 7->13(15)
[2022-09-12T18:40:49.061+0200][gc,heap     ] GC(123) Old regions: 137->137
[2022-09-12T18:40:49.061+0200][gc,heap     ] GC(123) Archive regions: 2->2
[2022-09-12T18:40:49.061+0200][gc,heap     ] GC(123) Humongous regions: 129->129
[2022-09-12T18:40:49.061+0200][gc,metaspace] GC(123) Metaspace: 42366K(43264K)->42366K(43264K) NonClass: 37459K(37952K)->37459K(37952K) Class: 4906K(5312K)->4906K(5312K)
[2022-09-12T18:40:49.061+0200][gc          ] GC(123) Pause Young (Normal) (G1 Evacuation Pause) 382M->278M(1024M) 27,722ms
[2022-09-12T18:40:49.061+0200][gc,cpu      ] GC(123) User=0,05s Sys=0,14s Real=0,03s
[2022-09-12T18:42:47.154+0200][gc,start    ] GC(124) Pause Young (Normal) (G1 Evacuation Pause)
[2022-09-12T18:42:47.155+0200][gc,task     ] GC(124) Using 15 workers of 15 for evacuation
[2022-09-12T18:42:47.187+0200][gc,mmu      ] GC(124) MMU target violated: 21,0ms (20,0ms/21,0ms)
[2022-09-12T18:42:47.187+0200][gc,phases   ] GC(124)   Pre Evacuate Collection Set: 0,2ms
[2022-09-12T18:42:47.187+0200][gc,phases   ] GC(124)   Merge Heap Roots: 0,1ms
[2022-09-12T18:42:47.187+0200][gc,phases   ] GC(124)   Evacuate Collection Set: 32,0ms
[2022-09-12T18:42:47.187+0200][gc,phases   ] GC(124)   Post Evacuate Collection Set: 0,2ms
[2022-09-12T18:42:47.187+0200][gc,phases   ] GC(124)   Other: 0,1ms
[2022-09-12T18:42:47.187+0200][gc,heap     ] GC(124) Eden regions: 38->0(72)
[2022-09-12T18:42:47.187+0200][gc,heap     ] GC(124) Survivor regions: 13->5(7)
[2022-09-12T18:42:47.187+0200][gc,heap     ] GC(124) Old regions: 137->149
[2022-09-12T18:42:47.187+0200][gc,heap     ] GC(124) Archive regions: 2->2
[2022-09-12T18:42:47.187+0200][gc,heap     ] GC(124) Humongous regions: 129->129
[2022-09-12T18:42:47.187+0200][gc,metaspace] GC(124) Metaspace: 42366K(43264K)->42366K(43264K) NonClass: 37459K(37952K)->37459K(37952K) Class: 4906K(5312K)->4906K(5312K)
[2022-09-12T18:42:47.187+0200][gc          ] GC(124) Pause Young (Normal) (G1 Evacuation Pause) 316M->282M(1024M) 33,818ms
[2022-09-12T18:42:47.187+0200][gc,cpu      ] GC(124) User=0,05s Sys=0,14s Real=0,03s
[2022-09-12T18:48:05.505+0200][gc,start    ] GC(125) Pause Young (Normal) (G1 Evacuation Pause)
[2022-09-12T18:48:05.505+0200][gc,task     ] GC(125) Using 15 workers of 15 for evacuation
[2022-09-12T18:48:05.526+0200][gc,mmu      ] GC(125) MMU target violated: 21,0ms (20,0ms/21,0ms)
[2022-09-12T18:48:05.527+0200][gc,phases   ] GC(125)   Pre Evacuate Collection Set: 0,8ms
[2022-09-12T18:48:05.527+0200][gc,phases   ] GC(125)   Merge Heap Roots: 0,2ms
[2022-09-12T18:48:05.527+0200][gc,phases   ] GC(125)   Evacuate Collection Set: 16,1ms
[2022-09-12T18:48:05.527+0200][gc,phases   ] GC(125)   Post Evacuate Collection Set: 3,9ms
[2022-09-12T18:48:05.527+0200][gc,phases   ] GC(125)   Other: 0,5ms
[2022-09-12T18:48:05.527+0200][gc,heap     ] GC(125) Eden regions: 72->0(43)
[2022-09-12T18:48:05.527+0200][gc,heap     ] GC(125) Survivor regions: 5->8(10)
[2022-09-12T18:48:05.527+0200][gc,heap     ] GC(125) Old regions: 149->149
[2022-09-12T18:48:05.527+0200][gc,heap     ] GC(125) Archive regions: 2->2
[2022-09-12T18:48:05.527+0200][gc,heap     ] GC(125) Humongous regions: 129->129
[2022-09-12T18:48:05.527+0200][gc,metaspace] GC(125) Metaspace: 42366K(43264K)->42366K(43264K) NonClass: 37460K(37952K)->37460K(37952K) Class: 4906K(5312K)->4906K(5312K)
[2022-09-12T18:48:05.527+0200][gc          ] GC(125) Pause Young (Normal) (G1 Evacuation Pause) 354M->285M(1024M) 22,026ms
[2022-09-12T18:48:05.527+0200][gc,cpu      ] GC(125) User=0,03s Sys=0,10s Real=0,02s
[2022-09-12T18:48:21.718+0200][gc,start    ] GC(126) Pause Young (Normal) (G1 Evacuation Pause)
[2022-09-12T18:48:21.719+0200][gc,task     ] GC(126) Using 15 workers of 15 for evacuation
[2022-09-12T18:48:21.729+0200][gc,phases   ] GC(126)   Pre Evacuate Collection Set: 0,2ms
[2022-09-12T18:48:21.729+0200][gc,phases   ] GC(126)   Merge Heap Roots: 0,1ms
[2022-09-12T18:48:21.729+0200][gc,phases   ] GC(126)   Evacuate Collection Set: 9,4ms
[2022-09-12T18:48:21.729+0200][gc,phases   ] GC(126)   Post Evacuate Collection Set: 0,2ms
[2022-09-12T18:48:21.729+0200][gc,phases   ] GC(126)   Other: 0,1ms
[2022-09-12T18:48:21.729+0200][gc,heap     ] GC(126) Eden regions: 43->0(72)
[2022-09-12T18:48:21.729+0200][gc,heap     ] GC(126) Survivor regions: 8->5(7)
[2022-09-12T18:48:21.729+0200][gc,heap     ] GC(126) Old regions: 149->156
[2022-09-12T18:48:21.729+0200][gc,heap     ] GC(126) Archive regions: 2->2
[2022-09-12T18:48:21.729+0200][gc,heap     ] GC(126) Humongous regions: 129->129
[2022-09-12T18:48:21.729+0200][gc,metaspace] GC(126) Metaspace: 42366K(43264K)->42366K(43264K) NonClass: 37460K(37952K)->37460K(37952K) Class: 4906K(5312K)->4906K(5312K)
[2022-09-12T18:48:21.729+0200][gc          ] GC(126) Pause Young (Normal) (G1 Evacuation Pause) 328M->289M(1024M) 10,887ms
[2022-09-12T18:48:21.729+0200][gc,cpu      ] GC(126) User=0,04s Sys=0,07s Real=0,01s
[2022-09-12T18:48:54.115+0200][gc,start    ] GC(127) Pause Young (Normal) (G1 Evacuation Pause)
[2022-09-12T18:48:54.116+0200][gc,task     ] GC(127) Using 15 workers of 15 for evacuation
[2022-09-12T18:48:54.118+0200][gc,phases   ] GC(127)   Pre Evacuate Collection Set: 0,1ms
[2022-09-12T18:48:54.118+0200][gc,phases   ] GC(127)   Merge Heap Roots: 0,1ms
[2022-09-12T18:48:54.119+0200][gc,phases   ] GC(127)   Evacuate Collection Set: 2,0ms
[2022-09-12T18:48:54.119+0200][gc,phases   ] GC(127)   Post Evacuate Collection Set: 0,4ms
[2022-09-12T18:48:54.119+0200][gc,phases   ] GC(127)   Other: 0,1ms
[2022-09-12T18:48:54.119+0200][gc,heap     ] GC(127) Eden regions: 72->0(73)
[2022-09-12T18:48:54.119+0200][gc,heap     ] GC(127) Survivor regions: 5->7(10)
[2022-09-12T18:48:54.119+0200][gc,heap     ] GC(127) Old regions: 156->156
[2022-09-12T18:48:54.119+0200][gc,heap     ] GC(127) Archive regions: 2->2
[2022-09-12T18:48:54.119+0200][gc,heap     ] GC(127) Humongous regions: 129->129
[2022-09-12T18:48:54.119+0200][gc,metaspace] GC(127) Metaspace: 42367K(43264K)->42367K(43264K) NonClass: 37460K(37952K)->37460K(37952K) Class: 4906K(5312K)->4906K(5312K)
[2022-09-12T18:48:54.119+0200][gc          ] GC(127) Pause Young (Normal) (G1 Evacuation Pause) 361M->292M(1024M) 3,621ms
[2022-09-12T18:48:54.119+0200][gc,cpu      ] GC(127) User=0,03s Sys=0,00s Real=0,00s
[2022-09-12T18:49:40.525+0200][gc,start    ] GC(128) Pause Young (Normal) (G1 Evacuation Pause)
[2022-09-12T18:49:40.526+0200][gc,task     ] GC(128) Using 15 workers of 15 for evacuation
[2022-09-12T18:49:40.533+0200][gc,phases   ] GC(128)   Pre Evacuate Collection Set: 0,2ms
[2022-09-12T18:49:40.533+0200][gc,phases   ] GC(128)   Merge Heap Roots: 0,1ms
[2022-09-12T18:49:40.533+0200][gc,phases   ] GC(128)   Evacuate Collection Set: 6,3ms
[2022-09-12T18:49:40.533+0200][gc,phases   ] GC(128)   Post Evacuate Collection Set: 0,2ms
[2022-09-12T18:49:40.533+0200][gc,phases   ] GC(128)   Other: 0,1ms
[2022-09-12T18:49:40.533+0200][gc,heap     ] GC(128) Eden regions: 73->0(86)
[2022-09-12T18:49:40.533+0200][gc,heap     ] GC(128) Survivor regions: 7->6(10)
[2022-09-12T18:49:40.533+0200][gc,heap     ] GC(128) Old regions: 156->159
[2022-09-12T18:49:40.533+0200][gc,heap     ] GC(128) Archive regions: 2->2
[2022-09-12T18:49:40.533+0200][gc,heap     ] GC(128) Humongous regions: 129->129
[2022-09-12T18:49:40.533+0200][gc,metaspace] GC(128) Metaspace: 42367K(43264K)->42367K(43264K) NonClass: 37460K(37952K)->37460K(37952K) Class: 4906K(5312K)->4906K(5312K)
[2022-09-12T18:49:40.533+0200][gc          ] GC(128) Pause Young (Normal) (G1 Evacuation Pause) 365M->293M(1024M) 7,939ms
[2022-09-12T18:49:40.533+0200][gc,cpu      ] GC(128) User=0,04s Sys=0,04s Real=0,01s
[2022-09-12T18:51:15.593+0200][gc,start    ] GC(129) Pause Young (Normal) (G1 Evacuation Pause)
[2022-09-12T18:51:15.594+0200][gc,task     ] GC(129) Using 15 workers of 15 for evacuation
[2022-09-12T18:51:15.611+0200][gc,phases   ] GC(129)   Pre Evacuate Collection Set: 0,1ms
[2022-09-12T18:51:15.611+0200][gc,phases   ] GC(129)   Merge Heap Roots: 0,1ms
[2022-09-12T18:51:15.611+0200][gc,phases   ] GC(129)   Evacuate Collection Set: 16,1ms
[2022-09-12T18:51:15.611+0200][gc,phases   ] GC(129)   Post Evacuate Collection Set: 0,2ms
[2022-09-12T18:51:15.611+0200][gc,phases   ] GC(129)   Other: 0,1ms
[2022-09-12T18:51:15.611+0200][gc,heap     ] GC(129) Eden regions: 86->0(65)
[2022-09-12T18:51:15.611+0200][gc,heap     ] GC(129) Survivor regions: 6->9(12)
[2022-09-12T18:51:15.611+0200][gc,heap     ] GC(129) Old regions: 159->159
[2022-09-12T18:51:15.611+0200][gc,heap     ] GC(129) Archive regions: 2->2
[2022-09-12T18:51:15.611+0200][gc,heap     ] GC(129) Humongous regions: 129->129
[2022-09-12T18:51:15.611+0200][gc,metaspace] GC(129) Metaspace: 42369K(43264K)->42369K(43264K) NonClass: 37462K(37952K)->37462K(37952K) Class: 4906K(5312K)->4906K(5312K)
[2022-09-12T18:51:15.611+0200][gc          ] GC(129) Pause Young (Normal) (G1 Evacuation Pause) 379M->296M(1024M) 17,488ms
[2022-09-12T18:51:15.611+0200][gc,cpu      ] GC(129) User=0,03s Sys=0,12s Real=0,02s
[2022-09-12T18:51:47.896+0200][gc,start    ] GC(130) Pause Young (Normal) (G1 Evacuation Pause)
[2022-09-12T18:51:47.897+0200][gc,task     ] GC(130) Using 15 workers of 15 for evacuation
[2022-09-12T18:51:47.903+0200][gc,phases   ] GC(130)   Pre Evacuate Collection Set: 0,2ms
[2022-09-12T18:51:47.903+0200][gc,phases   ] GC(130)   Merge Heap Roots: 0,1ms
[2022-09-12T18:51:47.903+0200][gc,phases   ] GC(130)   Evacuate Collection Set: 5,5ms
[2022-09-12T18:51:47.903+0200][gc,phases   ] GC(130)   Post Evacuate Collection Set: 0,3ms
[2022-09-12T18:51:47.903+0200][gc,phases   ] GC(130)   Other: 0,2ms
[2022-09-12T18:51:47.903+0200][gc,heap     ] GC(130) Eden regions: 65->0(89)
[2022-09-12T18:51:47.903+0200][gc,heap     ] GC(130) Survivor regions: 9->7(10)
[2022-09-12T18:51:47.903+0200][gc,heap     ] GC(130) Old regions: 159->162
[2022-09-12T18:51:47.903+0200][gc,heap     ] GC(130) Archive regions: 2->2
[2022-09-12T18:51:47.903+0200][gc,heap     ] GC(130) Humongous regions: 129->129
[2022-09-12T18:51:47.903+0200][gc,metaspace] GC(130) Metaspace: 42369K(43264K)->42369K(43264K) NonClass: 37462K(37952K)->37462K(37952K) Class: 4906K(5312K)->4906K(5312K)
[2022-09-12T18:51:47.903+0200][gc          ] GC(130) Pause Young (Normal) (G1 Evacuation Pause) 361M->298M(1024M) 7,139ms
[2022-09-12T18:51:47.903+0200][gc,cpu      ] GC(130) User=0,04s Sys=0,02s Real=0,01s
[2022-09-12T18:59:22.764+0200][gc,start    ] GC(131) Pause Young (Normal) (G1 Evacuation Pause)
[2022-09-12T18:59:22.765+0200][gc,task     ] GC(131) Using 15 workers of 15 for evacuation
[2022-09-12T18:59:22.802+0200][gc,mmu      ] GC(131) MMU target violated: 21,0ms (20,0ms/21,0ms)
[2022-09-12T18:59:22.802+0200][gc,phases   ] GC(131)   Pre Evacuate Collection Set: 0,1ms
[2022-09-12T18:59:22.802+0200][gc,phases   ] GC(131)   Merge Heap Roots: 0,2ms
[2022-09-12T18:59:22.802+0200][gc,phases   ] GC(131)   Evacuate Collection Set: 36,4ms
[2022-09-12T18:59:22.802+0200][gc,phases   ] GC(131)   Post Evacuate Collection Set: 0,3ms
[2022-09-12T18:59:22.802+0200][gc,phases   ] GC(131)   Other: 0,1ms
[2022-09-12T18:59:22.802+0200][gc,heap     ] GC(131) Eden regions: 89->0(39)
[2022-09-12T18:59:22.802+0200][gc,heap     ] GC(131) Survivor regions: 7->12(12)
[2022-09-12T18:59:22.802+0200][gc,heap     ] GC(131) Old regions: 162->163
[2022-09-12T18:59:22.802+0200][gc,heap     ] GC(131) Archive regions: 2->2
[2022-09-12T18:59:22.802+0200][gc,heap     ] GC(131) Humongous regions: 129->129
[2022-09-12T18:59:22.802+0200][gc,metaspace] GC(131) Metaspace: 42380K(43264K)->42380K(43264K) NonClass: 37473K(37952K)->37473K(37952K) Class: 4906K(5312K)->4906K(5312K)
[2022-09-12T18:59:22.802+0200][gc          ] GC(131) Pause Young (Normal) (G1 Evacuation Pause) 387M->304M(1024M) 37,986ms
[2022-09-12T18:59:22.802+0200][gc,cpu      ] GC(131) User=0,05s Sys=0,15s Real=0,04s
[2022-09-12T18:59:35.867+0200][gc,start    ] GC(132) Pause Young (Normal) (G1 Evacuation Pause)
[2022-09-12T18:59:35.867+0200][gc,task     ] GC(132) Using 15 workers of 15 for evacuation
[2022-09-12T18:59:35.885+0200][gc,phases   ] GC(132)   Pre Evacuate Collection Set: 0,2ms
[2022-09-12T18:59:35.885+0200][gc,phases   ] GC(132)   Merge Heap Roots: 0,2ms
[2022-09-12T18:59:35.885+0200][gc,phases   ] GC(132)   Evacuate Collection Set: 16,6ms
[2022-09-12T18:59:35.885+0200][gc,phases   ] GC(132)   Post Evacuate Collection Set: 0,2ms
[2022-09-12T18:59:35.885+0200][gc,phases   ] GC(132)   Other: 0,1ms
[2022-09-12T18:59:35.885+0200][gc,heap     ] GC(132) Eden regions: 39->0(79)
[2022-09-12T18:59:35.885+0200][gc,heap     ] GC(132) Survivor regions: 12->4(7)
[2022-09-12T18:59:35.885+0200][gc,heap     ] GC(132) Old regions: 163->174
[2022-09-12T18:59:35.885+0200][gc,heap     ] GC(132) Archive regions: 2->2
[2022-09-12T18:59:35.885+0200][gc,heap     ] GC(132) Humongous regions: 129->129
[2022-09-12T18:59:35.885+0200][gc,metaspace] GC(132) Metaspace: 42380K(43264K)->42380K(43264K) NonClass: 37473K(37952K)->37473K(37952K) Class: 4906K(5312K)->4906K(5312K)
[2022-09-12T18:59:35.885+0200][gc          ] GC(132) Pause Young (Normal) (G1 Evacuation Pause) 343M->306M(1024M) 17,424ms
[2022-09-12T18:59:35.885+0200][gc,cpu      ] GC(132) User=0,05s Sys=0,12s Real=0,02s
[2022-09-12T19:00:03.265+0200][gc,start    ] GC(133) Pause Young (Normal) (G1 Evacuation Pause)
[2022-09-12T19:00:03.266+0200][gc,task     ] GC(133) Using 15 workers of 15 for evacuation
[2022-09-12T19:00:03.268+0200][gc,phases   ] GC(133)   Pre Evacuate Collection Set: 0,1ms
[2022-09-12T19:00:03.268+0200][gc,phases   ] GC(133)   Merge Heap Roots: 0,1ms
[2022-09-12T19:00:03.268+0200][gc,phases   ] GC(133)   Evacuate Collection Set: 1,6ms
[2022-09-12T19:00:03.268+0200][gc,phases   ] GC(133)   Post Evacuate Collection Set: 0,4ms
[2022-09-12T19:00:03.268+0200][gc,phases   ] GC(133)   Other: 0,1ms
[2022-09-12T19:00:03.268+0200][gc,heap     ] GC(133) Eden regions: 79->0(89)
[2022-09-12T19:00:03.268+0200][gc,heap     ] GC(133) Survivor regions: 4->6(11)
[2022-09-12T19:00:03.268+0200][gc,heap     ] GC(133) Old regions: 174->174
[2022-09-12T19:00:03.268+0200][gc,heap     ] GC(133) Archive regions: 2->2
[2022-09-12T19:00:03.268+0200][gc,heap     ] GC(133) Humongous regions: 129->129
[2022-09-12T19:00:03.268+0200][gc,metaspace] GC(133) Metaspace: 42380K(43264K)->42380K(43264K) NonClass: 37473K(37952K)->37473K(37952K) Class: 4906K(5312K)->4906K(5312K)
[2022-09-12T19:00:03.268+0200][gc          ] GC(133) Pause Young (Normal) (G1 Evacuation Pause) 385M->308M(1024M) 3,297ms
[2022-09-12T19:00:03.268+0200][gc,cpu      ] GC(133) User=0,02s Sys=0,00s Real=0,00s
[2022-09-12T19:01:23.037+0200][gc,start    ] GC(134) Pause Young (Normal) (G1 Evacuation Pause)
[2022-09-12T19:01:23.037+0200][gc,task     ] GC(134) Using 15 workers of 15 for evacuation
[2022-09-12T19:01:23.040+0200][gc,phases   ] GC(134)   Pre Evacuate Collection Set: 0,1ms
[2022-09-12T19:01:23.040+0200][gc,phases   ] GC(134)   Merge Heap Roots: 0,1ms
[2022-09-12T19:01:23.040+0200][gc,phases   ] GC(134)   Evacuate Collection Set: 2,5ms
[2022-09-12T19:01:23.040+0200][gc,phases   ] GC(134)   Post Evacuate Collection Set: 0,4ms
[2022-09-12T19:01:23.040+0200][gc,phases   ] GC(134)   Other: 0,1ms
[2022-09-12T19:01:23.040+0200][gc,heap     ] GC(134) Eden regions: 89->0(96)
[2022-09-12T19:01:23.040+0200][gc,heap     ] GC(134) Survivor regions: 6->9(12)
[2022-09-12T19:01:23.040+0200][gc,heap     ] GC(134) Old regions: 174->174
[2022-09-12T19:01:23.040+0200][gc,heap     ] GC(134) Archive regions: 2->2
[2022-09-12T19:01:23.040+0200][gc,heap     ] GC(134) Humongous regions: 129->129
[2022-09-12T19:01:23.040+0200][gc,metaspace] GC(134) Metaspace: 42380K(43264K)->42380K(43264K) NonClass: 37473K(37952K)->37473K(37952K) Class: 4906K(5312K)->4906K(5312K)
[2022-09-12T19:01:23.041+0200][gc          ] GC(134) Pause Young (Normal) (G1 Evacuation Pause) 397M->311M(1024M) 3,831ms
[2022-09-12T19:01:23.041+0200][gc,cpu      ] GC(134) User=0,03s Sys=0,00s Real=0,01s
[2022-09-12T19:03:02.031+0200][gc,start    ] GC(135) Pause Young (Normal) (G1 Evacuation Pause)
[2022-09-12T19:03:02.032+0200][gc,task     ] GC(135) Using 15 workers of 15 for evacuation
[2022-09-12T19:03:02.046+0200][gc,phases   ] GC(135)   Pre Evacuate Collection Set: 0,1ms
[2022-09-12T19:03:02.047+0200][gc,phases   ] GC(135)   Merge Heap Roots: 0,1ms
[2022-09-12T19:03:02.047+0200][gc,phases   ] GC(135)   Evacuate Collection Set: 13,8ms
[2022-09-12T19:03:02.047+0200][gc,phases   ] GC(135)   Post Evacuate Collection Set: 0,2ms
[2022-09-12T19:03:02.047+0200][gc,phases   ] GC(135)   Other: 0,1ms
[2022-09-12T19:03:02.047+0200][gc,heap     ] GC(135) Eden regions: 96->0(95)
[2022-09-12T19:03:02.047+0200][gc,heap     ] GC(135) Survivor regions: 9->9(14)
[2022-09-12T19:03:02.047+0200][gc,heap     ] GC(135) Old regions: 174->176
[2022-09-12T19:03:02.047+0200][gc,heap     ] GC(135) Archive regions: 2->2
[2022-09-12T19:03:02.047+0200][gc,heap     ] GC(135) Humongous regions: 129->129
[2022-09-12T19:03:02.047+0200][gc,metaspace] GC(135) Metaspace: 42381K(43264K)->42381K(43264K) NonClass: 37474K(37952K)->37474K(37952K) Class: 4906K(5312K)->4906K(5312K)
[2022-09-12T19:03:02.047+0200][gc          ] GC(135) Pause Young (Normal) (G1 Evacuation Pause) 407M->314M(1024M) 15,263ms
[2022-09-12T19:03:02.047+0200][gc,cpu      ] GC(135) User=0,04s Sys=0,09s Real=0,01s
[2022-09-12T19:05:34.390+0200][gc,start    ] GC(136) Pause Young (Normal) (G1 Evacuation Pause)
[2022-09-12T19:05:34.391+0200][gc,task     ] GC(136) Using 15 workers of 15 for evacuation
[2022-09-12T19:05:34.396+0200][gc,phases   ] GC(136)   Pre Evacuate Collection Set: 0,1ms
[2022-09-12T19:05:34.396+0200][gc,phases   ] GC(136)   Merge Heap Roots: 0,1ms
[2022-09-12T19:05:34.396+0200][gc,phases   ] GC(136)   Evacuate Collection Set: 5,0ms
[2022-09-12T19:05:34.396+0200][gc,phases   ] GC(136)   Post Evacuate Collection Set: 0,2ms
[2022-09-12T19:05:34.396+0200][gc,phases   ] GC(136)   Other: 0,1ms
[2022-09-12T19:05:34.396+0200][gc,heap     ] GC(136) Eden regions: 95->0(93)
[2022-09-12T19:05:34.396+0200][gc,heap     ] GC(136) Survivor regions: 9->12(13)
[2022-09-12T19:05:34.396+0200][gc,heap     ] GC(136) Old regions: 176->179
[2022-09-12T19:05:34.396+0200][gc,heap     ] GC(136) Archive regions: 2->2
[2022-09-12T19:05:34.396+0200][gc,heap     ] GC(136) Humongous regions: 129->129
[2022-09-12T19:05:34.396+0200][gc,metaspace] GC(136) Metaspace: 42383K(43264K)->42383K(43264K) NonClass: 37476K(37952K)->37476K(37952K) Class: 4906K(5312K)->4906K(5312K)
[2022-09-12T19:05:34.396+0200][gc          ] GC(136) Pause Young (Normal) (G1 Evacuation Pause) 409M->320M(1024M) 6,141ms
[2022-09-12T19:05:34.397+0200][gc,cpu      ] GC(136) User=0,04s Sys=0,02s Real=0,00s
[2022-09-12T19:06:06.590+0200][gc,start    ] GC(137) Pause Young (Normal) (G1 Evacuation Pause)
[2022-09-12T19:06:06.591+0200][gc,task     ] GC(137) Using 15 workers of 15 for evacuation
[2022-09-12T19:06:06.601+0200][gc,phases   ] GC(137)   Pre Evacuate Collection Set: 0,1ms
[2022-09-12T19:06:06.601+0200][gc,phases   ] GC(137)   Merge Heap Roots: 0,1ms
[2022-09-12T19:06:06.601+0200][gc,phases   ] GC(137)   Evacuate Collection Set: 9,3ms
[2022-09-12T19:06:06.601+0200][gc,phases   ] GC(137)   Post Evacuate Collection Set: 0,2ms
[2022-09-12T19:06:06.601+0200][gc,phases   ] GC(137)   Other: 0,1ms
[2022-09-12T19:06:06.601+0200][gc,heap     ] GC(137) Eden regions: 93->0(154)
[2022-09-12T19:06:06.601+0200][gc,heap     ] GC(137) Survivor regions: 12->8(14)
[2022-09-12T19:06:06.601+0200][gc,heap     ] GC(137) Old regions: 179->185
[2022-09-12T19:06:06.601+0200][gc,heap     ] GC(137) Archive regions: 2->2
[2022-09-12T19:06:06.601+0200][gc,heap     ] GC(137) Humongous regions: 129->129
[2022-09-12T19:06:06.601+0200][gc,metaspace] GC(137) Metaspace: 42383K(43264K)->42383K(43264K) NonClass: 37476K(37952K)->37476K(37952K) Class: 4906K(5312K)->4906K(5312K)
[2022-09-12T19:06:06.601+0200][gc          ] GC(137) Pause Young (Normal) (G1 Evacuation Pause) 413M->322M(1024M) 10,816ms
[2022-09-12T19:06:06.601+0200][gc,cpu      ] GC(137) User=0,06s Sys=0,06s Real=0,01s
[2022-09-12T19:07:43.849+0200][gc,start    ] GC(138) Pause Young (Normal) (G1 Evacuation Pause)
[2022-09-12T19:07:43.850+0200][gc,task     ] GC(138) Using 15 workers of 15 for evacuation
[2022-09-12T19:07:43.874+0200][gc,mmu      ] GC(138) MMU target violated: 21,0ms (20,0ms/21,0ms)
[2022-09-12T19:07:43.874+0200][gc,phases   ] GC(138)   Pre Evacuate Collection Set: 0,1ms
[2022-09-12T19:07:43.874+0200][gc,phases   ] GC(138)   Merge Heap Roots: 0,1ms
[2022-09-12T19:07:43.874+0200][gc,phases   ] GC(138)   Evacuate Collection Set: 23,7ms
[2022-09-12T19:07:43.874+0200][gc,phases   ] GC(138)   Post Evacuate Collection Set: 0,3ms
[2022-09-12T19:07:43.874+0200][gc,phases   ] GC(138)   Other: 0,2ms
[2022-09-12T19:07:43.874+0200][gc,heap     ] GC(138) Eden regions: 154->0(40)
[2022-09-12T19:07:43.874+0200][gc,heap     ] GC(138) Survivor regions: 8->11(21)
[2022-09-12T19:07:43.874+0200][gc,heap     ] GC(138) Old regions: 185->185
[2022-09-12T19:07:43.874+0200][gc,heap     ] GC(138) Archive regions: 2->2
[2022-09-12T19:07:43.874+0200][gc,heap     ] GC(138) Humongous regions: 129->129
[2022-09-12T19:07:43.874+0200][gc,metaspace] GC(138) Metaspace: 42383K(43264K)->42383K(43264K) NonClass: 37476K(37952K)->37476K(37952K) Class: 4906K(5312K)->4906K(5312K)
[2022-09-12T19:07:43.874+0200][gc          ] GC(138) Pause Young (Normal) (G1 Evacuation Pause) 476M->324M(1024M) 24,863ms
[2022-09-12T19:07:43.874+0200][gc,cpu      ] GC(138) User=0,04s Sys=0,15s Real=0,03s
[2022-09-12T19:08:00.545+0200][gc,start    ] GC(139) Pause Young (Normal) (G1 Evacuation Pause)
[2022-09-12T19:08:00.546+0200][gc,task     ] GC(139) Using 15 workers of 15 for evacuation
[2022-09-12T19:08:00.556+0200][gc,phases   ] GC(139)   Pre Evacuate Collection Set: 0,2ms
[2022-09-12T19:08:00.556+0200][gc,phases   ] GC(139)   Merge Heap Roots: 0,1ms
[2022-09-12T19:08:00.556+0200][gc,phases   ] GC(139)   Evacuate Collection Set: 9,5ms
[2022-09-12T19:08:00.556+0200][gc,phases   ] GC(139)   Post Evacuate Collection Set: 0,2ms
[2022-09-12T19:08:00.556+0200][gc,phases   ] GC(139)   Other: 0,1ms
[2022-09-12T19:08:00.556+0200][gc,heap     ] GC(139) Eden regions: 40->0(155)
[2022-09-12T19:08:00.556+0200][gc,heap     ] GC(139) Survivor regions: 11->5(7)
[2022-09-12T19:08:00.556+0200][gc,heap     ] GC(139) Old regions: 185->192
[2022-09-12T19:08:00.556+0200][gc,heap     ] GC(139) Archive regions: 2->2
[2022-09-12T19:08:00.556+0200][gc,heap     ] GC(139) Humongous regions: 129->129
[2022-09-12T19:08:00.556+0200][gc,metaspace] GC(139) Metaspace: 42383K(43264K)->42383K(43264K) NonClass: 37476K(37952K)->37476K(37952K) Class: 4906K(5312K)->4906K(5312K)
[2022-09-12T19:08:00.556+0200][gc          ] GC(139) Pause Young (Normal) (G1 Evacuation Pause) 364M->325M(1024M) 11,115ms
[2022-09-12T19:08:00.556+0200][gc,cpu      ] GC(139) User=0,04s Sys=0,07s Real=0,01s
[2022-09-12T19:09:33.461+0200][gc,start    ] GC(140) Pause Young (Normal) (G1 Evacuation Pause)
[2022-09-12T19:09:33.461+0200][gc,task     ] GC(140) Using 15 workers of 15 for evacuation
[2022-09-12T19:09:33.466+0200][gc,phases   ] GC(140)   Pre Evacuate Collection Set: 0,4ms
[2022-09-12T19:09:33.466+0200][gc,phases   ] GC(140)   Merge Heap Roots: 0,4ms
[2022-09-12T19:09:33.466+0200][gc,phases   ] GC(140)   Evacuate Collection Set: 3,8ms
[2022-09-12T19:09:33.466+0200][gc,phases   ] GC(140)   Post Evacuate Collection Set: 0,5ms
[2022-09-12T19:09:33.466+0200][gc,phases   ] GC(140)   Other: 0,1ms
[2022-09-12T19:09:33.466+0200][gc,heap     ] GC(140) Eden regions: 155->0(163)
[2022-09-12T19:09:33.466+0200][gc,heap     ] GC(140) Survivor regions: 5->8(20)
[2022-09-12T19:09:33.466+0200][gc,heap     ] GC(140) Old regions: 192->192
[2022-09-12T19:09:33.466+0200][gc,heap     ] GC(140) Archive regions: 2->2
[2022-09-12T19:09:33.466+0200][gc,heap     ] GC(140) Humongous regions: 129->129
[2022-09-12T19:09:33.466+0200][gc,metaspace] GC(140) Metaspace: 42385K(43264K)->42385K(43264K) NonClass: 37479K(37952K)->37479K(37952K) Class: 4906K(5312K)->4906K(5312K)
[2022-09-12T19:09:33.467+0200][gc          ] GC(140) Pause Young (Normal) (G1 Evacuation Pause) 480M->328M(1024M) 5,986ms
[2022-09-12T19:09:33.467+0200][gc,cpu      ] GC(140) User=0,03s Sys=0,01s Real=0,00s
[2022-09-12T19:13:12.628+0200][gc,start    ] GC(141) Pause Young (Normal) (G1 Evacuation Pause)
[2022-09-12T19:13:12.628+0200][gc,task     ] GC(141) Using 15 workers of 15 for evacuation
[2022-09-12T19:13:12.659+0200][gc,mmu      ] GC(141) MMU target violated: 21,0ms (20,0ms/21,0ms)
[2022-09-12T19:13:12.659+0200][gc,phases   ] GC(141)   Pre Evacuate Collection Set: 0,2ms
[2022-09-12T19:13:12.659+0200][gc,phases   ] GC(141)   Merge Heap Roots: 0,1ms
[2022-09-12T19:13:12.659+0200][gc,phases   ] GC(141)   Evacuate Collection Set: 29,9ms
[2022-09-12T19:13:12.659+0200][gc,phases   ] GC(141)   Post Evacuate Collection Set: 0,3ms
[2022-09-12T19:13:12.659+0200][gc,phases   ] GC(141)   Other: 0,3ms
[2022-09-12T19:13:12.659+0200][gc,heap     ] GC(141) Eden regions: 163->0(39)
[2022-09-12T19:13:12.659+0200][gc,heap     ] GC(141) Survivor regions: 8->12(22)
[2022-09-12T19:13:12.659+0200][gc,heap     ] GC(141) Old regions: 192->192
[2022-09-12T19:13:12.659+0200][gc,heap     ] GC(141) Archive regions: 2->2
[2022-09-12T19:13:12.659+0200][gc,heap     ] GC(141) Humongous regions: 129->129
[2022-09-12T19:13:12.659+0200][gc,metaspace] GC(141) Metaspace: 42403K(43264K)->42403K(43264K) NonClass: 37496K(37952K)->37496K(37952K) Class: 4906K(5312K)->4906K(5312K)
[2022-09-12T19:13:12.659+0200][gc          ] GC(141) Pause Young (Normal) (G1 Evacuation Pause) 491M->332M(1024M) 31,417ms
[2022-09-12T19:13:12.659+0200][gc,cpu      ] GC(141) User=0,05s Sys=0,17s Real=0,03s
[2022-09-12T19:13:25.484+0200][gc,start    ] GC(142) Pause Young (Normal) (G1 Evacuation Pause)
[2022-09-12T19:13:25.485+0200][gc,task     ] GC(142) Using 15 workers of 15 for evacuation
[2022-09-12T19:13:25.506+0200][gc,mmu      ] GC(142) MMU target violated: 20,7ms (20,0ms/21,0ms)
[2022-09-12T19:13:25.506+0200][gc,phases   ] GC(142)   Pre Evacuate Collection Set: 0,1ms
[2022-09-12T19:13:25.506+0200][gc,phases   ] GC(142)   Merge Heap Roots: 0,1ms
[2022-09-12T19:13:25.506+0200][gc,phases   ] GC(142)   Evacuate Collection Set: 20,2ms
[2022-09-12T19:13:25.506+0200][gc,phases   ] GC(142)   Post Evacuate Collection Set: 0,3ms
[2022-09-12T19:13:25.506+0200][gc,phases   ] GC(142)   Other: 0,1ms
[2022-09-12T19:13:25.506+0200][gc,heap     ] GC(142) Eden regions: 39->0(110)
[2022-09-12T19:13:25.506+0200][gc,heap     ] GC(142) Survivor regions: 12->4(7)
[2022-09-12T19:13:25.506+0200][gc,heap     ] GC(142) Old regions: 192->202
[2022-09-12T19:13:25.506+0200][gc,heap     ] GC(142) Archive regions: 2->2
[2022-09-12T19:13:25.506+0200][gc,heap     ] GC(142) Humongous regions: 129->129
[2022-09-12T19:13:25.506+0200][gc,metaspace] GC(142) Metaspace: 42403K(43264K)->42403K(43264K) NonClass: 37496K(37952K)->37496K(37952K) Class: 4906K(5312K)->4906K(5312K)
[2022-09-12T19:13:25.506+0200][gc          ] GC(142) Pause Young (Normal) (G1 Evacuation Pause) 371M->335M(1024M) 21,725ms
[2022-09-12T19:13:25.506+0200][gc,cpu      ] GC(142) User=0,05s Sys=0,11s Real=0,02s
[2022-09-12T19:14:22.576+0200][gc,start    ] GC(143) Pause Young (Normal) (G1 Evacuation Pause)
[2022-09-12T19:14:22.577+0200][gc,task     ] GC(143) Using 15 workers of 15 for evacuation
[2022-09-12T19:14:22.580+0200][gc,phases   ] GC(143)   Pre Evacuate Collection Set: 0,2ms
[2022-09-12T19:14:22.580+0200][gc,phases   ] GC(143)   Merge Heap Roots: 0,1ms
[2022-09-12T19:14:22.580+0200][gc,phases   ] GC(143)   Evacuate Collection Set: 2,8ms
[2022-09-12T19:14:22.580+0200][gc,phases   ] GC(143)   Post Evacuate Collection Set: 0,3ms
[2022-09-12T19:14:22.580+0200][gc,phases   ] GC(143)   Other: 0,1ms
[2022-09-12T19:14:22.580+0200][gc,heap     ] GC(143) Eden regions: 110->0(112)
[2022-09-12T19:14:22.580+0200][gc,heap     ] GC(143) Survivor regions: 4->7(15)
[2022-09-12T19:14:22.581+0200][gc,heap     ] GC(143) Old regions: 202->202
[2022-09-12T19:14:22.581+0200][gc,heap     ] GC(143) Archive regions: 2->2
[2022-09-12T19:14:22.581+0200][gc,heap     ] GC(143) Humongous regions: 129->129
[2022-09-12T19:14:22.581+0200][gc,metaspace] GC(143) Metaspace: 42403K(43264K)->42403K(43264K) NonClass: 37496K(37952K)->37496K(37952K) Class: 4906K(5312K)->4906K(5312K)
[2022-09-12T19:14:22.581+0200][gc          ] GC(143) Pause Young (Normal) (G1 Evacuation Pause) 445M->338M(1024M) 4,987ms
[2022-09-12T19:14:22.581+0200][gc,cpu      ] GC(143) User=0,04s Sys=0,01s Real=0,01s
[2022-09-12T19:17:32.282+0200][gc,start    ] GC(144) Pause Young (Normal) (G1 Evacuation Pause)
[2022-09-12T19:17:32.284+0200][gc,task     ] GC(144) Using 15 workers of 15 for evacuation
[2022-09-12T19:17:32.303+0200][gc,phases   ] GC(144)   Pre Evacuate Collection Set: 0,2ms
[2022-09-12T19:17:32.303+0200][gc,phases   ] GC(144)   Merge Heap Roots: 0,1ms
[2022-09-12T19:17:32.303+0200][gc,phases   ] GC(144)   Evacuate Collection Set: 16,5ms
[2022-09-12T19:17:32.303+0200][gc,phases   ] GC(144)   Post Evacuate Collection Set: 1,2ms
[2022-09-12T19:17:32.303+0200][gc,phases   ] GC(144)   Other: 0,2ms
[2022-09-12T19:17:32.303+0200][gc,heap     ] GC(144) Eden regions: 112->0(39)
[2022-09-12T19:17:32.303+0200][gc,heap     ] GC(144) Survivor regions: 7->12(15)
[2022-09-12T19:17:32.303+0200][gc,heap     ] GC(144) Old regions: 202->202
[2022-09-12T19:17:32.303+0200][gc,heap     ] GC(144) Archive regions: 2->2
[2022-09-12T19:17:32.303+0200][gc,heap     ] GC(144) Humongous regions: 129->129
[2022-09-12T19:17:32.303+0200][gc,metaspace] GC(144) Metaspace: 42410K(43264K)->42410K(43264K) NonClass: 37503K(37952K)->37503K(37952K) Class: 4906K(5312K)->4906K(5312K)
[2022-09-12T19:17:32.303+0200][gc          ] GC(144) Pause Young (Normal) (G1 Evacuation Pause) 450M->343M(1024M) 21,163ms
[2022-09-12T19:17:32.303+0200][gc,cpu      ] GC(144) User=0,05s Sys=0,04s Real=0,02s
[2022-09-12T19:17:45.721+0200][gc,start    ] GC(145) Pause Young (Normal) (G1 Evacuation Pause)
[2022-09-12T19:17:45.722+0200][gc,task     ] GC(145) Using 15 workers of 15 for evacuation
[2022-09-12T19:17:45.736+0200][gc,phases   ] GC(145)   Pre Evacuate Collection Set: 0,1ms
[2022-09-12T19:17:45.736+0200][gc,phases   ] GC(145)   Merge Heap Roots: 0,0ms
[2022-09-12T19:17:45.736+0200][gc,phases   ] GC(145)   Evacuate Collection Set: 13,6ms
[2022-09-12T19:17:45.736+0200][gc,phases   ] GC(145)   Post Evacuate Collection Set: 0,3ms
[2022-09-12T19:17:45.736+0200][gc,phases   ] GC(145)   Other: 0,1ms
[2022-09-12T19:17:45.736+0200][gc,heap     ] GC(145) Eden regions: 39->0(185)
[2022-09-12T19:17:45.736+0200][gc,heap     ] GC(145) Survivor regions: 12->2(7)
[2022-09-12T19:17:45.736+0200][gc,heap     ] GC(145) Old regions: 202->214
[2022-09-12T19:17:45.736+0200][gc,heap     ] GC(145) Archive regions: 2->2
[2022-09-12T19:17:45.736+0200][gc,heap     ] GC(145) Humongous regions: 129->129
[2022-09-12T19:17:45.736+0200][gc,metaspace] GC(145) Metaspace: 42410K(43264K)->42410K(43264K) NonClass: 37503K(37952K)->37503K(37952K) Class: 4906K(5312K)->4906K(5312K)
[2022-09-12T19:17:45.736+0200][gc          ] GC(145) Pause Young (Normal) (G1 Evacuation Pause) 382M->345M(1024M) 15,120ms
[2022-09-12T19:17:45.736+0200][gc,cpu      ] GC(145) User=0,04s Sys=0,10s Real=0,01s
[2022-09-12T19:30:34.536+0200][gc,start    ] GC(146) Pause Young (Normal) (G1 Evacuation Pause)
[2022-09-12T19:30:34.536+0200][gc,task     ] GC(146) Using 15 workers of 15 for evacuation
[2022-09-12T19:30:34.560+0200][gc,mmu      ] GC(146) MMU target violated: 21,0ms (20,0ms/21,0ms)
[2022-09-12T19:30:34.560+0200][gc,phases   ] GC(146)   Pre Evacuate Collection Set: 0,2ms
[2022-09-12T19:30:34.560+0200][gc,phases   ] GC(146)   Merge Heap Roots: 0,2ms
[2022-09-12T19:30:34.560+0200][gc,phases   ] GC(146)   Evacuate Collection Set: 23,1ms
[2022-09-12T19:30:34.560+0200][gc,phases   ] GC(146)   Post Evacuate Collection Set: 0,4ms
[2022-09-12T19:30:34.560+0200][gc,phases   ] GC(146)   Other: 0,2ms
[2022-09-12T19:30:34.560+0200][gc,heap     ] GC(146) Eden regions: 185->0(39)
[2022-09-12T19:30:34.560+0200][gc,heap     ] GC(146) Survivor regions: 2->12(24)
[2022-09-12T19:30:34.561+0200][gc,heap     ] GC(146) Old regions: 214->214
[2022-09-12T19:30:34.561+0200][gc,heap     ] GC(146) Archive regions: 2->2
[2022-09-12T19:30:34.561+0200][gc,heap     ] GC(146) Humongous regions: 129->129
[2022-09-12T19:30:34.561+0200][gc,metaspace] GC(146) Metaspace: 42414K(43264K)->42414K(43264K) NonClass: 37507K(37952K)->37507K(37952K) Class: 4906K(5312K)->4906K(5312K)
[2022-09-12T19:30:34.561+0200][gc          ] GC(146) Pause Young (Normal) (G1 Evacuation Pause) 530M->354M(1024M) 24,941ms
[2022-09-12T19:30:34.561+0200][gc,cpu      ] GC(146) User=0,06s Sys=0,16s Real=0,03s
[2022-09-12T19:31:51.477+0200][gc,start    ] GC(147) Pause Young (Normal) (G1 Evacuation Pause)
[2022-09-12T19:31:51.478+0200][gc,task     ] GC(147) Using 15 workers of 15 for evacuation
[2022-09-12T19:31:51.510+0200][gc,mmu      ] GC(147) MMU target violated: 21,0ms (20,0ms/21,0ms)
[2022-09-12T19:31:51.510+0200][gc,phases   ] GC(147)   Pre Evacuate Collection Set: 0,1ms
[2022-09-12T19:31:51.510+0200][gc,phases   ] GC(147)   Merge Heap Roots: 0,1ms
[2022-09-12T19:31:51.510+0200][gc,phases   ] GC(147)   Evacuate Collection Set: 29,3ms
[2022-09-12T19:31:51.510+0200][gc,phases   ] GC(147)   Post Evacuate Collection Set: 2,5ms
[2022-09-12T19:31:51.510+0200][gc,phases   ] GC(147)   Other: 0,2ms
[2022-09-12T19:31:51.510+0200][gc,heap     ] GC(147) Eden regions: 39->0(79)
[2022-09-12T19:31:51.510+0200][gc,heap     ] GC(147) Survivor regions: 12->4(7)
[2022-09-12T19:31:51.510+0200][gc,heap     ] GC(147) Old regions: 214->225
[2022-09-12T19:31:51.510+0200][gc,heap     ] GC(147) Archive regions: 2->2
[2022-09-12T19:31:51.510+0200][gc,heap     ] GC(147) Humongous regions: 129->129
[2022-09-12T19:31:51.510+0200][gc,metaspace] GC(147) Metaspace: 42415K(43264K)->42415K(43264K) NonClass: 37508K(37952K)->37508K(37952K) Class: 4906K(5312K)->4906K(5312K)
[2022-09-12T19:31:51.511+0200][gc          ] GC(147) Pause Young (Normal) (G1 Evacuation Pause) 393M->357M(1024M) 33,799ms
[2022-09-12T19:31:51.511+0200][gc,cpu      ] GC(147) User=0,06s Sys=0,13s Real=0,04s
[2022-09-12T19:33:48.267+0200][gc,start    ] GC(148) Pause Young (Normal) (G1 Evacuation Pause)
[2022-09-12T19:33:48.268+0200][gc,task     ] GC(148) Using 15 workers of 15 for evacuation
[2022-09-12T19:33:48.271+0200][gc,phases   ] GC(148)   Pre Evacuate Collection Set: 0,1ms
[2022-09-12T19:33:48.271+0200][gc,phases   ] GC(148)   Merge Heap Roots: 0,1ms
[2022-09-12T19:33:48.271+0200][gc,phases   ] GC(148)   Evacuate Collection Set: 2,2ms
[2022-09-12T19:33:48.271+0200][gc,phases   ] GC(148)   Post Evacuate Collection Set: 0,4ms
[2022-09-12T19:33:48.271+0200][gc,phases   ] GC(148)   Other: 0,2ms
[2022-09-12T19:33:48.271+0200][gc,heap     ] GC(148) Eden regions: 79->0(61)
[2022-09-12T19:33:48.271+0200][gc,heap     ] GC(148) Survivor regions: 4->8(11)
[2022-09-12T19:33:48.271+0200][gc,heap     ] GC(148) Old regions: 225->225
[2022-09-12T19:33:48.271+0200][gc,heap     ] GC(148) Archive regions: 2->2
[2022-09-12T19:33:48.271+0200][gc,heap     ] GC(148) Humongous regions: 129->129
[2022-09-12T19:33:48.271+0200][gc,metaspace] GC(148) Metaspace: 42415K(43264K)->42415K(43264K) NonClass: 37508K(37952K)->37508K(37952K) Class: 4906K(5312K)->4906K(5312K)
[2022-09-12T19:33:48.271+0200][gc          ] GC(148) Pause Young (Normal) (G1 Evacuation Pause) 436M->361M(1024M) 4,269ms
[2022-09-12T19:33:48.271+0200][gc,cpu      ] GC(148) User=0,03s Sys=0,00s Real=0,01s
[2022-09-12T19:36:53.850+0200][gc,start    ] GC(149) Pause Young (Normal) (G1 Evacuation Pause)
[2022-09-12T19:36:53.851+0200][gc,task     ] GC(149) Using 15 workers of 15 for evacuation
[2022-09-12T19:36:53.861+0200][gc,phases   ] GC(149)   Pre Evacuate Collection Set: 0,2ms
[2022-09-12T19:36:53.861+0200][gc,phases   ] GC(149)   Merge Heap Roots: 0,1ms
[2022-09-12T19:36:53.861+0200][gc,phases   ] GC(149)   Evacuate Collection Set: 10,0ms
[2022-09-12T19:36:53.861+0200][gc,phases   ] GC(149)   Post Evacuate Collection Set: 0,2ms
[2022-09-12T19:36:53.861+0200][gc,phases   ] GC(149)   Other: 0,2ms
[2022-09-12T19:36:53.862+0200][gc,heap     ] GC(149) Eden regions: 61->0(94)
[2022-09-12T19:36:53.862+0200][gc,heap     ] GC(149) Survivor regions: 8->6(9)
[2022-09-12T19:36:53.862+0200][gc,heap     ] GC(149) Old regions: 225->232
[2022-09-12T19:36:53.862+0200][gc,heap     ] GC(149) Archive regions: 2->2
[2022-09-12T19:36:53.862+0200][gc,heap     ] GC(149) Humongous regions: 129->129
[2022-09-12T19:36:53.862+0200][gc,metaspace] GC(149) Metaspace: 42416K(43264K)->42416K(43264K) NonClass: 37509K(37952K)->37509K(37952K) Class: 4906K(5312K)->4906K(5312K)
[2022-09-12T19:36:53.862+0200][gc          ] GC(149) Pause Young (Normal) (G1 Evacuation Pause) 422M->366M(1024M) 11,603ms
[2022-09-12T19:36:53.862+0200][gc,cpu      ] GC(149) User=0,05s Sys=0,07s Real=0,01s
[2022-09-12T19:37:14.344+0200][gc,heap,exit] Heap
[2022-09-12T19:37:14.345+0200][gc,heap,exit]  garbage-first heap   total 1048576K, used 388979K [0x00000007c0000000, 0x0000000800000000)
[2022-09-12T19:37:14.345+0200][gc,heap,exit]   region size 1024K, 19 young (19456K), 6 survivors (6144K)
[2022-09-12T19:37:14.345+0200][gc,heap,exit]  Metaspace       used 43050K, committed 43712K, reserved 1114112K
[2022-09-12T19:37:14.345+0200][gc,heap,exit]   class space    used 5080K, committed 5376K, reserved 1048576K
