[2022-10-10T10:13:52.163+0200][gc,init] CardTable entry size: 512
[2022-10-10T10:13:52.163+0200][gc     ] Using G1
[2022-10-10T10:13:52.167+0200][gc,init] Version: 18.0.1.1+2-6 (release)
[2022-10-10T10:13:52.167+0200][gc,init] CPUs: 20 total, 20 available
[2022-10-10T10:13:52.167+0200][gc,init] Memory: 32768M
[2022-10-10T10:13:52.167+0200][gc,init] Large Page Support: Disabled
[2022-10-10T10:13:52.167+0200][gc,init] NUMA Support: Disabled
[2022-10-10T10:13:52.167+0200][gc,init] Compressed Oops: Enabled (Zero based)
[2022-10-10T10:13:52.167+0200][gc,init] Heap Region Size: 1M
[2022-10-10T10:13:52.167+0200][gc,init] Heap Min Capacity: 1G
[2022-10-10T10:13:52.167+0200][gc,init] Heap Initial Capacity: 1G
[2022-10-10T10:13:52.167+0200][gc,init] Heap Max Capacity: 1G
[2022-10-10T10:13:52.167+0200][gc,init] Pre-touch: Disabled
[2022-10-10T10:13:52.167+0200][gc,init] Parallel Workers: 15
[2022-10-10T10:13:52.167+0200][gc,init] Concurrent Workers: 4
[2022-10-10T10:13:52.167+0200][gc,init] Concurrent Refinement Workers: 15
[2022-10-10T10:13:52.167+0200][gc,init] Periodic GC: Disabled
[2022-10-10T10:13:52.167+0200][gc,metaspace] CDS archive(s) mapped at: [0x0000000800000000-0x0000000800ba8000-0x0000000800ba8000), size 12222464, SharedBaseAddress: 0x0000000800000000, ArchiveRelocationMode: 0.
[2022-10-10T10:13:52.167+0200][gc,metaspace] Compressed class space mapped at: 0x0000000800c00000-0x0000000840c00000, reserved size: 1073741824
[2022-10-10T10:13:52.167+0200][gc,metaspace] Narrow klass base: 0x0000000800000000, Narrow klass shift: 0, Narrow klass range: 0x100000000
[2022-10-10T10:13:53.432+0200][gc,start    ] GC(0) Pause Young (Normal) (G1 Evacuation Pause)
[2022-10-10T10:13:53.433+0200][gc,task     ] GC(0) Using 15 workers of 15 for evacuation
[2022-10-10T10:13:53.436+0200][gc,phases   ] GC(0)   Pre Evacuate Collection Set: 0,2ms
[2022-10-10T10:13:53.436+0200][gc,phases   ] GC(0)   Merge Heap Roots: 0,1ms
[2022-10-10T10:13:53.436+0200][gc,phases   ] GC(0)   Evacuate Collection Set: 2,2ms
[2022-10-10T10:13:53.436+0200][gc,phases   ] GC(0)   Post Evacuate Collection Set: 0,8ms
[2022-10-10T10:13:53.436+0200][gc,phases   ] GC(0)   Other: 0,5ms
[2022-10-10T10:13:53.436+0200][gc,heap     ] GC(0) Eden regions: 51->0(44)
[2022-10-10T10:13:53.436+0200][gc,heap     ] GC(0) Survivor regions: 0->7(7)
[2022-10-10T10:13:53.436+0200][gc,heap     ] GC(0) Old regions: 0->1
[2022-10-10T10:13:53.436+0200][gc,heap     ] GC(0) Archive regions: 2->2
[2022-10-10T10:13:53.436+0200][gc,heap     ] GC(0) Humongous regions: 0->0
[2022-10-10T10:13:53.436+0200][gc,metaspace] GC(0) Metaspace: 18494K(18752K)->18494K(18752K) NonClass: 16320K(16448K)->16320K(16448K) Class: 2174K(2304K)->2174K(2304K)
[2022-10-10T10:13:53.436+0200][gc          ] GC(0) Pause Young (Normal) (G1 Evacuation Pause) 51M->8M(1024M) 3,948ms
[2022-10-10T10:13:53.436+0200][gc,cpu      ] GC(0) User=0,02s Sys=0,01s Real=0,00s
[2022-10-10T10:13:53.622+0200][gc,start    ] GC(1) Pause Young (Concurrent Start) (Metadata GC Threshold)
[2022-10-10T10:13:53.622+0200][gc,task     ] GC(1) Using 15 workers of 15 for evacuation
[2022-10-10T10:13:53.626+0200][gc,phases   ] GC(1)   Pre Evacuate Collection Set: 0,3ms
[2022-10-10T10:13:53.626+0200][gc,phases   ] GC(1)   Merge Heap Roots: 0,0ms
[2022-10-10T10:13:53.626+0200][gc,phases   ] GC(1)   Evacuate Collection Set: 3,5ms
[2022-10-10T10:13:53.626+0200][gc,phases   ] GC(1)   Post Evacuate Collection Set: 0,4ms
[2022-10-10T10:13:53.626+0200][gc,phases   ] GC(1)   Other: 0,0ms
[2022-10-10T10:13:53.626+0200][gc,heap     ] GC(1) Eden regions: 12->0(49)
[2022-10-10T10:13:53.626+0200][gc,heap     ] GC(1) Survivor regions: 7->2(7)
[2022-10-10T10:13:53.626+0200][gc,heap     ] GC(1) Old regions: 1->8
[2022-10-10T10:13:53.626+0200][gc,heap     ] GC(1) Archive regions: 2->2
[2022-10-10T10:13:53.626+0200][gc,heap     ] GC(1) Humongous regions: 129->129
[2022-10-10T10:13:53.626+0200][gc,metaspace] GC(1) Metaspace: 21265K(21504K)->21265K(21504K) NonClass: 18762K(18880K)->18762K(18880K) Class: 2502K(2624K)->2502K(2624K)
[2022-10-10T10:13:53.626+0200][gc          ] GC(1) Pause Young (Concurrent Start) (Metadata GC Threshold) 148M->138M(1024M) 4,467ms
[2022-10-10T10:13:53.626+0200][gc          ] GC(2) Concurrent Mark Cycle
[2022-10-10T10:13:53.626+0200][gc,cpu      ] GC(1) User=0,02s Sys=0,02s Real=0,00s
[2022-10-10T10:13:53.626+0200][gc,marking  ] GC(2) Concurrent Clear Claimed Marks
[2022-10-10T10:13:53.627+0200][gc,marking  ] GC(2) Concurrent Clear Claimed Marks 0,026ms
[2022-10-10T10:13:53.627+0200][gc,marking  ] GC(2) Concurrent Scan Root Regions
[2022-10-10T10:13:53.628+0200][gc,marking  ] GC(2) Concurrent Scan Root Regions 1,031ms
[2022-10-10T10:13:53.628+0200][gc,marking  ] GC(2) Concurrent Mark
[2022-10-10T10:13:53.628+0200][gc,marking  ] GC(2) Concurrent Mark From Roots
[2022-10-10T10:13:53.628+0200][gc,task     ] GC(2) Using 4 workers of 4 for marking
[2022-10-10T10:13:53.629+0200][gc,marking  ] GC(2) Concurrent Mark From Roots 1,213ms
[2022-10-10T10:13:53.629+0200][gc,marking  ] GC(2) Concurrent Preclean
[2022-10-10T10:13:53.629+0200][gc,marking  ] GC(2) Concurrent Preclean 0,020ms
[2022-10-10T10:13:53.629+0200][gc,start    ] GC(2) Pause Remark
[2022-10-10T10:13:53.630+0200][gc          ] GC(2) Pause Remark 139M->139M(1024M) 1,000ms
[2022-10-10T10:13:53.630+0200][gc,cpu      ] GC(2) User=0,01s Sys=0,00s Real=0,01s
[2022-10-10T10:13:53.630+0200][gc,marking  ] GC(2) Concurrent Mark 2,408ms
[2022-10-10T10:13:53.630+0200][gc,marking  ] GC(2) Concurrent Rebuild Remembered Sets
[2022-10-10T10:13:53.631+0200][gc,marking  ] GC(2) Concurrent Rebuild Remembered Sets 0,968ms
[2022-10-10T10:13:53.631+0200][gc,start    ] GC(2) Pause Cleanup
[2022-10-10T10:13:53.631+0200][gc          ] GC(2) Pause Cleanup 139M->139M(1024M) 0,143ms
[2022-10-10T10:13:53.631+0200][gc,cpu      ] GC(2) User=0,00s Sys=0,00s Real=0,00s
[2022-10-10T10:13:53.631+0200][gc,marking  ] GC(2) Concurrent Cleanup for Next Mark
[2022-10-10T10:13:53.634+0200][gc,marking  ] GC(2) Concurrent Cleanup for Next Mark 2,335ms
[2022-10-10T10:13:53.634+0200][gc          ] GC(2) Concurrent Mark Cycle 7,119ms
[2022-10-10T10:13:54.123+0200][gc,start    ] GC(3) Pause Young (Normal) (G1 Evacuation Pause)
[2022-10-10T10:13:54.123+0200][gc,task     ] GC(3) Using 15 workers of 15 for evacuation
[2022-10-10T10:13:54.125+0200][gc,phases   ] GC(3)   Pre Evacuate Collection Set: 0,1ms
[2022-10-10T10:13:54.125+0200][gc,phases   ] GC(3)   Merge Heap Roots: 0,0ms
[2022-10-10T10:13:54.126+0200][gc,phases   ] GC(3)   Evacuate Collection Set: 2,4ms
[2022-10-10T10:13:54.126+0200][gc,phases   ] GC(3)   Post Evacuate Collection Set: 0,3ms
[2022-10-10T10:13:54.126+0200][gc,phases   ] GC(3)   Other: 0,1ms
[2022-10-10T10:13:54.126+0200][gc,heap     ] GC(3) Eden regions: 49->0(45)
[2022-10-10T10:13:54.126+0200][gc,heap     ] GC(3) Survivor regions: 2->6(7)
[2022-10-10T10:13:54.126+0200][gc,heap     ] GC(3) Old regions: 8->8
[2022-10-10T10:13:54.126+0200][gc,heap     ] GC(3) Archive regions: 2->2
[2022-10-10T10:13:54.126+0200][gc,heap     ] GC(3) Humongous regions: 129->129
[2022-10-10T10:13:54.126+0200][gc,metaspace] GC(3) Metaspace: 32663K(32960K)->32663K(32960K) NonClass: 29021K(29184K)->29021K(29184K) Class: 3642K(3776K)->3642K(3776K)
[2022-10-10T10:13:54.126+0200][gc          ] GC(3) Pause Young (Normal) (G1 Evacuation Pause) 187M->142M(1024M) 3,083ms
[2022-10-10T10:13:54.126+0200][gc,cpu      ] GC(3) User=0,02s Sys=0,00s Real=0,00s
[2022-10-10T10:14:28.922+0200][gc,start    ] GC(4) Pause Young (Concurrent Start) (Metadata GC Threshold)
[2022-10-10T10:14:28.930+0200][gc,task     ] GC(4) Using 15 workers of 15 for evacuation
[2022-10-10T10:14:28.934+0200][gc,phases   ] GC(4)   Pre Evacuate Collection Set: 0,4ms
[2022-10-10T10:14:28.949+0200][gc,phases   ] GC(4)   Merge Heap Roots: 0,1ms
[2022-10-10T10:14:28.949+0200][gc,phases   ] GC(4)   Evacuate Collection Set: 2,9ms
[2022-10-10T10:14:28.949+0200][gc,phases   ] GC(4)   Post Evacuate Collection Set: 0,4ms
[2022-10-10T10:14:28.949+0200][gc,phases   ] GC(4)   Other: 0,1ms
[2022-10-10T10:14:28.949+0200][gc,heap     ] GC(4) Eden regions: 16->0(49)
[2022-10-10T10:14:28.949+0200][gc,heap     ] GC(4) Survivor regions: 6->2(7)
[2022-10-10T10:14:28.950+0200][gc,heap     ] GC(4) Old regions: 8->13
[2022-10-10T10:14:28.950+0200][gc,heap     ] GC(4) Archive regions: 2->2
[2022-10-10T10:14:28.950+0200][gc,heap     ] GC(4) Humongous regions: 129->129
[2022-10-10T10:14:28.950+0200][gc,metaspace] GC(4) Metaspace: 35712K(36096K)->35712K(36096K) NonClass: 31599K(31808K)->31599K(31808K) Class: 4113K(4288K)->4113K(4288K)
[2022-10-10T10:14:28.950+0200][gc          ] GC(4) Pause Young (Concurrent Start) (Metadata GC Threshold) 158M->143M(1024M) 27,331ms
[2022-10-10T10:14:28.950+0200][gc,cpu      ] GC(4) User=0,03s Sys=0,00s Real=0,03s
[2022-10-10T10:14:28.950+0200][gc          ] GC(5) Concurrent Mark Cycle
[2022-10-10T10:14:28.950+0200][gc,marking  ] GC(5) Concurrent Clear Claimed Marks
[2022-10-10T10:14:28.950+0200][gc,marking  ] GC(5) Concurrent Clear Claimed Marks 0,041ms
[2022-10-10T10:14:28.950+0200][gc,marking  ] GC(5) Concurrent Scan Root Regions
[2022-10-10T10:14:28.952+0200][gc,marking  ] GC(5) Concurrent Scan Root Regions 2,148ms
[2022-10-10T10:14:28.952+0200][gc,marking  ] GC(5) Concurrent Mark
[2022-10-10T10:14:28.952+0200][gc,marking  ] GC(5) Concurrent Mark From Roots
[2022-10-10T10:14:28.952+0200][gc,task     ] GC(5) Using 4 workers of 4 for marking
[2022-10-10T10:14:28.955+0200][gc,marking  ] GC(5) Concurrent Mark From Roots 2,829ms
[2022-10-10T10:14:28.969+0200][gc,marking  ] GC(5) Concurrent Preclean
[2022-10-10T10:14:28.970+0200][gc,marking  ] GC(5) Concurrent Preclean 0,131ms
[2022-10-10T10:14:28.970+0200][gc,start    ] GC(5) Pause Remark
[2022-10-10T10:14:28.971+0200][gc          ] GC(5) Pause Remark 145M->145M(1024M) 1,494ms
[2022-10-10T10:14:28.990+0200][gc,cpu      ] GC(5) User=0,01s Sys=0,00s Real=0,02s
[2022-10-10T10:14:28.990+0200][gc,marking  ] GC(5) Concurrent Mark 37,881ms
[2022-10-10T10:14:28.990+0200][gc,marking  ] GC(5) Concurrent Rebuild Remembered Sets
[2022-10-10T10:14:28.993+0200][gc,marking  ] GC(5) Concurrent Rebuild Remembered Sets 3,138ms
[2022-10-10T10:14:29.010+0200][gc,start    ] GC(5) Pause Cleanup
[2022-10-10T10:14:29.010+0200][gc          ] GC(5) Pause Cleanup 145M->145M(1024M) 0,221ms
[2022-10-10T10:14:29.010+0200][gc,cpu      ] GC(5) User=0,01s Sys=0,00s Real=0,00s
[2022-10-10T10:14:29.010+0200][gc,marking  ] GC(5) Concurrent Cleanup for Next Mark
[2022-10-10T10:14:29.014+0200][gc,marking  ] GC(5) Concurrent Cleanup for Next Mark 3,897ms
[2022-10-10T10:14:29.014+0200][gc          ] GC(5) Concurrent Mark Cycle 64,110ms
[2022-10-10T10:18:36.806+0200][gc,start    ] GC(6) Pause Young (Normal) (G1 Evacuation Pause)
[2022-10-10T10:18:36.807+0200][gc,task     ] GC(6) Using 15 workers of 15 for evacuation
[2022-10-10T10:18:36.850+0200][gc,mmu      ] GC(6) MMU target violated: 21,0ms (20,0ms/21,0ms)
[2022-10-10T10:18:36.850+0200][gc,phases   ] GC(6)   Pre Evacuate Collection Set: 2,9ms
[2022-10-10T10:18:36.850+0200][gc,phases   ] GC(6)   Merge Heap Roots: 0,7ms
[2022-10-10T10:18:36.850+0200][gc,phases   ] GC(6)   Evacuate Collection Set: 38,2ms
[2022-10-10T10:18:36.850+0200][gc,phases   ] GC(6)   Post Evacuate Collection Set: 0,6ms
[2022-10-10T10:18:36.850+0200][gc,phases   ] GC(6)   Other: 0,3ms
[2022-10-10T10:18:36.850+0200][gc,heap     ] GC(6) Eden regions: 49->0(46)
[2022-10-10T10:18:36.850+0200][gc,heap     ] GC(6) Survivor regions: 2->5(7)
[2022-10-10T10:18:36.850+0200][gc,heap     ] GC(6) Old regions: 13->13
[2022-10-10T10:18:36.850+0200][gc,heap     ] GC(6) Archive regions: 2->2
[2022-10-10T10:18:36.850+0200][gc,heap     ] GC(6) Humongous regions: 129->129
[2022-10-10T10:18:36.850+0200][gc,metaspace] GC(6) Metaspace: 39700K(40256K)->39700K(40256K) NonClass: 35103K(35392K)->35103K(35392K) Class: 4596K(4864K)->4596K(4864K)
[2022-10-10T10:18:36.850+0200][gc          ] GC(6) Pause Young (Normal) (G1 Evacuation Pause) 192M->147M(1024M) 43,680ms
[2022-10-10T10:18:36.850+0200][gc,cpu      ] GC(6) User=0,03s Sys=0,25s Real=0,05s
[2022-10-10T10:25:23.259+0200][gc,start    ] GC(7) Pause Young (Normal) (G1 Evacuation Pause)
[2022-10-10T10:25:23.260+0200][gc,task     ] GC(7) Using 15 workers of 15 for evacuation
[2022-10-10T10:25:23.370+0200][gc,mmu      ] GC(7) MMU target violated: 21,0ms (20,0ms/21,0ms)
[2022-10-10T10:25:23.370+0200][gc,phases   ] GC(7)   Pre Evacuate Collection Set: 2,0ms
[2022-10-10T10:25:23.370+0200][gc,phases   ] GC(7)   Merge Heap Roots: 0,2ms
[2022-10-10T10:25:23.370+0200][gc,phases   ] GC(7)   Evacuate Collection Set: 106,6ms
[2022-10-10T10:25:23.370+0200][gc,phases   ] GC(7)   Post Evacuate Collection Set: 0,5ms
[2022-10-10T10:25:23.370+0200][gc,phases   ] GC(7)   Other: 0,3ms
[2022-10-10T10:25:23.370+0200][gc,heap     ] GC(7) Eden regions: 46->0(47)
[2022-10-10T10:25:23.370+0200][gc,heap     ] GC(7) Survivor regions: 5->4(7)
[2022-10-10T10:25:23.370+0200][gc,heap     ] GC(7) Old regions: 13->16
[2022-10-10T10:25:23.370+0200][gc,heap     ] GC(7) Archive regions: 2->2
[2022-10-10T10:25:23.370+0200][gc,heap     ] GC(7) Humongous regions: 129->129
[2022-10-10T10:25:23.370+0200][gc,metaspace] GC(7) Metaspace: 40133K(40768K)->40133K(40768K) NonClass: 35498K(35840K)->35498K(35840K) Class: 4635K(4928K)->4635K(4928K)
[2022-10-10T10:25:23.370+0200][gc          ] GC(7) Pause Young (Normal) (G1 Evacuation Pause) 193M->149M(1024M) 110,724ms
[2022-10-10T10:25:23.370+0200][gc,cpu      ] GC(7) User=0,05s Sys=0,24s Real=0,12s
[2022-10-10T10:31:23.416+0200][gc,start    ] GC(8) Pause Young (Normal) (G1 Evacuation Pause)
[2022-10-10T10:31:23.417+0200][gc,task     ] GC(8) Using 15 workers of 15 for evacuation
[2022-10-10T10:31:23.439+0200][gc,mmu      ] GC(8) MMU target violated: 21,0ms (20,0ms/21,0ms)
[2022-10-10T10:31:23.439+0200][gc,phases   ] GC(8)   Pre Evacuate Collection Set: 3,0ms
[2022-10-10T10:31:23.439+0200][gc,phases   ] GC(8)   Merge Heap Roots: 0,2ms
[2022-10-10T10:31:23.439+0200][gc,phases   ] GC(8)   Evacuate Collection Set: 18,2ms
[2022-10-10T10:31:23.439+0200][gc,phases   ] GC(8)   Post Evacuate Collection Set: 0,9ms
[2022-10-10T10:31:23.439+0200][gc,phases   ] GC(8)   Other: 0,3ms
[2022-10-10T10:31:23.439+0200][gc,heap     ] GC(8) Eden regions: 47->0(44)
[2022-10-10T10:31:23.439+0200][gc,heap     ] GC(8) Survivor regions: 4->7(7)
[2022-10-10T10:31:23.439+0200][gc,heap     ] GC(8) Old regions: 16->16
[2022-10-10T10:31:23.439+0200][gc,heap     ] GC(8) Archive regions: 2->2
[2022-10-10T10:31:23.439+0200][gc,heap     ] GC(8) Humongous regions: 129->129
[2022-10-10T10:31:23.439+0200][gc,metaspace] GC(8) Metaspace: 40338K(40960K)->40338K(40960K) NonClass: 35702K(36032K)->35702K(36032K) Class: 4635K(4928K)->4635K(4928K)
[2022-10-10T10:31:23.440+0200][gc          ] GC(8) Pause Young (Normal) (G1 Evacuation Pause) 196M->152M(1024M) 23,655ms
[2022-10-10T10:31:23.440+0200][gc,cpu      ] GC(8) User=0,02s Sys=0,08s Real=0,03s
[2022-10-10T10:37:15.640+0200][gc,start    ] GC(9) Pause Young (Normal) (G1 Evacuation Pause)
[2022-10-10T10:37:15.641+0200][gc,task     ] GC(9) Using 15 workers of 15 for evacuation
[2022-10-10T10:37:15.663+0200][gc,mmu      ] GC(9) MMU target violated: 21,0ms (20,0ms/21,0ms)
[2022-10-10T10:37:15.663+0200][gc,phases   ] GC(9)   Pre Evacuate Collection Set: 2,2ms
[2022-10-10T10:37:15.663+0200][gc,phases   ] GC(9)   Merge Heap Roots: 0,3ms
[2022-10-10T10:37:15.663+0200][gc,phases   ] GC(9)   Evacuate Collection Set: 18,6ms
[2022-10-10T10:37:15.663+0200][gc,phases   ] GC(9)   Post Evacuate Collection Set: 1,0ms
[2022-10-10T10:37:15.663+0200][gc,phases   ] GC(9)   Other: 0,2ms
[2022-10-10T10:37:15.663+0200][gc,heap     ] GC(9) Eden regions: 44->0(46)
[2022-10-10T10:37:15.663+0200][gc,heap     ] GC(9) Survivor regions: 7->5(7)
[2022-10-10T10:37:15.663+0200][gc,heap     ] GC(9) Old regions: 16->21
[2022-10-10T10:37:15.663+0200][gc,heap     ] GC(9) Archive regions: 2->2
[2022-10-10T10:37:15.663+0200][gc,heap     ] GC(9) Humongous regions: 129->129
[2022-10-10T10:37:15.663+0200][gc,metaspace] GC(9) Metaspace: 40498K(41088K)->40498K(41088K) NonClass: 35857K(36160K)->35857K(36160K) Class: 4640K(4928K)->4640K(4928K)
[2022-10-10T10:37:15.663+0200][gc          ] GC(9) Pause Young (Normal) (G1 Evacuation Pause) 196M->155M(1024M) 23,651ms
[2022-10-10T10:37:15.663+0200][gc,cpu      ] GC(9) User=0,03s Sys=0,11s Real=0,02s
[2022-10-10T10:43:19.189+0200][gc,start    ] GC(10) Pause Young (Normal) (G1 Evacuation Pause)
[2022-10-10T10:43:19.191+0200][gc,task     ] GC(10) Using 15 workers of 15 for evacuation
[2022-10-10T10:43:19.206+0200][gc,phases   ] GC(10)   Pre Evacuate Collection Set: 2,1ms
[2022-10-10T10:43:19.206+0200][gc,phases   ] GC(10)   Merge Heap Roots: 0,2ms
[2022-10-10T10:43:19.206+0200][gc,phases   ] GC(10)   Evacuate Collection Set: 12,4ms
[2022-10-10T10:43:19.206+0200][gc,phases   ] GC(10)   Post Evacuate Collection Set: 0,4ms
[2022-10-10T10:43:19.206+0200][gc,phases   ] GC(10)   Other: 0,3ms
[2022-10-10T10:43:19.206+0200][gc,heap     ] GC(10) Eden regions: 46->0(46)
[2022-10-10T10:43:19.206+0200][gc,heap     ] GC(10) Survivor regions: 5->5(7)
[2022-10-10T10:43:19.206+0200][gc,heap     ] GC(10) Old regions: 21->25
[2022-10-10T10:43:19.206+0200][gc,heap     ] GC(10) Archive regions: 2->2
[2022-10-10T10:43:19.206+0200][gc,heap     ] GC(10) Humongous regions: 129->129
[2022-10-10T10:43:19.206+0200][gc,metaspace] GC(10) Metaspace: 40550K(41152K)->40550K(41152K) NonClass: 35909K(36224K)->35909K(36224K) Class: 4640K(4928K)->4640K(4928K)
[2022-10-10T10:43:19.206+0200][gc          ] GC(10) Pause Young (Normal) (G1 Evacuation Pause) 201M->158M(1024M) 17,006ms
[2022-10-10T10:43:19.206+0200][gc,cpu      ] GC(10) User=0,03s Sys=0,09s Real=0,02s
[2022-10-10T10:46:47.966+0200][gc,start    ] GC(11) Pause Young (Normal) (G1 Evacuation Pause)
[2022-10-10T10:46:47.967+0200][gc,task     ] GC(11) Using 15 workers of 15 for evacuation
[2022-10-10T10:46:48.023+0200][gc,mmu      ] GC(11) MMU target violated: 21,0ms (20,0ms/21,0ms)
[2022-10-10T10:46:48.023+0200][gc,phases   ] GC(11)   Pre Evacuate Collection Set: 2,1ms
[2022-10-10T10:46:48.023+0200][gc,phases   ] GC(11)   Merge Heap Roots: 0,6ms
[2022-10-10T10:46:48.023+0200][gc,phases   ] GC(11)   Evacuate Collection Set: 52,0ms
[2022-10-10T10:46:48.023+0200][gc,phases   ] GC(11)   Post Evacuate Collection Set: 1,2ms
[2022-10-10T10:46:48.023+0200][gc,phases   ] GC(11)   Other: 0,3ms
[2022-10-10T10:46:48.023+0200][gc,heap     ] GC(11) Eden regions: 46->0(46)
[2022-10-10T10:46:48.023+0200][gc,heap     ] GC(11) Survivor regions: 5->5(7)
[2022-10-10T10:46:48.023+0200][gc,heap     ] GC(11) Old regions: 25->28
[2022-10-10T10:46:48.023+0200][gc,heap     ] GC(11) Archive regions: 2->2
[2022-10-10T10:46:48.023+0200][gc,heap     ] GC(11) Humongous regions: 129->129
[2022-10-10T10:46:48.023+0200][gc,metaspace] GC(11) Metaspace: 41191K(41792K)->41191K(41792K) NonClass: 36428K(36736K)->36428K(36736K) Class: 4762K(5056K)->4762K(5056K)
[2022-10-10T10:46:48.023+0200][gc          ] GC(11) Pause Young (Normal) (G1 Evacuation Pause) 204M->162M(1024M) 56,848ms
[2022-10-10T10:46:48.023+0200][gc,cpu      ] GC(11) User=0,03s Sys=0,15s Real=0,06s
[2022-10-10T10:50:54.878+0200][gc,start    ] GC(12) Pause Young (Normal) (G1 Evacuation Pause)
[2022-10-10T10:50:54.879+0200][gc,task     ] GC(12) Using 15 workers of 15 for evacuation
[2022-10-10T10:50:54.888+0200][gc,phases   ] GC(12)   Pre Evacuate Collection Set: 0,9ms
[2022-10-10T10:50:54.888+0200][gc,phases   ] GC(12)   Merge Heap Roots: 0,8ms
[2022-10-10T10:50:54.888+0200][gc,phases   ] GC(12)   Evacuate Collection Set: 7,1ms
[2022-10-10T10:50:54.888+0200][gc,phases   ] GC(12)   Post Evacuate Collection Set: 0,4ms
[2022-10-10T10:50:54.888+0200][gc,phases   ] GC(12)   Other: 0,1ms
[2022-10-10T10:50:54.888+0200][gc,heap     ] GC(12) Eden regions: 46->0(45)
[2022-10-10T10:50:54.888+0200][gc,heap     ] GC(12) Survivor regions: 5->6(7)
[2022-10-10T10:50:54.888+0200][gc,heap     ] GC(12) Old regions: 28->32
[2022-10-10T10:50:54.888+0200][gc,heap     ] GC(12) Archive regions: 2->2
[2022-10-10T10:50:54.888+0200][gc,heap     ] GC(12) Humongous regions: 129->129
[2022-10-10T10:50:54.888+0200][gc,metaspace] GC(12) Metaspace: 41221K(41856K)->41221K(41856K) NonClass: 36455K(36800K)->36455K(36800K) Class: 4765K(5056K)->4765K(5056K)
[2022-10-10T10:50:54.889+0200][gc          ] GC(12) Pause Young (Normal) (G1 Evacuation Pause) 208M->166M(1024M) 10,391ms
[2022-10-10T10:50:54.889+0200][gc,cpu      ] GC(12) User=0,03s Sys=0,01s Real=0,01s
[2022-10-10T10:54:56.629+0200][gc,start    ] GC(13) Pause Young (Normal) (G1 Evacuation Pause)
[2022-10-10T10:54:56.631+0200][gc,task     ] GC(13) Using 15 workers of 15 for evacuation
[2022-10-10T10:54:56.651+0200][gc,mmu      ] GC(13) MMU target violated: 20,1ms (20,0ms/21,0ms)
[2022-10-10T10:54:56.651+0200][gc,phases   ] GC(13)   Pre Evacuate Collection Set: 0,2ms
[2022-10-10T10:54:56.651+0200][gc,phases   ] GC(13)   Merge Heap Roots: 0,1ms
[2022-10-10T10:54:56.651+0200][gc,phases   ] GC(13)   Evacuate Collection Set: 19,0ms
[2022-10-10T10:54:56.651+0200][gc,phases   ] GC(13)   Post Evacuate Collection Set: 0,7ms
[2022-10-10T10:54:56.651+0200][gc,phases   ] GC(13)   Other: 0,1ms
[2022-10-10T10:54:56.651+0200][gc,heap     ] GC(13) Eden regions: 45->0(45)
[2022-10-10T10:54:56.651+0200][gc,heap     ] GC(13) Survivor regions: 6->6(7)
[2022-10-10T10:54:56.651+0200][gc,heap     ] GC(13) Old regions: 32->36
[2022-10-10T10:54:56.651+0200][gc,heap     ] GC(13) Archive regions: 2->2
[2022-10-10T10:54:56.651+0200][gc,heap     ] GC(13) Humongous regions: 129->129
[2022-10-10T10:54:56.651+0200][gc,metaspace] GC(13) Metaspace: 41235K(41856K)->41235K(41856K) NonClass: 36469K(36800K)->36469K(36800K) Class: 4765K(5056K)->4765K(5056K)
[2022-10-10T10:54:56.651+0200][gc          ] GC(13) Pause Young (Normal) (G1 Evacuation Pause) 211M->171M(1024M) 21,492ms
[2022-10-10T10:54:56.651+0200][gc,cpu      ] GC(13) User=0,02s Sys=0,07s Real=0,03s
[2022-10-10T10:58:56.050+0200][gc,start    ] GC(14) Pause Young (Normal) (G1 Evacuation Pause)
[2022-10-10T10:58:56.051+0200][gc,task     ] GC(14) Using 15 workers of 15 for evacuation
[2022-10-10T10:58:56.058+0200][gc,phases   ] GC(14)   Pre Evacuate Collection Set: 1,1ms
[2022-10-10T10:58:56.058+0200][gc,phases   ] GC(14)   Merge Heap Roots: 0,1ms
[2022-10-10T10:58:56.058+0200][gc,phases   ] GC(14)   Evacuate Collection Set: 5,7ms
[2022-10-10T10:58:56.058+0200][gc,phases   ] GC(14)   Post Evacuate Collection Set: 0,4ms
[2022-10-10T10:58:56.058+0200][gc,phases   ] GC(14)   Other: 0,1ms
[2022-10-10T10:58:56.058+0200][gc,heap     ] GC(14) Eden regions: 45->0(46)
[2022-10-10T10:58:56.058+0200][gc,heap     ] GC(14) Survivor regions: 6->5(7)
[2022-10-10T10:58:56.058+0200][gc,heap     ] GC(14) Old regions: 36->40
[2022-10-10T10:58:56.058+0200][gc,heap     ] GC(14) Archive regions: 2->2
[2022-10-10T10:58:56.058+0200][gc,heap     ] GC(14) Humongous regions: 129->129
[2022-10-10T10:58:56.058+0200][gc,metaspace] GC(14) Metaspace: 41259K(41920K)->41259K(41920K) NonClass: 36494K(36864K)->36494K(36864K) Class: 4765K(5056K)->4765K(5056K)
[2022-10-10T10:58:56.058+0200][gc          ] GC(14) Pause Young (Normal) (G1 Evacuation Pause) 216M->174M(1024M) 8,642ms
[2022-10-10T10:58:56.058+0200][gc,cpu      ] GC(14) User=0,03s Sys=0,01s Real=0,00s
[2022-10-10T11:03:03.177+0200][gc,start    ] GC(15) Pause Young (Normal) (G1 Evacuation Pause)
[2022-10-10T11:03:03.178+0200][gc,task     ] GC(15) Using 15 workers of 15 for evacuation
[2022-10-10T11:03:03.253+0200][gc,mmu      ] GC(15) MMU target violated: 21,0ms (20,0ms/21,0ms)
[2022-10-10T11:03:03.253+0200][gc,phases   ] GC(15)   Pre Evacuate Collection Set: 4,5ms
[2022-10-10T11:03:03.253+0200][gc,phases   ] GC(15)   Merge Heap Roots: 1,0ms
[2022-10-10T11:03:03.253+0200][gc,phases   ] GC(15)   Evacuate Collection Set: 68,2ms
[2022-10-10T11:03:03.253+0200][gc,phases   ] GC(15)   Post Evacuate Collection Set: 0,5ms
[2022-10-10T11:03:03.253+0200][gc,phases   ] GC(15)   Other: 0,4ms
[2022-10-10T11:03:03.253+0200][gc,heap     ] GC(15) Eden regions: 46->0(46)
[2022-10-10T11:03:03.253+0200][gc,heap     ] GC(15) Survivor regions: 5->5(7)
[2022-10-10T11:03:03.253+0200][gc,heap     ] GC(15) Old regions: 40->44
[2022-10-10T11:03:03.253+0200][gc,heap     ] GC(15) Archive regions: 2->2
[2022-10-10T11:03:03.253+0200][gc,heap     ] GC(15) Humongous regions: 129->129
[2022-10-10T11:03:03.253+0200][gc,metaspace] GC(15) Metaspace: 41285K(41920K)->41285K(41920K) NonClass: 36519K(36864K)->36519K(36864K) Class: 4765K(5056K)->4765K(5056K)
[2022-10-10T11:03:03.253+0200][gc          ] GC(15) Pause Young (Normal) (G1 Evacuation Pause) 220M->178M(1024M) 75,617ms
[2022-10-10T11:03:03.253+0200][gc,cpu      ] GC(15) User=0,03s Sys=0,16s Real=0,08s
[2022-10-10T11:06:53.272+0200][gc,start    ] GC(16) Pause Young (Normal) (G1 Evacuation Pause)
[2022-10-10T11:06:53.273+0200][gc,task     ] GC(16) Using 15 workers of 15 for evacuation
[2022-10-10T11:06:53.289+0200][gc,phases   ] GC(16)   Pre Evacuate Collection Set: 2,2ms
[2022-10-10T11:06:53.289+0200][gc,phases   ] GC(16)   Merge Heap Roots: 0,3ms
[2022-10-10T11:06:53.289+0200][gc,phases   ] GC(16)   Evacuate Collection Set: 12,5ms
[2022-10-10T11:06:53.289+0200][gc,phases   ] GC(16)   Post Evacuate Collection Set: 0,6ms
[2022-10-10T11:06:53.289+0200][gc,phases   ] GC(16)   Other: 0,3ms
[2022-10-10T11:06:53.289+0200][gc,heap     ] GC(16) Eden regions: 46->0(46)
[2022-10-10T11:06:53.289+0200][gc,heap     ] GC(16) Survivor regions: 5->5(7)
[2022-10-10T11:06:53.289+0200][gc,heap     ] GC(16) Old regions: 44->49
[2022-10-10T11:06:53.289+0200][gc,heap     ] GC(16) Archive regions: 2->2
[2022-10-10T11:06:53.289+0200][gc,heap     ] GC(16) Humongous regions: 129->129
[2022-10-10T11:06:53.289+0200][gc,metaspace] GC(16) Metaspace: 41319K(41920K)->41319K(41920K) NonClass: 36553K(36864K)->36553K(36864K) Class: 4765K(5056K)->4765K(5056K)
[2022-10-10T11:06:53.289+0200][gc          ] GC(16) Pause Young (Normal) (G1 Evacuation Pause) 224M->183M(1024M) 16,967ms
[2022-10-10T11:06:53.289+0200][gc,cpu      ] GC(16) User=0,03s Sys=0,09s Real=0,01s
[2022-10-10T11:10:58.072+0200][gc,start    ] GC(17) Pause Young (Normal) (G1 Evacuation Pause)
[2022-10-10T11:10:58.073+0200][gc,task     ] GC(17) Using 15 workers of 15 for evacuation
[2022-10-10T11:10:58.081+0200][gc,phases   ] GC(17)   Pre Evacuate Collection Set: 0,2ms
[2022-10-10T11:10:58.081+0200][gc,phases   ] GC(17)   Merge Heap Roots: 0,1ms
[2022-10-10T11:10:58.081+0200][gc,phases   ] GC(17)   Evacuate Collection Set: 6,2ms
[2022-10-10T11:10:58.081+0200][gc,phases   ] GC(17)   Post Evacuate Collection Set: 1,4ms
[2022-10-10T11:10:58.081+0200][gc,phases   ] GC(17)   Other: 0,1ms
[2022-10-10T11:10:58.081+0200][gc,heap     ] GC(17) Eden regions: 46->0(45)
[2022-10-10T11:10:58.081+0200][gc,heap     ] GC(17) Survivor regions: 5->6(7)
[2022-10-10T11:10:58.081+0200][gc,heap     ] GC(17) Old regions: 49->53
[2022-10-10T11:10:58.081+0200][gc,heap     ] GC(17) Archive regions: 2->2
[2022-10-10T11:10:58.081+0200][gc,heap     ] GC(17) Humongous regions: 129->129
[2022-10-10T11:10:58.081+0200][gc,metaspace] GC(17) Metaspace: 41325K(41920K)->41325K(41920K) NonClass: 36560K(36864K)->36560K(36864K) Class: 4765K(5056K)->4765K(5056K)
[2022-10-10T11:10:58.081+0200][gc          ] GC(17) Pause Young (Normal) (G1 Evacuation Pause) 229M->187M(1024M) 8,940ms
[2022-10-10T11:10:58.081+0200][gc,cpu      ] GC(17) User=0,02s Sys=0,01s Real=0,01s
[2022-10-10T11:14:31.803+0200][gc,start    ] GC(18) Pause Young (Normal) (G1 Evacuation Pause)
[2022-10-10T11:14:31.804+0200][gc,task     ] GC(18) Using 15 workers of 15 for evacuation
[2022-10-10T11:14:31.814+0200][gc,phases   ] GC(18)   Pre Evacuate Collection Set: 0,4ms
[2022-10-10T11:14:31.814+0200][gc,phases   ] GC(18)   Merge Heap Roots: 0,2ms
[2022-10-10T11:14:31.814+0200][gc,phases   ] GC(18)   Evacuate Collection Set: 8,1ms
[2022-10-10T11:14:31.814+0200][gc,phases   ] GC(18)   Post Evacuate Collection Set: 0,6ms
[2022-10-10T11:14:31.814+0200][gc,phases   ] GC(18)   Other: 0,2ms
[2022-10-10T11:14:31.814+0200][gc,heap     ] GC(18) Eden regions: 45->0(44)
[2022-10-10T11:14:31.814+0200][gc,heap     ] GC(18) Survivor regions: 6->7(7)
[2022-10-10T11:14:31.814+0200][gc,heap     ] GC(18) Old regions: 53->57
[2022-10-10T11:14:31.814+0200][gc,heap     ] GC(18) Archive regions: 2->2
[2022-10-10T11:14:31.814+0200][gc,heap     ] GC(18) Humongous regions: 129->129
[2022-10-10T11:14:31.814+0200][gc,metaspace] GC(18) Metaspace: 41341K(41984K)->41341K(41984K) NonClass: 36571K(36928K)->36571K(36928K) Class: 4769K(5056K)->4769K(5056K)
[2022-10-10T11:14:31.814+0200][gc          ] GC(18) Pause Young (Normal) (G1 Evacuation Pause) 232M->193M(1024M) 10,591ms
[2022-10-10T11:14:31.814+0200][gc,cpu      ] GC(18) User=0,04s Sys=0,02s Real=0,01s
[2022-10-10T11:18:24.609+0200][gc,start    ] GC(19) Pause Young (Normal) (G1 Evacuation Pause)
[2022-10-10T11:18:24.610+0200][gc,task     ] GC(19) Using 15 workers of 15 for evacuation
[2022-10-10T11:18:24.614+0200][gc,phases   ] GC(19)   Pre Evacuate Collection Set: 0,2ms
[2022-10-10T11:18:24.614+0200][gc,phases   ] GC(19)   Merge Heap Roots: 0,1ms
[2022-10-10T11:18:24.614+0200][gc,phases   ] GC(19)   Evacuate Collection Set: 4,1ms
[2022-10-10T11:18:24.614+0200][gc,phases   ] GC(19)   Post Evacuate Collection Set: 0,2ms
[2022-10-10T11:18:24.614+0200][gc,phases   ] GC(19)   Other: 0,1ms
[2022-10-10T11:18:24.614+0200][gc,heap     ] GC(19) Eden regions: 44->0(46)
[2022-10-10T11:18:24.614+0200][gc,heap     ] GC(19) Survivor regions: 7->5(7)
[2022-10-10T11:18:24.614+0200][gc,heap     ] GC(19) Old regions: 57->63
[2022-10-10T11:18:24.614+0200][gc,heap     ] GC(19) Archive regions: 2->2
[2022-10-10T11:18:24.614+0200][gc,heap     ] GC(19) Humongous regions: 129->129
[2022-10-10T11:18:24.614+0200][gc,metaspace] GC(19) Metaspace: 41377K(41984K)->41377K(41984K) NonClass: 36607K(36928K)->36607K(36928K) Class: 4769K(5056K)->4769K(5056K)
[2022-10-10T11:18:24.614+0200][gc          ] GC(19) Pause Young (Normal) (G1 Evacuation Pause) 237M->196M(1024M) 5,719ms
[2022-10-10T11:18:24.614+0200][gc,cpu      ] GC(19) User=0,03s Sys=0,01s Real=0,01s
[2022-10-10T11:22:24.663+0200][gc,start    ] GC(20) Pause Young (Normal) (G1 Evacuation Pause)
[2022-10-10T11:22:24.664+0200][gc,task     ] GC(20) Using 15 workers of 15 for evacuation
[2022-10-10T11:22:24.669+0200][gc,phases   ] GC(20)   Pre Evacuate Collection Set: 0,2ms
[2022-10-10T11:22:24.669+0200][gc,phases   ] GC(20)   Merge Heap Roots: 0,1ms
[2022-10-10T11:22:24.669+0200][gc,phases   ] GC(20)   Evacuate Collection Set: 4,1ms
[2022-10-10T11:22:24.669+0200][gc,phases   ] GC(20)   Post Evacuate Collection Set: 0,4ms
[2022-10-10T11:22:24.669+0200][gc,phases   ] GC(20)   Other: 0,2ms
[2022-10-10T11:22:24.669+0200][gc,heap     ] GC(20) Eden regions: 46->0(45)
[2022-10-10T11:22:24.669+0200][gc,heap     ] GC(20) Survivor regions: 5->6(7)
[2022-10-10T11:22:24.669+0200][gc,heap     ] GC(20) Old regions: 63->66
[2022-10-10T11:22:24.669+0200][gc,heap     ] GC(20) Archive regions: 2->2
[2022-10-10T11:22:24.669+0200][gc,heap     ] GC(20) Humongous regions: 129->129
[2022-10-10T11:22:24.669+0200][gc,metaspace] GC(20) Metaspace: 41425K(42048K)->41425K(42048K) NonClass: 36655K(36992K)->36655K(36992K) Class: 4769K(5056K)->4769K(5056K)
[2022-10-10T11:22:24.669+0200][gc          ] GC(20) Pause Young (Normal) (G1 Evacuation Pause) 242M->200M(1024M) 5,575ms
[2022-10-10T11:22:24.669+0200][gc,cpu      ] GC(20) User=0,03s Sys=0,00s Real=0,00s
[2022-10-10T11:25:58.498+0200][gc,start    ] GC(21) Pause Young (Normal) (G1 Evacuation Pause)
[2022-10-10T11:25:58.499+0200][gc,task     ] GC(21) Using 15 workers of 15 for evacuation
[2022-10-10T11:25:58.521+0200][gc,mmu      ] GC(21) MMU target violated: 21,0ms (20,0ms/21,0ms)
[2022-10-10T11:25:58.521+0200][gc,phases   ] GC(21)   Pre Evacuate Collection Set: 0,3ms
[2022-10-10T11:25:58.521+0200][gc,phases   ] GC(21)   Merge Heap Roots: 0,2ms
[2022-10-10T11:25:58.521+0200][gc,phases   ] GC(21)   Evacuate Collection Set: 20,9ms
[2022-10-10T11:25:58.521+0200][gc,phases   ] GC(21)   Post Evacuate Collection Set: 0,8ms
[2022-10-10T11:25:58.522+0200][gc,phases   ] GC(21)   Other: 0,3ms
[2022-10-10T11:25:58.522+0200][gc,heap     ] GC(21) Eden regions: 45->0(46)
[2022-10-10T11:25:58.522+0200][gc,heap     ] GC(21) Survivor regions: 6->5(7)
[2022-10-10T11:25:58.522+0200][gc,heap     ] GC(21) Old regions: 66->70
[2022-10-10T11:25:58.522+0200][gc,heap     ] GC(21) Archive regions: 2->2
[2022-10-10T11:25:58.522+0200][gc,heap     ] GC(21) Humongous regions: 129->129
[2022-10-10T11:25:58.522+0200][gc,metaspace] GC(21) Metaspace: 41466K(42112K)->41466K(42112K) NonClass: 36696K(37056K)->36696K(37056K) Class: 4769K(5056K)->4769K(5056K)
[2022-10-10T11:25:58.522+0200][gc          ] GC(21) Pause Young (Normal) (G1 Evacuation Pause) 245M->203M(1024M) 24,275ms
[2022-10-10T11:25:58.522+0200][gc,cpu      ] GC(21) User=0,03s Sys=0,07s Real=0,03s
[2022-10-10T11:30:03.353+0200][gc,start    ] GC(22) Pause Young (Normal) (G1 Evacuation Pause)
[2022-10-10T11:30:03.355+0200][gc,task     ] GC(22) Using 15 workers of 15 for evacuation
[2022-10-10T11:30:03.360+0200][gc,phases   ] GC(22)   Pre Evacuate Collection Set: 0,3ms
[2022-10-10T11:30:03.360+0200][gc,phases   ] GC(22)   Merge Heap Roots: 0,1ms
[2022-10-10T11:30:03.360+0200][gc,phases   ] GC(22)   Evacuate Collection Set: 4,5ms
[2022-10-10T11:30:03.360+0200][gc,phases   ] GC(22)   Post Evacuate Collection Set: 0,3ms
[2022-10-10T11:30:03.360+0200][gc,phases   ] GC(22)   Other: 0,2ms
[2022-10-10T11:30:03.360+0200][gc,heap     ] GC(22) Eden regions: 46->0(63)
[2022-10-10T11:30:03.360+0200][gc,heap     ] GC(22) Survivor regions: 5->5(7)
[2022-10-10T11:30:03.360+0200][gc,heap     ] GC(22) Old regions: 70->74
[2022-10-10T11:30:03.360+0200][gc,heap     ] GC(22) Archive regions: 2->2
[2022-10-10T11:30:03.360+0200][gc,heap     ] GC(22) Humongous regions: 129->129
[2022-10-10T11:30:03.360+0200][gc,metaspace] GC(22) Metaspace: 41468K(42112K)->41468K(42112K) NonClass: 36698K(37056K)->36698K(37056K) Class: 4769K(5056K)->4769K(5056K)
[2022-10-10T11:30:03.360+0200][gc          ] GC(22) Pause Young (Normal) (G1 Evacuation Pause) 249M->207M(1024M) 6,809ms
[2022-10-10T11:30:03.360+0200][gc,cpu      ] GC(22) User=0,03s Sys=0,01s Real=0,01s
[2022-10-10T11:35:39.709+0200][gc,start    ] GC(23) Pause Young (Normal) (G1 Evacuation Pause)
[2022-10-10T11:35:39.711+0200][gc,task     ] GC(23) Using 15 workers of 15 for evacuation
[2022-10-10T11:35:39.727+0200][gc,phases   ] GC(23)   Pre Evacuate Collection Set: 2,3ms
[2022-10-10T11:35:39.727+0200][gc,phases   ] GC(23)   Merge Heap Roots: 0,3ms
[2022-10-10T11:35:39.727+0200][gc,phases   ] GC(23)   Evacuate Collection Set: 12,4ms
[2022-10-10T11:35:39.727+0200][gc,phases   ] GC(23)   Post Evacuate Collection Set: 0,7ms
[2022-10-10T11:35:39.727+0200][gc,phases   ] GC(23)   Other: 1,0ms
[2022-10-10T11:35:39.727+0200][gc,heap     ] GC(23) Eden regions: 63->0(42)
[2022-10-10T11:35:39.727+0200][gc,heap     ] GC(23) Survivor regions: 5->9(9)
[2022-10-10T11:35:39.727+0200][gc,heap     ] GC(23) Old regions: 74->75
[2022-10-10T11:35:39.727+0200][gc,heap     ] GC(23) Archive regions: 2->2
[2022-10-10T11:35:39.727+0200][gc,heap     ] GC(23) Humongous regions: 129->129
[2022-10-10T11:35:39.727+0200][gc,metaspace] GC(23) Metaspace: 41477K(42112K)->41477K(42112K) NonClass: 36707K(37056K)->36707K(37056K) Class: 4769K(5056K)->4769K(5056K)
[2022-10-10T11:35:39.727+0200][gc          ] GC(23) Pause Young (Normal) (G1 Evacuation Pause) 270M->213M(1024M) 17,834ms
[2022-10-10T11:35:39.727+0200][gc,cpu      ] GC(23) User=0,03s Sys=0,09s Real=0,02s
[2022-10-10T11:39:21.684+0200][gc,start    ] GC(24) Pause Young (Normal) (G1 Evacuation Pause)
[2022-10-10T11:39:21.685+0200][gc,task     ] GC(24) Using 15 workers of 15 for evacuation
[2022-10-10T11:39:21.690+0200][gc,phases   ] GC(24)   Pre Evacuate Collection Set: 0,2ms
[2022-10-10T11:39:21.690+0200][gc,phases   ] GC(24)   Merge Heap Roots: 0,1ms
[2022-10-10T11:39:21.690+0200][gc,phases   ] GC(24)   Evacuate Collection Set: 4,6ms
[2022-10-10T11:39:21.690+0200][gc,phases   ] GC(24)   Post Evacuate Collection Set: 0,4ms
[2022-10-10T11:39:21.690+0200][gc,phases   ] GC(24)   Other: 0,1ms
[2022-10-10T11:39:21.690+0200][gc,heap     ] GC(24) Eden regions: 42->0(76)
[2022-10-10T11:39:21.690+0200][gc,heap     ] GC(24) Survivor regions: 9->5(7)
[2022-10-10T11:39:21.690+0200][gc,heap     ] GC(24) Old regions: 75->84
[2022-10-10T11:39:21.690+0200][gc,heap     ] GC(24) Archive regions: 2->2
[2022-10-10T11:39:21.690+0200][gc,heap     ] GC(24) Humongous regions: 129->129
[2022-10-10T11:39:21.690+0200][gc,metaspace] GC(24) Metaspace: 41499K(42176K)->41499K(42176K) NonClass: 36730K(37120K)->36730K(37120K) Class: 4769K(5056K)->4769K(5056K)
[2022-10-10T11:39:21.690+0200][gc          ] GC(24) Pause Young (Normal) (G1 Evacuation Pause) 255M->217M(1024M) 6,399ms
[2022-10-10T11:39:21.690+0200][gc,cpu      ] GC(24) User=0,04s Sys=0,01s Real=0,01s
[2022-10-10T11:45:50.309+0200][gc,start    ] GC(25) Pause Young (Normal) (G1 Evacuation Pause)
[2022-10-10T11:45:50.311+0200][gc,task     ] GC(25) Using 15 workers of 15 for evacuation
[2022-10-10T11:45:50.324+0200][gc,phases   ] GC(25)   Pre Evacuate Collection Set: 2,3ms
[2022-10-10T11:45:50.324+0200][gc,phases   ] GC(25)   Merge Heap Roots: 0,3ms
[2022-10-10T11:45:50.324+0200][gc,phases   ] GC(25)   Evacuate Collection Set: 9,4ms
[2022-10-10T11:45:50.324+0200][gc,phases   ] GC(25)   Post Evacuate Collection Set: 0,9ms
[2022-10-10T11:45:50.324+0200][gc,phases   ] GC(25)   Other: 0,4ms
[2022-10-10T11:45:50.324+0200][gc,heap     ] GC(25) Eden regions: 76->0(53)
[2022-10-10T11:45:50.324+0200][gc,heap     ] GC(25) Survivor regions: 5->11(11)
[2022-10-10T11:45:50.324+0200][gc,heap     ] GC(25) Old regions: 84->84
[2022-10-10T11:45:50.324+0200][gc,heap     ] GC(25) Archive regions: 2->2
[2022-10-10T11:45:50.324+0200][gc,heap     ] GC(25) Humongous regions: 129->129
[2022-10-10T11:45:50.324+0200][gc,metaspace] GC(25) Metaspace: 41520K(42176K)->41520K(42176K) NonClass: 36750K(37120K)->36750K(37120K) Class: 4769K(5056K)->4769K(5056K)
[2022-10-10T11:45:50.324+0200][gc          ] GC(25) Pause Young (Normal) (G1 Evacuation Pause) 293M->224M(1024M) 14,422ms
[2022-10-10T11:45:50.324+0200][gc,cpu      ] GC(25) User=0,04s Sys=0,04s Real=0,02s
[2022-10-10T11:50:28.730+0200][gc,start    ] GC(26) Pause Young (Normal) (G1 Evacuation Pause)
[2022-10-10T11:50:28.731+0200][gc,task     ] GC(26) Using 15 workers of 15 for evacuation
[2022-10-10T11:50:28.741+0200][gc,phases   ] GC(26)   Pre Evacuate Collection Set: 0,2ms
[2022-10-10T11:50:28.741+0200][gc,phases   ] GC(26)   Merge Heap Roots: 0,1ms
[2022-10-10T11:50:28.741+0200][gc,phases   ] GC(26)   Evacuate Collection Set: 9,3ms
[2022-10-10T11:50:28.741+0200][gc,phases   ] GC(26)   Post Evacuate Collection Set: 0,5ms
[2022-10-10T11:50:28.741+0200][gc,phases   ] GC(26)   Other: 0,1ms
[2022-10-10T11:50:28.741+0200][gc,heap     ] GC(26) Eden regions: 53->0(86)
[2022-10-10T11:50:28.741+0200][gc,heap     ] GC(26) Survivor regions: 11->7(8)
[2022-10-10T11:50:28.741+0200][gc,heap     ] GC(26) Old regions: 84->94
[2022-10-10T11:50:28.741+0200][gc,heap     ] GC(26) Archive regions: 2->2
[2022-10-10T11:50:28.741+0200][gc,heap     ] GC(26) Humongous regions: 129->129
[2022-10-10T11:50:28.741+0200][gc,metaspace] GC(26) Metaspace: 41525K(42176K)->41525K(42176K) NonClass: 36755K(37120K)->36755K(37120K) Class: 4769K(5056K)->4769K(5056K)
[2022-10-10T11:50:28.741+0200][gc          ] GC(26) Pause Young (Normal) (G1 Evacuation Pause) 277M->229M(1024M) 11,377ms
[2022-10-10T11:50:28.741+0200][gc,cpu      ] GC(26) User=0,05s Sys=0,01s Real=0,01s
[2022-10-10T11:57:59.298+0200][gc,start    ] GC(27) Pause Young (Normal) (G1 Evacuation Pause)
[2022-10-10T11:57:59.299+0200][gc,task     ] GC(27) Using 15 workers of 15 for evacuation
[2022-10-10T11:57:59.313+0200][gc,phases   ] GC(27)   Pre Evacuate Collection Set: 1,7ms
[2022-10-10T11:57:59.313+0200][gc,phases   ] GC(27)   Merge Heap Roots: 0,2ms
[2022-10-10T11:57:59.313+0200][gc,phases   ] GC(27)   Evacuate Collection Set: 10,7ms
[2022-10-10T11:57:59.313+0200][gc,phases   ] GC(27)   Post Evacuate Collection Set: 0,7ms
[2022-10-10T11:57:59.313+0200][gc,phases   ] GC(27)   Other: 0,3ms
[2022-10-10T11:57:59.313+0200][gc,heap     ] GC(27) Eden regions: 86->0(63)
[2022-10-10T11:57:59.313+0200][gc,heap     ] GC(27) Survivor regions: 7->12(12)
[2022-10-10T11:57:59.313+0200][gc,heap     ] GC(27) Old regions: 94->95
[2022-10-10T11:57:59.313+0200][gc,heap     ] GC(27) Archive regions: 2->2
[2022-10-10T11:57:59.313+0200][gc,heap     ] GC(27) Humongous regions: 129->129
[2022-10-10T11:57:59.313+0200][gc,metaspace] GC(27) Metaspace: 41526K(42176K)->41526K(42176K) NonClass: 36756K(37120K)->36756K(37120K) Class: 4769K(5056K)->4769K(5056K)
[2022-10-10T11:57:59.313+0200][gc          ] GC(27) Pause Young (Normal) (G1 Evacuation Pause) 315M->236M(1024M) 14,954ms
[2022-10-10T11:57:59.313+0200][gc,cpu      ] GC(27) User=0,04s Sys=0,08s Real=0,02s
[2022-10-10T12:03:39.031+0200][gc,start    ] GC(28) Pause Young (Normal) (G1 Evacuation Pause)
[2022-10-10T12:03:39.032+0200][gc,task     ] GC(28) Using 15 workers of 15 for evacuation
[2022-10-10T12:03:39.062+0200][gc,mmu      ] GC(28) MMU target violated: 21,0ms (20,0ms/21,0ms)
[2022-10-10T12:03:39.062+0200][gc,phases   ] GC(28)   Pre Evacuate Collection Set: 3,3ms
[2022-10-10T12:03:39.062+0200][gc,phases   ] GC(28)   Merge Heap Roots: 0,2ms
[2022-10-10T12:03:39.062+0200][gc,phases   ] GC(28)   Evacuate Collection Set: 25,4ms
[2022-10-10T12:03:39.062+0200][gc,phases   ] GC(28)   Post Evacuate Collection Set: 0,7ms
[2022-10-10T12:03:39.062+0200][gc,phases   ] GC(28)   Other: 0,4ms
[2022-10-10T12:03:39.062+0200][gc,heap     ] GC(28) Eden regions: 63->0(61)
[2022-10-10T12:03:39.062+0200][gc,heap     ] GC(28) Survivor regions: 12->8(10)
[2022-10-10T12:03:39.062+0200][gc,heap     ] GC(28) Old regions: 95->106
[2022-10-10T12:03:39.062+0200][gc,heap     ] GC(28) Archive regions: 2->2
[2022-10-10T12:03:39.063+0200][gc,heap     ] GC(28) Humongous regions: 129->129
[2022-10-10T12:03:39.063+0200][gc,metaspace] GC(28) Metaspace: 41531K(42176K)->41531K(42176K) NonClass: 36761K(37120K)->36761K(37120K) Class: 4769K(5056K)->4769K(5056K)
[2022-10-10T12:03:39.063+0200][gc          ] GC(28) Pause Young (Normal) (G1 Evacuation Pause) 299M->243M(1024M) 31,127ms
[2022-10-10T12:03:39.063+0200][gc,cpu      ] GC(28) User=0,05s Sys=0,14s Real=0,03s
[2022-10-10T12:08:57.140+0200][gc,start    ] GC(29) Pause Young (Normal) (G1 Evacuation Pause)
[2022-10-10T12:08:57.141+0200][gc,task     ] GC(29) Using 15 workers of 15 for evacuation
[2022-10-10T12:08:57.155+0200][gc,phases   ] GC(29)   Pre Evacuate Collection Set: 0,3ms
[2022-10-10T12:08:57.155+0200][gc,phases   ] GC(29)   Merge Heap Roots: 0,1ms
[2022-10-10T12:08:57.155+0200][gc,phases   ] GC(29)   Evacuate Collection Set: 13,3ms
[2022-10-10T12:08:57.155+0200][gc,phases   ] GC(29)   Post Evacuate Collection Set: 0,2ms
[2022-10-10T12:08:57.155+0200][gc,phases   ] GC(29)   Other: 0,1ms
[2022-10-10T12:08:57.155+0200][gc,heap     ] GC(29) Eden regions: 61->0(76)
[2022-10-10T12:08:57.155+0200][gc,heap     ] GC(29) Survivor regions: 8->7(9)
[2022-10-10T12:08:57.155+0200][gc,heap     ] GC(29) Old regions: 106->112
[2022-10-10T12:08:57.155+0200][gc,heap     ] GC(29) Archive regions: 2->2
[2022-10-10T12:08:57.155+0200][gc,heap     ] GC(29) Humongous regions: 129->129
[2022-10-10T12:08:57.155+0200][gc,metaspace] GC(29) Metaspace: 41537K(42176K)->41537K(42176K) NonClass: 36767K(37120K)->36767K(37120K) Class: 4769K(5056K)->4769K(5056K)
[2022-10-10T12:08:57.155+0200][gc          ] GC(29) Pause Young (Normal) (G1 Evacuation Pause) 304M->248M(1024M) 15,092ms
[2022-10-10T12:08:57.155+0200][gc,cpu      ] GC(29) User=0,04s Sys=0,06s Real=0,01s
[2022-10-10T12:15:11.812+0200][gc,start    ] GC(30) Pause Young (Normal) (G1 Evacuation Pause)
[2022-10-10T12:15:11.812+0200][gc,task     ] GC(30) Using 15 workers of 15 for evacuation
[2022-10-10T12:15:11.835+0200][gc,mmu      ] GC(30) MMU target violated: 21,0ms (20,0ms/21,0ms)
[2022-10-10T12:15:11.835+0200][gc,phases   ] GC(30)   Pre Evacuate Collection Set: 2,1ms
[2022-10-10T12:15:11.835+0200][gc,phases   ] GC(30)   Merge Heap Roots: 0,3ms
[2022-10-10T12:15:11.835+0200][gc,phases   ] GC(30)   Evacuate Collection Set: 18,6ms
[2022-10-10T12:15:11.835+0200][gc,phases   ] GC(30)   Post Evacuate Collection Set: 1,3ms
[2022-10-10T12:15:11.835+0200][gc,phases   ] GC(30)   Other: 0,4ms
[2022-10-10T12:15:11.835+0200][gc,heap     ] GC(30) Eden regions: 76->0(42)
[2022-10-10T12:15:11.835+0200][gc,heap     ] GC(30) Survivor regions: 7->9(11)
[2022-10-10T12:15:11.835+0200][gc,heap     ] GC(30) Old regions: 112->118
[2022-10-10T12:15:11.835+0200][gc,heap     ] GC(30) Archive regions: 2->2
[2022-10-10T12:15:11.835+0200][gc,heap     ] GC(30) Humongous regions: 129->129
[2022-10-10T12:15:11.835+0200][gc,metaspace] GC(30) Metaspace: 41539K(42176K)->41539K(42176K) NonClass: 36769K(37120K)->36769K(37120K) Class: 4769K(5056K)->4769K(5056K)
[2022-10-10T12:15:11.835+0200][gc          ] GC(30) Pause Young (Normal) (G1 Evacuation Pause) 324M->256M(1024M) 23,031ms
[2022-10-10T12:15:11.835+0200][gc,cpu      ] GC(30) User=0,04s Sys=0,10s Real=0,02s
[2022-10-10T12:18:47.402+0200][gc,start    ] GC(31) Pause Young (Normal) (G1 Evacuation Pause)
[2022-10-10T12:18:47.403+0200][gc,task     ] GC(31) Using 15 workers of 15 for evacuation
[2022-10-10T12:18:47.407+0200][gc,phases   ] GC(31)   Pre Evacuate Collection Set: 0,3ms
[2022-10-10T12:18:47.407+0200][gc,phases   ] GC(31)   Merge Heap Roots: 0,1ms
[2022-10-10T12:18:47.407+0200][gc,phases   ] GC(31)   Evacuate Collection Set: 3,9ms
[2022-10-10T12:18:47.407+0200][gc,phases   ] GC(31)   Post Evacuate Collection Set: 0,3ms
[2022-10-10T12:18:47.407+0200][gc,phases   ] GC(31)   Other: 0,2ms
[2022-10-10T12:18:47.407+0200][gc,heap     ] GC(31) Eden regions: 42->0(140)
[2022-10-10T12:18:47.407+0200][gc,heap     ] GC(31) Survivor regions: 9->3(7)
[2022-10-10T12:18:47.407+0200][gc,heap     ] GC(31) Old regions: 118->125
[2022-10-10T12:18:47.407+0200][gc,heap     ] GC(31) Archive regions: 2->2
[2022-10-10T12:18:47.407+0200][gc,heap     ] GC(31) Humongous regions: 129->129
[2022-10-10T12:18:47.408+0200][gc,metaspace] GC(31) Metaspace: 41542K(42176K)->41542K(42176K) NonClass: 36772K(37120K)->36772K(37120K) Class: 4769K(5056K)->4769K(5056K)
[2022-10-10T12:18:47.408+0200][gc          ] GC(31) Pause Young (Normal) (G1 Evacuation Pause) 298M->257M(1024M) 5,227ms
[2022-10-10T12:18:47.408+0200][gc,cpu      ] GC(31) User=0,03s Sys=0,01s Real=0,00s
[2022-10-10T12:31:01.313+0200][gc,start    ] GC(32) Pause Young (Normal) (G1 Evacuation Pause)
[2022-10-10T12:31:01.314+0200][gc,task     ] GC(32) Using 15 workers of 15 for evacuation
[2022-10-10T12:31:01.328+0200][gc,phases   ] GC(32)   Pre Evacuate Collection Set: 0,3ms
[2022-10-10T12:31:01.328+0200][gc,phases   ] GC(32)   Merge Heap Roots: 0,1ms
[2022-10-10T12:31:01.328+0200][gc,phases   ] GC(32)   Evacuate Collection Set: 9,5ms
[2022-10-10T12:31:01.328+0200][gc,phases   ] GC(32)   Post Evacuate Collection Set: 4,3ms
[2022-10-10T12:31:01.329+0200][gc,phases   ] GC(32)   Other: 0,2ms
[2022-10-10T12:31:01.329+0200][gc,heap     ] GC(32) Eden regions: 140->0(54)
[2022-10-10T12:31:01.329+0200][gc,heap     ] GC(32) Survivor regions: 3->15(18)
[2022-10-10T12:31:01.329+0200][gc,heap     ] GC(32) Old regions: 125->125
[2022-10-10T12:31:01.329+0200][gc,heap     ] GC(32) Archive regions: 2->2
[2022-10-10T12:31:01.329+0200][gc,heap     ] GC(32) Humongous regions: 129->129
[2022-10-10T12:31:01.329+0200][gc,metaspace] GC(32) Metaspace: 41579K(42176K)->41579K(42176K) NonClass: 36809K(37120K)->36809K(37120K) Class: 4769K(5056K)->4769K(5056K)
[2022-10-10T12:31:01.329+0200][gc          ] GC(32) Pause Young (Normal) (G1 Evacuation Pause) 397M->268M(1024M) 15,778ms
[2022-10-10T12:31:01.329+0200][gc,cpu      ] GC(32) User=0,05s Sys=0,02s Real=0,01s
[2022-10-10T12:35:43.112+0200][gc,start    ] GC(33) Pause Young (Normal) (G1 Evacuation Pause)
[2022-10-10T12:35:43.113+0200][gc,task     ] GC(33) Using 15 workers of 15 for evacuation
[2022-10-10T12:35:43.140+0200][gc,mmu      ] GC(33) MMU target violated: 21,0ms (20,0ms/21,0ms)
[2022-10-10T12:35:43.140+0200][gc,phases   ] GC(33)   Pre Evacuate Collection Set: 0,2ms
[2022-10-10T12:35:43.140+0200][gc,phases   ] GC(33)   Merge Heap Roots: 0,1ms
[2022-10-10T12:35:43.140+0200][gc,phases   ] GC(33)   Evacuate Collection Set: 25,0ms
[2022-10-10T12:35:43.140+0200][gc,phases   ] GC(33)   Post Evacuate Collection Set: 0,9ms
[2022-10-10T12:35:43.140+0200][gc,phases   ] GC(33)   Other: 0,2ms
[2022-10-10T12:35:43.140+0200][gc,heap     ] GC(33) Eden regions: 54->0(86)
[2022-10-10T12:35:43.140+0200][gc,heap     ] GC(33) Survivor regions: 15->6(9)
[2022-10-10T12:35:43.140+0200][gc,heap     ] GC(33) Old regions: 125->138
[2022-10-10T12:35:43.140+0200][gc,heap     ] GC(33) Archive regions: 2->2
[2022-10-10T12:35:43.140+0200][gc,heap     ] GC(33) Humongous regions: 129->129
[2022-10-10T12:35:43.140+0200][gc,metaspace] GC(33) Metaspace: 41579K(42176K)->41579K(42176K) NonClass: 36809K(37120K)->36809K(37120K) Class: 4769K(5056K)->4769K(5056K)
[2022-10-10T12:35:43.140+0200][gc          ] GC(33) Pause Young (Normal) (G1 Evacuation Pause) 322M->273M(1024M) 27,634ms
[2022-10-10T12:35:43.140+0200][gc,cpu      ] GC(33) User=0,05s Sys=0,09s Real=0,03s
[2022-10-10T12:43:17.783+0200][gc,start    ] GC(34) Pause Young (Normal) (G1 Evacuation Pause)
[2022-10-10T12:43:17.785+0200][gc,task     ] GC(34) Using 15 workers of 15 for evacuation
[2022-10-10T12:43:17.790+0200][gc,phases   ] GC(34)   Pre Evacuate Collection Set: 0,3ms
[2022-10-10T12:43:17.790+0200][gc,phases   ] GC(34)   Merge Heap Roots: 0,1ms
[2022-10-10T12:43:17.790+0200][gc,phases   ] GC(34)   Evacuate Collection Set: 4,2ms
[2022-10-10T12:43:17.790+0200][gc,phases   ] GC(34)   Post Evacuate Collection Set: 0,3ms
[2022-10-10T12:43:17.790+0200][gc,phases   ] GC(34)   Other: 0,1ms
[2022-10-10T12:43:17.790+0200][gc,heap     ] GC(34) Eden regions: 86->0(62)
[2022-10-10T12:43:17.790+0200][gc,heap     ] GC(34) Survivor regions: 6->12(12)
[2022-10-10T12:43:17.790+0200][gc,heap     ] GC(34) Old regions: 138->139
[2022-10-10T12:43:17.790+0200][gc,heap     ] GC(34) Archive regions: 2->2
[2022-10-10T12:43:17.790+0200][gc,heap     ] GC(34) Humongous regions: 129->129
[2022-10-10T12:43:17.790+0200][gc,metaspace] GC(34) Metaspace: 41579K(42176K)->41579K(42176K) NonClass: 36809K(37120K)->36809K(37120K) Class: 4769K(5056K)->4769K(5056K)
[2022-10-10T12:43:17.790+0200][gc          ] GC(34) Pause Young (Normal) (G1 Evacuation Pause) 359M->280M(1024M) 6,668ms
[2022-10-10T12:43:17.790+0200][gc,cpu      ] GC(34) User=0,04s Sys=0,00s Real=0,01s
[2022-10-10T12:48:44.365+0200][gc,start    ] GC(35) Pause Young (Normal) (G1 Evacuation Pause)
[2022-10-10T12:48:44.366+0200][gc,task     ] GC(35) Using 15 workers of 15 for evacuation
[2022-10-10T12:48:44.372+0200][gc,phases   ] GC(35)   Pre Evacuate Collection Set: 0,3ms
[2022-10-10T12:48:44.372+0200][gc,phases   ] GC(35)   Merge Heap Roots: 0,1ms
[2022-10-10T12:48:44.372+0200][gc,phases   ] GC(35)   Evacuate Collection Set: 5,9ms
[2022-10-10T12:48:44.372+0200][gc,phases   ] GC(35)   Post Evacuate Collection Set: 0,4ms
[2022-10-10T12:48:44.372+0200][gc,phases   ] GC(35)   Other: 0,1ms
[2022-10-10T12:48:44.372+0200][gc,heap     ] GC(35) Eden regions: 62->0(132)
[2022-10-10T12:48:44.372+0200][gc,heap     ] GC(35) Survivor regions: 12->7(10)
[2022-10-10T12:48:44.372+0200][gc,heap     ] GC(35) Old regions: 139->150
[2022-10-10T12:48:44.372+0200][gc,heap     ] GC(35) Archive regions: 2->2
[2022-10-10T12:48:44.373+0200][gc,heap     ] GC(35) Humongous regions: 129->129
[2022-10-10T12:48:44.373+0200][gc,metaspace] GC(35) Metaspace: 41579K(42176K)->41579K(42176K) NonClass: 36809K(37120K)->36809K(37120K) Class: 4769K(5056K)->4769K(5056K)
[2022-10-10T12:48:44.373+0200][gc          ] GC(35) Pause Young (Normal) (G1 Evacuation Pause) 342M->286M(1024M) 7,784ms
[2022-10-10T12:48:44.373+0200][gc,cpu      ] GC(35) User=0,05s Sys=0,01s Real=0,01s
[2022-10-10T13:00:19.227+0200][gc,start    ] GC(36) Pause Young (Normal) (G1 Evacuation Pause)
[2022-10-10T13:00:19.228+0200][gc,task     ] GC(36) Using 15 workers of 15 for evacuation
[2022-10-10T13:00:19.236+0200][gc,phases   ] GC(36)   Pre Evacuate Collection Set: 0,2ms
[2022-10-10T13:00:19.236+0200][gc,phases   ] GC(36)   Merge Heap Roots: 0,1ms
[2022-10-10T13:00:19.236+0200][gc,phases   ] GC(36)   Evacuate Collection Set: 6,7ms
[2022-10-10T13:00:19.236+0200][gc,phases   ] GC(36)   Post Evacuate Collection Set: 0,5ms
[2022-10-10T13:00:19.236+0200][gc,phases   ] GC(36)   Other: 0,2ms
[2022-10-10T13:00:19.236+0200][gc,heap     ] GC(36) Eden regions: 132->0(100)
[2022-10-10T13:00:19.236+0200][gc,heap     ] GC(36) Survivor regions: 7->18(18)
[2022-10-10T13:00:19.236+0200][gc,heap     ] GC(36) Old regions: 150->150
[2022-10-10T13:00:19.236+0200][gc,heap     ] GC(36) Archive regions: 2->2
[2022-10-10T13:00:19.236+0200][gc,heap     ] GC(36) Humongous regions: 129->129
[2022-10-10T13:00:19.236+0200][gc,metaspace] GC(36) Metaspace: 41602K(42176K)->41602K(42176K) NonClass: 36832K(37120K)->36832K(37120K) Class: 4769K(5056K)->4769K(5056K)
[2022-10-10T13:00:19.236+0200][gc          ] GC(36) Pause Young (Normal) (G1 Evacuation Pause) 418M->297M(1024M) 8,966ms
[2022-10-10T13:00:19.236+0200][gc,cpu      ] GC(36) User=0,06s Sys=0,01s Real=0,01s
[2022-10-10T13:09:03.615+0200][gc,start    ] GC(37) Pause Young (Normal) (G1 Evacuation Pause)
[2022-10-10T13:09:03.616+0200][gc,task     ] GC(37) Using 15 workers of 15 for evacuation
[2022-10-10T13:09:03.636+0200][gc,phases   ] GC(37)   Pre Evacuate Collection Set: 0,3ms
[2022-10-10T13:09:03.636+0200][gc,phases   ] GC(37)   Merge Heap Roots: 0,3ms
[2022-10-10T13:09:03.636+0200][gc,phases   ] GC(37)   Evacuate Collection Set: 18,8ms
[2022-10-10T13:09:03.636+0200][gc,phases   ] GC(37)   Post Evacuate Collection Set: 0,3ms
[2022-10-10T13:09:03.636+0200][gc,phases   ] GC(37)   Other: 0,1ms
[2022-10-10T13:09:03.636+0200][gc,heap     ] GC(37) Eden regions: 100->0(120)
[2022-10-10T13:09:03.636+0200][gc,heap     ] GC(37) Survivor regions: 18->11(15)
[2022-10-10T13:09:03.636+0200][gc,heap     ] GC(37) Old regions: 150->166
[2022-10-10T13:09:03.636+0200][gc,heap     ] GC(37) Archive regions: 2->2
[2022-10-10T13:09:03.636+0200][gc,heap     ] GC(37) Humongous regions: 129->129
[2022-10-10T13:09:03.636+0200][gc,metaspace] GC(37) Metaspace: 41618K(42240K)->41618K(42240K) NonClass: 36848K(37184K)->36848K(37184K) Class: 4769K(5056K)->4769K(5056K)
[2022-10-10T13:09:03.636+0200][gc          ] GC(37) Pause Young (Normal) (G1 Evacuation Pause) 397M->305M(1024M) 20,965ms
[2022-10-10T13:09:03.636+0200][gc,cpu      ] GC(37) User=0,07s Sys=0,08s Real=0,02s
[2022-10-10T13:19:04.787+0200][gc,start    ] GC(38) Pause Young (Normal) (G1 Evacuation Pause)
[2022-10-10T13:19:04.788+0200][gc,task     ] GC(38) Using 15 workers of 15 for evacuation
[2022-10-10T13:19:04.796+0200][gc,phases   ] GC(38)   Pre Evacuate Collection Set: 0,3ms
[2022-10-10T13:19:04.796+0200][gc,phases   ] GC(38)   Merge Heap Roots: 0,1ms
[2022-10-10T13:19:04.796+0200][gc,phases   ] GC(38)   Evacuate Collection Set: 6,5ms
[2022-10-10T13:19:04.796+0200][gc,phases   ] GC(38)   Post Evacuate Collection Set: 0,7ms
[2022-10-10T13:19:04.796+0200][gc,phases   ] GC(38)   Other: 0,1ms
[2022-10-10T13:19:04.796+0200][gc,heap     ] GC(38) Eden regions: 120->0(153)
[2022-10-10T13:19:04.796+0200][gc,heap     ] GC(38) Survivor regions: 11->10(17)
[2022-10-10T13:19:04.796+0200][gc,heap     ] GC(38) Old regions: 166->175
[2022-10-10T13:19:04.796+0200][gc,heap     ] GC(38) Archive regions: 2->2
[2022-10-10T13:19:04.796+0200][gc,heap     ] GC(38) Humongous regions: 129->129
[2022-10-10T13:19:04.796+0200][gc,metaspace] GC(38) Metaspace: 41664K(42304K)->41664K(42304K) NonClass: 36894K(37248K)->36894K(37248K) Class: 4769K(5056K)->4769K(5056K)
[2022-10-10T13:19:04.796+0200][gc          ] GC(38) Pause Young (Normal) (G1 Evacuation Pause) 425M->314M(1024M) 8,657ms
[2022-10-10T13:19:04.796+0200][gc,cpu      ] GC(38) User=0,05s Sys=0,01s Real=0,01s
[2022-10-10T13:32:22.535+0200][gc,start    ] GC(39) Pause Young (Normal) (G1 Evacuation Pause)
[2022-10-10T13:32:22.535+0200][gc,task     ] GC(39) Using 15 workers of 15 for evacuation
[2022-10-10T13:32:22.541+0200][gc,phases   ] GC(39)   Pre Evacuate Collection Set: 0,2ms
[2022-10-10T13:32:22.541+0200][gc,phases   ] GC(39)   Merge Heap Roots: 0,2ms
[2022-10-10T13:32:22.541+0200][gc,phases   ] GC(39)   Evacuate Collection Set: 4,2ms
[2022-10-10T13:32:22.541+0200][gc,phases   ] GC(39)   Post Evacuate Collection Set: 0,3ms
[2022-10-10T13:32:22.541+0200][gc,phases   ] GC(39)   Other: 0,1ms
[2022-10-10T13:32:22.541+0200][gc,heap     ] GC(39) Eden regions: 153->0(567)
[2022-10-10T13:32:22.541+0200][gc,heap     ] GC(39) Survivor regions: 10->11(21)
[2022-10-10T13:32:22.541+0200][gc,heap     ] GC(39) Old regions: 175->175
[2022-10-10T13:32:22.541+0200][gc,heap     ] GC(39) Archive regions: 2->2
[2022-10-10T13:32:22.541+0200][gc,heap     ] GC(39) Humongous regions: 129->129
[2022-10-10T13:32:22.541+0200][gc,metaspace] GC(39) Metaspace: 41689K(42304K)->41689K(42304K) NonClass: 36919K(37248K)->36919K(37248K) Class: 4769K(5056K)->4769K(5056K)
[2022-10-10T13:32:22.541+0200][gc          ] GC(39) Pause Young (Normal) (G1 Evacuation Pause) 467M->315M(1024M) 6,131ms
[2022-10-10T13:32:22.541+0200][gc,cpu      ] GC(39) User=0,03s Sys=0,01s Real=0,01s
[2022-10-10T14:21:38.036+0200][gc,start    ] GC(40) Pause Young (Normal) (G1 Evacuation Pause)
[2022-10-10T14:21:38.037+0200][gc,task     ] GC(40) Using 15 workers of 15 for evacuation
[2022-10-10T14:21:38.050+0200][gc,phases   ] GC(40)   Pre Evacuate Collection Set: 1,6ms
[2022-10-10T14:21:38.050+0200][gc,phases   ] GC(40)   Merge Heap Roots: 0,4ms
[2022-10-10T14:21:38.050+0200][gc,phases   ] GC(40)   Evacuate Collection Set: 9,7ms
[2022-10-10T14:21:38.050+0200][gc,phases   ] GC(40)   Post Evacuate Collection Set: 0,8ms
[2022-10-10T14:21:38.050+0200][gc,phases   ] GC(40)   Other: 0,6ms
[2022-10-10T14:21:38.050+0200][gc,heap     ] GC(40) Eden regions: 567->0(577)
[2022-10-10T14:21:38.050+0200][gc,heap     ] GC(40) Survivor regions: 11->11(73)
[2022-10-10T14:21:38.050+0200][gc,heap     ] GC(40) Old regions: 175->175
[2022-10-10T14:21:38.050+0200][gc,heap     ] GC(40) Archive regions: 2->2
[2022-10-10T14:21:38.050+0200][gc,heap     ] GC(40) Humongous regions: 129->129
[2022-10-10T14:21:38.050+0200][gc,metaspace] GC(40) Metaspace: 41734K(42368K)->41734K(42368K) NonClass: 36964K(37312K)->36964K(37312K) Class: 4769K(5056K)->4769K(5056K)
[2022-10-10T14:21:38.050+0200][gc          ] GC(40) Pause Young (Normal) (G1 Evacuation Pause) 882M->315M(1024M) 14,123ms
[2022-10-10T14:21:38.050+0200][gc,cpu      ] GC(40) User=0,03s Sys=0,06s Real=0,02s
[2022-10-10T15:11:31.441+0200][gc,start    ] GC(41) Pause Young (Normal) (G1 Evacuation Pause)
[2022-10-10T15:11:31.441+0200][gc,task     ] GC(41) Using 15 workers of 15 for evacuation
[2022-10-10T15:11:31.457+0200][gc,phases   ] GC(41)   Pre Evacuate Collection Set: 1,8ms
[2022-10-10T15:11:31.457+0200][gc,phases   ] GC(41)   Merge Heap Roots: 0,4ms
[2022-10-10T15:11:31.457+0200][gc,phases   ] GC(41)   Evacuate Collection Set: 12,5ms
[2022-10-10T15:11:31.457+0200][gc,phases   ] GC(41)   Post Evacuate Collection Set: 0,7ms
[2022-10-10T15:11:31.457+0200][gc,phases   ] GC(41)   Other: 0,4ms
[2022-10-10T15:11:31.457+0200][gc,heap     ] GC(41) Eden regions: 577->0(542)
[2022-10-10T15:11:31.457+0200][gc,heap     ] GC(41) Survivor regions: 11->11(74)
[2022-10-10T15:11:31.457+0200][gc,heap     ] GC(41) Old regions: 175->175
[2022-10-10T15:11:31.457+0200][gc,heap     ] GC(41) Archive regions: 2->2
[2022-10-10T15:11:31.457+0200][gc,heap     ] GC(41) Humongous regions: 129->129
[2022-10-10T15:11:31.457+0200][gc,metaspace] GC(41) Metaspace: 41812K(42432K)->41812K(42432K) NonClass: 37042K(37376K)->37042K(37376K) Class: 4769K(5056K)->4769K(5056K)
[2022-10-10T15:11:31.457+0200][gc          ] GC(41) Pause Young (Normal) (G1 Evacuation Pause) 892M->315M(1024M) 16,085ms
[2022-10-10T15:11:31.457+0200][gc,cpu      ] GC(41) User=0,04s Sys=0,09s Real=0,01s
[2022-10-10T15:13:33.791+0200][gc,heap,exit] Heap
[2022-10-10T15:13:33.791+0200][gc,heap,exit]  garbage-first heap   total 1048576K, used 362557K [0x00000007c0000000, 0x0000000800000000)
[2022-10-10T15:13:33.792+0200][gc,heap,exit]   region size 1024K, 50 young (51200K), 11 survivors (11264K)
[2022-10-10T15:13:33.792+0200][gc,heap,exit]  Metaspace       used 42429K, committed 43072K, reserved 1114112K
[2022-10-10T15:13:33.792+0200][gc,heap,exit]   class space    used 4924K, committed 5248K, reserved 1048576K
