[2022-09-12T11:47:25.134+0200][gc,init] CardTable entry size: 512
[2022-09-12T11:47:25.134+0200][gc     ] Using G1
[2022-09-12T11:47:25.138+0200][gc,init] Version: 18.0.1.1+2-6 (release)
[2022-09-12T11:47:25.138+0200][gc,init] CPUs: 20 total, 20 available
[2022-09-12T11:47:25.138+0200][gc,init] Memory: 32768M
[2022-09-12T11:47:25.138+0200][gc,init] Large Page Support: Disabled
[2022-09-12T11:47:25.138+0200][gc,init] NUMA Support: Disabled
[2022-09-12T11:47:25.138+0200][gc,init] Compressed Oops: Enabled (Zero based)
[2022-09-12T11:47:25.138+0200][gc,init] Heap Region Size: 1M
[2022-09-12T11:47:25.138+0200][gc,init] Heap Min Capacity: 1G
[2022-09-12T11:47:25.138+0200][gc,init] Heap Initial Capacity: 1G
[2022-09-12T11:47:25.138+0200][gc,init] Heap Max Capacity: 1G
[2022-09-12T11:47:25.138+0200][gc,init] Pre-touch: Disabled
[2022-09-12T11:47:25.138+0200][gc,init] Parallel Workers: 15
[2022-09-12T11:47:25.138+0200][gc,init] Concurrent Workers: 4
[2022-09-12T11:47:25.138+0200][gc,init] Concurrent Refinement Workers: 15
[2022-09-12T11:47:25.138+0200][gc,init] Periodic GC: Disabled
[2022-09-12T11:47:25.138+0200][gc,metaspace] CDS archive(s) mapped at: [0x0000000800000000-0x0000000800ba8000-0x0000000800ba8000), size 12222464, SharedBaseAddress: 0x0000000800000000, ArchiveRelocationMode: 0.
[2022-09-12T11:47:25.138+0200][gc,metaspace] Compressed class space mapped at: 0x0000000800c00000-0x0000000840c00000, reserved size: 1073741824
[2022-09-12T11:47:25.138+0200][gc,metaspace] Narrow klass base: 0x0000000800000000, Narrow klass shift: 0, Narrow klass range: 0x100000000
[2022-09-12T11:47:27.851+0200][gc,heap,exit] Heap
[2022-09-12T11:47:27.851+0200][gc,heap,exit]  garbage-first heap   total 1048576K, used 40346K [0x00000007c0000000, 0x0000000800000000)
[2022-09-12T11:47:27.851+0200][gc,heap,exit]   region size 1024K, 39 young (39936K), 0 survivors (0K)
[2022-09-12T11:47:27.851+0200][gc,heap,exit]  Metaspace       used 14299K, committed 14464K, reserved 1114112K
[2022-09-12T11:47:27.851+0200][gc,heap,exit]   class space    used 1713K, committed 1792K, reserved 1048576K
