[2022-06-23T15:35:47.092+0200][gc,init] CardTable entry size: 512
[2022-06-23T15:35:47.093+0200][gc     ] Using G1
[2022-06-23T15:35:47.097+0200][gc,init] Version: 18.0.1.1+2-6 (release)
[2022-06-23T15:35:47.097+0200][gc,init] CPUs: 20 total, 20 available
[2022-06-23T15:35:47.097+0200][gc,init] Memory: 32768M
[2022-06-23T15:35:47.097+0200][gc,init] Large Page Support: Disabled
[2022-06-23T15:35:47.097+0200][gc,init] NUMA Support: Disabled
[2022-06-23T15:35:47.097+0200][gc,init] Compressed Oops: Enabled (Zero based)
[2022-06-23T15:35:47.097+0200][gc,init] Heap Region Size: 1M
[2022-06-23T15:35:47.097+0200][gc,init] Heap Min Capacity: 1G
[2022-06-23T15:35:47.097+0200][gc,init] Heap Initial Capacity: 1G
[2022-06-23T15:35:47.097+0200][gc,init] Heap Max Capacity: 1G
[2022-06-23T15:35:47.097+0200][gc,init] Pre-touch: Disabled
[2022-06-23T15:35:47.097+0200][gc,init] Parallel Workers: 15
[2022-06-23T15:35:47.097+0200][gc,init] Concurrent Workers: 4
[2022-06-23T15:35:47.097+0200][gc,init] Concurrent Refinement Workers: 15
[2022-06-23T15:35:47.097+0200][gc,init] Periodic GC: Disabled
[2022-06-23T15:35:47.097+0200][gc,metaspace] CDS archive(s) mapped at: [0x0000000800000000-0x0000000800ba8000-0x0000000800ba8000), size 12222464, SharedBaseAddress: 0x0000000800000000, ArchiveRelocationMode: 0.
[2022-06-23T15:35:47.097+0200][gc,metaspace] Compressed class space mapped at: 0x0000000800c00000-0x0000000840c00000, reserved size: 1073741824
[2022-06-23T15:35:47.097+0200][gc,metaspace] Narrow klass base: 0x0000000800000000, Narrow klass shift: 0, Narrow klass range: 0x100000000
[2022-06-23T15:35:48.319+0200][gc,start    ] GC(0) Pause Young (Normal) (G1 Evacuation Pause)
[2022-06-23T15:35:48.319+0200][gc,task     ] GC(0) Using 15 workers of 15 for evacuation
[2022-06-23T15:35:48.323+0200][gc,phases   ] GC(0)   Pre Evacuate Collection Set: 0,1ms
[2022-06-23T15:35:48.323+0200][gc,phases   ] GC(0)   Merge Heap Roots: 0,1ms
[2022-06-23T15:35:48.323+0200][gc,phases   ] GC(0)   Evacuate Collection Set: 2,7ms
[2022-06-23T15:35:48.323+0200][gc,phases   ] GC(0)   Post Evacuate Collection Set: 0,7ms
[2022-06-23T15:35:48.323+0200][gc,phases   ] GC(0)   Other: 0,4ms
[2022-06-23T15:35:48.323+0200][gc,heap     ] GC(0) Eden regions: 51->0(44)
[2022-06-23T15:35:48.323+0200][gc,heap     ] GC(0) Survivor regions: 0->7(7)
[2022-06-23T15:35:48.323+0200][gc,heap     ] GC(0) Old regions: 0->1
[2022-06-23T15:35:48.323+0200][gc,heap     ] GC(0) Archive regions: 2->2
[2022-06-23T15:35:48.323+0200][gc,heap     ] GC(0) Humongous regions: 0->0
[2022-06-23T15:35:48.323+0200][gc,metaspace] GC(0) Metaspace: 18999K(19264K)->18999K(19264K) NonClass: 16753K(16896K)->16753K(16896K) Class: 2246K(2368K)->2246K(2368K)
[2022-06-23T15:35:48.323+0200][gc          ] GC(0) Pause Young (Normal) (G1 Evacuation Pause) 51M->8M(1024M) 4,299ms
[2022-06-23T15:35:48.323+0200][gc,cpu      ] GC(0) User=0,02s Sys=0,02s Real=0,01s
[2022-06-23T15:35:48.458+0200][gc,start    ] GC(1) Pause Young (Concurrent Start) (Metadata GC Threshold)
[2022-06-23T15:35:48.458+0200][gc,task     ] GC(1) Using 15 workers of 15 for evacuation
[2022-06-23T15:35:48.464+0200][gc,phases   ] GC(1)   Pre Evacuate Collection Set: 0,2ms
[2022-06-23T15:35:48.464+0200][gc,phases   ] GC(1)   Merge Heap Roots: 0,1ms
[2022-06-23T15:35:48.464+0200][gc,phases   ] GC(1)   Evacuate Collection Set: 4,9ms
[2022-06-23T15:35:48.464+0200][gc,phases   ] GC(1)   Post Evacuate Collection Set: 0,4ms
[2022-06-23T15:35:48.464+0200][gc,phases   ] GC(1)   Other: 0,1ms
[2022-06-23T15:35:48.464+0200][gc,heap     ] GC(1) Eden regions: 10->0(49)
[2022-06-23T15:35:48.464+0200][gc,heap     ] GC(1) Survivor regions: 7->2(7)
[2022-06-23T15:35:48.464+0200][gc,heap     ] GC(1) Old regions: 1->8
[2022-06-23T15:35:48.464+0200][gc,heap     ] GC(1) Archive regions: 2->2
[2022-06-23T15:35:48.464+0200][gc,heap     ] GC(1) Humongous regions: 129->129
[2022-06-23T15:35:48.464+0200][gc,metaspace] GC(1) Metaspace: 21297K(21504K)->21297K(21504K) NonClass: 18789K(18880K)->18789K(18880K) Class: 2508K(2624K)->2508K(2624K)
[2022-06-23T15:35:48.464+0200][gc          ] GC(1) Pause Young (Concurrent Start) (Metadata GC Threshold) 146M->138M(1024M) 5,835ms
[2022-06-23T15:35:48.464+0200][gc,cpu      ] GC(1) User=0,02s Sys=0,04s Real=0,01s
[2022-06-23T15:35:48.464+0200][gc          ] GC(2) Concurrent Mark Cycle
[2022-06-23T15:35:48.464+0200][gc,marking  ] GC(2) Concurrent Clear Claimed Marks
[2022-06-23T15:35:48.464+0200][gc,marking  ] GC(2) Concurrent Clear Claimed Marks 0,012ms
[2022-06-23T15:35:48.464+0200][gc,marking  ] GC(2) Concurrent Scan Root Regions
[2022-06-23T15:35:48.466+0200][gc,marking  ] GC(2) Concurrent Scan Root Regions 1,228ms
[2022-06-23T15:35:48.466+0200][gc,marking  ] GC(2) Concurrent Mark
[2022-06-23T15:35:48.466+0200][gc,marking  ] GC(2) Concurrent Mark From Roots
[2022-06-23T15:35:48.466+0200][gc,task     ] GC(2) Using 4 workers of 4 for marking
[2022-06-23T15:35:48.467+0200][gc,marking  ] GC(2) Concurrent Mark From Roots 1,462ms
[2022-06-23T15:35:48.467+0200][gc,marking  ] GC(2) Concurrent Preclean
[2022-06-23T15:35:48.467+0200][gc,marking  ] GC(2) Concurrent Preclean 0,020ms
[2022-06-23T15:35:48.467+0200][gc,start    ] GC(2) Pause Remark
[2022-06-23T15:35:48.468+0200][gc          ] GC(2) Pause Remark 138M->138M(1024M) 0,938ms
[2022-06-23T15:35:48.468+0200][gc,cpu      ] GC(2) User=0,00s Sys=0,00s Real=0,00s
[2022-06-23T15:35:48.468+0200][gc,marking  ] GC(2) Concurrent Mark 2,561ms
[2022-06-23T15:35:48.468+0200][gc,marking  ] GC(2) Concurrent Rebuild Remembered Sets
[2022-06-23T15:35:48.469+0200][gc,marking  ] GC(2) Concurrent Rebuild Remembered Sets 1,016ms
[2022-06-23T15:35:48.469+0200][gc,start    ] GC(2) Pause Cleanup
[2022-06-23T15:35:48.469+0200][gc          ] GC(2) Pause Cleanup 138M->138M(1024M) 0,116ms
[2022-06-23T15:35:48.469+0200][gc,cpu      ] GC(2) User=0,01s Sys=0,00s Real=0,00s
[2022-06-23T15:35:48.469+0200][gc,marking  ] GC(2) Concurrent Cleanup for Next Mark
[2022-06-23T15:35:48.472+0200][gc,marking  ] GC(2) Concurrent Cleanup for Next Mark 2,357ms
[2022-06-23T15:35:48.472+0200][gc          ] GC(2) Concurrent Mark Cycle 7,480ms
[2022-06-23T15:35:48.954+0200][gc,start    ] GC(3) Pause Young (Normal) (G1 Evacuation Pause)
[2022-06-23T15:35:48.954+0200][gc,task     ] GC(3) Using 15 workers of 15 for evacuation
[2022-06-23T15:35:48.956+0200][gc,phases   ] GC(3)   Pre Evacuate Collection Set: 0,1ms
[2022-06-23T15:35:48.956+0200][gc,phases   ] GC(3)   Merge Heap Roots: 0,0ms
[2022-06-23T15:35:48.956+0200][gc,phases   ] GC(3)   Evacuate Collection Set: 1,7ms
[2022-06-23T15:35:48.956+0200][gc,phases   ] GC(3)   Post Evacuate Collection Set: 0,5ms
[2022-06-23T15:35:48.956+0200][gc,phases   ] GC(3)   Other: 0,1ms
[2022-06-23T15:35:48.956+0200][gc,heap     ] GC(3) Eden regions: 49->0(45)
[2022-06-23T15:35:48.956+0200][gc,heap     ] GC(3) Survivor regions: 2->6(7)
[2022-06-23T15:35:48.956+0200][gc,heap     ] GC(3) Old regions: 8->8
[2022-06-23T15:35:48.956+0200][gc,heap     ] GC(3) Archive regions: 2->2
[2022-06-23T15:35:48.956+0200][gc,heap     ] GC(3) Humongous regions: 129->129
[2022-06-23T15:35:48.956+0200][gc,metaspace] GC(3) Metaspace: 32719K(33024K)->32719K(33024K) NonClass: 29068K(29248K)->29068K(29248K) Class: 3650K(3776K)->3650K(3776K)
[2022-06-23T15:35:48.956+0200][gc          ] GC(3) Pause Young (Normal) (G1 Evacuation Pause) 187M->142M(1024M) 2,641ms
[2022-06-23T15:35:48.956+0200][gc,cpu      ] GC(3) User=0,02s Sys=0,00s Real=0,00s
[2022-06-23T15:36:49.514+0200][gc,heap,exit] Heap
[2022-06-23T15:36:49.514+0200][gc,heap,exit]  garbage-first heap   total 1048576K, used 161101K [0x00000007c0000000, 0x0000000800000000)
[2022-06-23T15:36:49.514+0200][gc,heap,exit]   region size 1024K, 21 young (21504K), 6 survivors (6144K)
[2022-06-23T15:36:49.514+0200][gc,heap,exit]  Metaspace       used 34559K, committed 34880K, reserved 1114112K
[2022-06-23T15:36:49.514+0200][gc,heap,exit]   class space    used 3948K, committed 4096K, reserved 1048576K
