[2022-10-10T10:13:44.173+0200][gc,init] CardTable entry size: 512
[2022-10-10T10:13:44.173+0200][gc     ] Using G1
[2022-10-10T10:13:44.175+0200][gc,init] Version: 18.0.1.1+2-6 (release)
[2022-10-10T10:13:44.175+0200][gc,init] CPUs: 20 total, 20 available
[2022-10-10T10:13:44.175+0200][gc,init] Memory: 32768M
[2022-10-10T10:13:44.175+0200][gc,init] Large Page Support: Disabled
[2022-10-10T10:13:44.175+0200][gc,init] NUMA Support: Disabled
[2022-10-10T10:13:44.175+0200][gc,init] Compressed Oops: Enabled (Zero based)
[2022-10-10T10:13:44.175+0200][gc,init] Heap Region Size: 1M
[2022-10-10T10:13:44.175+0200][gc,init] Heap Min Capacity: 512M
[2022-10-10T10:13:44.175+0200][gc,init] Heap Initial Capacity: 512M
[2022-10-10T10:13:44.175+0200][gc,init] Heap Max Capacity: 512M
[2022-10-10T10:13:44.175+0200][gc,init] Pre-touch: Disabled
[2022-10-10T10:13:44.175+0200][gc,init] Parallel Workers: 15
[2022-10-10T10:13:44.175+0200][gc,init] Concurrent Workers: 4
[2022-10-10T10:13:44.175+0200][gc,init] Concurrent Refinement Workers: 15
[2022-10-10T10:13:44.175+0200][gc,init] Periodic GC: Disabled
[2022-10-10T10:13:44.176+0200][gc,metaspace] CDS archive(s) mapped at: [0x0000000800000000-0x0000000800ba8000-0x0000000800ba8000), size 12222464, SharedBaseAddress: 0x0000000800000000, ArchiveRelocationMode: 0.
[2022-10-10T10:13:44.176+0200][gc,metaspace] Compressed class space mapped at: 0x0000000800c00000-0x0000000840c00000, reserved size: 1073741824
[2022-10-10T10:13:44.176+0200][gc,metaspace] Narrow klass base: 0x0000000800000000, Narrow klass shift: 0, Narrow klass range: 0x100000000
[2022-10-10T10:13:52.908+0200][gc,start    ] GC(0) Pause Young (Normal) (G1 Evacuation Pause)
[2022-10-10T10:13:52.909+0200][gc,task     ] GC(0) Using 12 workers of 15 for evacuation
[2022-10-10T10:13:52.911+0200][gc,phases   ] GC(0)   Pre Evacuate Collection Set: 0,1ms
[2022-10-10T10:13:52.911+0200][gc,phases   ] GC(0)   Merge Heap Roots: 0,1ms
[2022-10-10T10:13:52.911+0200][gc,phases   ] GC(0)   Evacuate Collection Set: 2,0ms
[2022-10-10T10:13:52.911+0200][gc,phases   ] GC(0)   Post Evacuate Collection Set: 0,3ms
[2022-10-10T10:13:52.911+0200][gc,phases   ] GC(0)   Other: 0,6ms
[2022-10-10T10:13:52.911+0200][gc,heap     ] GC(0) Eden regions: 25->0(21)
[2022-10-10T10:13:52.911+0200][gc,heap     ] GC(0) Survivor regions: 0->4(4)
[2022-10-10T10:13:52.911+0200][gc,heap     ] GC(0) Old regions: 0->2
[2022-10-10T10:13:52.911+0200][gc,heap     ] GC(0) Archive regions: 2->2
[2022-10-10T10:13:52.911+0200][gc,heap     ] GC(0) Humongous regions: 0->0
[2022-10-10T10:13:52.911+0200][gc,metaspace] GC(0) Metaspace: 7354K(7552K)->7354K(7552K) NonClass: 6557K(6656K)->6557K(6656K) Class: 797K(896K)->797K(896K)
[2022-10-10T10:13:52.911+0200][gc          ] GC(0) Pause Young (Normal) (G1 Evacuation Pause) 25M->6M(512M) 3,648ms
[2022-10-10T10:13:52.912+0200][gc,cpu      ] GC(0) User=0,01s Sys=0,00s Real=0,01s
[2022-10-10T15:13:34.216+0200][gc,heap,exit] Heap
[2022-10-10T15:13:34.216+0200][gc,heap,exit]  garbage-first heap   total 524288K, used 26812K [0x00000007e0000000, 0x0000000800000000)
[2022-10-10T15:13:34.216+0200][gc,heap,exit]   region size 1024K, 24 young (24576K), 4 survivors (4096K)
[2022-10-10T15:13:34.216+0200][gc,heap,exit]  Metaspace       used 8027K, committed 8256K, reserved 1114112K
[2022-10-10T15:13:34.217+0200][gc,heap,exit]   class space    used 814K, committed 960K, reserved 1048576K
