[2022-10-03T18:20:32.411+0200][gc,init] CardTable entry size: 512
[2022-10-03T18:20:32.411+0200][gc     ] Using G1
[2022-10-03T18:20:32.413+0200][gc,init] Version: 18.0.1.1+2-6 (release)
[2022-10-03T18:20:32.414+0200][gc,init] CPUs: 20 total, 20 available
[2022-10-03T18:20:32.414+0200][gc,init] Memory: 32768M
[2022-10-03T18:20:32.414+0200][gc,init] Large Page Support: Disabled
[2022-10-03T18:20:32.414+0200][gc,init] NUMA Support: Disabled
[2022-10-03T18:20:32.414+0200][gc,init] Compressed Oops: Enabled (Zero based)
[2022-10-03T18:20:32.414+0200][gc,init] Heap Region Size: 1M
[2022-10-03T18:20:32.414+0200][gc,init] Heap Min Capacity: 512M
[2022-10-03T18:20:32.414+0200][gc,init] Heap Initial Capacity: 512M
[2022-10-03T18:20:32.414+0200][gc,init] Heap Max Capacity: 512M
[2022-10-03T18:20:32.414+0200][gc,init] Pre-touch: Disabled
[2022-10-03T18:20:32.414+0200][gc,init] Parallel Workers: 15
[2022-10-03T18:20:32.414+0200][gc,init] Concurrent Workers: 4
[2022-10-03T18:20:32.414+0200][gc,init] Concurrent Refinement Workers: 15
[2022-10-03T18:20:32.414+0200][gc,init] Periodic GC: Disabled
[2022-10-03T18:20:32.414+0200][gc,metaspace] CDS archive(s) mapped at: [0x0000000800000000-0x0000000800ba8000-0x0000000800ba8000), size 12222464, SharedBaseAddress: 0x0000000800000000, ArchiveRelocationMode: 0.
[2022-10-03T18:20:32.414+0200][gc,metaspace] Compressed class space mapped at: 0x0000000800c00000-0x0000000840c00000, reserved size: 1073741824
[2022-10-03T18:20:32.414+0200][gc,metaspace] Narrow klass base: 0x0000000800000000, Narrow klass shift: 0, Narrow klass range: 0x100000000
[2022-10-03T18:20:39.265+0200][gc,start    ] GC(0) Pause Young (Normal) (G1 Evacuation Pause)
[2022-10-03T18:20:39.266+0200][gc,task     ] GC(0) Using 12 workers of 15 for evacuation
[2022-10-03T18:20:39.269+0200][gc,phases   ] GC(0)   Pre Evacuate Collection Set: 0,1ms
[2022-10-03T18:20:39.269+0200][gc,phases   ] GC(0)   Merge Heap Roots: 0,1ms
[2022-10-03T18:20:39.269+0200][gc,phases   ] GC(0)   Evacuate Collection Set: 1,9ms
[2022-10-03T18:20:39.269+0200][gc,phases   ] GC(0)   Post Evacuate Collection Set: 0,3ms
[2022-10-03T18:20:39.269+0200][gc,phases   ] GC(0)   Other: 0,6ms
[2022-10-03T18:20:39.269+0200][gc,heap     ] GC(0) Eden regions: 25->0(21)
[2022-10-03T18:20:39.269+0200][gc,heap     ] GC(0) Survivor regions: 0->4(4)
[2022-10-03T18:20:39.269+0200][gc,heap     ] GC(0) Old regions: 0->2
[2022-10-03T18:20:39.269+0200][gc,heap     ] GC(0) Archive regions: 2->2
[2022-10-03T18:20:39.269+0200][gc,heap     ] GC(0) Humongous regions: 0->0
[2022-10-03T18:20:39.269+0200][gc,metaspace] GC(0) Metaspace: 7323K(7488K)->7323K(7488K) NonClass: 6525K(6592K)->6525K(6592K) Class: 797K(896K)->797K(896K)
[2022-10-03T18:20:39.269+0200][gc          ] GC(0) Pause Young (Normal) (G1 Evacuation Pause) 25M->6M(512M) 3,642ms
[2022-10-03T18:20:39.269+0200][gc,cpu      ] GC(0) User=0,02s Sys=0,01s Real=0,00s
[2022-10-03T19:27:22.385+0200][gc,heap,exit] Heap
[2022-10-03T19:27:22.385+0200][gc,heap,exit]  garbage-first heap   total 524288K, used 17847K [0x00000007e0000000, 0x0000000800000000)
[2022-10-03T19:27:22.385+0200][gc,heap,exit]   region size 1024K, 16 young (16384K), 4 survivors (4096K)
[2022-10-03T19:27:22.385+0200][gc,heap,exit]  Metaspace       used 7979K, committed 8192K, reserved 1114112K
[2022-10-03T19:27:22.385+0200][gc,heap,exit]   class space    used 814K, committed 960K, reserved 1048576K
